
> journo-frontend@1.0.0 test
> vitest --run


 RUN  v3.2.4 /Users/poonjohnny/Desktop/ProjectApp/Journo/frontend

[baseline-browser-mapping] The data in this module is over two months old.  To ensure accurate Baseline data, please update: `npm i baseline-browser-mapping@latest -D`
stderr | src/pages/__tests__/ScheduleScreen.test.tsx
PostHog key not configured, analytics disabled

stdout | src/components/common/__tests__/LanguageSelector.test.tsx
🌐 Using default language: en

stdout | src/pages/__tests__/MembersScreen.test.tsx > MembersScreen > renders loading state initially
📜 Scroll detected: { scrollY: [33m0[39m, lastScrollY: [33m0[39m, threshold: [33m5[39m }

stderr | src/pages/__tests__/MembersScreen.test.tsx > MembersScreen > renders loading state initially
⚠️ React Router Future Flag Warning: React Router will begin wrapping state updates in `React.startTransition` in v7. You can use the `v7_startTransition` future flag to opt-in early. For more information, see https://reactrouter.com/v6/upgrading/future#v7_starttransition.
⚠️ React Router Future Flag Warning: Relative route resolution within Splat routes is changing in v7. You can use the `v7_relativeSplatPath` future flag to opt-in early. For more information, see https://reactrouter.com/v6/upgrading/future#v7_relativesplatpath.

stdout | src/pages/__tests__/MembersScreen.test.tsx > MembersScreen > renders members list after loading
📜 Scroll detected: { scrollY: [33m0[39m, lastScrollY: [33m0[39m, threshold: [33m5[39m }

stderr | src/components/kawaii/__tests__/CountdownTimer.test.tsx > Kawaii CountdownTimer Component > Timer Updates > updates countdown every second
Warning: An update to CountdownTimer inside a test was not wrapped in act(...).

When testing, code that causes React state updates should be wrapped into act(...):

act(() => {
  /* fire events that update state */
});
/* assert on the output */

This ensures that you're testing the behavior the user would see in the browser. Learn more at https://reactjs.org/link/wrap-tests-with-act
    at CountdownTimer (/Users/poonjohnny/Desktop/ProjectApp/Journo/frontend/src/components/kawaii/CountdownTimer.tsx:126:3)

stdout | src/pages/__tests__/SettingsScreen.test.tsx > SettingsScreen > Rendering > should render the settings screen with all sections
⚠️ SettingsScreen (USER settings) is rendering - this should NOT be on /trips/:id/settings!

stderr | src/pages/__tests__/SettingsScreen.test.tsx > SettingsScreen > Rendering > should render the settings screen with all sections
⚠️ React Router Future Flag Warning: React Router will begin wrapping state updates in `React.startTransition` in v7. You can use the `v7_startTransition` future flag to opt-in early. For more information, see https://reactrouter.com/v6/upgrading/future#v7_starttransition.
⚠️ React Router Future Flag Warning: Relative route resolution within Splat routes is changing in v7. You can use the `v7_relativeSplatPath` future flag to opt-in early. For more information, see https://reactrouter.com/v6/upgrading/future#v7_relativesplatpath.

stdout | src/pages/__tests__/MembersScreen.test.tsx > MembersScreen > displays member count
📜 Scroll detected: { scrollY: [33m0[39m, lastScrollY: [33m0[39m, threshold: [33m5[39m }

stderr | src/components/kawaii/__tests__/CountdownTimer.test.tsx > Kawaii CountdownTimer Component > Timer Updates > countdown decreases over time
Warning: An update to CountdownTimer inside a test was not wrapped in act(...).

When testing, code that causes React state updates should be wrapped into act(...):

act(() => {
  /* fire events that update state */
});
/* assert on the output */

This ensures that you're testing the behavior the user would see in the browser. Learn more at https://reactjs.org/link/wrap-tests-with-act
    at CountdownTimer (/Users/poonjohnny/Desktop/ProjectApp/Journo/frontend/src/components/kawaii/CountdownTimer.tsx:126:3)

stdout | src/pages/__tests__/MembersScreen.test.tsx > MembersScreen > renders MemberCard components for each member
📜 Scroll detected: { scrollY: [33m0[39m, lastScrollY: [33m0[39m, threshold: [33m5[39m }

stderr | src/components/kawaii/__tests__/CountdownTimer.test.tsx > Kawaii CountdownTimer Component > Timer Updates > countdown decreases over time
Warning: An update to CountdownTimer inside a test was not wrapped in act(...).

When testing, code that causes React state updates should be wrapped into act(...):

act(() => {
  /* fire events that update state */
});
/* assert on the output */

This ensures that you're testing the behavior the user would see in the browser. Learn more at https://reactjs.org/link/wrap-tests-with-act
    at CountdownTimer (/Users/poonjohnny/Desktop/ProjectApp/Journo/frontend/src/components/kawaii/CountdownTimer.tsx:126:3)

stdout | src/pages/__tests__/ScheduleScreen.test.tsx > ScheduleScreen > renders loading state initially
📜 Scroll detected: { scrollY: [33m0[39m, lastScrollY: [33m0[39m, threshold: [33m5[39m }
🔵 FAB state: { isScrollingDown: [33mfalse[39m, isAtTop: [33mtrue[39m }

stderr | src/pages/__tests__/ScheduleScreen.test.tsx > ScheduleScreen > renders loading state initially
Not implemented: Window's scrollTo() method
⚠️ React Router Future Flag Warning: React Router will begin wrapping state updates in `React.startTransition` in v7. You can use the `v7_startTransition` future flag to opt-in early. For more information, see https://reactrouter.com/v6/upgrading/future#v7_starttransition.
⚠️ React Router Future Flag Warning: Relative route resolution within Splat routes is changing in v7. You can use the `v7_relativeSplatPath` future flag to opt-in early. For more information, see https://reactrouter.com/v6/upgrading/future#v7_relativesplatpath.

stdout | src/pages/__tests__/ScheduleScreen.test.tsx > ScheduleScreen > renders trip information after loading
📜 Scroll detected: { scrollY: [33m0[39m, lastScrollY: [33m0[39m, threshold: [33m5[39m }
🔵 FAB state: { isScrollingDown: [33mfalse[39m, isAtTop: [33mtrue[39m }

stderr | src/pages/__tests__/ScheduleScreen.test.tsx > ScheduleScreen > renders trip information after loading
Not implemented: Window's scrollTo() method

stderr | src/components/kawaii/__tests__/CountdownTimer.test.tsx > Kawaii CountdownTimer Component > Edge Cases > handles invalid date gracefully
RangeError: Invalid time value
    at Object.formatter.<computed> [as format] (file:///Users/poonjohnny/Desktop/ProjectApp/Journo/node_modules/vitest/dist/chunks/vi.bdSIJ99Y.js:1945:50)
    at CountdownTimer (/Users/poonjohnny/Desktop/ProjectApp/Journo/frontend/src/components/kawaii/CountdownTimer.tsx:165:6)
    at renderWithHooks (/Users/poonjohnny/Desktop/ProjectApp/Journo/node_modules/react-dom/cjs/react-dom.development.js:15486:18)
    at mountIndeterminateComponent (/Users/poonjohnny/Desktop/ProjectApp/Journo/node_modules/react-dom/cjs/react-dom.development.js:20103:13)
    at beginWork (/Users/poonjohnny/Desktop/ProjectApp/Journo/node_modules/react-dom/cjs/react-dom.development.js:21626:16)
    at HTMLUnknownElement.callCallback (/Users/poonjohnny/Desktop/ProjectApp/Journo/node_modules/react-dom/cjs/react-dom.development.js:4164:14)
    at HTMLUnknownElement.callTheUserObjectsOperation (/Users/poonjohnny/Desktop/ProjectApp/Journo/node_modules/jsdom/lib/jsdom/living/generated/EventListener.js:26:30)
    at innerInvokeEventListeners (/Users/poonjohnny/Desktop/ProjectApp/Journo/node_modules/jsdom/lib/jsdom/living/events/EventTarget-impl.js:360:16)
    at invokeEventListeners (/Users/poonjohnny/Desktop/ProjectApp/Journo/node_modules/jsdom/lib/jsdom/living/events/EventTarget-impl.js:296:3)
    at HTMLUnknownElementImpl._dispatch (/Users/poonjohnny/Desktop/ProjectApp/Journo/node_modules/jsdom/lib/jsdom/living/events/EventTarget-impl.js:243:9)
RangeError: Invalid time value
    at Object.formatter.<computed> [as format] (file:///Users/poonjohnny/Desktop/ProjectApp/Journo/node_modules/vitest/dist/chunks/vi.bdSIJ99Y.js:1945:50)
    at CountdownTimer (/Users/poonjohnny/Desktop/ProjectApp/Journo/frontend/src/components/kawaii/CountdownTimer.tsx:165:6)
    at renderWithHooks (/Users/poonjohnny/Desktop/ProjectApp/Journo/node_modules/react-dom/cjs/react-dom.development.js:15486:18)
    at mountIndeterminateComponent (/Users/poonjohnny/Desktop/ProjectApp/Journo/node_modules/react-dom/cjs/react-dom.development.js:20103:13)
    at beginWork (/Users/poonjohnny/Desktop/ProjectApp/Journo/node_modules/react-dom/cjs/react-dom.development.js:21626:16)
    at HTMLUnknownElement.callCallback (/Users/poonjohnny/Desktop/ProjectApp/Journo/node_modules/react-dom/cjs/react-dom.development.js:4164:14)
    at HTMLUnknownElement.callTheUserObjectsOperation (/Users/poonjohnny/Desktop/ProjectApp/Journo/node_modules/jsdom/lib/jsdom/living/generated/EventListener.js:26:30)
    at innerInvokeEventListeners (/Users/poonjohnny/Desktop/ProjectApp/Journo/node_modules/jsdom/lib/jsdom/living/events/EventTarget-impl.js:360:16)
    at invokeEventListeners (/Users/poonjohnny/Desktop/ProjectApp/Journo/node_modules/jsdom/lib/jsdom/living/events/EventTarget-impl.js:296:3)
    at HTMLUnknownElementImpl._dispatch (/Users/poonjohnny/Desktop/ProjectApp/Journo/node_modules/jsdom/lib/jsdom/living/events/EventTarget-impl.js:243:9)
The above error occurred in the <CountdownTimer> component:

    at CountdownTimer (/Users/poonjohnny/Desktop/ProjectApp/Journo/frontend/src/components/kawaii/CountdownTimer.tsx:126:3)

Consider adding an error boundary to your tree to customize error handling behavior.
Visit https://reactjs.org/link/error-boundaries to learn more about error boundaries.

 ❯ src/components/kawaii/__tests__/CountdownTimer.test.tsx (20 tests | 10 failed) 4302ms
   × Kawaii CountdownTimer Component > Rendering > renders countdown timer with all time units 570ms
     → Unable to find an element with the text: Days. This could be because the text is broken up by multiple elements. In this case, you can provide a function for your text matcher to make your matcher more flexible.

Ignored nodes: comments, script, style
[36m<body>[39m
  [36m<div>[39m
    [36m<div[39m
      [33mclass[39m=[32m"bg-white dark:bg-neutral-800 rounded-3xl p-6 shadow-kawaii-sm border-2 border-neutral-200 dark:border-neutral-700"[39m
    [36m>[39m
      [36m<h3[39m
        [33mclass[39m=[32m"text-sm font-medium text-neutral-600 dark:text-neutral-400 mb-3"[39m
      [36m>[39m
        [0m距離出發[0m
      [36m</h3>[39m
      [36m<div[39m
        [33mclass[39m=[32m"flex items-baseline gap-2 mb-4"[39m
      [36m>[39m
        [36m<span[39m
          [33mclass[39m=[32m"text-5xl font-bold text-kawaii-600 dark:text-kawaii-400"[39m
        [36m>[39m
          [0m5[0m
        [36m</span>[39m
        [36m<span[39m
          [33mclass[39m=[32m"text-lg text-neutral-600 dark:text-neutral-400"[39m
        [36m>[39m
          [0m天[0m
        [36m</span>[39m
        [36m<span[39m
          [33mclass[39m=[32m"text-3xl font-bold text-kawaii-600 dark:text-kawaii-400 ml-2"[39m
        [36m>[39m
          [0m00[0m
        [36m</span>[39m
        [36m<span[39m
          [33mclass[39m=[32m"text-lg text-neutral-600 dark:text-neutral-400"[39m
        [36m>[39m
          [0m:[0m
        [36m</span>[39m
        [36m<span[39m
          [33mclass[39m=[32m"text-3xl font-bold text-kawaii-600 dark:text-kawaii-400"[39m
        [36m>[39m
          [0m00[0m
        [36m</span>[39m
        [36m<span[39m
          [33mclass[39m=[32m"text-lg text-neutral-600 dark:text-neutral-400"[39m
        [36m>[39m
          [0m:[0m
        [36m</span>[39m
        [36m<span[39m
          [33mclass[39m=[32m"text-3xl font-bold text-kawaii-600 dark:text-kawaii-400"[39m
        [36m>[39m
          [0m00[0m
        [36m</span>[39m
      [36m</div>[39m
      [36m<div[39m
        [33mclass[39m=[32m"relative mb-4"[39m
      [36m>[39m
        [36m<div[39m
          [33mclass[39m=[32m"h-2 bg-neutral-200 dark:bg-neutral-700 rounded-full overflow-hidden"[39m
        [36m>[39m
          [36m<div[39m
            [33mclass[39m=[32m"h-full bg-gradient-to-r from-kawaii-400 to-kawaii-500 rounded-full"[39m
            [33mstyle[39m=[32m"width: 0px;"[39m
          [36m/>[39m
        [36m</div>[39m
        [36m<div[39m
          [33mclass[39m=[32m"absolute -top-2 transform -translate-x-1/2"[39m
          [33mstyle[39m=[32m"left: 0%;"[39m
        [36m>[39m
          [36m<div>[39m
            [36m<svg[39m
              [33mclass[39m=[32m"w-8 h-8 text-neutral-800 dark:text-neutral-200 drop-shadow-md"[39m
              [33mfill[39m=[32m"currentColor"[39m
              [33mviewBox[39m=[32m"0 0 24 24"[39m
              [33mxmlns[39m=[32m"http://www.w3.org/2000/svg"[39m
            [36m>[39m
              [36m<path[39m
                [33md[39m=[32m"M21 16v-2l-8-5V3.5c0-.83-.67-1.5-1.5-1.5S10 2.67 10 3.5V9l-8 5v2l8-2.5V19l-2 1.5V22l3.5-1 3.5 1v-1.5L13 19v-5.5l8 2.5z"[39m
              [36m/>[39m
            [36m</svg>[39m
          [36m</div>[39m
        [36m</div>[39m
      [36m</div>[39m
      [36m<p[39m
        [33mclass[39m=[32m"text-sm text-neutral-600 dark:text-neutral-400"[39m
      [36m>[39m
        [0m2026/02/22[0m
        [0m 出發[0m
      [36m</p>[39m
    [36m</div>[39m
  [36m</div>[39m
[36m</body>[39m
   × Kawaii CountdownTimer Component > Rendering > renders helper text 111ms
     → Unable to find an element with the text: Until your adventure begins. This could be because the text is broken up by multiple elements. In this case, you can provide a function for your text matcher to make your matcher more flexible.

Ignored nodes: comments, script, style
[36m<body>[39m
  [36m<div>[39m
    [36m<div[39m
      [33mclass[39m=[32m"bg-white dark:bg-neutral-800 rounded-3xl p-6 shadow-kawaii-sm border-2 border-neutral-200 dark:border-neutral-700"[39m
    [36m>[39m
      [36m<h3[39m
        [33mclass[39m=[32m"text-sm font-medium text-neutral-600 dark:text-neutral-400 mb-3"[39m
      [36m>[39m
        [0m距離出發[0m
      [36m</h3>[39m
      [36m<div[39m
        [33mclass[39m=[32m"flex items-baseline gap-2 mb-4"[39m
      [36m>[39m
        [36m<span[39m
          [33mclass[39m=[32m"text-5xl font-bold text-kawaii-600 dark:text-kawaii-400"[39m
        [36m>[39m
          [0m5[0m
        [36m</span>[39m
        [36m<span[39m
          [33mclass[39m=[32m"text-lg text-neutral-600 dark:text-neutral-400"[39m
        [36m>[39m
          [0m天[0m
        [36m</span>[39m
        [36m<span[39m
          [33mclass[39m=[32m"text-3xl font-bold text-kawaii-600 dark:text-kawaii-400 ml-2"[39m
        [36m>[39m
          [0m00[0m
        [36m</span>[39m
        [36m<span[39m
          [33mclass[39m=[32m"text-lg text-neutral-600 dark:text-neutral-400"[39m
        [36m>[39m
          [0m:[0m
        [36m</span>[39m
        [36m<span[39m
          [33mclass[39m=[32m"text-3xl font-bold text-kawaii-600 dark:text-kawaii-400"[39m
        [36m>[39m
          [0m00[0m
        [36m</span>[39m
        [36m<span[39m
          [33mclass[39m=[32m"text-lg text-neutral-600 dark:text-neutral-400"[39m
        [36m>[39m
          [0m:[0m
        [36m</span>[39m
        [36m<span[39m
          [33mclass[39m=[32m"text-3xl font-bold text-kawaii-600 dark:text-kawaii-400"[39m
        [36m>[39m
          [0m00[0m
        [36m</span>[39m
      [36m</div>[39m
      [36m<div[39m
        [33mclass[39m=[32m"relative mb-4"[39m
      [36m>[39m
        [36m<div[39m
          [33mclass[39m=[32m"h-2 bg-neutral-200 dark:bg-neutral-700 rounded-full overflow-hidden"[39m
        [36m>[39m
          [36m<div[39m
            [33mclass[39m=[32m"h-full bg-gradient-to-r from-kawaii-400 to-kawaii-500 rounded-full"[39m
            [33mstyle[39m=[32m"width: 0px;"[39m
          [36m/>[39m
        [36m</div>[39m
        [36m<div[39m
          [33mclass[39m=[32m"absolute -top-2 transform -translate-x-1/2"[39m
          [33mstyle[39m=[32m"left: 0%;"[39m
        [36m>[39m
          [36m<div>[39m
            [36m<svg[39m
              [33mclass[39m=[32m"w-8 h-8 text-neutral-800 dark:text-neutral-200 drop-shadow-md"[39m
              [33mfill[39m=[32m"currentColor"[39m
              [33mviewBox[39m=[32m"0 0 24 24"[39m
              [33mxmlns[39m=[32m"http://www.w3.org/2000/svg"[39m
            [36m>[39m
              [36m<path[39m
                [33md[39m=[32m"M21 16v-2l-8-5V3.5c0-.83-.67-1.5-1.5-1.5S10 2.67 10 3.5V9l-8 5v2l8-2.5V19l-2 1.5V22l3.5-1 3.5 1v-1.5L13 19v-5.5l8 2.5z"[39m
              [36m/>[39m
            [36m</svg>[39m
          [36m</div>[39m
        [36m</div>[39m
      [36m</div>[39m
      [36m<p[39m
        [33mclass[39m=[32m"text-sm text-neutral-600 dark:text-neutral-400"[39m
      [36m>[39m
        [0m2026/02/22[0m
        [0m 出發[0m
      [36m</p>[39m
    [36m</div>[39m
  [36m</div>[39m
[36m</body>[39m
   ✓ Kawaii CountdownTimer Component > Rendering > applies custom className 40ms
   × Kawaii CountdownTimer Component > Countdown Calculation > displays correct countdown for future date 42ms
     → [2mexpect([22m[31mreceived[39m[2m).toHaveTextContent()[22m

[31mreceived[39m value must be a Node.
Received has type:  Null
Received has value: [31mnull[39m
   × Kawaii CountdownTimer Component > Countdown Calculation > displays hours correctly 50ms
     → Unable to find an element with the text: Hours. This could be because the text is broken up by multiple elements. In this case, you can provide a function for your text matcher to make your matcher more flexible.

Ignored nodes: comments, script, style
[36m<body>[39m
  [36m<div>[39m
    [36m<div[39m
      [33mclass[39m=[32m"bg-white dark:bg-neutral-800 rounded-3xl p-6 shadow-kawaii-sm border-2 border-neutral-200 dark:border-neutral-700"[39m
    [36m>[39m
      [36m<h3[39m
        [33mclass[39m=[32m"text-sm font-medium text-neutral-600 dark:text-neutral-400 mb-3"[39m
      [36m>[39m
        [0m距離出發[0m
      [36m</h3>[39m
      [36m<div[39m
        [33mclass[39m=[32m"flex items-baseline gap-2 mb-4"[39m
      [36m>[39m
        [36m<span[39m
          [33mclass[39m=[32m"text-5xl font-bold text-kawaii-600 dark:text-kawaii-400"[39m
        [36m>[39m
          [0m0[0m
        [36m</span>[39m
        [36m<span[39m
          [33mclass[39m=[32m"text-lg text-neutral-600 dark:text-neutral-400"[39m
        [36m>[39m
          [0m天[0m
        [36m</span>[39m
        [36m<span[39m
          [33mclass[39m=[32m"text-3xl font-bold text-kawaii-600 dark:text-kawaii-400 ml-2"[39m
        [36m>[39m
          [0m12[0m
        [36m</span>[39m
        [36m<span[39m
          [33mclass[39m=[32m"text-lg text-neutral-600 dark:text-neutral-400"[39m
        [36m>[39m
          [0m:[0m
        [36m</span>[39m
        [36m<span[39m
          [33mclass[39m=[32m"text-3xl font-bold text-kawaii-600 dark:text-kawaii-400"[39m
        [36m>[39m
          [0m00[0m
        [36m</span>[39m
        [36m<span[39m
          [33mclass[39m=[32m"text-lg text-neutral-600 dark:text-neutral-400"[39m
        [36m>[39m
          [0m:[0m
        [36m</span>[39m
        [36m<span[39m
          [33mclass[39m=[32m"text-3xl font-bold text-kawaii-600 dark:text-kawaii-400"[39m
        [36m>[39m
          [0m00[0m
        [36m</span>[39m
      [36m</div>[39m
      [36m<div[39m
        [33mclass[39m=[32m"relative mb-4"[39m
      [36m>[39m
        [36m<div[39m
          [33mclass[39m=[32m"h-2 bg-neutral-200 dark:bg-neutral-700 rounded-full overflow-hidden"[39m
        [36m>[39m
          [36m<div[39m
            [33mclass[39m=[32m"h-full bg-gradient-to-r from-kawaii-400 to-kawaii-500 rounded-full"[39m
            [33mstyle[39m=[32m"width: 0px;"[39m
          [36m/>[39m
        [36m</div>[39m
        [36m<div[39m
          [33mclass[39m=[32m"absolute -top-2 transform -translate-x-1/2"[39m
          [33mstyle[39m=[32m"left: 0%;"[39m
        [36m>[39m
          [36m<div>[39m
            [36m<svg[39m
              [33mclass[39m=[32m"w-8 h-8 text-neutral-800 dark:text-neutral-200 drop-shadow-md"[39m
              [33mfill[39m=[32m"currentColor"[39m
              [33mviewBox[39m=[32m"0 0 24 24"[39m
              [33mxmlns[39m=[32m"http://www.w3.org/2000/svg"[39m
            [36m>[39m
              [36m<path[39m
                [33md[39m=[32m"M21 16v-2l-8-5V3.5c0-.83-.67-1.5-1.5-1.5S10 2.67 10 3.5V9l-8 5v2l8-2.5V19l-2 1.5V22l3.5-1 3.5 1v-1.5L13 19v-5.5l8 2.5z"[39m
              [36m/>[39m
            [36m</svg>[39m
          [36m</div>[39m
        [36m</div>[39m
      [36m</div>[39m
      [36m<p[39m
        [33mclass[39m=[32m"text-sm text-neutral-600 dark:text-neutral-400"[39m
      [36m>[39m
        [0m2024/01/01[0m
        [0m 出發[0m
      [36m</p>[39m
    [36m</div>[39m
  [36m</div>[39m
[36m</body>[39m
   ✓ Kawaii CountdownTimer Component > Countdown Calculation > displays minutes correctly 16ms
   ✓ Kawaii CountdownTimer Component > Countdown Calculation > displays seconds correctly 19ms
   ✓ Kawaii CountdownTimer Component > Countdown Calculation > pads single digit numbers with zero 34ms
   × Kawaii CountdownTimer Component > Timer Updates > updates countdown every second 1128ms
     → Unable to find an element with the text: Days. This could be because the text is broken up by multiple elements. In this case, you can provide a function for your text matcher to make your matcher more flexible.

Ignored nodes: comments, script, style
[36m<body>[39m
  [36m<div>[39m
    [36m<div[39m
      [33mclass[39m=[32m"bg-white dark:bg-neutral-800 rounded-3xl p-6 shadow-kawaii-sm border-2 border-neutral-200 dark:border-neutral-700"[39m
    [36m>[39m
      [36m<h3[39m
        [33mclass[39m=[32m"text-sm font-medium text-neutral-600 dark:text-neutral-400 mb-3"[39m
      [36m>[39m
        [0m距離出發[0m
      [36m</h3>[39m
      [36m<div[39m
        [33mclass[39m=[32m"flex items-baseline gap-2 mb-4"[39m
      [36m>[39m
        [36m<span[39m
          [33mclass[39m=[32m"text-5xl font-bold text-kawaii-600 dark:text-kawaii-400"[39m
        [36m>[39m
          [0m0[0m
        [36m</span>[39m
        [36m<span[39m
          [33mclass[39m=[32m"text-lg text-neutral-600 dark:text-neutral-400"[39m
        [36m>[39m
          [0m天[0m
        [36m</span>[39m
        [36m<span[39m
          [33mclass[39m=[32m"text-3xl font-bold text-kawaii-600 dark:text-kawaii-400 ml-2"[39m
        [36m>[39m
          [0m00[0m
        [36m</span>[39m
        [36m<span[39m
          [33mclass[39m=[32m"text-lg text-neutral-600 dark:text-neutral-400"[39m
        [36m>[39m
          [0m:[0m
        [36m</span>[39m
        [36m<span[39m
          [33mclass[39m=[32m"text-3xl font-bold text-kawaii-600 dark:text-kawaii-400"[39m
        [36m>[39m
          [0m00[0m
        [36m</span>[39m
        [36m<span[39m
          [33mclass[39m=[32m"text-lg text-neutral-600 dark:text-neutral-400"[39m
        [36m>[39m
          [0m:[0m
        [36m</span>[39m
        [36m<span[39m
          [33mclass[39m=[32m"text-3xl font-bold text-kawaii-600 dark:text-kawaii-400"[39m
        [36m>[39m
          [0m08[0m
        [36m</span>[39m
      [36m</div>[39m
      [36m<div[39m
        [33mclass[39m=[32m"relative mb-4"[39m
      [36m>[39m
        [36m<div[39m
          [33mclass[39m=[32m"h-2 bg-neutral-200 dark:bg-neutral-700 rounded-full overflow-hidden"[39m
        [36m>[39m
          [36m<div[39m
            [33mclass[39m=[32m"h-full bg-gradient-to-r from-kawaii-400 to-kawaii-500 rounded-full"[39m
            [33mstyle[39m=[32m"width: 0px;"[39m
          [36m/>[39m
        [36m</div>[39m
        [36m<div[39m
          [33mclass[39m=[32m"absolute -top-2 transform -translate-x-1/2"[39m
          [33mstyle[39m=[32m"left: 0%;"[39m
        [36m>[39m
          [36m<div[39m
            [33mstyle[39m=[32m"transform: none;"[39m
          [36m>[39m
            [36m<svg[39m
              [33mclass[39m=[32m"w-8 h-8 text-neutral-800 dark:text-neutral-200 drop-shadow-md"[39m
              [33mfill[39m=[32m"currentColor"[39m
              [33mviewBox[39m=[32m"0 0 24 24"[39m
              [33mxmlns[39m=[32m"http://www.w3.org/2000/svg"[39m
            [36m>[39m
              [36m<path[39m
                [33md[39m=[32m"M21 16v-2l-8-5V3.5c0-.83-.67-1.5-1.5-1.5S10 2.67 10 3.5V9l-8 5v2l8-2.5V19l-2 1.5V22l3.5-1 3.5 1v-1.5L13 19v-5.5l8 2.5z"[39m
              [36m/>[39m
            [36m</svg>[39m
          [36m</div>[39m
        [36m</div>[39m
      [36m</div>[39m
      [36m<p[39m
        [33mclass[39m=[32m"text-sm text-neutral-600 dark:text-neutral-400"[39m
      [36m>[39m
        [0m2026/02/17[0m
        [0m 出發[0m
      [36m</p>[39m
    [36m</div>[39m
  [36m</div>[39m
[36m</body>[39m
   ✓ Kawaii CountdownTimer Component > Timer Updates > countdown decreases over time  2125ms
   × Kawaii CountdownTimer Component > Expired State > shows expired message when departure date has passed 17ms
     → Unable to find an element with the text: /Your trip has started!/i. This could be because the text is broken up by multiple elements. In this case, you can provide a function for your text matcher to make your matcher more flexible.

Ignored nodes: comments, script, style
[36m<body>[39m
  [36m<div>[39m
    [36m<div[39m
      [33mclass[39m=[32m"bg-white dark:bg-neutral-800 rounded-3xl p-6 shadow-kawaii-sm border-2 border-neutral-200 dark:border-neutral-700"[39m
    [36m>[39m
      [36m<h3[39m
        [33mclass[39m=[32m"text-sm font-medium text-neutral-600 dark:text-neutral-400 mb-3"[39m
      [36m>[39m
        [0m距離出發[0m
      [36m</h3>[39m
      [36m<div[39m
        [33mclass[39m=[32m"flex items-baseline gap-2 mb-4"[39m
      [36m>[39m
        [36m<span[39m
          [33mclass[39m=[32m"text-5xl font-bold text-kawaii-600 dark:text-kawaii-400"[39m
        [36m>[39m
          [0m0[0m
        [36m</span>[39m
        [36m<span[39m
          [33mclass[39m=[32m"text-lg text-neutral-600 dark:text-neutral-400"[39m
        [36m>[39m
          [0m天[0m
        [36m</span>[39m
        [36m<span[39m
          [33mclass[39m=[32m"text-3xl font-bold text-kawaii-600 dark:text-kawaii-400 ml-2"[39m
        [36m>[39m
          [0m00[0m
        [36m</span>[39m
        [36m<span[39m
          [33mclass[39m=[32m"text-lg text-neutral-600 dark:text-neutral-400"[39m
        [36m>[39m
          [0m:[0m
        [36m</span>[39m
        [36m<span[39m
          [33mclass[39m=[32m"text-3xl font-bold text-kawaii-600 dark:text-kawaii-400"[39m
        [36m>[39m
          [0m00[0m
        [36m</span>[39m
        [36m<span[39m
          [33mclass[39m=[32m"text-lg text-neutral-600 dark:text-neutral-400"[39m
        [36m>[39m
          [0m:[0m
        [36m</span>[39m
        [36m<span[39m
          [33mclass[39m=[32m"text-3xl font-bold text-kawaii-600 dark:text-kawaii-400"[39m
        [36m>[39m
          [0m00[0m
        [36m</span>[39m
      [36m</div>[39m
      [36m<div[39m
        [33mclass[39m=[32m"relative mb-4"[39m
      [36m>[39m
        [36m<div[39m
          [33mclass[39m=[32m"h-2 bg-neutral-200 dark:bg-neutral-700 rounded-full overflow-hidden"[39m
        [36m>[39m
          [36m<div[39m
            [33mclass[39m=[32m"h-full bg-gradient-to-r from-kawaii-400 to-kawaii-500 rounded-full"[39m
            [33mstyle[39m=[32m"width: 0px;"[39m
          [36m/>[39m
        [36m</div>[39m
        [36m<div[39m
          [33mclass[39m=[32m"absolute -top-2 transform -translate-x-1/2"[39m
          [33mstyle[39m=[32m"left: 0%;"[39m
        [36m>[39m
          [36m<div>[39m
            [36m<svg[39m
              [33mclass[39m=[32m"w-8 h-8 text-neutral-800 dark:text-neutral-200 drop-shadow-md"[39m
              [33mfill[39m=[32m"currentColor"[39m
              [33mviewBox[39m=[32m"0 0 24 24"[39m
              [33mxmlns[39m=[32m"http://www.w3.org/2000/svg"[39m
            [36m>[39m
              [36m<path[39m
                [33md[39m=[32m"M21 16v-2l-8-5V3.5c0-.83-.67-1.5-1.5-1.5S10 2.67 10 3.5V9l-8 5v2l8-2.5V19l-2 1.5V22l3.5-1 3.5 1v-1.5L13 19v-5.5l8 2.5z"[39m
              [36m/>[39m
            [36m</svg>[39m
          [36m</div>[39m
        [36m</div>[39m
      [36m</div>[39m
      [36m<p[39m
        [33mclass[39m=[32m"text-sm text-neutral-600 dark:text-neutral-400"[39m
      [36m>[39m
        [0m2024/01/01[0m
        [0m 出發[0m
      [36m</p>[39m
    [36m</div>[39m
  [36m</div>[39m
[36m</body>[39m
   ✓ Kawaii CountdownTimer Component > Expired State > does not show countdown when expired 15ms
   ✓ Kawaii CountdownTimer Component > Expired State > shows plane icon in expired state 11ms
   ✓ Kawaii CountdownTimer Component > Progress Bar > renders progress bar 7ms
   ✓ Kawaii CountdownTimer Component > Progress Bar > renders plane icon on progress bar 9ms
   × Kawaii CountdownTimer Component > Edge Cases > handles exactly 0 seconds remaining 13ms
     → Unable to find an element with the text: /Your trip has started!/i. This could be because the text is broken up by multiple elements. In this case, you can provide a function for your text matcher to make your matcher more flexible.

Ignored nodes: comments, script, style
[36m<body>[39m
  [36m<div>[39m
    [36m<div[39m
      [33mclass[39m=[32m"bg-white dark:bg-neutral-800 rounded-3xl p-6 shadow-kawaii-sm border-2 border-neutral-200 dark:border-neutral-700"[39m
    [36m>[39m
      [36m<h3[39m
        [33mclass[39m=[32m"text-sm font-medium text-neutral-600 dark:text-neutral-400 mb-3"[39m
      [36m>[39m
        [0m距離出發[0m
      [36m</h3>[39m
      [36m<div[39m
        [33mclass[39m=[32m"flex items-baseline gap-2 mb-4"[39m
      [36m>[39m
        [36m<span[39m
          [33mclass[39m=[32m"text-5xl font-bold text-kawaii-600 dark:text-kawaii-400"[39m
        [36m>[39m
          [0m0[0m
        [36m</span>[39m
        [36m<span[39m
          [33mclass[39m=[32m"text-lg text-neutral-600 dark:text-neutral-400"[39m
        [36m>[39m
          [0m天[0m
        [36m</span>[39m
        [36m<span[39m
          [33mclass[39m=[32m"text-3xl font-bold text-kawaii-600 dark:text-kawaii-400 ml-2"[39m
        [36m>[39m
          [0m00[0m
        [36m</span>[39m
        [36m<span[39m
          [33mclass[39m=[32m"text-lg text-neutral-600 dark:text-neutral-400"[39m
        [36m>[39m
          [0m:[0m
        [36m</span>[39m
        [36m<span[39m
          [33mclass[39m=[32m"text-3xl font-bold text-kawaii-600 dark:text-kawaii-400"[39m
        [36m>[39m
          [0m00[0m
        [36m</span>[39m
        [36m<span[39m
          [33mclass[39m=[32m"text-lg text-neutral-600 dark:text-neutral-400"[39m
        [36m>[39m
          [0m:[0m
        [36m</span>[39m
        [36m<span[39m
          [33mclass[39m=[32m"text-3xl font-bold text-kawaii-600 dark:text-kawaii-400"[39m
        [36m>[39m
          [0m00[0m
        [36m</span>[39m
      [36m</div>[39m
      [36m<div[39m
        [33mclass[39m=[32m"relative mb-4"[39m
      [36m>[39m
        [36m<div[39m
          [33mclass[39m=[32m"h-2 bg-neutral-200 dark:bg-neutral-700 rounded-full overflow-hidden"[39m
        [36m>[39m
          [36m<div[39m
            [33mclass[39m=[32m"h-full bg-gradient-to-r from-kawaii-400 to-kawaii-500 rounded-full"[39m
            [33mstyle[39m=[32m"width: 0px;"[39m
          [36m/>[39m
        [36m</div>[39m
        [36m<div[39m
          [33mclass[39m=[32m"absolute -top-2 transform -translate-x-1/2"[39m
          [33mstyle[39m=[32m"left: 0%;"[39m
        [36m>[39m
          [36m<div>[39m
            [36m<svg[39m
              [33mclass[39m=[32m"w-8 h-8 text-neutral-800 dark:text-neutral-200 drop-shadow-md"[39m
              [33mfill[39m=[32m"currentColor"[39m
              [33mviewBox[39m=[32m"0 0 24 24"[39m
              [33mxmlns[39m=[32m"http://www.w3.org/2000/svg"[39m
            [36m>[39m
              [36m<path[39m
                [33md[39m=[32m"M21 16v-2l-8-5V3.5c0-.83-.67-1.5-1.5-1.5S10 2.67 10 3.5V9l-8 5v2l8-2.5V19l-2 1.5V22l3.5-1 3.5 1v-1.5L13 19v-5.5l8 2.5z"[39m
              [36m/>[39m
            [36m</svg>[39m
          [36m</div>[39m
        [36m</div>[39m
      [36m</div>[39m
      [36m<p[39m
        [33mclass[39m=[32m"text-sm text-neutral-600 dark:text-neutral-400"[39m
      [36m>[39m
        [0m2024/01/01[0m
        [0m 出發[0m
      [36m</p>[39m
    [36m</div>[39m
  [36m</div>[39m
[36m</body>[39m
   × Kawaii CountdownTimer Component > Edge Cases > handles large number of days 14ms
     → Unable to find an element with the text: Days. This could be because the text is broken up by multiple elements. In this case, you can provide a function for your text matcher to make your matcher more flexible.

Ignored nodes: comments, script, style
[36m<body>[39m
  [36m<div>[39m
    [36m<div[39m
      [33mclass[39m=[32m"bg-white dark:bg-neutral-800 rounded-3xl p-6 shadow-kawaii-sm border-2 border-neutral-200 dark:border-neutral-700"[39m
    [36m>[39m
      [36m<h3[39m
        [33mclass[39m=[32m"text-sm font-medium text-neutral-600 dark:text-neutral-400 mb-3"[39m
      [36m>[39m
        [0m距離出發[0m
      [36m</h3>[39m
      [36m<div[39m
        [33mclass[39m=[32m"flex items-baseline gap-2 mb-4"[39m
      [36m>[39m
        [36m<span[39m
          [33mclass[39m=[32m"text-5xl font-bold text-kawaii-600 dark:text-kawaii-400"[39m
        [36m>[39m
          [0m366[0m
        [36m</span>[39m
        [36m<span[39m
          [33mclass[39m=[32m"text-lg text-neutral-600 dark:text-neutral-400"[39m
        [36m>[39m
          [0m天[0m
        [36m</span>[39m
        [36m<span[39m
          [33mclass[39m=[32m"text-3xl font-bold text-kawaii-600 dark:text-kawaii-400 ml-2"[39m
        [36m>[39m
          [0m00[0m
        [36m</span>[39m
        [36m<span[39m
          [33mclass[39m=[32m"text-lg text-neutral-600 dark:text-neutral-400"[39m
        [36m>[39m
          [0m:[0m
        [36m</span>[39m
        [36m<span[39m
          [33mclass[39m=[32m"text-3xl font-bold text-kawaii-600 dark:text-kawaii-400"[39m
        [36m>[39m
          [0m00[0m
        [36m</span>[39m
        [36m<span[39m
          [33mclass[39m=[32m"text-lg text-neutral-600 dark:text-neutral-400"[39m
        [36m>[39m
          [0m:[0m
        [36m</span>[39m
        [36m<span[39m
          [33mclass[39m=[32m"text-3xl font-bold text-kawaii-600 dark:text-kawaii-400"[39m
        [36m>[39m
          [0m00[0m
        [36m</span>[39m
      [36m</div>[39m
      [36m<div[39m
        [33mclass[39m=[32m"relative mb-4"[39m
      [36m>[39m
        [36m<div[39m
          [33mclass[39m=[32m"h-2 bg-neutral-200 dark:bg-neutral-700 rounded-full overflow-hidden"[39m
        [36m>[39m
          [36m<div[39m
            [33mclass[39m=[32m"h-full bg-gradient-to-r from-kawaii-400 to-kawaii-500 rounded-full"[39m
            [33mstyle[39m=[32m"width: 0px;"[39m
          [36m/>[39m
        [36m</div>[39m
        [36m<div[39m
          [33mclass[39m=[32m"absolute -top-2 transform -translate-x-1/2"[39m
          [33mstyle[39m=[32m"left: 0%;"[39m
        [36m>[39m
          [36m<div>[39m
            [36m<svg[39m
              [33mclass[39m=[32m"w-8 h-8 text-neutral-800 dark:text-neutral-200 drop-shadow-md"[39m
              [33mfill[39m=[32m"currentColor"[39m
              [33mviewBox[39m=[32m"0 0 24 24"[39m
              [33mxmlns[39m=[32m"http://www.w3.org/2000/svg"[39m
            [36m>[39m
              [36m<path[39m
                [33md[39m=[32m"M21 16v-2l-8-5V3.5c0-.83-.67-1.5-1.5-1.5S10 2.67 10 3.5V9l-8 5v2l8-2.5V19l-2 1.5V22l3.5-1 3.5 1v-1.5L13 19v-5.5l8 2.5z"[39m
              [36m/>[39m
            [36m</svg>[39m
          [36m</div>[39m
        [36m</div>[39m
      [36m</div>[39m
      [36m<p[39m
        [33mclass[39m=[32m"text-sm text-neutral-600 dark:text-neutral-400"[39m
      [36m>[39m
        [0m2025/01/01[0m
        [0m 出發[0m
      [36m</p>[39m
    [36m</div>[39m
  [36m</div>[39m
[36m</body>[39m
   × Kawaii CountdownTimer Component > Edge Cases > handles invalid date gracefully 42ms
     → expected [Function] to not throw an error but 'RangeError: Invalid time value' was thrown
   × Kawaii CountdownTimer Component > Accessibility > has readable text for screen readers 22ms
     → Unable to find an element with the text: Days. This could be because the text is broken up by multiple elements. In this case, you can provide a function for your text matcher to make your matcher more flexible.

Ignored nodes: comments, script, style
[36m<body>[39m
  [36m<div>[39m
    [36m<div[39m
      [33mclass[39m=[32m"bg-white dark:bg-neutral-800 rounded-3xl p-6 shadow-kawaii-sm border-2 border-neutral-200 dark:border-neutral-700"[39m
    [36m>[39m
      [36m<h3[39m
        [33mclass[39m=[32m"text-sm font-medium text-neutral-600 dark:text-neutral-400 mb-3"[39m
      [36m>[39m
        [0m距離出發[0m
      [36m</h3>[39m
      [36m<div[39m
        [33mclass[39m=[32m"flex items-baseline gap-2 mb-4"[39m
      [36m>[39m
        [36m<span[39m
          [33mclass[39m=[32m"text-5xl font-bold text-kawaii-600 dark:text-kawaii-400"[39m
        [36m>[39m
          [0m5[0m
        [36m</span>[39m
        [36m<span[39m
          [33mclass[39m=[32m"text-lg text-neutral-600 dark:text-neutral-400"[39m
        [36m>[39m
          [0m天[0m
        [36m</span>[39m
        [36m<span[39m
          [33mclass[39m=[32m"text-3xl font-bold text-kawaii-600 dark:text-kawaii-400 ml-2"[39m
        [36m>[39m
          [0m00[0m
        [36m</span>[39m
        [36m<span[39m
          [33mclass[39m=[32m"text-lg text-neutral-600 dark:text-neutral-400"[39m
        [36m>[39m
          [0m:[0m
        [36m</span>[39m
        [36m<span[39m
          [33mclass[39m=[32m"text-3xl font-bold text-kawaii-600 dark:text-kawaii-400"[39m
        [36m>[39m
          [0m00[0m
        [36m</span>[39m
        [36m<span[39m
          [33mclass[39m=[32m"text-lg text-neutral-600 dark:text-neutral-400"[39m
        [36m>[39m
          [0m:[0m
        [36m</span>[39m
        [36m<span[39m
          [33mclass[39m=[32m"text-3xl font-bold text-kawaii-600 dark:text-kawaii-400"[39m
        [36m>[39m
          [0m00[0m
        [36m</span>[39m
      [36m</div>[39m
      [36m<div[39m
        [33mclass[39m=[32m"relative mb-4"[39m
      [36m>[39m
        [36m<div[39m
          [33mclass[39m=[32m"h-2 bg-neutral-200 dark:bg-neutral-700 rounded-full overflow-hidden"[39m
        [36m>[39m
          [36m<div[39m
            [33mclass[39m=[32m"h-full bg-gradient-to-r from-kawaii-400 to-kawaii-500 rounded-full"[39m
            [33mstyle[39m=[32m"width: 0px;"[39m
          [36m/>[39m
        [36m</div>[39m
        [36m<div[39m
          [33mclass[39m=[32m"absolute -top-2 transform -translate-x-1/2"[39m
          [33mstyle[39m=[32m"left: 0%;"[39m
        [36m>[39m
          [36m<div>[39m
            [36m<svg[39m
              [33mclass[39m=[32m"w-8 h-8 text-neutral-800 dark:text-neutral-200 drop-shadow-md"[39m
              [33mfill[39m=[32m"currentColor"[39m
              [33mviewBox[39m=[32m"0 0 24 24"[39m
              [33mxmlns[39m=[32m"http://www.w3.org/2000/svg"[39m
            [36m>[39m
              [36m<path[39m
                [33md[39m=[32m"M21 16v-2l-8-5V3.5c0-.83-.67-1.5-1.5-1.5S10 2.67 10 3.5V9l-8 5v2l8-2.5V19l-2 1.5V22l3.5-1 3.5 1v-1.5L13 19v-5.5l8 2.5z"[39m
              [36m/>[39m
            [36m</svg>[39m
          [36m</div>[39m
        [36m</div>[39m
      [36m</div>[39m
      [36m<p[39m
        [33mclass[39m=[32m"text-sm text-neutral-600 dark:text-neutral-400"[39m
      [36m>[39m
        [0m2024/01/06[0m
        [0m 出發[0m
      [36m</p>[39m
    [36m</div>[39m
  [36m</div>[39m
[36m</body>[39m
   ✓ Kawaii CountdownTimer Component > Accessibility > maintains semantic structure 10ms
 ❯ src/pages/__tests__/MembersScreen.test.tsx (4 tests | 4 failed) 3134ms
   × MembersScreen > renders loading state initially 83ms
     → expected null to be truthy
   × MembersScreen > renders members list after loading 1024ms
     → Unable to find an element with the text: Test Trip. This could be because the text is broken up by multiple elements. In this case, you can provide a function for your text matcher to make your matcher more flexible.

Ignored nodes: comments, script, style
[36m<body>[39m
  [36m<div>[39m
    [36m<div[39m
      [33mclass[39m=[32m"flex items-center justify-center min-h-screen bg-[#f7f3eb] dark:bg-kawaii-neutral-900 p-4"[39m
    [36m>[39m
      [36m<div[39m
        [33mclass[39m=[32m"text-center max-w-md"[39m
      [36m>[39m
        [36m<span[39m
          [33mclass[39m=[32m"text-6xl mb-4 block"[39m
        [36m>[39m
          [0m😢[0m
        [36m</span>[39m
        [36m<p[39m
          [33mclass[39m=[32m"text-xl text-kawaii-neutral-700 dark:text-kawaii-neutral-300 mb-6"[39m
        [36m>[39m
          [0mMissing trip ID or authentication[0m
        [36m</p>[39m
        [36m<div[39m
          [33mclass[39m=[32m"flex gap-3 justify-center"[39m
        [36m>[39m
          [36m<button[39m
            [33mclass[39m=[32m"px-6 py-2 bg-kawaii-primary-500 text-white rounded-lg hover:bg-kawaii-primary-600 transition-colors focus:outline-none focus:ring-2 focus:ring-kawaii-primary-500 focus:ring-offset-2"[39m
          [36m>[39m
            [0mactions.tryAgain[0m
          [36m</button>[39m
          [36m<button[39m
            [33mclass[39m=[32m"px-6 py-2 bg-kawaii-neutral-200 dark:bg-kawaii-neutral-700 text-kawaii-neutral-700 dark:text-kawaii-neutral-300 rounded-lg hover:bg-kawaii-neutral-300 dark:hover:bg-kawaii-neutral-600 transition-colors focus:outline-none focus:ring-2 focus:ring-kawaii-neutral-500 focus:ring-offset-2"[39m
          [36m>[39m
            [0mactions.goHome[0m
          [36m</button>[39m
        [36m</div>[39m
      [36m</div>[39m
    [36m</div>[39m
  [36m</div>[39m
[36m</body>[39m

Ignored nodes: comments, script, style
[36m<html[39m
  [33mstyle[39m=[32m"--safe-area-inset-top: 0px; --safe-area-inset-right: 0px; --safe-area-inset-bottom: 0px; --safe-area-inset-left: 0px;"[39m
[36m>[39m
  [36m<head />[39m
  [36m<body>[39m
    [36m<div>[39m
      [36m<div[39m
        [33mclass[39m=[32m"flex items-center justify-center min-h-screen bg-[#f7f3eb] dark:bg-kawaii-neutral-900 p-4"[39m
      [36m>[39m
        [36m<div[39m
          [33mclass[39m=[32m"text-center max-w-md"[39m
        [36m>[39m
          [36m<span[39m
            [33mclass[39m=[32m"text-6xl mb-4 block"[39m
          [36m>[39m
            [0m😢[0m
          [36m</span>[39m
          [36m<p[39m
            [33mclass[39m=[32m"text-xl text-kawaii-neutral-700 dark:text-kawaii-neutral-300 mb-6"[39m
          [36m>[39m
            [0mMissing trip ID or authentication[0m
          [36m</p>[39m
          [36m<div[39m
            [33mclass[39m=[32m"flex gap-3 justify-center"[39m
          [36m>[39m
            [36m<button[39m
              [33mclass[39m=[32m"px-6 py-2 bg-kawaii-primary-500 text-white rounded-lg hover:bg-kawaii-primary-600 transition-colors focus:outline-none focus:ring-2 focus:ring-kawaii-primary-500 focus:ring-offset-2"[39m
            [36m>[39m
              [0mactions.tryAgain[0m
            [36m</button>[39m
            [36m<button[39m
              [33mclass[39m=[32m"px-6 py-2 bg-kawaii-neutral-200 dark:bg-kawaii-neutral-700 text-kawaii-neutral-700 dark:text-kawaii-neutral-300 rounded-lg hover:bg-kawaii-neutral-300 dark:hover:bg-kawaii-neutral-600 transition-colors focus:outline-none focus:ring-2 focus:ring-kawaii-neutral-500 focus:ring-offset-2"[39m
            [36m>[39m
              [0mactions.goHome[0m
            [36m</button>[39m
          [36m</div>[39m
        [36m</div>[39m
      [36m</div>[39m
    [36m</div>[39m
  [36m</body>[39m
[36m</html>[39m
   × MembersScreen > displays member count 1013ms
     → Unable to find an element with the text: Test Trip. This could be because the text is broken up by multiple elements. In this case, you can provide a function for your text matcher to make your matcher more flexible.

Ignored nodes: comments, script, style
[36m<body>[39m
  [36m<div>[39m
    [36m<div[39m
      [33mclass[39m=[32m"flex items-center justify-center min-h-screen bg-[#f7f3eb] dark:bg-kawaii-neutral-900 p-4"[39m
    [36m>[39m
      [36m<div[39m
        [33mclass[39m=[32m"text-center max-w-md"[39m
      [36m>[39m
        [36m<span[39m
          [33mclass[39m=[32m"text-6xl mb-4 block"[39m
        [36m>[39m
          [0m😢[0m
        [36m</span>[39m
        [36m<p[39m
          [33mclass[39m=[32m"text-xl text-kawaii-neutral-700 dark:text-kawaii-neutral-300 mb-6"[39m
        [36m>[39m
          [0mMissing trip ID or authentication[0m
        [36m</p>[39m
        [36m<div[39m
          [33mclass[39m=[32m"flex gap-3 justify-center"[39m
        [36m>[39m
          [36m<button[39m
            [33mclass[39m=[32m"px-6 py-2 bg-kawaii-primary-500 text-white rounded-lg hover:bg-kawaii-primary-600 transition-colors focus:outline-none focus:ring-2 focus:ring-kawaii-primary-500 focus:ring-offset-2"[39m
          [36m>[39m
            [0mactions.tryAgain[0m
          [36m</button>[39m
          [36m<button[39m
            [33mclass[39m=[32m"px-6 py-2 bg-kawaii-neutral-200 dark:bg-kawaii-neutral-700 text-kawaii-neutral-700 dark:text-kawaii-neutral-300 rounded-lg hover:bg-kawaii-neutral-300 dark:hover:bg-kawaii-neutral-600 transition-colors focus:outline-none focus:ring-2 focus:ring-kawaii-neutral-500 focus:ring-offset-2"[39m
          [36m>[39m
            [0mactions.goHome[0m
          [36m</button>[39m
        [36m</div>[39m
      [36m</div>[39m
    [36m</div>[39m
  [36m</div>[39m
[36m</body>[39m

Ignored nodes: comments, script, style
[36m<html[39m
  [33mstyle[39m=[32m"--safe-area-inset-top: 0px; --safe-area-inset-right: 0px; --safe-area-inset-bottom: 0px; --safe-area-inset-left: 0px;"[39m
[36m>[39m
  [36m<head />[39m
  [36m<body>[39m
    [36m<div>[39m
      [36m<div[39m
        [33mclass[39m=[32m"flex items-center justify-center min-h-screen bg-[#f7f3eb] dark:bg-kawaii-neutral-900 p-4"[39m
      [36m>[39m
        [36m<div[39m
          [33mclass[39m=[32m"text-center max-w-md"[39m
        [36m>[39m
          [36m<span[39m
            [33mclass[39m=[32m"text-6xl mb-4 block"[39m
          [36m>[39m
            [0m😢[0m
          [36m</span>[39m
          [36m<p[39m
            [33mclass[39m=[32m"text-xl text-kawaii-neutral-700 dark:text-kawaii-neutral-300 mb-6"[39m
          [36m>[39m
            [0mMissing trip ID or authentication[0m
          [36m</p>[39m
          [36m<div[39m
            [33mclass[39m=[32m"flex gap-3 justify-center"[39m
          [36m>[39m
            [36m<button[39m
              [33mclass[39m=[32m"px-6 py-2 bg-kawaii-primary-500 text-white rounded-lg hover:bg-kawaii-primary-600 transition-colors focus:outline-none focus:ring-2 focus:ring-kawaii-primary-500 focus:ring-offset-2"[39m
            [36m>[39m
              [0mactions.tryAgain[0m
            [36m</button>[39m
            [36m<button[39m
              [33mclass[39m=[32m"px-6 py-2 bg-kawaii-neutral-200 dark:bg-kawaii-neutral-700 text-kawaii-neutral-700 dark:text-kawaii-neutral-300 rounded-lg hover:bg-kawaii-neutral-300 dark:hover:bg-kawaii-neutral-600 transition-colors focus:outline-none focus:ring-2 focus:ring-kawaii-neutral-500 focus:ring-offset-2"[39m
            [36m>[39m
              [0mactions.goHome[0m
            [36m</button>[39m
          [36m</div>[39m
        [36m</div>[39m
      [36m</div>[39m
    [36m</div>[39m
  [36m</body>[39m
[36m</html>[39m
   × MembersScreen > renders MemberCard components for each member 1011ms
     → Unable to find an element with the text: Test User. This could be because the text is broken up by multiple elements. In this case, you can provide a function for your text matcher to make your matcher more flexible.

Ignored nodes: comments, script, style
[36m<body>[39m
  [36m<div>[39m
    [36m<div[39m
      [33mclass[39m=[32m"flex items-center justify-center min-h-screen bg-[#f7f3eb] dark:bg-kawaii-neutral-900 p-4"[39m
    [36m>[39m
      [36m<div[39m
        [33mclass[39m=[32m"text-center max-w-md"[39m
      [36m>[39m
        [36m<span[39m
          [33mclass[39m=[32m"text-6xl mb-4 block"[39m
        [36m>[39m
          [0m😢[0m
        [36m</span>[39m
        [36m<p[39m
          [33mclass[39m=[32m"text-xl text-kawaii-neutral-700 dark:text-kawaii-neutral-300 mb-6"[39m
        [36m>[39m
          [0mMissing trip ID or authentication[0m
        [36m</p>[39m
        [36m<div[39m
          [33mclass[39m=[32m"flex gap-3 justify-center"[39m
        [36m>[39m
          [36m<button[39m
            [33mclass[39m=[32m"px-6 py-2 bg-kawaii-primary-500 text-white rounded-lg hover:bg-kawaii-primary-600 transition-colors focus:outline-none focus:ring-2 focus:ring-kawaii-primary-500 focus:ring-offset-2"[39m
          [36m>[39m
            [0mactions.tryAgain[0m
          [36m</button>[39m
          [36m<button[39m
            [33mclass[39m=[32m"px-6 py-2 bg-kawaii-neutral-200 dark:bg-kawaii-neutral-700 text-kawaii-neutral-700 dark:text-kawaii-neutral-300 rounded-lg hover:bg-kawaii-neutral-300 dark:hover:bg-kawaii-neutral-600 transition-colors focus:outline-none focus:ring-2 focus:ring-kawaii-neutral-500 focus:ring-offset-2"[39m
          [36m>[39m
            [0mactions.goHome[0m
          [36m</button>[39m
        [36m</div>[39m
      [36m</div>[39m
    [36m</div>[39m
  [36m</div>[39m
[36m</body>[39m

Ignored nodes: comments, script, style
[36m<html[39m
  [33mstyle[39m=[32m"--safe-area-inset-top: 0px; --safe-area-inset-right: 0px; --safe-area-inset-bottom: 0px; --safe-area-inset-left: 0px;"[39m
[36m>[39m
  [36m<head />[39m
  [36m<body>[39m
    [36m<div>[39m
      [36m<div[39m
        [33mclass[39m=[32m"flex items-center justify-center min-h-screen bg-[#f7f3eb] dark:bg-kawaii-neutral-900 p-4"[39m
      [36m>[39m
        [36m<div[39m
          [33mclass[39m=[32m"text-center max-w-md"[39m
        [36m>[39m
          [36m<span[39m
            [33mclass[39m=[32m"text-6xl mb-4 block"[39m
          [36m>[39m
            [0m😢[0m
          [36m</span>[39m
          [36m<p[39m
            [33mclass[39m=[32m"text-xl text-kawaii-neutral-700 dark:text-kawaii-neutral-300 mb-6"[39m
          [36m>[39m
            [0mMissing trip ID or authentication[0m
          [36m</p>[39m
          [36m<div[39m
            [33mclass[39m=[32m"flex gap-3 justify-center"[39m
          [36m>[39m
            [36m<button[39m
              [33mclass[39m=[32m"px-6 py-2 bg-kawaii-primary-500 text-white rounded-lg hover:bg-kawaii-primary-600 transition-colors focus:outline-none focus:ring-2 focus:ring-kawaii-primary-500 focus:ring-offset-2"[39m
            [36m>[39m
              [0mactions.tryAgain[0m
            [36m</button>[39m
            [36m<button[39m
              [33mclass[39m=[32m"px-6 py-2 bg-kawaii-neutral-200 dark:bg-kawaii-neutral-700 text-kawaii-neutral-700 dark:text-kawaii-neutral-300 rounded-lg hover:bg-kawaii-neutral-300 dark:hover:bg-kawaii-neutral-600 transition-colors focus:outline-none focus:ring-2 focus:ring-kawaii-neutral-500 focus:ring-offset-2"[39m
            [36m>[39m
              [0mactions.goHome[0m
            [36m</button>[39m
          [36m</div>[39m
        [36m</div>[39m
      [36m</div>[39m
    [36m</div>[39m
  [36m</body>[39m
[36m</html>[39m
stdout | src/pages/__tests__/SettingsScreen.test.tsx > SettingsScreen > Rendering > should render all appearance components
⚠️ SettingsScreen (USER settings) is rendering - this should NOT be on /trips/:id/settings!

stdout | src/pages/__tests__/SettingsScreen.test.tsx > SettingsScreen > Rendering > should render language selector
⚠️ SettingsScreen (USER settings) is rendering - this should NOT be on /trips/:id/settings!

stdout | src/pages/__tests__/SettingsScreen.test.tsx > SettingsScreen > Rendering > should render account section with user info
⚠️ SettingsScreen (USER settings) is rendering - this should NOT be on /trips/:id/settings!

stdout | src/pages/__tests__/SettingsScreen.test.tsx > SettingsScreen > Rendering > should render password section
⚠️ SettingsScreen (USER settings) is rendering - this should NOT be on /trips/:id/settings!

stdout | src/pages/__tests__/SettingsScreen.test.tsx > SettingsScreen > Rendering > should render logout section
⚠️ SettingsScreen (USER settings) is rendering - this should NOT be on /trips/:id/settings!

stdout | src/pages/__tests__/SettingsScreen.test.tsx > SettingsScreen > Account Actions > should handle logout
⚠️ SettingsScreen (USER settings) is rendering - this should NOT be on /trips/:id/settings!

stdout | src/pages/__tests__/SettingsScreen.test.tsx > SettingsScreen > Account Actions > should show password change form when change button is clicked
⚠️ SettingsScreen (USER settings) is rendering - this should NOT be on /trips/:id/settings!
⚠️ SettingsScreen (USER settings) is rendering - this should NOT be on /trips/:id/settings!

stdout | src/pages/__tests__/SettingsScreen.test.tsx > SettingsScreen > Account Actions > should hide password form when cancel is clicked
⚠️ SettingsScreen (USER settings) is rendering - this should NOT be on /trips/:id/settings!
⚠️ SettingsScreen (USER settings) is rendering - this should NOT be on /trips/:id/settings!

stdout | src/pages/__tests__/SettingsScreen.test.tsx > SettingsScreen > Settings Persistence > should display info about settings persistence
⚠️ SettingsScreen (USER settings) is rendering - this should NOT be on /trips/:id/settings!

stdout | src/pages/__tests__/SettingsScreen.test.tsx > SettingsScreen > Requirements Validation > should integrate theme customization (Requirement 15.1)
⚠️ SettingsScreen (USER settings) is rendering - this should NOT be on /trips/:id/settings!

stdout | src/pages/__tests__/SettingsScreen.test.tsx > SettingsScreen > Requirements Validation > should integrate font size slider (Requirement 15.2)
⚠️ SettingsScreen (USER settings) is rendering - this should NOT be on /trips/:id/settings!

stdout | src/pages/__tests__/SettingsScreen.test.tsx > SettingsScreen > Requirements Validation > should integrate dark mode toggle (Requirement 15.3)
⚠️ SettingsScreen (USER settings) is rendering - this should NOT be on /trips/:id/settings!

stdout | src/pages/__tests__/SettingsScreen.test.tsx > SettingsScreen > Requirements Validation > should integrate animation selector (Requirement 15.4)
⚠️ SettingsScreen (USER settings) is rendering - this should NOT be on /trips/:id/settings!

stdout | src/pages/__tests__/SettingsScreen.test.tsx > SettingsScreen > Requirements Validation > should integrate language selector (Requirement 15.5)
⚠️ SettingsScreen (USER settings) is rendering - this should NOT be on /trips/:id/settings!

stdout | src/pages/__tests__/SettingsScreen.test.tsx > SettingsScreen > Requirements Validation > should include account settings (Requirement 15.6)
⚠️ SettingsScreen (USER settings) is rendering - this should NOT be on /trips/:id/settings!

stdout | src/pages/__tests__/SettingsScreen.test.tsx > SettingsScreen > Requirements Validation > should include logout functionality (Requirement 15.7)
⚠️ SettingsScreen (USER settings) is rendering - this should NOT be on /trips/:id/settings!

 ❯ src/pages/__tests__/SettingsScreen.test.tsx (17 tests | 17 failed) 3238ms
   × SettingsScreen > Rendering > should render the settings screen with all sections 434ms
     → Found multiple elements with the text: Settings

Here are the matching elements:

Ignored nodes: comments, script, style
[36m<h1[39m
  [33mclass[39m=[32m"text-3xl font-bold"[39m
[36m>[39m
  [0mSettings[0m
[36m</h1>[39m

Ignored nodes: comments, script, style
[36m<h1[39m
  [33mclass[39m=[32m"text-3xl font-bold"[39m
[36m>[39m
  [0mSettings[0m
[36m</h1>[39m

(If this is intentional, then use the `*AllBy*` variant of the query (like `queryAllByText`, `getAllByText`, or `findAllByText`)).

Ignored nodes: comments, script, style
[36m<body>[39m
  [36m<div>[39m
    [36m<a[39m
      [33mclass[39m=[32m"skip-link"[39m
      [33mhref[39m=[32m"#main-content"[39m
    [36m>[39m
      [0mSkip to main content[0m
    [36m</a>[39m
    [36m<div[39m
      [33mclass[39m=[32m"hidden md:block min-h-screen bg-[#f7f3eb] dark:bg-gray-900"[39m
    [36m>[39m
      [36m<div[39m
        [33maria-label[39m=[32m"Main navigation"[39m
        [33mrole[39m=[32m"navigation"[39m
        [33mstyle[39m=[32m"position: fixed; left: 0px; top: 0px; bottom: 0px; width: 240px; z-index: 10; padding-top: 0px; padding-left: 0px;"[39m
      [36m>[39m
        [36m<nav[39m
          [33maria-label[39m=[32m"Side navigation"[39m
          [33mrole[39m=[32m"navigation"[39m
          [33mstyle[39m=[32m"height: 100vh; width: 240px; background-color: white; border-right: 1px solid rgb(229, 231, 235);"[39m
        [36m>[39m
          [36m<div[39m
            [33mstyle[39m=[32m"display: flex; flex-direction: column; height: 100%;"[39m
          [36m>[39m
            [36m<div[39m
              [33mstyle[39m=[32m"display: flex; align-items: center; justify-content: space-between; height: 64px; padding: 0px 16px; border-bottom: 1px solid rgb(229, 231, 235);"[39m
            [36m>[39m
              [36m<div[39m
                [33mstyle[39m=[32m"font-size: 18px; font-weight: bold; color: rgb(59, 130, 246);"[39m
              [36m>[39m
                [0mJourno[0m
              [36m</div>[39m
              [36m<button[39m
                [33maria-label[39m=[32m"Collapse navigation"[39m
                [33mstyle[39m=[32m"display: flex; align-items: center; justify-content: center; width: 32px; height: 32px; border: medium; background-color: transparent; cursor: pointer; margin: 0px;"[39m
              [36m>[39m
                [36m<svg[39m
                  [33maria-hidden[39m=[32m"true"[39m
                  [33mdata-slot[39m=[32m"icon"[39m
                  [33mfill[39m=[32m"none"[39m
                  [33mstroke[39m=[32m"currentColor"[39m
                  [33mstroke-width[39m=[32m"1.5"[39m
                  [33mstyle[39m=[32m"width: 20px; height: 20px;"[39m
                  [33mviewBox[39m=[32m"0 0 24 24"[39m
                  [33mxmlns[39m=[32m"http://www.w3.org/2000/svg"[39m
                [36m>[39m
                  [36m<path[39m
                    [33md[39m=[32m"M15.75 19.5 8.25 12l7.5-7.5"[39m
                    [33mstroke-linecap[39m=[32m"round"[39m
                    [33mstroke-linejoin[39m=[32m"round"[39m
                  [36m/>[39m
                [36m</svg>[39m
              [36m</button>[39m
            [36m</div>[39m
            [36m<div[39m
              [33mstyle[39m=[32m"flex: 1 1 0%; padding: 16px 0px; overflow-y: auto;"[39m
            [36m>[39m
              [36m<div[39m
                [33mstyle[39m=[32m"padding: 0px 8px;"[39m
              [36m>[39m
                [36m<button[39m
                  [33maria-label[39m=[32m"navigation.schedule"[39m
                  [33mstyle[39m=[32m"display: flex; align-items: center; width: 100%; padding: 12px; margin-bottom: 4px; border: medium; border-radius: 8px; background-color: transparent; color: rgb(107, 114, 128); cursor: pointer; position: relative;"[39m
                [36m>[39m
                  [36m<div[39m
                    [33mstyle[39m=[32m"position: relative; flex-shrink: 0;"[39m
                  [36m>[39m
                    [36m<svg[39m
                      [33maria-hidden[39m=[32m"true"[39m
                      [33mdata-slot[39m=[32m"icon"[39m
                      [33mfill[39m=[32m"none"[39m
                      [33mstroke[39m=[32m"currentColor"[39m
                      [33mstroke-width[39m=[32m"1.5"[39m
                      [33mstyle[39m=[32m"width: 24px; height: 24px;"[39m
                      [33mviewBox[39m=[32m"0 0 24 24"[39m
                      [33mxmlns[39m=[32m"http://www.w3.org/2000/svg"[39m
                    [36m>[39m
                      [36m<path[39m
                        [33md[39m=[32m"M6.75 3v2.25M17.25 3v2.25M3 18.75V7.5a2.25 2.25 0 0 1 2.25-2.25h13.5A2.25 2.25 0 0 1 21 7.5v11.25m-18 0A2.25 2.25 0 0 0 5.25 21h13.5A2.25 2.25 0 0 0 21 18.75m-18 0v-7.5A2.25 2.25 0 0 1 5.25 9h13.5A2.25 2.25 0 0 1 21 11.25v7.5m-9-6h.008v.008H12v-.008ZM12 15h.008v.008H12V15Zm0 2.25h.008v.008H12v-.008ZM9.75 15h.008v.008H9.75V15Zm0 2.25h.008v.008H9.75v-.008ZM7.5 15h.008v.008H7.5V15Zm0 2.25h.008v.008H7.5v-.008Zm6.75-4.5h.008v.008h-.008v-.008Zm0 2.25h.008v.008h-.008V15Zm0 2.25h.008v.008h-.008v-.008Zm2.25-4.5h.008v.008H16.5v-.008Zm0 2.25h.008v.008H16.5V15Z"[39m
                        [33mstroke-linecap[39m=[32m"round"[39m
                        [33mstroke-linejoin[39m=[32m"round"[39m
                      [36m/>[39m
                    [36m</svg>[39m
                  [36m</div>[39m
                  [36m<span[39m
                    [33mstyle[39m=[32m"margin-left: 12px; font-size: 14px; font-weight: 500; white-space: nowrap;"[39m
                  [36m>[39m
                    [0mnavigation.schedule[0m
                  [36m</span>[39m
                [36m</button>[39m
                [36m<button[39m
                  [33maria-label[39m=[32m"navigation.booking"[39m
                  [33mstyle[39m=[32m"display: flex; align-items: center; width: 100%; padding: 12px; margin-bottom: 4px; border: medium; border-radius: 8px; background-color: transparent; color: rgb(107, 114, 128); cursor: pointer; position: relative;"[39m
                [36m>[39m
                  [36m<div[39m
                    [33mstyle[39m=[32m"position: relative; flex-shrink: 0;"[39m
                  [36m>[39m
                    [36m<svg[39m
                      [33maria-hidden[39m=[32m"true"[39m
                      [33mdata-slot[39m=[32m"icon"[39m
                      [33mfill[39m=[32m"none"[39m
                      [33mstroke[39m=[32m"currentColor"[39m
                      [33mstroke-width[39m=[32m"1.5"[39m
                      [33mstyle[39m=[32m"width: 24px; height: 24px;"[39m
                      [33mviewBox[39m=[32m"0 0 24 24"[39m
                      [33mxmlns[39m=[32m"http://www.w3.org/2000/svg"[39m
                    [36m>[39m
                      [36m<path[39m
                        [33md[39m=[32m"M16.5 6v.75m0 3v.75m0 3v.75m0 3V18m-9-5.25h5.25M7.5 15h3M3.375 5.25c-.621 0-1.125.504-1.125 1.125v3.026a2.999 2.999 0 0 1 0 5.198v3.026c0 .621.504 1.125 1.125 1.125h17.25c.621 0 1.125-.504 1.125-1.125v-3.026a2.999 2.999 0 0 1 0-5.198V6.375c0-.621-.504-1.125-1.125-1.125H3.375Z"[39m
                        [33mstroke-linecap[39m=[32m"round"[39m
                        [33mstroke-linejoin[39m=[32m"round"[39m
                      [36m/>[39m
          ...
   × SettingsScreen > Rendering > should render all appearance components 199ms
     → Found multiple elements by: [data-testid="theme-customization"]

Here are the matching elements:

Ignored nodes: comments, script, style
[36m<div[39m
  [33mdata-testid[39m=[32m"theme-customization"[39m
[36m>[39m
  [0mTheme Customization[0m
[36m</div>[39m

Ignored nodes: comments, script, style
[36m<div[39m
  [33mdata-testid[39m=[32m"theme-customization"[39m
[36m>[39m
  [0mTheme Customization[0m
[36m</div>[39m

(If this is intentional, then use the `*AllBy*` variant of the query (like `queryAllByText`, `getAllByText`, or `findAllByText`)).

Ignored nodes: comments, script, style
[36m<body>[39m
  [36m<div>[39m
    [36m<a[39m
      [33mclass[39m=[32m"skip-link"[39m
      [33mhref[39m=[32m"#main-content"[39m
    [36m>[39m
      [0mSkip to main content[0m
    [36m</a>[39m
    [36m<div[39m
      [33mclass[39m=[32m"hidden md:block min-h-screen bg-[#f7f3eb] dark:bg-gray-900"[39m
    [36m>[39m
      [36m<div[39m
        [33maria-label[39m=[32m"Main navigation"[39m
        [33mrole[39m=[32m"navigation"[39m
        [33mstyle[39m=[32m"position: fixed; left: 0px; top: 0px; bottom: 0px; width: 240px; z-index: 10; padding-top: 0px; padding-left: 0px;"[39m
      [36m>[39m
        [36m<nav[39m
          [33maria-label[39m=[32m"Side navigation"[39m
          [33mrole[39m=[32m"navigation"[39m
          [33mstyle[39m=[32m"height: 100vh; width: 240px; background-color: white; border-right: 1px solid rgb(229, 231, 235);"[39m
        [36m>[39m
          [36m<div[39m
            [33mstyle[39m=[32m"display: flex; flex-direction: column; height: 100%;"[39m
          [36m>[39m
            [36m<div[39m
              [33mstyle[39m=[32m"display: flex; align-items: center; justify-content: space-between; height: 64px; padding: 0px 16px; border-bottom: 1px solid rgb(229, 231, 235);"[39m
            [36m>[39m
              [36m<div[39m
                [33mstyle[39m=[32m"font-size: 18px; font-weight: bold; color: rgb(59, 130, 246);"[39m
              [36m>[39m
                [0mJourno[0m
              [36m</div>[39m
              [36m<button[39m
                [33maria-label[39m=[32m"Collapse navigation"[39m
                [33mstyle[39m=[32m"display: flex; align-items: center; justify-content: center; width: 32px; height: 32px; border: medium; background-color: transparent; cursor: pointer; margin: 0px;"[39m
              [36m>[39m
                [36m<svg[39m
                  [33maria-hidden[39m=[32m"true"[39m
                  [33mdata-slot[39m=[32m"icon"[39m
                  [33mfill[39m=[32m"none"[39m
                  [33mstroke[39m=[32m"currentColor"[39m
                  [33mstroke-width[39m=[32m"1.5"[39m
                  [33mstyle[39m=[32m"width: 20px; height: 20px;"[39m
                  [33mviewBox[39m=[32m"0 0 24 24"[39m
                  [33mxmlns[39m=[32m"http://www.w3.org/2000/svg"[39m
                [36m>[39m
                  [36m<path[39m
                    [33md[39m=[32m"M15.75 19.5 8.25 12l7.5-7.5"[39m
                    [33mstroke-linecap[39m=[32m"round"[39m
                    [33mstroke-linejoin[39m=[32m"round"[39m
                  [36m/>[39m
                [36m</svg>[39m
              [36m</button>[39m
            [36m</div>[39m
            [36m<div[39m
              [33mstyle[39m=[32m"flex: 1 1 0%; padding: 16px 0px; overflow-y: auto;"[39m
            [36m>[39m
              [36m<div[39m
                [33mstyle[39m=[32m"padding: 0px 8px;"[39m
              [36m>[39m
                [36m<button[39m
                  [33maria-label[39m=[32m"navigation.schedule"[39m
                  [33mstyle[39m=[32m"display: flex; align-items: center; width: 100%; padding: 12px; margin-bottom: 4px; border: medium; border-radius: 8px; background-color: transparent; color: rgb(107, 114, 128); cursor: pointer; position: relative;"[39m
                [36m>[39m
                  [36m<div[39m
                    [33mstyle[39m=[32m"position: relative; flex-shrink: 0;"[39m
                  [36m>[39m
                    [36m<svg[39m
                      [33maria-hidden[39m=[32m"true"[39m
                      [33mdata-slot[39m=[32m"icon"[39m
                      [33mfill[39m=[32m"none"[39m
                      [33mstroke[39m=[32m"currentColor"[39m
                      [33mstroke-width[39m=[32m"1.5"[39m
                      [33mstyle[39m=[32m"width: 24px; height: 24px;"[39m
                      [33mviewBox[39m=[32m"0 0 24 24"[39m
                      [33mxmlns[39m=[32m"http://www.w3.org/2000/svg"[39m
                    [36m>[39m
                      [36m<path[39m
                        [33md[39m=[32m"M6.75 3v2.25M17.25 3v2.25M3 18.75V7.5a2.25 2.25 0 0 1 2.25-2.25h13.5A2.25 2.25 0 0 1 21 7.5v11.25m-18 0A2.25 2.25 0 0 0 5.25 21h13.5A2.25 2.25 0 0 0 21 18.75m-18 0v-7.5A2.25 2.25 0 0 1 5.25 9h13.5A2.25 2.25 0 0 1 21 11.25v7.5m-9-6h.008v.008H12v-.008ZM12 15h.008v.008H12V15Zm0 2.25h.008v.008H12v-.008ZM9.75 15h.008v.008H9.75V15Zm0 2.25h.008v.008H9.75v-.008ZM7.5 15h.008v.008H7.5V15Zm0 2.25h.008v.008H7.5v-.008Zm6.75-4.5h.008v.008h-.008v-.008Zm0 2.25h.008v.008h-.008V15Zm0 2.25h.008v.008h-.008v-.008Zm2.25-4.5h.008v.008H16.5v-.008Zm0 2.25h.008v.008H16.5V15Z"[39m
                        [33mstroke-linecap[39m=[32m"round"[39m
                        [33mstroke-linejoin[39m=[32m"round"[39m
                      [36m/>[39m
                    [36m</svg>[39m
                  [36m</div>[39m
                  [36m<span[39m
                    [33mstyle[39m=[32m"margin-left: 12px; font-size: 14px; font-weight: 500; white-space: nowrap;"[39m
                  [36m>[39m
                    [0mnavigation.schedule[0m
                  [36m</span>[39m
                [36m</button>[39m
                [36m<button[39m
                  [33maria-label[39m=[32m"navigation.booking"[39m
                  [33mstyle[39m=[32m"display: flex; align-items: center; width: 100%; padding: 12px; margin-bottom: 4px; border: medium; border-radius: 8px; background-color: transparent; color: rgb(107, 114, 128); cursor: pointer; position: relative;"[39m
                [36m>[39m
                  [36m<div[39m
                    [33mstyle[39m=[32m"position: relative; flex-shrink: 0;"[39m
                  [36m>[39m
                    [36m<svg[39m
                      [33maria-hidden[39m=[32m"true"[39m
                      [33mdata-slot[39m=[32m"icon"[39m
                      [33mfill[39m=[32m"none"[39m
                      [33mstroke[39m=[32m"currentColor"[39m
                      [33mstroke-width[39m=[32m"1.5"[39m
                      [33mstyle[39m=[32m"width: 24px; height: 24px;"[39m
                      [33mviewBox[39m=[32m"0 0 24 24"[39m
                      [33mxmlns[39m=[32m"http://www.w3.org/2000/svg"[39m
                    [36m>[39m
                      [36m<path[39m
                        [33md[39m=[32m"M16.5 6v.75m0 3v.75m0 3v.75m0 3V18m-9-5.25h5.25M7.5 15h3M3.375 5.25c-.621 0-1.125.504-1.125 1.125v3.026a2.999 2.999 0 0 1 0 5.198v3.026c0 .621.504 1.125 1.125 1.125h17.25c.621 0 1.125-.504 1.125-1.125v-3.026a2.999 2.999 0 0 1 0-5.198V6.375c0-.621-.504-1.125-1.125-1.125H3.375Z"[39m
                        [33mstroke-linecap[39m=[32m"round"[39m
                        [33mstroke-linejoin[39m=[32m"round"[39m
                      [36m/>[39m
          ...
   × SettingsScreen > Rendering > should render language selector 162ms
     → Found multiple elements by: [data-testid="language-selector"]

Here are the matching elements:

Ignored nodes: comments, script, style
[36m<div[39m
  [33mdata-testid[39m=[32m"language-selector"[39m
[36m>[39m
  [0mLanguage Selector[0m
[36m</div>[39m

Ignored nodes: comments, script, style
[36m<div[39m
  [33mdata-testid[39m=[32m"language-selector"[39m
[36m>[39m
  [0mLanguage Selector[0m
[36m</div>[39m

(If this is intentional, then use the `*AllBy*` variant of the query (like `queryAllByText`, `getAllByText`, or `findAllByText`)).

Ignored nodes: comments, script, style
[36m<body>[39m
  [36m<div>[39m
    [36m<a[39m
      [33mclass[39m=[32m"skip-link"[39m
      [33mhref[39m=[32m"#main-content"[39m
    [36m>[39m
      [0mSkip to main content[0m
    [36m</a>[39m
    [36m<div[39m
      [33mclass[39m=[32m"hidden md:block min-h-screen bg-[#f7f3eb] dark:bg-gray-900"[39m
    [36m>[39m
      [36m<div[39m
        [33maria-label[39m=[32m"Main navigation"[39m
        [33mrole[39m=[32m"navigation"[39m
        [33mstyle[39m=[32m"position: fixed; left: 0px; top: 0px; bottom: 0px; width: 240px; z-index: 10; padding-top: 0px; padding-left: 0px;"[39m
      [36m>[39m
        [36m<nav[39m
          [33maria-label[39m=[32m"Side navigation"[39m
          [33mrole[39m=[32m"navigation"[39m
          [33mstyle[39m=[32m"height: 100vh; width: 240px; background-color: white; border-right: 1px solid rgb(229, 231, 235);"[39m
        [36m>[39m
          [36m<div[39m
            [33mstyle[39m=[32m"display: flex; flex-direction: column; height: 100%;"[39m
          [36m>[39m
            [36m<div[39m
              [33mstyle[39m=[32m"display: flex; align-items: center; justify-content: space-between; height: 64px; padding: 0px 16px; border-bottom: 1px solid rgb(229, 231, 235);"[39m
            [36m>[39m
              [36m<div[39m
                [33mstyle[39m=[32m"font-size: 18px; font-weight: bold; color: rgb(59, 130, 246);"[39m
              [36m>[39m
                [0mJourno[0m
              [36m</div>[39m
              [36m<button[39m
                [33maria-label[39m=[32m"Collapse navigation"[39m
                [33mstyle[39m=[32m"display: flex; align-items: center; justify-content: center; width: 32px; height: 32px; border: medium; background-color: transparent; cursor: pointer; margin: 0px;"[39m
              [36m>[39m
                [36m<svg[39m
                  [33maria-hidden[39m=[32m"true"[39m
                  [33mdata-slot[39m=[32m"icon"[39m
                  [33mfill[39m=[32m"none"[39m
                  [33mstroke[39m=[32m"currentColor"[39m
                  [33mstroke-width[39m=[32m"1.5"[39m
                  [33mstyle[39m=[32m"width: 20px; height: 20px;"[39m
                  [33mviewBox[39m=[32m"0 0 24 24"[39m
                  [33mxmlns[39m=[32m"http://www.w3.org/2000/svg"[39m
                [36m>[39m
                  [36m<path[39m
                    [33md[39m=[32m"M15.75 19.5 8.25 12l7.5-7.5"[39m
                    [33mstroke-linecap[39m=[32m"round"[39m
                    [33mstroke-linejoin[39m=[32m"round"[39m
                  [36m/>[39m
                [36m</svg>[39m
              [36m</button>[39m
            [36m</div>[39m
            [36m<div[39m
              [33mstyle[39m=[32m"flex: 1 1 0%; padding: 16px 0px; overflow-y: auto;"[39m
            [36m>[39m
              [36m<div[39m
                [33mstyle[39m=[32m"padding: 0px 8px;"[39m
              [36m>[39m
                [36m<button[39m
                  [33maria-label[39m=[32m"navigation.schedule"[39m
                  [33mstyle[39m=[32m"display: flex; align-items: center; width: 100%; padding: 12px; margin-bottom: 4px; border: medium; border-radius: 8px; background-color: transparent; color: rgb(107, 114, 128); cursor: pointer; position: relative;"[39m
                [36m>[39m
                  [36m<div[39m
                    [33mstyle[39m=[32m"position: relative; flex-shrink: 0;"[39m
                  [36m>[39m
                    [36m<svg[39m
                      [33maria-hidden[39m=[32m"true"[39m
                      [33mdata-slot[39m=[32m"icon"[39m
                      [33mfill[39m=[32m"none"[39m
                      [33mstroke[39m=[32m"currentColor"[39m
                      [33mstroke-width[39m=[32m"1.5"[39m
                      [33mstyle[39m=[32m"width: 24px; height: 24px;"[39m
                      [33mviewBox[39m=[32m"0 0 24 24"[39m
                      [33mxmlns[39m=[32m"http://www.w3.org/2000/svg"[39m
                    [36m>[39m
                      [36m<path[39m
                        [33md[39m=[32m"M6.75 3v2.25M17.25 3v2.25M3 18.75V7.5a2.25 2.25 0 0 1 2.25-2.25h13.5A2.25 2.25 0 0 1 21 7.5v11.25m-18 0A2.25 2.25 0 0 0 5.25 21h13.5A2.25 2.25 0 0 0 21 18.75m-18 0v-7.5A2.25 2.25 0 0 1 5.25 9h13.5A2.25 2.25 0 0 1 21 11.25v7.5m-9-6h.008v.008H12v-.008ZM12 15h.008v.008H12V15Zm0 2.25h.008v.008H12v-.008ZM9.75 15h.008v.008H9.75V15Zm0 2.25h.008v.008H9.75v-.008ZM7.5 15h.008v.008H7.5V15Zm0 2.25h.008v.008H7.5v-.008Zm6.75-4.5h.008v.008h-.008v-.008Zm0 2.25h.008v.008h-.008V15Zm0 2.25h.008v.008h-.008v-.008Zm2.25-4.5h.008v.008H16.5v-.008Zm0 2.25h.008v.008H16.5V15Z"[39m
                        [33mstroke-linecap[39m=[32m"round"[39m
                        [33mstroke-linejoin[39m=[32m"round"[39m
                      [36m/>[39m
                    [36m</svg>[39m
                  [36m</div>[39m
                  [36m<span[39m
                    [33mstyle[39m=[32m"margin-left: 12px; font-size: 14px; font-weight: 500; white-space: nowrap;"[39m
                  [36m>[39m
                    [0mnavigation.schedule[0m
                  [36m</span>[39m
                [36m</button>[39m
                [36m<button[39m
                  [33maria-label[39m=[32m"navigation.booking"[39m
                  [33mstyle[39m=[32m"display: flex; align-items: center; width: 100%; padding: 12px; margin-bottom: 4px; border: medium; border-radius: 8px; background-color: transparent; color: rgb(107, 114, 128); cursor: pointer; position: relative;"[39m
                [36m>[39m
                  [36m<div[39m
                    [33mstyle[39m=[32m"position: relative; flex-shrink: 0;"[39m
                  [36m>[39m
                    [36m<svg[39m
                      [33maria-hidden[39m=[32m"true"[39m
                      [33mdata-slot[39m=[32m"icon"[39m
                      [33mfill[39m=[32m"none"[39m
                      [33mstroke[39m=[32m"currentColor"[39m
                      [33mstroke-width[39m=[32m"1.5"[39m
                      [33mstyle[39m=[32m"width: 24px; height: 24px;"[39m
                      [33mviewBox[39m=[32m"0 0 24 24"[39m
                      [33mxmlns[39m=[32m"http://www.w3.org/2000/svg"[39m
                    [36m>[39m
                      [36m<path[39m
                        [33md[39m=[32m"M16.5 6v.75m0 3v.75m0 3v.75m0 3V18m-9-5.25h5.25M7.5 15h3M3.375 5.25c-.621 0-1.125.504-1.125 1.125v3.026a2.999 2.999 0 0 1 0 5.198v3.026c0 .621.504 1.125 1.125 1.125h17.25c.621 0 1.125-.504 1.125-1.125v-3.026a2.999 2.999 0 0 1 0-5.198V6.375c0-.621-.504-1.125-1.125-1.125H3.375Z"[39m
                        [33mstroke-linecap[39m=[32m"round"[39m
                        [33mstroke-linejoin[39m=[32m"round"[39m
                      [36m/>[39m
          ...
   × SettingsScreen > Rendering > should render account section with user info 151ms
     → Found multiple elements with the text: Profile

Here are the matching elements:

Ignored nodes: comments, script, style
[36m<h3[39m
  [33mclass[39m=[32m"text-lg font-semibold text-kawaii-neutral-800 dark:text-kawaii-neutral-100"[39m
[36m>[39m
  [0mProfile[0m
[36m</h3>[39m

Ignored nodes: comments, script, style
[36m<h3[39m
  [33mclass[39m=[32m"text-lg font-semibold text-kawaii-neutral-800 dark:text-kawaii-neutral-100"[39m
[36m>[39m
  [0mProfile[0m
[36m</h3>[39m

(If this is intentional, then use the `*AllBy*` variant of the query (like `queryAllByText`, `getAllByText`, or `findAllByText`)).

Ignored nodes: comments, script, style
[36m<body>[39m
  [36m<div>[39m
    [36m<a[39m
      [33mclass[39m=[32m"skip-link"[39m
      [33mhref[39m=[32m"#main-content"[39m
    [36m>[39m
      [0mSkip to main content[0m
    [36m</a>[39m
    [36m<div[39m
      [33mclass[39m=[32m"hidden md:block min-h-screen bg-[#f7f3eb] dark:bg-gray-900"[39m
    [36m>[39m
      [36m<div[39m
        [33maria-label[39m=[32m"Main navigation"[39m
        [33mrole[39m=[32m"navigation"[39m
        [33mstyle[39m=[32m"position: fixed; left: 0px; top: 0px; bottom: 0px; width: 240px; z-index: 10; padding-top: 0px; padding-left: 0px;"[39m
      [36m>[39m
        [36m<nav[39m
          [33maria-label[39m=[32m"Side navigation"[39m
          [33mrole[39m=[32m"navigation"[39m
          [33mstyle[39m=[32m"height: 100vh; width: 240px; background-color: white; border-right: 1px solid rgb(229, 231, 235);"[39m
        [36m>[39m
          [36m<div[39m
            [33mstyle[39m=[32m"display: flex; flex-direction: column; height: 100%;"[39m
          [36m>[39m
            [36m<div[39m
              [33mstyle[39m=[32m"display: flex; align-items: center; justify-content: space-between; height: 64px; padding: 0px 16px; border-bottom: 1px solid rgb(229, 231, 235);"[39m
            [36m>[39m
              [36m<div[39m
                [33mstyle[39m=[32m"font-size: 18px; font-weight: bold; color: rgb(59, 130, 246);"[39m
              [36m>[39m
                [0mJourno[0m
              [36m</div>[39m
              [36m<button[39m
                [33maria-label[39m=[32m"Collapse navigation"[39m
                [33mstyle[39m=[32m"display: flex; align-items: center; justify-content: center; width: 32px; height: 32px; border: medium; background-color: transparent; cursor: pointer; margin: 0px;"[39m
              [36m>[39m
                [36m<svg[39m
                  [33maria-hidden[39m=[32m"true"[39m
                  [33mdata-slot[39m=[32m"icon"[39m
                  [33mfill[39m=[32m"none"[39m
                  [33mstroke[39m=[32m"currentColor"[39m
                  [33mstroke-width[39m=[32m"1.5"[39m
                  [33mstyle[39m=[32m"width: 20px; height: 20px;"[39m
                  [33mviewBox[39m=[32m"0 0 24 24"[39m
                  [33mxmlns[39m=[32m"http://www.w3.org/2000/svg"[39m
                [36m>[39m
                  [36m<path[39m
                    [33md[39m=[32m"M15.75 19.5 8.25 12l7.5-7.5"[39m
                    [33mstroke-linecap[39m=[32m"round"[39m
                    [33mstroke-linejoin[39m=[32m"round"[39m
                  [36m/>[39m
                [36m</svg>[39m
              [36m</button>[39m
            [36m</div>[39m
            [36m<div[39m
              [33mstyle[39m=[32m"flex: 1 1 0%; padding: 16px 0px; overflow-y: auto;"[39m
            [36m>[39m
              [36m<div[39m
                [33mstyle[39m=[32m"padding: 0px 8px;"[39m
              [36m>[39m
                [36m<button[39m
                  [33maria-label[39m=[32m"navigation.schedule"[39m
                  [33mstyle[39m=[32m"display: flex; align-items: center; width: 100%; padding: 12px; margin-bottom: 4px; border: medium; border-radius: 8px; background-color: transparent; color: rgb(107, 114, 128); cursor: pointer; position: relative;"[39m
                [36m>[39m
                  [36m<div[39m
                    [33mstyle[39m=[32m"position: relative; flex-shrink: 0;"[39m
                  [36m>[39m
                    [36m<svg[39m
                      [33maria-hidden[39m=[32m"true"[39m
                      [33mdata-slot[39m=[32m"icon"[39m
                      [33mfill[39m=[32m"none"[39m
                      [33mstroke[39m=[32m"currentColor"[39m
                      [33mstroke-width[39m=[32m"1.5"[39m
                      [33mstyle[39m=[32m"width: 24px; height: 24px;"[39m
                      [33mviewBox[39m=[32m"0 0 24 24"[39m
                      [33mxmlns[39m=[32m"http://www.w3.org/2000/svg"[39m
                    [36m>[39m
                      [36m<path[39m
                        [33md[39m=[32m"M6.75 3v2.25M17.25 3v2.25M3 18.75V7.5a2.25 2.25 0 0 1 2.25-2.25h13.5A2.25 2.25 0 0 1 21 7.5v11.25m-18 0A2.25 2.25 0 0 0 5.25 21h13.5A2.25 2.25 0 0 0 21 18.75m-18 0v-7.5A2.25 2.25 0 0 1 5.25 9h13.5A2.25 2.25 0 0 1 21 11.25v7.5m-9-6h.008v.008H12v-.008ZM12 15h.008v.008H12V15Zm0 2.25h.008v.008H12v-.008ZM9.75 15h.008v.008H9.75V15Zm0 2.25h.008v.008H9.75v-.008ZM7.5 15h.008v.008H7.5V15Zm0 2.25h.008v.008H7.5v-.008Zm6.75-4.5h.008v.008h-.008v-.008Zm0 2.25h.008v.008h-.008V15Zm0 2.25h.008v.008h-.008v-.008Zm2.25-4.5h.008v.008H16.5v-.008Zm0 2.25h.008v.008H16.5V15Z"[39m
                        [33mstroke-linecap[39m=[32m"round"[39m
                        [33mstroke-linejoin[39m=[32m"round"[39m
                      [36m/>[39m
                    [36m</svg>[39m
                  [36m</div>[39m
                  [36m<span[39m
                    [33mstyle[39m=[32m"margin-left: 12px; font-size: 14px; font-weight: 500; white-space: nowrap;"[39m
                  [36m>[39m
                    [0mnavigation.schedule[0m
                  [36m</span>[39m
                [36m</button>[39m
                [36m<button[39m
                  [33maria-label[39m=[32m"navigation.booking"[39m
                  [33mstyle[39m=[32m"display: flex; align-items: center; width: 100%; padding: 12px; margin-bottom: 4px; border: medium; border-radius: 8px; background-color: transparent; color: rgb(107, 114, 128); cursor: pointer; position: relative;"[39m
                [36m>[39m
                  [36m<div[39m
                    [33mstyle[39m=[32m"position: relative; flex-shrink: 0;"[39m
                  [36m>[39m
                    [36m<svg[39m
                      [33maria-hidden[39m=[32m"true"[39m
                      [33mdata-slot[39m=[32m"icon"[39m
                      [33mfill[39m=[32m"none"[39m
                      [33mstroke[39m=[32m"currentColor"[39m
                      [33mstroke-width[39m=[32m"1.5"[39m
                      [33mstyle[39m=[32m"width: 24px; height: 24px;"[39m
                      [33mviewBox[39m=[32m"0 0 24 24"[39m
                      [33mxmlns[39m=[32m"http://www.w3.org/2000/svg"[39m
                    [36m>[39m
                      [36m<path[39m
                        [33md[39m=[32m"M16.5 6v.75m0 3v.75m0 3v.75m0 3V18m-9-5.25h5.25M7.5 15h3M3.375 5.25c-.621 0-1.125.504-1.125 1.125v3.026a2.999 2.999 0 0 1 0 5.198v3.026c0 .621.504 1.125 1.125 1.125h17.25c.621 0 1.125-.504 1.125-1.125v-3.026a2.999 2.999 0 0 1 0-5.198V6.375c0-.621-.504-1.125-1.125-1.125H3.375Z"[39m
                        [33mstroke-linecap[39m=[32m"round"[39m
                        [33mstroke-linejoin[39m=[32m"round"[39m
                      [36m/>[39m
          ...
   × SettingsScreen > Rendering > should render password section 106ms
     → Found multiple elements with the text: Password

Here are the matching elements:

Ignored nodes: comments, script, style
[36m<h3[39m
  [33mclass[39m=[32m"text-lg font-semibold text-kawaii-neutral-800 dark:text-kawaii-neutral-100"[39m
[36m>[39m
  [0mPassword[0m
[36m</h3>[39m

Ignored nodes: comments, script, style
[36m<h3[39m
  [33mclass[39m=[32m"text-lg font-semibold text-kawaii-neutral-800 dark:text-kawaii-neutral-100"[39m
[36m>[39m
  [0mPassword[0m
[36m</h3>[39m

(If this is intentional, then use the `*AllBy*` variant of the query (like `queryAllByText`, `getAllByText`, or `findAllByText`)).

Ignored nodes: comments, script, style
[36m<body>[39m
  [36m<div>[39m
    [36m<a[39m
      [33mclass[39m=[32m"skip-link"[39m
      [33mhref[39m=[32m"#main-content"[39m
    [36m>[39m
      [0mSkip to main content[0m
    [36m</a>[39m
    [36m<div[39m
      [33mclass[39m=[32m"hidden md:block min-h-screen bg-[#f7f3eb] dark:bg-gray-900"[39m
    [36m>[39m
      [36m<div[39m
        [33maria-label[39m=[32m"Main navigation"[39m
        [33mrole[39m=[32m"navigation"[39m
        [33mstyle[39m=[32m"position: fixed; left: 0px; top: 0px; bottom: 0px; width: 240px; z-index: 10; padding-top: 0px; padding-left: 0px;"[39m
      [36m>[39m
        [36m<nav[39m
          [33maria-label[39m=[32m"Side navigation"[39m
          [33mrole[39m=[32m"navigation"[39m
          [33mstyle[39m=[32m"height: 100vh; width: 240px; background-color: white; border-right: 1px solid rgb(229, 231, 235);"[39m
        [36m>[39m
          [36m<div[39m
            [33mstyle[39m=[32m"display: flex; flex-direction: column; height: 100%;"[39m
          [36m>[39m
            [36m<div[39m
              [33mstyle[39m=[32m"display: flex; align-items: center; justify-content: space-between; height: 64px; padding: 0px 16px; border-bottom: 1px solid rgb(229, 231, 235);"[39m
            [36m>[39m
              [36m<div[39m
                [33mstyle[39m=[32m"font-size: 18px; font-weight: bold; color: rgb(59, 130, 246);"[39m
              [36m>[39m
                [0mJourno[0m
              [36m</div>[39m
              [36m<button[39m
                [33maria-label[39m=[32m"Collapse navigation"[39m
                [33mstyle[39m=[32m"display: flex; align-items: center; justify-content: center; width: 32px; height: 32px; border: medium; background-color: transparent; cursor: pointer; margin: 0px;"[39m
              [36m>[39m
                [36m<svg[39m
                  [33maria-hidden[39m=[32m"true"[39m
                  [33mdata-slot[39m=[32m"icon"[39m
                  [33mfill[39m=[32m"none"[39m
                  [33mstroke[39m=[32m"currentColor"[39m
                  [33mstroke-width[39m=[32m"1.5"[39m
                  [33mstyle[39m=[32m"width: 20px; height: 20px;"[39m
                  [33mviewBox[39m=[32m"0 0 24 24"[39m
                  [33mxmlns[39m=[32m"http://www.w3.org/2000/svg"[39m
                [36m>[39m
                  [36m<path[39m
                    [33md[39m=[32m"M15.75 19.5 8.25 12l7.5-7.5"[39m
                    [33mstroke-linecap[39m=[32m"round"[39m
                    [33mstroke-linejoin[39m=[32m"round"[39m
                  [36m/>[39m
                [36m</svg>[39m
              [36m</button>[39m
            [36m</div>[39m
            [36m<div[39m
              [33mstyle[39m=[32m"flex: 1 1 0%; padding: 16px 0px; overflow-y: auto;"[39m
            [36m>[39m
              [36m<div[39m
                [33mstyle[39m=[32m"padding: 0px 8px;"[39m
              [36m>[39m
                [36m<button[39m
                  [33maria-label[39m=[32m"navigation.schedule"[39m
                  [33mstyle[39m=[32m"display: flex; align-items: center; width: 100%; padding: 12px; margin-bottom: 4px; border: medium; border-radius: 8px; background-color: transparent; color: rgb(107, 114, 128); cursor: pointer; position: relative;"[39m
                [36m>[39m
                  [36m<div[39m
                    [33mstyle[39m=[32m"position: relative; flex-shrink: 0;"[39m
                  [36m>[39m
                    [36m<svg[39m
                      [33maria-hidden[39m=[32m"true"[39m
                      [33mdata-slot[39m=[32m"icon"[39m
                      [33mfill[39m=[32m"none"[39m
                      [33mstroke[39m=[32m"currentColor"[39m
                      [33mstroke-width[39m=[32m"1.5"[39m
                      [33mstyle[39m=[32m"width: 24px; height: 24px;"[39m
                      [33mviewBox[39m=[32m"0 0 24 24"[39m
                      [33mxmlns[39m=[32m"http://www.w3.org/2000/svg"[39m
                    [36m>[39m
                      [36m<path[39m
                        [33md[39m=[32m"M6.75 3v2.25M17.25 3v2.25M3 18.75V7.5a2.25 2.25 0 0 1 2.25-2.25h13.5A2.25 2.25 0 0 1 21 7.5v11.25m-18 0A2.25 2.25 0 0 0 5.25 21h13.5A2.25 2.25 0 0 0 21 18.75m-18 0v-7.5A2.25 2.25 0 0 1 5.25 9h13.5A2.25 2.25 0 0 1 21 11.25v7.5m-9-6h.008v.008H12v-.008ZM12 15h.008v.008H12V15Zm0 2.25h.008v.008H12v-.008ZM9.75 15h.008v.008H9.75V15Zm0 2.25h.008v.008H9.75v-.008ZM7.5 15h.008v.008H7.5V15Zm0 2.25h.008v.008H7.5v-.008Zm6.75-4.5h.008v.008h-.008v-.008Zm0 2.25h.008v.008h-.008V15Zm0 2.25h.008v.008h-.008v-.008Zm2.25-4.5h.008v.008H16.5v-.008Zm0 2.25h.008v.008H16.5V15Z"[39m
                        [33mstroke-linecap[39m=[32m"round"[39m
                        [33mstroke-linejoin[39m=[32m"round"[39m
                      [36m/>[39m
                    [36m</svg>[39m
                  [36m</div>[39m
                  [36m<span[39m
                    [33mstyle[39m=[32m"margin-left: 12px; font-size: 14px; font-weight: 500; white-space: nowrap;"[39m
                  [36m>[39m
                    [0mnavigation.schedule[0m
                  [36m</span>[39m
                [36m</button>[39m
                [36m<button[39m
                  [33maria-label[39m=[32m"navigation.booking"[39m
                  [33mstyle[39m=[32m"display: flex; align-items: center; width: 100%; padding: 12px; margin-bottom: 4px; border: medium; border-radius: 8px; background-color: transparent; color: rgb(107, 114, 128); cursor: pointer; position: relative;"[39m
                [36m>[39m
                  [36m<div[39m
                    [33mstyle[39m=[32m"position: relative; flex-shrink: 0;"[39m
                  [36m>[39m
                    [36m<svg[39m
                      [33maria-hidden[39m=[32m"true"[39m
                      [33mdata-slot[39m=[32m"icon"[39m
                      [33mfill[39m=[32m"none"[39m
                      [33mstroke[39m=[32m"currentColor"[39m
                      [33mstroke-width[39m=[32m"1.5"[39m
                      [33mstyle[39m=[32m"width: 24px; height: 24px;"[39m
                      [33mviewBox[39m=[32m"0 0 24 24"[39m
                      [33mxmlns[39m=[32m"http://www.w3.org/2000/svg"[39m
                    [36m>[39m
                      [36m<path[39m
                        [33md[39m=[32m"M16.5 6v.75m0 3v.75m0 3v.75m0 3V18m-9-5.25h5.25M7.5 15h3M3.375 5.25c-.621 0-1.125.504-1.125 1.125v3.026a2.999 2.999 0 0 1 0 5.198v3.026c0 .621.504 1.125 1.125 1.125h17.25c.621 0 1.125-.504 1.125-1.125v-3.026a2.999 2.999 0 0 1 0-5.198V6.375c0-.621-.504-1.125-1.125-1.125H3.375Z"[39m
                        [33mstroke-linecap[39m=[32m"round"[39m
                        [33mstroke-linejoin[39m=[32m"round"[39m
                      [36m/>[39m
          ...
   × SettingsScreen > Rendering > should render logout section 100ms
     → Found multiple elements with the text: Logout

Here are the matching elements:

Ignored nodes: comments, script, style
[36m<h3[39m
  [33mclass[39m=[32m"text-lg font-semibold text-kawaii-neutral-800 dark:text-kawaii-neutral-100 mb-2"[39m
[36m>[39m
  [0mLogout[0m
[36m</h3>[39m

Ignored nodes: comments, script, style
[36m<button[39m
  [33mclass[39m=[32m"w-full sm:w-auto"[39m
  [33mvariant[39m=[32m"secondary"[39m
[36m>[39m
  [0mLogout[0m
[36m</button>[39m

Ignored nodes: comments, script, style
[36m<h3[39m
  [33mclass[39m=[32m"text-lg font-semibold text-kawaii-neutral-800 dark:text-kawaii-neutral-100 mb-2"[39m
[36m>[39m
  [0mLogout[0m
[36m</h3>[39m

Ignored nodes: comments, script, style
[36m<button[39m
  [33mclass[39m=[32m"w-full sm:w-auto"[39m
  [33mvariant[39m=[32m"secondary"[39m
[36m>[39m
  [0mLogout[0m
[36m</button>[39m

(If this is intentional, then use the `*AllBy*` variant of the query (like `queryAllByText`, `getAllByText`, or `findAllByText`)).

Ignored nodes: comments, script, style
[36m<body>[39m
  [36m<div>[39m
    [36m<a[39m
      [33mclass[39m=[32m"skip-link"[39m
      [33mhref[39m=[32m"#main-content"[39m
    [36m>[39m
      [0mSkip to main content[0m
    [36m</a>[39m
    [36m<div[39m
      [33mclass[39m=[32m"hidden md:block min-h-screen bg-[#f7f3eb] dark:bg-gray-900"[39m
    [36m>[39m
      [36m<div[39m
        [33maria-label[39m=[32m"Main navigation"[39m
        [33mrole[39m=[32m"navigation"[39m
        [33mstyle[39m=[32m"position: fixed; left: 0px; top: 0px; bottom: 0px; width: 240px; z-index: 10; padding-top: 0px; padding-left: 0px;"[39m
      [36m>[39m
        [36m<nav[39m
          [33maria-label[39m=[32m"Side navigation"[39m
          [33mrole[39m=[32m"navigation"[39m
          [33mstyle[39m=[32m"height: 100vh; width: 240px; background-color: white; border-right: 1px solid rgb(229, 231, 235);"[39m
        [36m>[39m
          [36m<div[39m
            [33mstyle[39m=[32m"display: flex; flex-direction: column; height: 100%;"[39m
          [36m>[39m
            [36m<div[39m
              [33mstyle[39m=[32m"display: flex; align-items: center; justify-content: space-between; height: 64px; padding: 0px 16px; border-bottom: 1px solid rgb(229, 231, 235);"[39m
            [36m>[39m
              [36m<div[39m
                [33mstyle[39m=[32m"font-size: 18px; font-weight: bold; color: rgb(59, 130, 246);"[39m
              [36m>[39m
                [0mJourno[0m
              [36m</div>[39m
              [36m<button[39m
                [33maria-label[39m=[32m"Collapse navigation"[39m
                [33mstyle[39m=[32m"display: flex; align-items: center; justify-content: center; width: 32px; height: 32px; border: medium; background-color: transparent; cursor: pointer; margin: 0px;"[39m
              [36m>[39m
                [36m<svg[39m
                  [33maria-hidden[39m=[32m"true"[39m
                  [33mdata-slot[39m=[32m"icon"[39m
                  [33mfill[39m=[32m"none"[39m
                  [33mstroke[39m=[32m"currentColor"[39m
                  [33mstroke-width[39m=[32m"1.5"[39m
                  [33mstyle[39m=[32m"width: 20px; height: 20px;"[39m
                  [33mviewBox[39m=[32m"0 0 24 24"[39m
                  [33mxmlns[39m=[32m"http://www.w3.org/2000/svg"[39m
                [36m>[39m
                  [36m<path[39m
                    [33md[39m=[32m"M15.75 19.5 8.25 12l7.5-7.5"[39m
                    [33mstroke-linecap[39m=[32m"round"[39m
                    [33mstroke-linejoin[39m=[32m"round"[39m
                  [36m/>[39m
                [36m</svg>[39m
              [36m</button>[39m
            [36m</div>[39m
            [36m<div[39m
              [33mstyle[39m=[32m"flex: 1 1 0%; padding: 16px 0px; overflow-y: auto;"[39m
            [36m>[39m
              [36m<div[39m
                [33mstyle[39m=[32m"padding: 0px 8px;"[39m
              [36m>[39m
                [36m<button[39m
                  [33maria-label[39m=[32m"navigation.schedule"[39m
                  [33mstyle[39m=[32m"display: flex; align-items: center; width: 100%; padding: 12px; margin-bottom: 4px; border: medium; border-radius: 8px; background-color: transparent; color: rgb(107, 114, 128); cursor: pointer; position: relative;"[39m
                [36m>[39m
                  [36m<div[39m
                    [33mstyle[39m=[32m"position: relative; flex-shrink: 0;"[39m
                  [36m>[39m
                    [36m<svg[39m
                      [33maria-hidden[39m=[32m"true"[39m
                      [33mdata-slot[39m=[32m"icon"[39m
                      [33mfill[39m=[32m"none"[39m
                      [33mstroke[39m=[32m"currentColor"[39m
                      [33mstroke-width[39m=[32m"1.5"[39m
                      [33mstyle[39m=[32m"width: 24px; height: 24px;"[39m
                      [33mviewBox[39m=[32m"0 0 24 24"[39m
                      [33mxmlns[39m=[32m"http://www.w3.org/2000/svg"[39m
                    [36m>[39m
                      [36m<path[39m
                        [33md[39m=[32m"M6.75 3v2.25M17.25 3v2.25M3 18.75V7.5a2.25 2.25 0 0 1 2.25-2.25h13.5A2.25 2.25 0 0 1 21 7.5v11.25m-18 0A2.25 2.25 0 0 0 5.25 21h13.5A2.25 2.25 0 0 0 21 18.75m-18 0v-7.5A2.25 2.25 0 0 1 5.25 9h13.5A2.25 2.25 0 0 1 21 11.25v7.5m-9-6h.008v.008H12v-.008ZM12 15h.008v.008H12V15Zm0 2.25h.008v.008H12v-.008ZM9.75 15h.008v.008H9.75V15Zm0 2.25h.008v.008H9.75v-.008ZM7.5 15h.008v.008H7.5V15Zm0 2.25h.008v.008H7.5v-.008Zm6.75-4.5h.008v.008h-.008v-.008Zm0 2.25h.008v.008h-.008V15Zm0 2.25h.008v.008h-.008v-.008Zm2.25-4.5h.008v.008H16.5v-.008Zm0 2.25h.008v.008H16.5V15Z"[39m
                        [33mstroke-linecap[39m=[32m"round"[39m
                        [33mstroke-linejoin[39m=[32m"round"[39m
                      [36m/>[39m
                    [36m</svg>[39m
                  [36m</div>[39m
                  [36m<span[39m
                    [33mstyle[39m=[32m"margin-left: 12px; font-size: 14px; font-weight: 500; white-space: nowrap;"[39m
                  [36m>[39m
                    [0mnavigation.schedule[0m
                  [36m</span>[39m
                [36m</button>[39m
                [36m<button[39m
                  [33maria-label[39m=[32m"navigation.booking"[39m
                  [33mstyle[39m=[32m"display: flex; align-items: center; width: 100%; padding: 12px; margin-bottom: 4px; border: medium; border-radius: 8px; background-color: transparent; color: rgb(107, 114, 128); cursor: pointer; position: relative;"[39m
                [36m>[39m
                  [36m<div[39m
                    [33mstyle[39m=[32m"position: relative; flex-shrink: 0;"[39m
                  [36m>[39m
                    [36m<svg[39m
                      [33maria-hidden[39m=[32m"true"[39m
                      [33mdata-slot[39m=[32m"icon"[39m
                      [33mfill[39m=[32m"none"[39m
                      [33mstroke[39m=[32m"currentColor"[39m
                      [33mstroke-width[39m=[32m"1.5"[39m
                      [33mstyle[39m=[32m"width: 24px; height: 24px;"[39m
                      [33mviewBox[39m=[32m"0 0 24 24"[39m
                      [33mxmlns[39m=[32m"http://www.w3.org/2000/svg"[39m
                    [36m>[39m
                      [36m<path[39m
                        [33md[39m=[32m"M16.5 6v.75m0 3v.75m0 3v.75m0 3V18m-9-5.25h5.25M7.5 15h3M3.375 5.25c-.621 0-1.125.504-1.125 1.125v3.026a2.999 2.999 0 0 1 0 5.198v3.026c0 .621.504 1.125 1.125 1.125h17.25c.621 0 1.125-.504 1.125-1.125v-3.026a2.999 2.999 0 0 1 0-5.198V6.375c0-.621-.504-1.125-1.125-1.125H3.375Z"[39m
                        [33mstroke-linecap[39m=[32m"round"[39m
                        [33mstroke-linejoin[39m=[32m"round"[39m
                      [36m/>[39m
          ...
   × SettingsScreen > Account Actions > should handle logout 615ms
     → Found multiple elements with the role "button" and name `/logout/i`

Here are the matching elements:

Ignored nodes: comments, script, style
[36m<button[39m
  [33mclass[39m=[32m"w-full sm:w-auto"[39m
  [33mvariant[39m=[32m"secondary"[39m
[36m>[39m
  [0mLogout[0m
[36m</button>[39m

Ignored nodes: comments, script, style
[36m<button[39m
  [33mclass[39m=[32m"w-full sm:w-auto"[39m
  [33mvariant[39m=[32m"secondary"[39m
[36m>[39m
  [0mLogout[0m
[36m</button>[39m

(If this is intentional, then use the `*AllBy*` variant of the query (like `queryAllByText`, `getAllByText`, or `findAllByText`)).

Ignored nodes: comments, script, style
[36m<body>[39m
  [36m<div>[39m
    [36m<a[39m
      [33mclass[39m=[32m"skip-link"[39m
      [33mhref[39m=[32m"#main-content"[39m
    [36m>[39m
      [0mSkip to main content[0m
    [36m</a>[39m
    [36m<div[39m
      [33mclass[39m=[32m"hidden md:block min-h-screen bg-[#f7f3eb] dark:bg-gray-900"[39m
    [36m>[39m
      [36m<div[39m
        [33maria-label[39m=[32m"Main navigation"[39m
        [33mrole[39m=[32m"navigation"[39m
        [33mstyle[39m=[32m"position: fixed; left: 0px; top: 0px; bottom: 0px; width: 240px; z-index: 10; padding-top: 0px; padding-left: 0px;"[39m
      [36m>[39m
        [36m<nav[39m
          [33maria-label[39m=[32m"Side navigation"[39m
          [33mrole[39m=[32m"navigation"[39m
          [33mstyle[39m=[32m"height: 100vh; width: 240px; background-color: white; border-right: 1px solid rgb(229, 231, 235);"[39m
        [36m>[39m
          [36m<div[39m
            [33mstyle[39m=[32m"display: flex; flex-direction: column; height: 100%;"[39m
          [36m>[39m
            [36m<div[39m
              [33mstyle[39m=[32m"display: flex; align-items: center; justify-content: space-between; height: 64px; padding: 0px 16px; border-bottom: 1px solid rgb(229, 231, 235);"[39m
            [36m>[39m
              [36m<div[39m
                [33mstyle[39m=[32m"font-size: 18px; font-weight: bold; color: rgb(59, 130, 246);"[39m
              [36m>[39m
                [0mJourno[0m
              [36m</div>[39m
              [36m<button[39m
                [33maria-label[39m=[32m"Collapse navigation"[39m
                [33mstyle[39m=[32m"display: flex; align-items: center; justify-content: center; width: 32px; height: 32px; border: medium; background-color: transparent; cursor: pointer; margin: 0px;"[39m
              [36m>[39m
                [36m<svg[39m
                  [33maria-hidden[39m=[32m"true"[39m
                  [33mdata-slot[39m=[32m"icon"[39m
                  [33mfill[39m=[32m"none"[39m
                  [33mstroke[39m=[32m"currentColor"[39m
                  [33mstroke-width[39m=[32m"1.5"[39m
                  [33mstyle[39m=[32m"width: 20px; height: 20px;"[39m
                  [33mviewBox[39m=[32m"0 0 24 24"[39m
                  [33mxmlns[39m=[32m"http://www.w3.org/2000/svg"[39m
                [36m>[39m
                  [36m<path[39m
                    [33md[39m=[32m"M15.75 19.5 8.25 12l7.5-7.5"[39m
                    [33mstroke-linecap[39m=[32m"round"[39m
                    [33mstroke-linejoin[39m=[32m"round"[39m
                  [36m/>[39m
                [36m</svg>[39m
              [36m</button>[39m
            [36m</div>[39m
            [36m<div[39m
              [33mstyle[39m=[32m"flex: 1 1 0%; padding: 16px 0px; overflow-y: auto;"[39m
            [36m>[39m
              [36m<div[39m
                [33mstyle[39m=[32m"padding: 0px 8px;"[39m
              [36m>[39m
                [36m<button[39m
                  [33maria-label[39m=[32m"navigation.schedule"[39m
                  [33mstyle[39m=[32m"display: flex; align-items: center; width: 100%; padding: 12px; margin-bottom: 4px; border: medium; border-radius: 8px; background-color: transparent; color: rgb(107, 114, 128); cursor: pointer; position: relative;"[39m
                [36m>[39m
                  [36m<div[39m
                    [33mstyle[39m=[32m"position: relative; flex-shrink: 0;"[39m
                  [36m>[39m
                    [36m<svg[39m
                      [33maria-hidden[39m=[32m"true"[39m
                      [33mdata-slot[39m=[32m"icon"[39m
                      [33mfill[39m=[32m"none"[39m
                      [33mstroke[39m=[32m"currentColor"[39m
                      [33mstroke-width[39m=[32m"1.5"[39m
                      [33mstyle[39m=[32m"width: 24px; height: 24px;"[39m
                      [33mviewBox[39m=[32m"0 0 24 24"[39m
                      [33mxmlns[39m=[32m"http://www.w3.org/2000/svg"[39m
                    [36m>[39m
                      [36m<path[39m
                        [33md[39m=[32m"M6.75 3v2.25M17.25 3v2.25M3 18.75V7.5a2.25 2.25 0 0 1 2.25-2.25h13.5A2.25 2.25 0 0 1 21 7.5v11.25m-18 0A2.25 2.25 0 0 0 5.25 21h13.5A2.25 2.25 0 0 0 21 18.75m-18 0v-7.5A2.25 2.25 0 0 1 5.25 9h13.5A2.25 2.25 0 0 1 21 11.25v7.5m-9-6h.008v.008H12v-.008ZM12 15h.008v.008H12V15Zm0 2.25h.008v.008H12v-.008ZM9.75 15h.008v.008H9.75V15Zm0 2.25h.008v.008H9.75v-.008ZM7.5 15h.008v.008H7.5V15Zm0 2.25h.008v.008H7.5v-.008Zm6.75-4.5h.008v.008h-.008v-.008Zm0 2.25h.008v.008h-.008V15Zm0 2.25h.008v.008h-.008v-.008Zm2.25-4.5h.008v.008H16.5v-.008Zm0 2.25h.008v.008H16.5V15Z"[39m
                        [33mstroke-linecap[39m=[32m"round"[39m
                        [33mstroke-linejoin[39m=[32m"round"[39m
                      [36m/>[39m
                    [36m</svg>[39m
                  [36m</div>[39m
                  [36m<span[39m
                    [33mstyle[39m=[32m"margin-left: 12px; font-size: 14px; font-weight: 500; white-space: nowrap;"[39m
                  [36m>[39m
                    [0mnavigation.schedule[0m
                  [36m</span>[39m
                [36m</button>[39m
                [36m<button[39m
                  [33maria-label[39m=[32m"navigation.booking"[39m
                  [33mstyle[39m=[32m"display: flex; align-items: center; width: 100%; padding: 12px; margin-bottom: 4px; border: medium; border-radius: 8px; background-color: transparent; color: rgb(107, 114, 128); cursor: pointer; position: relative;"[39m
                [36m>[39m
                  [36m<div[39m
                    [33mstyle[39m=[32m"position: relative; flex-shrink: 0;"[39m
                  [36m>[39m
                    [36m<svg[39m
                      [33maria-hidden[39m=[32m"true"[39m
                      [33mdata-slot[39m=[32m"icon"[39m
                      [33mfill[39m=[32m"none"[39m
                      [33mstroke[39m=[32m"currentColor"[39m
                      [33mstroke-width[39m=[32m"1.5"[39m
                      [33mstyle[39m=[32m"width: 24px; height: 24px;"[39m
                      [33mviewBox[39m=[32m"0 0 24 24"[39m
                      [33mxmlns[39m=[32m"http://www.w3.org/2000/svg"[39m
                    [36m>[39m
                      [36m<path[39m
                        [33md[39m=[32m"M16.5 6v.75m0 3v.75m0 3v.75m0 3V18m-9-5.25h5.25M7.5 15h3M3.375 5.25c-.621 0-1.125.504-1.125 1.125v3.026a2.999 2.999 0 0 1 0 5.198v3.026c0 .621.504 1.125 1.125 1.125h17.25c.621 0 1.125-.504 1.125-1.125v-3.026a2.999 2.999 0 0 1 0-5.198V6.375c0-.621-.504-1.125-1.125-1.125H3.375Z"[39m
                        [33mstroke-linecap[39m=[32m"round"[39m
                        [33mstroke-linejoin[39m=[32m"round"[39m
                      [36m/>[39m
          ...
   × SettingsScreen > Account Actions > should show password change form when change button is clicked 257ms
     → Found multiple elements with the text of: /new password/i

Here are the matching elements:

Ignored nodes: comments, script, style
[36m<input[39m
  [33mclass[39m=[32m"w-full px-4 py-3 rounded-xl border-2 border-[#d5d0c2] dark:border-kawaii-neutral-700 bg-white dark:bg-kawaii-neutral-800 text-kawaii-neutral-900 dark:text-kawaii-neutral-100 focus:outline-none focus:ring-2 focus:ring-kawaii-primary-500/20 focus:border-kawaii-primary-500 transition-colors"[39m
  [33mid[39m=[32m"newPassword"[39m
  [33mminlength[39m=[32m"8"[39m
  [33mrequired[39m=[32m""[39m
  [33mtype[39m=[32m"password"[39m
  [33mvalue[39m=[32m""[39m
[36m/>[39m

Ignored nodes: comments, script, style
[36m<input[39m
  [33mclass[39m=[32m"w-full px-4 py-3 rounded-xl border-2 border-[#d5d0c2] dark:border-kawaii-neutral-700 bg-white dark:bg-kawaii-neutral-800 text-kawaii-neutral-900 dark:text-kawaii-neutral-100 focus:outline-none focus:ring-2 focus:ring-kawaii-primary-500/20 focus:border-kawaii-primary-500 transition-colors"[39m
  [33mid[39m=[32m"confirmPassword"[39m
  [33mminlength[39m=[32m"8"[39m
  [33mrequired[39m=[32m""[39m
  [33mtype[39m=[32m"password"[39m
  [33mvalue[39m=[32m""[39m
[36m/>[39m

(If this is intentional, then use the `*AllBy*` variant of the query (like `queryAllByText`, `getAllByText`, or `findAllByText`)).

Ignored nodes: comments, script, style
[36m<body>[39m
  [36m<div>[39m
    [36m<a[39m
      [33mclass[39m=[32m"skip-link"[39m
      [33mhref[39m=[32m"#main-content"[39m
    [36m>[39m
      [0mSkip to main content[0m
    [36m</a>[39m
    [36m<div[39m
      [33mclass[39m=[32m"hidden md:block min-h-screen bg-[#f7f3eb] dark:bg-gray-900"[39m
    [36m>[39m
      [36m<div[39m
        [33maria-label[39m=[32m"Main navigation"[39m
        [33mrole[39m=[32m"navigation"[39m
        [33mstyle[39m=[32m"position: fixed; left: 0px; top: 0px; bottom: 0px; width: 240px; z-index: 10; padding-top: 0px; padding-left: 0px;"[39m
      [36m>[39m
        [36m<nav[39m
          [33maria-label[39m=[32m"Side navigation"[39m
          [33mrole[39m=[32m"navigation"[39m
          [33mstyle[39m=[32m"height: 100vh; width: 240px; background-color: white; border-right: 1px solid rgb(229, 231, 235);"[39m
        [36m>[39m
          [36m<div[39m
            [33mstyle[39m=[32m"display: flex; flex-direction: column; height: 100%;"[39m
          [36m>[39m
            [36m<div[39m
              [33mstyle[39m=[32m"display: flex; align-items: center; justify-content: space-between; height: 64px; padding: 0px 16px; border-bottom: 1px solid rgb(229, 231, 235);"[39m
            [36m>[39m
              [36m<div[39m
                [33mstyle[39m=[32m"font-size: 18px; font-weight: bold; color: rgb(59, 130, 246);"[39m
              [36m>[39m
                [0mJourno[0m
              [36m</div>[39m
              [36m<button[39m
                [33maria-label[39m=[32m"Collapse navigation"[39m
                [33mstyle[39m=[32m"display: flex; align-items: center; justify-content: center; width: 32px; height: 32px; border: medium; background-color: transparent; cursor: pointer; margin: 0px;"[39m
              [36m>[39m
                [36m<svg[39m
                  [33maria-hidden[39m=[32m"true"[39m
                  [33mdata-slot[39m=[32m"icon"[39m
                  [33mfill[39m=[32m"none"[39m
                  [33mstroke[39m=[32m"currentColor"[39m
                  [33mstroke-width[39m=[32m"1.5"[39m
                  [33mstyle[39m=[32m"width: 20px; height: 20px;"[39m
                  [33mviewBox[39m=[32m"0 0 24 24"[39m
                  [33mxmlns[39m=[32m"http://www.w3.org/2000/svg"[39m
                [36m>[39m
                  [36m<path[39m
                    [33md[39m=[32m"M15.75 19.5 8.25 12l7.5-7.5"[39m
                    [33mstroke-linecap[39m=[32m"round"[39m
                    [33mstroke-linejoin[39m=[32m"round"[39m
                  [36m/>[39m
                [36m</svg>[39m
              [36m</button>[39m
            [36m</div>[39m
            [36m<div[39m
              [33mstyle[39m=[32m"flex: 1 1 0%; padding: 16px 0px; overflow-y: auto;"[39m
            [36m>[39m
              [36m<div[39m
                [33mstyle[39m=[32m"padding: 0px 8px;"[39m
              [36m>[39m
                [36m<button[39m
                  [33maria-label[39m=[32m"navigation.schedule"[39m
                  [33mstyle[39m=[32m"display: flex; align-items: center; width: 100%; padding: 12px; margin-bottom: 4px; border: medium; border-radius: 8px; background-color: transparent; color: rgb(107, 114, 128); cursor: pointer; position: relative;"[39m
                [36m>[39m
                  [36m<div[39m
                    [33mstyle[39m=[32m"position: relative; flex-shrink: 0;"[39m
                  [36m>[39m
                    [36m<svg[39m
                      [33maria-hidden[39m=[32m"true"[39m
                      [33mdata-slot[39m=[32m"icon"[39m
                      [33mfill[39m=[32m"none"[39m
                      [33mstroke[39m=[32m"currentColor"[39m
                      [33mstroke-width[39m=[32m"1.5"[39m
                      [33mstyle[39m=[32m"width: 24px; height: 24px;"[39m
                      [33mviewBox[39m=[32m"0 0 24 24"[39m
                      [33mxmlns[39m=[32m"http://www.w3.org/2000/svg"[39m
                    [36m>[39m
                      [36m<path[39m
                        [33md[39m=[32m"M6.75 3v2.25M17.25 3v2.25M3 18.75V7.5a2.25 2.25 0 0 1 2.25-2.25h13.5A2.25 2.25 0 0 1 21 7.5v11.25m-18 0A2.25 2.25 0 0 0 5.25 21h13.5A2.25 2.25 0 0 0 21 18.75m-18 0v-7.5A2.25 2.25 0 0 1 5.25 9h13.5A2.25 2.25 0 0 1 21 11.25v7.5m-9-6h.008v.008H12v-.008ZM12 15h.008v.008H12V15Zm0 2.25h.008v.008H12v-.008ZM9.75 15h.008v.008H9.75V15Zm0 2.25h.008v.008H9.75v-.008ZM7.5 15h.008v.008H7.5V15Zm0 2.25h.008v.008H7.5v-.008Zm6.75-4.5h.008v.008h-.008v-.008Zm0 2.25h.008v.008h-.008V15Zm0 2.25h.008v.008h-.008v-.008Zm2.25-4.5h.008v.008H16.5v-.008Zm0 2.25h.008v.008H16.5V15Z"[39m
                        [33mstroke-linecap[39m=[32m"round"[39m
                        [33mstroke-linejoin[39m=[32m"round"[39m
                      [36m/>[39m
                    [36m</svg>[39m
                  [36m</div>[39m
                  [36m<span[39m
                    [33mstyle[39m=[32m"margin-left: 12px; font-size: 14px; font-weight: 500; white-space: nowrap;"[39m
                  [36m>[39m
                    [0mnavigation.schedule[0m
                  [36m</span>[39m
                [36m</button>[39m
                [36m<button[39m
                  [33maria-label[39m=[32m"navigation.booking"[39m
                  [33mstyle[39m=[32m"display: flex; align-items: center; width: 100%; padding: 12px; margin-bottom: 4px; border: medium; border-radius: 8px; background-color: transparent; color: rgb(107, 114, 128); cursor: pointer; position: relative;"[39m
                [36m>[39m
                  [36m<div[39m
                    [33mstyle[39m=[32m"position: relative; flex-shrink: 0;"[39m
                  [36m>[39m
                    [36m<svg[39m
                      [33maria-hidden[39m=[32m"true"[39m
                      [33mdata-slot[39m=[32m"icon"[39m
                      [33mfill[39m=[32m"none"[39m
                      [33mstroke[39m=[32m"currentColor"[39m
                      [33mstroke-width[39m=[32m"1.5"[39m
                      [33mstyle[39m=[32m"width: 24px; height: 24px;"[39m
                      [33mviewBox[39m=[32m"0 0 24 24"[39m
                      [33mxmlns[39m=[32m"http://www.w3.org/2000/svg"[39m
                    [36m>[39m
                      [36m<path[39m
                        [33md[39m=[32m"M16.5 6v.75m0 3v.75m0 3v.75m0 3V18m-9-5.25h5.25M7.5 15h3M3.375 5.25c-.621 0-1.125.504-1.125 1.125v3.026a2.999 2.999 0 0 1 0 5.198v3.026c0 .621.504 1.125 1.125 1.125h17.25c.621 0 1.125-.504 1.125-1.125v-3.026a2.999 2.999 0 0 1 0-5.198V6.375c0-.621-.504-1.125-1.125-1.125H3.375Z"[39m
                        [33mstroke-linecap[39m=[32m"round"[39m
                        [33mstroke-linejoin[39m=[32m"round"[39m
                      [36m/>[39m
          ...
   × SettingsScreen > Account Actions > should hide password form when cancel is clicked 135ms
     → Found multiple elements with the text: Cancel

Here are the matching elements:

Ignored nodes: comments, script, style
[36m<button[39m
  [33mtype[39m=[32m"button"[39m
  [33mvariant[39m=[32m"ghost"[39m
[36m>[39m
  [0mCancel[0m
[36m</button>[39m

Ignored nodes: comments, script, style
[36m<button[39m
  [33mtype[39m=[32m"button"[39m
  [33mvariant[39m=[32m"ghost"[39m
[36m>[39m
  [0mCancel[0m
[36m</button>[39m

(If this is intentional, then use the `*AllBy*` variant of the query (like `queryAllByText`, `getAllByText`, or `findAllByText`)).

Ignored nodes: comments, script, style
[36m<body>[39m
  [36m<div>[39m
    [36m<a[39m
      [33mclass[39m=[32m"skip-link"[39m
      [33mhref[39m=[32m"#main-content"[39m
    [36m>[39m
      [0mSkip to main content[0m
    [36m</a>[39m
    [36m<div[39m
      [33mclass[39m=[32m"hidden md:block min-h-screen bg-[#f7f3eb] dark:bg-gray-900"[39m
    [36m>[39m
      [36m<div[39m
        [33maria-label[39m=[32m"Main navigation"[39m
        [33mrole[39m=[32m"navigation"[39m
        [33mstyle[39m=[32m"position: fixed; left: 0px; top: 0px; bottom: 0px; width: 240px; z-index: 10; padding-top: 0px; padding-left: 0px;"[39m
      [36m>[39m
        [36m<nav[39m
          [33maria-label[39m=[32m"Side navigation"[39m
          [33mrole[39m=[32m"navigation"[39m
          [33mstyle[39m=[32m"height: 100vh; width: 240px; background-color: white; border-right: 1px solid rgb(229, 231, 235);"[39m
        [36m>[39m
          [36m<div[39m
            [33mstyle[39m=[32m"display: flex; flex-direction: column; height: 100%;"[39m
          [36m>[39m
            [36m<div[39m
              [33mstyle[39m=[32m"display: flex; align-items: center; justify-content: space-between; height: 64px; padding: 0px 16px; border-bottom: 1px solid rgb(229, 231, 235);"[39m
            [36m>[39m
              [36m<div[39m
                [33mstyle[39m=[32m"font-size: 18px; font-weight: bold; color: rgb(59, 130, 246);"[39m
              [36m>[39m
                [0mJourno[0m
              [36m</div>[39m
              [36m<button[39m
                [33maria-label[39m=[32m"Collapse navigation"[39m
                [33mstyle[39m=[32m"display: flex; align-items: center; justify-content: center; width: 32px; height: 32px; border: medium; background-color: transparent; cursor: pointer; margin: 0px;"[39m
              [36m>[39m
                [36m<svg[39m
                  [33maria-hidden[39m=[32m"true"[39m
                  [33mdata-slot[39m=[32m"icon"[39m
                  [33mfill[39m=[32m"none"[39m
                  [33mstroke[39m=[32m"currentColor"[39m
                  [33mstroke-width[39m=[32m"1.5"[39m
                  [33mstyle[39m=[32m"width: 20px; height: 20px;"[39m
                  [33mviewBox[39m=[32m"0 0 24 24"[39m
                  [33mxmlns[39m=[32m"http://www.w3.org/2000/svg"[39m
                [36m>[39m
                  [36m<path[39m
                    [33md[39m=[32m"M15.75 19.5 8.25 12l7.5-7.5"[39m
                    [33mstroke-linecap[39m=[32m"round"[39m
                    [33mstroke-linejoin[39m=[32m"round"[39m
                  [36m/>[39m
                [36m</svg>[39m
              [36m</button>[39m
            [36m</div>[39m
            [36m<div[39m
              [33mstyle[39m=[32m"flex: 1 1 0%; padding: 16px 0px; overflow-y: auto;"[39m
            [36m>[39m
              [36m<div[39m
                [33mstyle[39m=[32m"padding: 0px 8px;"[39m
              [36m>[39m
                [36m<button[39m
                  [33maria-label[39m=[32m"navigation.schedule"[39m
                  [33mstyle[39m=[32m"display: flex; align-items: center; width: 100%; padding: 12px; margin-bottom: 4px; border: medium; border-radius: 8px; background-color: transparent; color: rgb(107, 114, 128); cursor: pointer; position: relative;"[39m
                [36m>[39m
                  [36m<div[39m
                    [33mstyle[39m=[32m"position: relative; flex-shrink: 0;"[39m
                  [36m>[39m
                    [36m<svg[39m
                      [33maria-hidden[39m=[32m"true"[39m
                      [33mdata-slot[39m=[32m"icon"[39m
                      [33mfill[39m=[32m"none"[39m
                      [33mstroke[39m=[32m"currentColor"[39m
                      [33mstroke-width[39m=[32m"1.5"[39m
                      [33mstyle[39m=[32m"width: 24px; height: 24px;"[39m
                      [33mviewBox[39m=[32m"0 0 24 24"[39m
                      [33mxmlns[39m=[32m"http://www.w3.org/2000/svg"[39m
                    [36m>[39m
                      [36m<path[39m
                        [33md[39m=[32m"M6.75 3v2.25M17.25 3v2.25M3 18.75V7.5a2.25 2.25 0 0 1 2.25-2.25h13.5A2.25 2.25 0 0 1 21 7.5v11.25m-18 0A2.25 2.25 0 0 0 5.25 21h13.5A2.25 2.25 0 0 0 21 18.75m-18 0v-7.5A2.25 2.25 0 0 1 5.25 9h13.5A2.25 2.25 0 0 1 21 11.25v7.5m-9-6h.008v.008H12v-.008ZM12 15h.008v.008H12V15Zm0 2.25h.008v.008H12v-.008ZM9.75 15h.008v.008H9.75V15Zm0 2.25h.008v.008H9.75v-.008ZM7.5 15h.008v.008H7.5V15Zm0 2.25h.008v.008H7.5v-.008Zm6.75-4.5h.008v.008h-.008v-.008Zm0 2.25h.008v.008h-.008V15Zm0 2.25h.008v.008h-.008v-.008Zm2.25-4.5h.008v.008H16.5v-.008Zm0 2.25h.008v.008H16.5V15Z"[39m
                        [33mstroke-linecap[39m=[32m"round"[39m
                        [33mstroke-linejoin[39m=[32m"round"[39m
                      [36m/>[39m
                    [36m</svg>[39m
                  [36m</div>[39m
                  [36m<span[39m
                    [33mstyle[39m=[32m"margin-left: 12px; font-size: 14px; font-weight: 500; white-space: nowrap;"[39m
                  [36m>[39m
                    [0mnavigation.schedule[0m
                  [36m</span>[39m
                [36m</button>[39m
                [36m<button[39m
                  [33maria-label[39m=[32m"navigation.booking"[39m
                  [33mstyle[39m=[32m"display: flex; align-items: center; width: 100%; padding: 12px; margin-bottom: 4px; border: medium; border-radius: 8px; background-color: transparent; color: rgb(107, 114, 128); cursor: pointer; position: relative;"[39m
                [36m>[39m
                  [36m<div[39m
                    [33mstyle[39m=[32m"position: relative; flex-shrink: 0;"[39m
                  [36m>[39m
                    [36m<svg[39m
                      [33maria-hidden[39m=[32m"true"[39m
                      [33mdata-slot[39m=[32m"icon"[39m
                      [33mfill[39m=[32m"none"[39m
                      [33mstroke[39m=[32m"currentColor"[39m
                      [33mstroke-width[39m=[32m"1.5"[39m
                      [33mstyle[39m=[32m"width: 24px; height: 24px;"[39m
                      [33mviewBox[39m=[32m"0 0 24 24"[39m
                      [33mxmlns[39m=[32m"http://www.w3.org/2000/svg"[39m
                    [36m>[39m
                      [36m<path[39m
                        [33md[39m=[32m"M16.5 6v.75m0 3v.75m0 3v.75m0 3V18m-9-5.25h5.25M7.5 15h3M3.375 5.25c-.621 0-1.125.504-1.125 1.125v3.026a2.999 2.999 0 0 1 0 5.198v3.026c0 .621.504 1.125 1.125 1.125h17.25c.621 0 1.125-.504 1.125-1.125v-3.026a2.999 2.999 0 0 1 0-5.198V6.375c0-.621-.504-1.125-1.125-1.125H3.375Z"[39m
                        [33mstroke-linecap[39m=[32m"round"[39m
                        [33mstroke-linejoin[39m=[32m"round"[39m
                      [36m/>[39m
          ...
   × SettingsScreen > Settings Persistence > should display info about settings persistence 125ms
     → Found multiple elements with the text: /all settings are saved automatically/i

Here are the matching elements:

Ignored nodes: comments, script, style
[36m<p[39m
  [33mclass[39m=[32m"text-sm text-kawaii-primary-700 dark:text-kawaii-primary-300"[39m
[36m>[39m
  [0mAll settings are saved automatically and will be applied immediately. Your preferences are stored locally on your device.[0m
[36m</p>[39m

Ignored nodes: comments, script, style
[36m<p[39m
  [33mclass[39m=[32m"text-sm text-kawaii-primary-700 dark:text-kawaii-primary-300"[39m
[36m>[39m
  [0mAll settings are saved automatically and will be applied immediately. Your preferences are stored locally on your device.[0m
[36m</p>[39m

(If this is intentional, then use the `*AllBy*` variant of the query (like `queryAllByText`, `getAllByText`, or `findAllByText`)).

Ignored nodes: comments, script, style
[36m<body>[39m
  [36m<div>[39m
    [36m<a[39m
      [33mclass[39m=[32m"skip-link"[39m
      [33mhref[39m=[32m"#main-content"[39m
    [36m>[39m
      [0mSkip to main content[0m
    [36m</a>[39m
    [36m<div[39m
      [33mclass[39m=[32m"hidden md:block min-h-screen bg-[#f7f3eb] dark:bg-gray-900"[39m
    [36m>[39m
      [36m<div[39m
        [33maria-label[39m=[32m"Main navigation"[39m
        [33mrole[39m=[32m"navigation"[39m
        [33mstyle[39m=[32m"position: fixed; left: 0px; top: 0px; bottom: 0px; width: 240px; z-index: 10; padding-top: 0px; padding-left: 0px;"[39m
      [36m>[39m
        [36m<nav[39m
          [33maria-label[39m=[32m"Side navigation"[39m
          [33mrole[39m=[32m"navigation"[39m
          [33mstyle[39m=[32m"height: 100vh; width: 240px; background-color: white; border-right: 1px solid rgb(229, 231, 235);"[39m
        [36m>[39m
          [36m<div[39m
            [33mstyle[39m=[32m"display: flex; flex-direction: column; height: 100%;"[39m
          [36m>[39m
            [36m<div[39m
              [33mstyle[39m=[32m"display: flex; align-items: center; justify-content: space-between; height: 64px; padding: 0px 16px; border-bottom: 1px solid rgb(229, 231, 235);"[39m
            [36m>[39m
              [36m<div[39m
                [33mstyle[39m=[32m"font-size: 18px; font-weight: bold; color: rgb(59, 130, 246);"[39m
              [36m>[39m
                [0mJourno[0m
              [36m</div>[39m
              [36m<button[39m
                [33maria-label[39m=[32m"Collapse navigation"[39m
                [33mstyle[39m=[32m"display: flex; align-items: center; justify-content: center; width: 32px; height: 32px; border: medium; background-color: transparent; cursor: pointer; margin: 0px;"[39m
              [36m>[39m
                [36m<svg[39m
                  [33maria-hidden[39m=[32m"true"[39m
                  [33mdata-slot[39m=[32m"icon"[39m
                  [33mfill[39m=[32m"none"[39m
                  [33mstroke[39m=[32m"currentColor"[39m
                  [33mstroke-width[39m=[32m"1.5"[39m
                  [33mstyle[39m=[32m"width: 20px; height: 20px;"[39m
                  [33mviewBox[39m=[32m"0 0 24 24"[39m
                  [33mxmlns[39m=[32m"http://www.w3.org/2000/svg"[39m
                [36m>[39m
                  [36m<path[39m
                    [33md[39m=[32m"M15.75 19.5 8.25 12l7.5-7.5"[39m
                    [33mstroke-linecap[39m=[32m"round"[39m
                    [33mstroke-linejoin[39m=[32m"round"[39m
                  [36m/>[39m
                [36m</svg>[39m
              [36m</button>[39m
            [36m</div>[39m
            [36m<div[39m
              [33mstyle[39m=[32m"flex: 1 1 0%; padding: 16px 0px; overflow-y: auto;"[39m
            [36m>[39m
              [36m<div[39m
                [33mstyle[39m=[32m"padding: 0px 8px;"[39m
              [36m>[39m
                [36m<button[39m
                  [33maria-label[39m=[32m"navigation.schedule"[39m
                  [33mstyle[39m=[32m"display: flex; align-items: center; width: 100%; padding: 12px; margin-bottom: 4px; border: medium; border-radius: 8px; background-color: transparent; color: rgb(107, 114, 128); cursor: pointer; position: relative;"[39m
                [36m>[39m
                  [36m<div[39m
                    [33mstyle[39m=[32m"position: relative; flex-shrink: 0;"[39m
                  [36m>[39m
                    [36m<svg[39m
                      [33maria-hidden[39m=[32m"true"[39m
                      [33mdata-slot[39m=[32m"icon"[39m
                      [33mfill[39m=[32m"none"[39m
                      [33mstroke[39m=[32m"currentColor"[39m
                      [33mstroke-width[39m=[32m"1.5"[39m
                      [33mstyle[39m=[32m"width: 24px; height: 24px;"[39m
                      [33mviewBox[39m=[32m"0 0 24 24"[39m
                      [33mxmlns[39m=[32m"http://www.w3.org/2000/svg"[39m
                    [36m>[39m
                      [36m<path[39m
                        [33md[39m=[32m"M6.75 3v2.25M17.25 3v2.25M3 18.75V7.5a2.25 2.25 0 0 1 2.25-2.25h13.5A2.25 2.25 0 0 1 21 7.5v11.25m-18 0A2.25 2.25 0 0 0 5.25 21h13.5A2.25 2.25 0 0 0 21 18.75m-18 0v-7.5A2.25 2.25 0 0 1 5.25 9h13.5A2.25 2.25 0 0 1 21 11.25v7.5m-9-6h.008v.008H12v-.008ZM12 15h.008v.008H12V15Zm0 2.25h.008v.008H12v-.008ZM9.75 15h.008v.008H9.75V15Zm0 2.25h.008v.008H9.75v-.008ZM7.5 15h.008v.008H7.5V15Zm0 2.25h.008v.008H7.5v-.008Zm6.75-4.5h.008v.008h-.008v-.008Zm0 2.25h.008v.008h-.008V15Zm0 2.25h.008v.008h-.008v-.008Zm2.25-4.5h.008v.008H16.5v-.008Zm0 2.25h.008v.008H16.5V15Z"[39m
                        [33mstroke-linecap[39m=[32m"round"[39m
                        [33mstroke-linejoin[39m=[32m"round"[39m
                      [36m/>[39m
                    [36m</svg>[39m
                  [36m</div>[39m
                  [36m<span[39m
                    [33mstyle[39m=[32m"margin-left: 12px; font-size: 14px; font-weight: 500; white-space: nowrap;"[39m
                  [36m>[39m
                    [0mnavigation.schedule[0m
                  [36m</span>[39m
                [36m</button>[39m
                [36m<button[39m
                  [33maria-label[39m=[32m"navigation.booking"[39m
                  [33mstyle[39m=[32m"display: flex; align-items: center; width: 100%; padding: 12px; margin-bottom: 4px; border: medium; border-radius: 8px; background-color: transparent; color: rgb(107, 114, 128); cursor: pointer; position: relative;"[39m
                [36m>[39m
                  [36m<div[39m
                    [33mstyle[39m=[32m"position: relative; flex-shrink: 0;"[39m
                  [36m>[39m
                    [36m<svg[39m
                      [33maria-hidden[39m=[32m"true"[39m
                      [33mdata-slot[39m=[32m"icon"[39m
                      [33mfill[39m=[32m"none"[39m
                      [33mstroke[39m=[32m"currentColor"[39m
                      [33mstroke-width[39m=[32m"1.5"[39m
                      [33mstyle[39m=[32m"width: 24px; height: 24px;"[39m
                      [33mviewBox[39m=[32m"0 0 24 24"[39m
                      [33mxmlns[39m=[32m"http://www.w3.org/2000/svg"[39m
                    [36m>[39m
                      [36m<path[39m
                        [33md[39m=[32m"M16.5 6v.75m0 3v.75m0 3v.75m0 3V18m-9-5.25h5.25M7.5 15h3M3.375 5.25c-.621 0-1.125.504-1.125 1.125v3.026a2.999 2.999 0 0 1 0 5.198v3.026c0 .621.504 1.125 1.125 1.125h17.25c.621 0 1.125-.504 1.125-1.125v-3.026a2.999 2.999 0 0 1 0-5.198V6.375c0-.621-.504-1.125-1.125-1.125H3.375Z"[39m
                        [33mstroke-linecap[39m=[32m"round"[39m
                        [33mstroke-linejoin[39m=[32m"round"[39m
                      [36m/>[39m
          ...
   × SettingsScreen > Requirements Validation > should integrate theme customization (Requirement 15.1) 133ms
     → Found multiple elements by: [data-testid="theme-customization"]

Here are the matching elements:

Ignored nodes: comments, script, style
[36m<div[39m
  [33mdata-testid[39m=[32m"theme-customization"[39m
[36m>[39m
  [0mTheme Customization[0m
[36m</div>[39m

Ignored nodes: comments, script, style
[36m<div[39m
  [33mdata-testid[39m=[32m"theme-customization"[39m
[36m>[39m
  [0mTheme Customization[0m
[36m</div>[39m

(If this is intentional, then use the `*AllBy*` variant of the query (like `queryAllByText`, `getAllByText`, or `findAllByText`)).

Ignored nodes: comments, script, style
[36m<body>[39m
  [36m<div>[39m
    [36m<a[39m
      [33mclass[39m=[32m"skip-link"[39m
      [33mhref[39m=[32m"#main-content"[39m
    [36m>[39m
      [0mSkip to main content[0m
    [36m</a>[39m
    [36m<div[39m
      [33mclass[39m=[32m"hidden md:block min-h-screen bg-[#f7f3eb] dark:bg-gray-900"[39m
    [36m>[39m
      [36m<div[39m
        [33maria-label[39m=[32m"Main navigation"[39m
        [33mrole[39m=[32m"navigation"[39m
        [33mstyle[39m=[32m"position: fixed; left: 0px; top: 0px; bottom: 0px; width: 240px; z-index: 10; padding-top: 0px; padding-left: 0px;"[39m
      [36m>[39m
        [36m<nav[39m
          [33maria-label[39m=[32m"Side navigation"[39m
          [33mrole[39m=[32m"navigation"[39m
          [33mstyle[39m=[32m"height: 100vh; width: 240px; background-color: white; border-right: 1px solid rgb(229, 231, 235);"[39m
        [36m>[39m
          [36m<div[39m
            [33mstyle[39m=[32m"display: flex; flex-direction: column; height: 100%;"[39m
          [36m>[39m
            [36m<div[39m
              [33mstyle[39m=[32m"display: flex; align-items: center; justify-content: space-between; height: 64px; padding: 0px 16px; border-bottom: 1px solid rgb(229, 231, 235);"[39m
            [36m>[39m
              [36m<div[39m
                [33mstyle[39m=[32m"font-size: 18px; font-weight: bold; color: rgb(59, 130, 246);"[39m
              [36m>[39m
                [0mJourno[0m
              [36m</div>[39m
              [36m<button[39m
                [33maria-label[39m=[32m"Collapse navigation"[39m
                [33mstyle[39m=[32m"display: flex; align-items: center; justify-content: center; width: 32px; height: 32px; border: medium; background-color: transparent; cursor: pointer; margin: 0px;"[39m
              [36m>[39m
                [36m<svg[39m
                  [33maria-hidden[39m=[32m"true"[39m
                  [33mdata-slot[39m=[32m"icon"[39m
                  [33mfill[39m=[32m"none"[39m
                  [33mstroke[39m=[32m"currentColor"[39m
                  [33mstroke-width[39m=[32m"1.5"[39m
                  [33mstyle[39m=[32m"width: 20px; height: 20px;"[39m
                  [33mviewBox[39m=[32m"0 0 24 24"[39m
                  [33mxmlns[39m=[32m"http://www.w3.org/2000/svg"[39m
                [36m>[39m
                  [36m<path[39m
                    [33md[39m=[32m"M15.75 19.5 8.25 12l7.5-7.5"[39m
                    [33mstroke-linecap[39m=[32m"round"[39m
                    [33mstroke-linejoin[39m=[32m"round"[39m
                  [36m/>[39m
                [36m</svg>[39m
              [36m</button>[39m
            [36m</div>[39m
            [36m<div[39m
              [33mstyle[39m=[32m"flex: 1 1 0%; padding: 16px 0px; overflow-y: auto;"[39m
            [36m>[39m
              [36m<div[39m
                [33mstyle[39m=[32m"padding: 0px 8px;"[39m
              [36m>[39m
                [36m<button[39m
                  [33maria-label[39m=[32m"navigation.schedule"[39m
                  [33mstyle[39m=[32m"display: flex; align-items: center; width: 100%; padding: 12px; margin-bottom: 4px; border: medium; border-radius: 8px; background-color: transparent; color: rgb(107, 114, 128); cursor: pointer; position: relative;"[39m
                [36m>[39m
                  [36m<div[39m
                    [33mstyle[39m=[32m"position: relative; flex-shrink: 0;"[39m
                  [36m>[39m
                    [36m<svg[39m
                      [33maria-hidden[39m=[32m"true"[39m
                      [33mdata-slot[39m=[32m"icon"[39m
                      [33mfill[39m=[32m"none"[39m
                      [33mstroke[39m=[32m"currentColor"[39m
                      [33mstroke-width[39m=[32m"1.5"[39m
                      [33mstyle[39m=[32m"width: 24px; height: 24px;"[39m
                      [33mviewBox[39m=[32m"0 0 24 24"[39m
                      [33mxmlns[39m=[32m"http://www.w3.org/2000/svg"[39m
                    [36m>[39m
                      [36m<path[39m
                        [33md[39m=[32m"M6.75 3v2.25M17.25 3v2.25M3 18.75V7.5a2.25 2.25 0 0 1 2.25-2.25h13.5A2.25 2.25 0 0 1 21 7.5v11.25m-18 0A2.25 2.25 0 0 0 5.25 21h13.5A2.25 2.25 0 0 0 21 18.75m-18 0v-7.5A2.25 2.25 0 0 1 5.25 9h13.5A2.25 2.25 0 0 1 21 11.25v7.5m-9-6h.008v.008H12v-.008ZM12 15h.008v.008H12V15Zm0 2.25h.008v.008H12v-.008ZM9.75 15h.008v.008H9.75V15Zm0 2.25h.008v.008H9.75v-.008ZM7.5 15h.008v.008H7.5V15Zm0 2.25h.008v.008H7.5v-.008Zm6.75-4.5h.008v.008h-.008v-.008Zm0 2.25h.008v.008h-.008V15Zm0 2.25h.008v.008h-.008v-.008Zm2.25-4.5h.008v.008H16.5v-.008Zm0 2.25h.008v.008H16.5V15Z"[39m
                        [33mstroke-linecap[39m=[32m"round"[39m
                        [33mstroke-linejoin[39m=[32m"round"[39m
                      [36m/>[39m
                    [36m</svg>[39m
                  [36m</div>[39m
                  [36m<span[39m
                    [33mstyle[39m=[32m"margin-left: 12px; font-size: 14px; font-weight: 500; white-space: nowrap;"[39m
                  [36m>[39m
                    [0mnavigation.schedule[0m
                  [36m</span>[39m
                [36m</button>[39m
                [36m<button[39m
                  [33maria-label[39m=[32m"navigation.booking"[39m
                  [33mstyle[39m=[32m"display: flex; align-items: center; width: 100%; padding: 12px; margin-bottom: 4px; border: medium; border-radius: 8px; background-color: transparent; color: rgb(107, 114, 128); cursor: pointer; position: relative;"[39m
                [36m>[39m
                  [36m<div[39m
                    [33mstyle[39m=[32m"position: relative; flex-shrink: 0;"[39m
                  [36m>[39m
                    [36m<svg[39m
                      [33maria-hidden[39m=[32m"true"[39m
                      [33mdata-slot[39m=[32m"icon"[39m
                      [33mfill[39m=[32m"none"[39m
                      [33mstroke[39m=[32m"currentColor"[39m
                      [33mstroke-width[39m=[32m"1.5"[39m
                      [33mstyle[39m=[32m"width: 24px; height: 24px;"[39m
                      [33mviewBox[39m=[32m"0 0 24 24"[39m
                      [33mxmlns[39m=[32m"http://www.w3.org/2000/svg"[39m
                    [36m>[39m
                      [36m<path[39m
                        [33md[39m=[32m"M16.5 6v.75m0 3v.75m0 3v.75m0 3V18m-9-5.25h5.25M7.5 15h3M3.375 5.25c-.621 0-1.125.504-1.125 1.125v3.026a2.999 2.999 0 0 1 0 5.198v3.026c0 .621.504 1.125 1.125 1.125h17.25c.621 0 1.125-.504 1.125-1.125v-3.026a2.999 2.999 0 0 1 0-5.198V6.375c0-.621-.504-1.125-1.125-1.125H3.375Z"[39m
                        [33mstroke-linecap[39m=[32m"round"[39m
                        [33mstroke-linejoin[39m=[32m"round"[39m
                      [36m/>[39m
          ...
   × SettingsScreen > Requirements Validation > should integrate font size slider (Requirement 15.2) 183ms
     → Unable to find an element by: [data-testid="font-size-slider"]

Ignored nodes: comments, script, style
[36m<body>[39m
  [36m<div>[39m
    [36m<a[39m
      [33mclass[39m=[32m"skip-link"[39m
      [33mhref[39m=[32m"#main-content"[39m
    [36m>[39m
      [0mSkip to main content[0m
    [36m</a>[39m
    [36m<div[39m
      [33mclass[39m=[32m"hidden md:block min-h-screen bg-[#f7f3eb] dark:bg-gray-900"[39m
    [36m>[39m
      [36m<div[39m
        [33maria-label[39m=[32m"Main navigation"[39m
        [33mrole[39m=[32m"navigation"[39m
        [33mstyle[39m=[32m"position: fixed; left: 0px; top: 0px; bottom: 0px; width: 240px; z-index: 10; padding-top: 0px; padding-left: 0px;"[39m
      [36m>[39m
        [36m<nav[39m
          [33maria-label[39m=[32m"Side navigation"[39m
          [33mrole[39m=[32m"navigation"[39m
          [33mstyle[39m=[32m"height: 100vh; width: 240px; background-color: white; border-right: 1px solid rgb(229, 231, 235);"[39m
        [36m>[39m
          [36m<div[39m
            [33mstyle[39m=[32m"display: flex; flex-direction: column; height: 100%;"[39m
          [36m>[39m
            [36m<div[39m
              [33mstyle[39m=[32m"display: flex; align-items: center; justify-content: space-between; height: 64px; padding: 0px 16px; border-bottom: 1px solid rgb(229, 231, 235);"[39m
            [36m>[39m
              [36m<div[39m
                [33mstyle[39m=[32m"font-size: 18px; font-weight: bold; color: rgb(59, 130, 246);"[39m
              [36m>[39m
                [0mJourno[0m
              [36m</div>[39m
              [36m<button[39m
                [33maria-label[39m=[32m"Collapse navigation"[39m
                [33mstyle[39m=[32m"display: flex; align-items: center; justify-content: center; width: 32px; height: 32px; border: medium; background-color: transparent; cursor: pointer; margin: 0px;"[39m
              [36m>[39m
                [36m<svg[39m
                  [33maria-hidden[39m=[32m"true"[39m
                  [33mdata-slot[39m=[32m"icon"[39m
                  [33mfill[39m=[32m"none"[39m
                  [33mstroke[39m=[32m"currentColor"[39m
                  [33mstroke-width[39m=[32m"1.5"[39m
                  [33mstyle[39m=[32m"width: 20px; height: 20px;"[39m
                  [33mviewBox[39m=[32m"0 0 24 24"[39m
                  [33mxmlns[39m=[32m"http://www.w3.org/2000/svg"[39m
                [36m>[39m
                  [36m<path[39m
                    [33md[39m=[32m"M15.75 19.5 8.25 12l7.5-7.5"[39m
                    [33mstroke-linecap[39m=[32m"round"[39m
                    [33mstroke-linejoin[39m=[32m"round"[39m
                  [36m/>[39m
                [36m</svg>[39m
              [36m</button>[39m
            [36m</div>[39m
            [36m<div[39m
              [33mstyle[39m=[32m"flex: 1 1 0%; padding: 16px 0px; overflow-y: auto;"[39m
            [36m>[39m
              [36m<div[39m
                [33mstyle[39m=[32m"padding: 0px 8px;"[39m
              [36m>[39m
                [36m<button[39m
                  [33maria-label[39m=[32m"navigation.schedule"[39m
                  [33mstyle[39m=[32m"display: flex; align-items: center; width: 100%; padding: 12px; margin-bottom: 4px; border: medium; border-radius: 8px; background-color: transparent; color: rgb(107, 114, 128); cursor: pointer; position: relative;"[39m
                [36m>[39m
                  [36m<div[39m
                    [33mstyle[39m=[32m"position: relative; flex-shrink: 0;"[39m
                  [36m>[39m
                    [36m<svg[39m
                      [33maria-hidden[39m=[32m"true"[39m
                      [33mdata-slot[39m=[32m"icon"[39m
                      [33mfill[39m=[32m"none"[39m
                      [33mstroke[39m=[32m"currentColor"[39m
                      [33mstroke-width[39m=[32m"1.5"[39m
                      [33mstyle[39m=[32m"width: 24px; height: 24px;"[39m
                      [33mviewBox[39m=[32m"0 0 24 24"[39m
                      [33mxmlns[39m=[32m"http://www.w3.org/2000/svg"[39m
                    [36m>[39m
                      [36m<path[39m
                        [33md[39m=[32m"M6.75 3v2.25M17.25 3v2.25M3 18.75V7.5a2.25 2.25 0 0 1 2.25-2.25h13.5A2.25 2.25 0 0 1 21 7.5v11.25m-18 0A2.25 2.25 0 0 0 5.25 21h13.5A2.25 2.25 0 0 0 21 18.75m-18 0v-7.5A2.25 2.25 0 0 1 5.25 9h13.5A2.25 2.25 0 0 1 21 11.25v7.5m-9-6h.008v.008H12v-.008ZM12 15h.008v.008H12V15Zm0 2.25h.008v.008H12v-.008ZM9.75 15h.008v.008H9.75V15Zm0 2.25h.008v.008H9.75v-.008ZM7.5 15h.008v.008H7.5V15Zm0 2.25h.008v.008H7.5v-.008Zm6.75-4.5h.008v.008h-.008v-.008Zm0 2.25h.008v.008h-.008V15Zm0 2.25h.008v.008h-.008v-.008Zm2.25-4.5h.008v.008H16.5v-.008Zm0 2.25h.008v.008H16.5V15Z"[39m
                        [33mstroke-linecap[39m=[32m"round"[39m
                        [33mstroke-linejoin[39m=[32m"round"[39m
                      [36m/>[39m
                    [36m</svg>[39m
                  [36m</div>[39m
                  [36m<span[39m
                    [33mstyle[39m=[32m"margin-left: 12px; font-size: 14px; font-weight: 500; white-space: nowrap;"[39m
                  [36m>[39m
                    [0mnavigation.schedule[0m
                  [36m</span>[39m
                [36m</button>[39m
                [36m<button[39m
                  [33maria-label[39m=[32m"navigation.booking"[39m
                  [33mstyle[39m=[32m"display: flex; align-items: center; width: 100%; padding: 12px; margin-bottom: 4px; border: medium; border-radius: 8px; background-color: transparent; color: rgb(107, 114, 128); cursor: pointer; position: relative;"[39m
                [36m>[39m
                  [36m<div[39m
                    [33mstyle[39m=[32m"position: relative; flex-shrink: 0;"[39m
                  [36m>[39m
                    [36m<svg[39m
                      [33maria-hidden[39m=[32m"true"[39m
                      [33mdata-slot[39m=[32m"icon"[39m
                      [33mfill[39m=[32m"none"[39m
                      [33mstroke[39m=[32m"currentColor"[39m
                      [33mstroke-width[39m=[32m"1.5"[39m
                      [33mstyle[39m=[32m"width: 24px; height: 24px;"[39m
                      [33mviewBox[39m=[32m"0 0 24 24"[39m
                      [33mxmlns[39m=[32m"http://www.w3.org/2000/svg"[39m
                    [36m>[39m
                      [36m<path[39m
                        [33md[39m=[32m"M16.5 6v.75m0 3v.75m0 3v.75m0 3V18m-9-5.25h5.25M7.5 15h3M3.375 5.25c-.621 0-1.125.504-1.125 1.125v3.026a2.999 2.999 0 0 1 0 5.198v3.026c0 .621.504 1.125 1.125 1.125h17.25c.621 0 1.125-.504 1.125-1.125v-3.026a2.999 2.999 0 0 1 0-5.198V6.375c0-.621-.504-1.125-1.125-1.125H3.375Z"[39m
                        [33mstroke-linecap[39m=[32m"round"[39m
                        [33mstroke-linejoin[39m=[32m"round"[39m
                      [36m/>[39m
          ...
   × SettingsScreen > Requirements Validation > should integrate dark mode toggle (Requirement 15.3) 112ms
     → Unable to find an element by: [data-testid="dark-mode-toggle"]

Ignored nodes: comments, script, style
[36m<body>[39m
  [36m<div>[39m
    [36m<a[39m
      [33mclass[39m=[32m"skip-link"[39m
      [33mhref[39m=[32m"#main-content"[39m
    [36m>[39m
      [0mSkip to main content[0m
    [36m</a>[39m
    [36m<div[39m
      [33mclass[39m=[32m"hidden md:block min-h-screen bg-[#f7f3eb] dark:bg-gray-900"[39m
    [36m>[39m
      [36m<div[39m
        [33maria-label[39m=[32m"Main navigation"[39m
        [33mrole[39m=[32m"navigation"[39m
        [33mstyle[39m=[32m"position: fixed; left: 0px; top: 0px; bottom: 0px; width: 240px; z-index: 10; padding-top: 0px; padding-left: 0px;"[39m
      [36m>[39m
        [36m<nav[39m
          [33maria-label[39m=[32m"Side navigation"[39m
          [33mrole[39m=[32m"navigation"[39m
          [33mstyle[39m=[32m"height: 100vh; width: 240px; background-color: white; border-right: 1px solid rgb(229, 231, 235);"[39m
        [36m>[39m
          [36m<div[39m
            [33mstyle[39m=[32m"display: flex; flex-direction: column; height: 100%;"[39m
          [36m>[39m
            [36m<div[39m
              [33mstyle[39m=[32m"display: flex; align-items: center; justify-content: space-between; height: 64px; padding: 0px 16px; border-bottom: 1px solid rgb(229, 231, 235);"[39m
            [36m>[39m
              [36m<div[39m
                [33mstyle[39m=[32m"font-size: 18px; font-weight: bold; color: rgb(59, 130, 246);"[39m
              [36m>[39m
                [0mJourno[0m
              [36m</div>[39m
              [36m<button[39m
                [33maria-label[39m=[32m"Collapse navigation"[39m
                [33mstyle[39m=[32m"display: flex; align-items: center; justify-content: center; width: 32px; height: 32px; border: medium; background-color: transparent; cursor: pointer; margin: 0px;"[39m
              [36m>[39m
                [36m<svg[39m
                  [33maria-hidden[39m=[32m"true"[39m
                  [33mdata-slot[39m=[32m"icon"[39m
                  [33mfill[39m=[32m"none"[39m
                  [33mstroke[39m=[32m"currentColor"[39m
                  [33mstroke-width[39m=[32m"1.5"[39m
                  [33mstyle[39m=[32m"width: 20px; height: 20px;"[39m
                  [33mviewBox[39m=[32m"0 0 24 24"[39m
                  [33mxmlns[39m=[32m"http://www.w3.org/2000/svg"[39m
                [36m>[39m
                  [36m<path[39m
                    [33md[39m=[32m"M15.75 19.5 8.25 12l7.5-7.5"[39m
                    [33mstroke-linecap[39m=[32m"round"[39m
                    [33mstroke-linejoin[39m=[32m"round"[39m
                  [36m/>[39m
                [36m</svg>[39m
              [36m</button>[39m
            [36m</div>[39m
            [36m<div[39m
              [33mstyle[39m=[32m"flex: 1 1 0%; padding: 16px 0px; overflow-y: auto;"[39m
            [36m>[39m
              [36m<div[39m
                [33mstyle[39m=[32m"padding: 0px 8px;"[39m
              [36m>[39m
                [36m<button[39m
                  [33maria-label[39m=[32m"navigation.schedule"[39m
                  [33mstyle[39m=[32m"display: flex; align-items: center; width: 100%; padding: 12px; margin-bottom: 4px; border: medium; border-radius: 8px; background-color: transparent; color: rgb(107, 114, 128); cursor: pointer; position: relative;"[39m
                [36m>[39m
                  [36m<div[39m
                    [33mstyle[39m=[32m"position: relative; flex-shrink: 0;"[39m
                  [36m>[39m
                    [36m<svg[39m
                      [33maria-hidden[39m=[32m"true"[39m
                      [33mdata-slot[39m=[32m"icon"[39m
                      [33mfill[39m=[32m"none"[39m
                      [33mstroke[39m=[32m"currentColor"[39m
                      [33mstroke-width[39m=[32m"1.5"[39m
                      [33mstyle[39m=[32m"width: 24px; height: 24px;"[39m
                      [33mviewBox[39m=[32m"0 0 24 24"[39m
                      [33mxmlns[39m=[32m"http://www.w3.org/2000/svg"[39m
                    [36m>[39m
                      [36m<path[39m
                        [33md[39m=[32m"M6.75 3v2.25M17.25 3v2.25M3 18.75V7.5a2.25 2.25 0 0 1 2.25-2.25h13.5A2.25 2.25 0 0 1 21 7.5v11.25m-18 0A2.25 2.25 0 0 0 5.25 21h13.5A2.25 2.25 0 0 0 21 18.75m-18 0v-7.5A2.25 2.25 0 0 1 5.25 9h13.5A2.25 2.25 0 0 1 21 11.25v7.5m-9-6h.008v.008H12v-.008ZM12 15h.008v.008H12V15Zm0 2.25h.008v.008H12v-.008ZM9.75 15h.008v.008H9.75V15Zm0 2.25h.008v.008H9.75v-.008ZM7.5 15h.008v.008H7.5V15Zm0 2.25h.008v.008H7.5v-.008Zm6.75-4.5h.008v.008h-.008v-.008Zm0 2.25h.008v.008h-.008V15Zm0 2.25h.008v.008h-.008v-.008Zm2.25-4.5h.008v.008H16.5v-.008Zm0 2.25h.008v.008H16.5V15Z"[39m
                        [33mstroke-linecap[39m=[32m"round"[39m
                        [33mstroke-linejoin[39m=[32m"round"[39m
                      [36m/>[39m
                    [36m</svg>[39m
                  [36m</div>[39m
                  [36m<span[39m
                    [33mstyle[39m=[32m"margin-left: 12px; font-size: 14px; font-weight: 500; white-space: nowrap;"[39m
                  [36m>[39m
                    [0mnavigation.schedule[0m
                  [36m</span>[39m
                [36m</button>[39m
                [36m<button[39m
                  [33maria-label[39m=[32m"navigation.booking"[39m
                  [33mstyle[39m=[32m"display: flex; align-items: center; width: 100%; padding: 12px; margin-bottom: 4px; border: medium; border-radius: 8px; background-color: transparent; color: rgb(107, 114, 128); cursor: pointer; position: relative;"[39m
                [36m>[39m
                  [36m<div[39m
                    [33mstyle[39m=[32m"position: relative; flex-shrink: 0;"[39m
                  [36m>[39m
                    [36m<svg[39m
                      [33maria-hidden[39m=[32m"true"[39m
                      [33mdata-slot[39m=[32m"icon"[39m
                      [33mfill[39m=[32m"none"[39m
                      [33mstroke[39m=[32m"currentColor"[39m
                      [33mstroke-width[39m=[32m"1.5"[39m
                      [33mstyle[39m=[32m"width: 24px; height: 24px;"[39m
                      [33mviewBox[39m=[32m"0 0 24 24"[39m
                      [33mxmlns[39m=[32m"http://www.w3.org/2000/svg"[39m
                    [36m>[39m
                      [36m<path[39m
                        [33md[39m=[32m"M16.5 6v.75m0 3v.75m0 3v.75m0 3V18m-9-5.25h5.25M7.5 15h3M3.375 5.25c-.621 0-1.125.504-1.125 1.125v3.026a2.999 2.999 0 0 1 0 5.198v3.026c0 .621.504 1.125 1.125 1.125h17.25c.621 0 1.125-.504 1.125-1.125v-3.026a2.999 2.999 0 0 1 0-5.198V6.375c0-.621-.504-1.125-1.125-1.125H3.375Z"[39m
                        [33mstroke-linecap[39m=[32m"round"[39m
                        [33mstroke-linejoin[39m=[32m"round"[39m
                      [36m/>[39m
          ...
   × SettingsScreen > Requirements Validation > should integrate animation selector (Requirement 15.4) 98ms
     → Found multiple elements by: [data-testid="animation-selector"]

Here are the matching elements:

Ignored nodes: comments, script, style
[36m<div[39m
  [33mdata-testid[39m=[32m"animation-selector"[39m
[36m>[39m
  [0mAnimation Selector[0m
[36m</div>[39m

Ignored nodes: comments, script, style
[36m<div[39m
  [33mdata-testid[39m=[32m"animation-selector"[39m
[36m>[39m
  [0mAnimation Selector[0m
[36m</div>[39m

(If this is intentional, then use the `*AllBy*` variant of the query (like `queryAllByText`, `getAllByText`, or `findAllByText`)).

Ignored nodes: comments, script, style
[36m<body>[39m
  [36m<div>[39m
    [36m<a[39m
      [33mclass[39m=[32m"skip-link"[39m
      [33mhref[39m=[32m"#main-content"[39m
    [36m>[39m
      [0mSkip to main content[0m
    [36m</a>[39m
    [36m<div[39m
      [33mclass[39m=[32m"hidden md:block min-h-screen bg-[#f7f3eb] dark:bg-gray-900"[39m
    [36m>[39m
      [36m<div[39m
        [33maria-label[39m=[32m"Main navigation"[39m
        [33mrole[39m=[32m"navigation"[39m
        [33mstyle[39m=[32m"position: fixed; left: 0px; top: 0px; bottom: 0px; width: 240px; z-index: 10; padding-top: 0px; padding-left: 0px;"[39m
      [36m>[39m
        [36m<nav[39m
          [33maria-label[39m=[32m"Side navigation"[39m
          [33mrole[39m=[32m"navigation"[39m
          [33mstyle[39m=[32m"height: 100vh; width: 240px; background-color: white; border-right: 1px solid rgb(229, 231, 235);"[39m
        [36m>[39m
          [36m<div[39m
            [33mstyle[39m=[32m"display: flex; flex-direction: column; height: 100%;"[39m
          [36m>[39m
            [36m<div[39m
              [33mstyle[39m=[32m"display: flex; align-items: center; justify-content: space-between; height: 64px; padding: 0px 16px; border-bottom: 1px solid rgb(229, 231, 235);"[39m
            [36m>[39m
              [36m<div[39m
                [33mstyle[39m=[32m"font-size: 18px; font-weight: bold; color: rgb(59, 130, 246);"[39m
              [36m>[39m
                [0mJourno[0m
              [36m</div>[39m
              [36m<button[39m
                [33maria-label[39m=[32m"Collapse navigation"[39m
                [33mstyle[39m=[32m"display: flex; align-items: center; justify-content: center; width: 32px; height: 32px; border: medium; background-color: transparent; cursor: pointer; margin: 0px;"[39m
              [36m>[39m
                [36m<svg[39m
                  [33maria-hidden[39m=[32m"true"[39m
                  [33mdata-slot[39m=[32m"icon"[39m
                  [33mfill[39m=[32m"none"[39m
                  [33mstroke[39m=[32m"currentColor"[39m
                  [33mstroke-width[39m=[32m"1.5"[39m
                  [33mstyle[39m=[32m"width: 20px; height: 20px;"[39m
                  [33mviewBox[39m=[32m"0 0 24 24"[39m
                  [33mxmlns[39m=[32m"http://www.w3.org/2000/svg"[39m
                [36m>[39m
                  [36m<path[39m
                    [33md[39m=[32m"M15.75 19.5 8.25 12l7.5-7.5"[39m
                    [33mstroke-linecap[39m=[32m"round"[39m
                    [33mstroke-linejoin[39m=[32m"round"[39m
                  [36m/>[39m
                [36m</svg>[39m
              [36m</button>[39m
            [36m</div>[39m
            [36m<div[39m
              [33mstyle[39m=[32m"flex: 1 1 0%; padding: 16px 0px; overflow-y: auto;"[39m
            [36m>[39m
              [36m<div[39m
                [33mstyle[39m=[32m"padding: 0px 8px;"[39m
              [36m>[39m
                [36m<button[39m
                  [33maria-label[39m=[32m"navigation.schedule"[39m
                  [33mstyle[39m=[32m"display: flex; align-items: center; width: 100%; padding: 12px; margin-bottom: 4px; border: medium; border-radius: 8px; background-color: transparent; color: rgb(107, 114, 128); cursor: pointer; position: relative;"[39m
                [36m>[39m
                  [36m<div[39m
                    [33mstyle[39m=[32m"position: relative; flex-shrink: 0;"[39m
                  [36m>[39m
                    [36m<svg[39m
                      [33maria-hidden[39m=[32m"true"[39m
                      [33mdata-slot[39m=[32m"icon"[39m
                      [33mfill[39m=[32m"none"[39m
                      [33mstroke[39m=[32m"currentColor"[39m
                      [33mstroke-width[39m=[32m"1.5"[39m
                      [33mstyle[39m=[32m"width: 24px; height: 24px;"[39m
                      [33mviewBox[39m=[32m"0 0 24 24"[39m
                      [33mxmlns[39m=[32m"http://www.w3.org/2000/svg"[39m
                    [36m>[39m
                      [36m<path[39m
                        [33md[39m=[32m"M6.75 3v2.25M17.25 3v2.25M3 18.75V7.5a2.25 2.25 0 0 1 2.25-2.25h13.5A2.25 2.25 0 0 1 21 7.5v11.25m-18 0A2.25 2.25 0 0 0 5.25 21h13.5A2.25 2.25 0 0 0 21 18.75m-18 0v-7.5A2.25 2.25 0 0 1 5.25 9h13.5A2.25 2.25 0 0 1 21 11.25v7.5m-9-6h.008v.008H12v-.008ZM12 15h.008v.008H12V15Zm0 2.25h.008v.008H12v-.008ZM9.75 15h.008v.008H9.75V15Zm0 2.25h.008v.008H9.75v-.008ZM7.5 15h.008v.008H7.5V15Zm0 2.25h.008v.008H7.5v-.008Zm6.75-4.5h.008v.008h-.008v-.008Zm0 2.25h.008v.008h-.008V15Zm0 2.25h.008v.008h-.008v-.008Zm2.25-4.5h.008v.008H16.5v-.008Zm0 2.25h.008v.008H16.5V15Z"[39m
                        [33mstroke-linecap[39m=[32m"round"[39m
                        [33mstroke-linejoin[39m=[32m"round"[39m
                      [36m/>[39m
                    [36m</svg>[39m
                  [36m</div>[39m
                  [36m<span[39m
                    [33mstyle[39m=[32m"margin-left: 12px; font-size: 14px; font-weight: 500; white-space: nowrap;"[39m
                  [36m>[39m
                    [0mnavigation.schedule[0m
                  [36m</span>[39m
                [36m</button>[39m
                [36m<button[39m
                  [33maria-label[39m=[32m"navigation.booking"[39m
                  [33mstyle[39m=[32m"display: flex; align-items: center; width: 100%; padding: 12px; margin-bottom: 4px; border: medium; border-radius: 8px; background-color: transparent; color: rgb(107, 114, 128); cursor: pointer; position: relative;"[39m
                [36m>[39m
                  [36m<div[39m
                    [33mstyle[39m=[32m"position: relative; flex-shrink: 0;"[39m
                  [36m>[39m
                    [36m<svg[39m
                      [33maria-hidden[39m=[32m"true"[39m
                      [33mdata-slot[39m=[32m"icon"[39m
                      [33mfill[39m=[32m"none"[39m
                      [33mstroke[39m=[32m"currentColor"[39m
                      [33mstroke-width[39m=[32m"1.5"[39m
                      [33mstyle[39m=[32m"width: 24px; height: 24px;"[39m
                      [33mviewBox[39m=[32m"0 0 24 24"[39m
                      [33mxmlns[39m=[32m"http://www.w3.org/2000/svg"[39m
                    [36m>[39m
                      [36m<path[39m
                        [33md[39m=[32m"M16.5 6v.75m0 3v.75m0 3v.75m0 3V18m-9-5.25h5.25M7.5 15h3M3.375 5.25c-.621 0-1.125.504-1.125 1.125v3.026a2.999 2.999 0 0 1 0 5.198v3.026c0 .621.504 1.125 1.125 1.125h17.25c.621 0 1.125-.504 1.125-1.125v-3.026a2.999 2.999 0 0 1 0-5.198V6.375c0-.621-.504-1.125-1.125-1.125H3.375Z"[39m
                        [33mstroke-linecap[39m=[32m"round"[39m
                        [33mstroke-linejoin[39m=[32m"round"[39m
                      [36m/>[39m
          ...
   × SettingsScreen > Requirements Validation > should integrate language selector (Requirement 15.5) 111ms
     → Found multiple elements by: [data-testid="language-selector"]

Here are the matching elements:

Ignored nodes: comments, script, style
[36m<div[39m
  [33mdata-testid[39m=[32m"language-selector"[39m
[36m>[39m
  [0mLanguage Selector[0m
[36m</div>[39m

Ignored nodes: comments, script, style
[36m<div[39m
  [33mdata-testid[39m=[32m"language-selector"[39m
[36m>[39m
  [0mLanguage Selector[0m
[36m</div>[39m

(If this is intentional, then use the `*AllBy*` variant of the query (like `queryAllByText`, `getAllByText`, or `findAllByText`)).

Ignored nodes: comments, script, style
[36m<body>[39m
  [36m<div>[39m
    [36m<a[39m
      [33mclass[39m=[32m"skip-link"[39m
      [33mhref[39m=[32m"#main-content"[39m
    [36m>[39m
      [0mSkip to main content[0m
    [36m</a>[39m
    [36m<div[39m
      [33mclass[39m=[32m"hidden md:block min-h-screen bg-[#f7f3eb] dark:bg-gray-900"[39m
    [36m>[39m
      [36m<div[39m
        [33maria-label[39m=[32m"Main navigation"[39m
        [33mrole[39m=[32m"navigation"[39m
        [33mstyle[39m=[32m"position: fixed; left: 0px; top: 0px; bottom: 0px; width: 240px; z-index: 10; padding-top: 0px; padding-left: 0px;"[39m
      [36m>[39m
        [36m<nav[39m
          [33maria-label[39m=[32m"Side navigation"[39m
          [33mrole[39m=[32m"navigation"[39m
          [33mstyle[39m=[32m"height: 100vh; width: 240px; background-color: white; border-right: 1px solid rgb(229, 231, 235);"[39m
        [36m>[39m
          [36m<div[39m
            [33mstyle[39m=[32m"display: flex; flex-direction: column; height: 100%;"[39m
          [36m>[39m
            [36m<div[39m
              [33mstyle[39m=[32m"display: flex; align-items: center; justify-content: space-between; height: 64px; padding: 0px 16px; border-bottom: 1px solid rgb(229, 231, 235);"[39m
            [36m>[39m
              [36m<div[39m
                [33mstyle[39m=[32m"font-size: 18px; font-weight: bold; color: rgb(59, 130, 246);"[39m
              [36m>[39m
                [0mJourno[0m
              [36m</div>[39m
              [36m<button[39m
                [33maria-label[39m=[32m"Collapse navigation"[39m
                [33mstyle[39m=[32m"display: flex; align-items: center; justify-content: center; width: 32px; height: 32px; border: medium; background-color: transparent; cursor: pointer; margin: 0px;"[39m
              [36m>[39m
                [36m<svg[39m
                  [33maria-hidden[39m=[32m"true"[39m
                  [33mdata-slot[39m=[32m"icon"[39m
                  [33mfill[39m=[32m"none"[39m
                  [33mstroke[39m=[32m"currentColor"[39m
                  [33mstroke-width[39m=[32m"1.5"[39m
                  [33mstyle[39m=[32m"width: 20px; height: 20px;"[39m
                  [33mviewBox[39m=[32m"0 0 24 24"[39m
                  [33mxmlns[39m=[32m"http://www.w3.org/2000/svg"[39m
                [36m>[39m
                  [36m<path[39m
                    [33md[39m=[32m"M15.75 19.5 8.25 12l7.5-7.5"[39m
                    [33mstroke-linecap[39m=[32m"round"[39m
                    [33mstroke-linejoin[39m=[32m"round"[39m
                  [36m/>[39m
                [36m</svg>[39m
              [36m</button>[39m
            [36m</div>[39m
            [36m<div[39m
              [33mstyle[39m=[32m"flex: 1 1 0%; padding: 16px 0px; overflow-y: auto;"[39m
            [36m>[39m
              [36m<div[39m
                [33mstyle[39m=[32m"padding: 0px 8px;"[39m
              [36m>[39m
                [36m<button[39m
                  [33maria-label[39m=[32m"navigation.schedule"[39m
                  [33mstyle[39m=[32m"display: flex; align-items: center; width: 100%; padding: 12px; margin-bottom: 4px; border: medium; border-radius: 8px; background-color: transparent; color: rgb(107, 114, 128); cursor: pointer; position: relative;"[39m
                [36m>[39m
                  [36m<div[39m
                    [33mstyle[39m=[32m"position: relative; flex-shrink: 0;"[39m
                  [36m>[39m
                    [36m<svg[39m
                      [33maria-hidden[39m=[32m"true"[39m
                      [33mdata-slot[39m=[32m"icon"[39m
                      [33mfill[39m=[32m"none"[39m
                      [33mstroke[39m=[32m"currentColor"[39m
                      [33mstroke-width[39m=[32m"1.5"[39m
                      [33mstyle[39m=[32m"width: 24px; height: 24px;"[39m
                      [33mviewBox[39m=[32m"0 0 24 24"[39m
                      [33mxmlns[39m=[32m"http://www.w3.org/2000/svg"[39m
                    [36m>[39m
                      [36m<path[39m
                        [33md[39m=[32m"M6.75 3v2.25M17.25 3v2.25M3 18.75V7.5a2.25 2.25 0 0 1 2.25-2.25h13.5A2.25 2.25 0 0 1 21 7.5v11.25m-18 0A2.25 2.25 0 0 0 5.25 21h13.5A2.25 2.25 0 0 0 21 18.75m-18 0v-7.5A2.25 2.25 0 0 1 5.25 9h13.5A2.25 2.25 0 0 1 21 11.25v7.5m-9-6h.008v.008H12v-.008ZM12 15h.008v.008H12V15Zm0 2.25h.008v.008H12v-.008ZM9.75 15h.008v.008H9.75V15Zm0 2.25h.008v.008H9.75v-.008ZM7.5 15h.008v.008H7.5V15Zm0 2.25h.008v.008H7.5v-.008Zm6.75-4.5h.008v.008h-.008v-.008Zm0 2.25h.008v.008h-.008V15Zm0 2.25h.008v.008h-.008v-.008Zm2.25-4.5h.008v.008H16.5v-.008Zm0 2.25h.008v.008H16.5V15Z"[39m
                        [33mstroke-linecap[39m=[32m"round"[39m
                        [33mstroke-linejoin[39m=[32m"round"[39m
                      [36m/>[39m
                    [36m</svg>[39m
                  [36m</div>[39m
                  [36m<span[39m
                    [33mstyle[39m=[32m"margin-left: 12px; font-size: 14px; font-weight: 500; white-space: nowrap;"[39m
                  [36m>[39m
                    [0mnavigation.schedule[0m
                  [36m</span>[39m
                [36m</button>[39m
                [36m<button[39m
                  [33maria-label[39m=[32m"navigation.booking"[39m
                  [33mstyle[39m=[32m"display: flex; align-items: center; width: 100%; padding: 12px; margin-bottom: 4px; border: medium; border-radius: 8px; background-color: transparent; color: rgb(107, 114, 128); cursor: pointer; position: relative;"[39m
                [36m>[39m
                  [36m<div[39m
                    [33mstyle[39m=[32m"position: relative; flex-shrink: 0;"[39m
                  [36m>[39m
                    [36m<svg[39m
                      [33maria-hidden[39m=[32m"true"[39m
                      [33mdata-slot[39m=[32m"icon"[39m
                      [33mfill[39m=[32m"none"[39m
                      [33mstroke[39m=[32m"currentColor"[39m
                      [33mstroke-width[39m=[32m"1.5"[39m
                      [33mstyle[39m=[32m"width: 24px; height: 24px;"[39m
                      [33mviewBox[39m=[32m"0 0 24 24"[39m
                      [33mxmlns[39m=[32m"http://www.w3.org/2000/svg"[39m
                    [36m>[39m
                      [36m<path[39m
                        [33md[39m=[32m"M16.5 6v.75m0 3v.75m0 3v.75m0 3V18m-9-5.25h5.25M7.5 15h3M3.375 5.25c-.621 0-1.125.504-1.125 1.125v3.026a2.999 2.999 0 0 1 0 5.198v3.026c0 .621.504 1.125 1.125 1.125h17.25c.621 0 1.125-.504 1.125-1.125v-3.026a2.999 2.999 0 0 1 0-5.198V6.375c0-.621-.504-1.125-1.125-1.125H3.375Z"[39m
                        [33mstroke-linecap[39m=[32m"round"[39m
                        [33mstroke-linejoin[39m=[32m"round"[39m
                      [36m/>[39m
          ...
   × SettingsScreen > Requirements Validation > should include account settings (Requirement 15.6) 152ms
     → Found multiple elements with the text: Profile

Here are the matching elements:

Ignored nodes: comments, script, style
[36m<h3[39m
  [33mclass[39m=[32m"text-lg font-semibold text-kawaii-neutral-800 dark:text-kawaii-neutral-100"[39m
[36m>[39m
  [0mProfile[0m
[36m</h3>[39m

Ignored nodes: comments, script, style
[36m<h3[39m
  [33mclass[39m=[32m"text-lg font-semibold text-kawaii-neutral-800 dark:text-kawaii-neutral-100"[39m
[36m>[39m
  [0mProfile[0m
[36m</h3>[39m

(If this is intentional, then use the `*AllBy*` variant of the query (like `queryAllByText`, `getAllByText`, or `findAllByText`)).

Ignored nodes: comments, script, style
[36m<body>[39m
  [36m<div>[39m
    [36m<a[39m
      [33mclass[39m=[32m"skip-link"[39m
      [33mhref[39m=[32m"#main-content"[39m
    [36m>[39m
      [0mSkip to main content[0m
    [36m</a>[39m
    [36m<div[39m
      [33mclass[39m=[32m"hidden md:block min-h-screen bg-[#f7f3eb] dark:bg-gray-900"[39m
    [36m>[39m
      [36m<div[39m
        [33maria-label[39m=[32m"Main navigation"[39m
        [33mrole[39m=[32m"navigation"[39m
        [33mstyle[39m=[32m"position: fixed; left: 0px; top: 0px; bottom: 0px; width: 240px; z-index: 10; padding-top: 0px; padding-left: 0px;"[39m
      [36m>[39m
        [36m<nav[39m
          [33maria-label[39m=[32m"Side navigation"[39m
          [33mrole[39m=[32m"navigation"[39m
          [33mstyle[39m=[32m"height: 100vh; width: 240px; background-color: white; border-right: 1px solid rgb(229, 231, 235);"[39m
        [36m>[39m
          [36m<div[39m
            [33mstyle[39m=[32m"display: flex; flex-direction: column; height: 100%;"[39m
          [36m>[39m
            [36m<div[39m
              [33mstyle[39m=[32m"display: flex; align-items: center; justify-content: space-between; height: 64px; padding: 0px 16px; border-bottom: 1px solid rgb(229, 231, 235);"[39m
            [36m>[39m
              [36m<div[39m
                [33mstyle[39m=[32m"font-size: 18px; font-weight: bold; color: rgb(59, 130, 246);"[39m
              [36m>[39m
                [0mJourno[0m
              [36m</div>[39m
              [36m<button[39m
                [33maria-label[39m=[32m"Collapse navigation"[39m
                [33mstyle[39m=[32m"display: flex; align-items: center; justify-content: center; width: 32px; height: 32px; border: medium; background-color: transparent; cursor: pointer; margin: 0px;"[39m
              [36m>[39m
                [36m<svg[39m
                  [33maria-hidden[39m=[32m"true"[39m
                  [33mdata-slot[39m=[32m"icon"[39m
                  [33mfill[39m=[32m"none"[39m
                  [33mstroke[39m=[32m"currentColor"[39m
                  [33mstroke-width[39m=[32m"1.5"[39m
                  [33mstyle[39m=[32m"width: 20px; height: 20px;"[39m
                  [33mviewBox[39m=[32m"0 0 24 24"[39m
                  [33mxmlns[39m=[32m"http://www.w3.org/2000/svg"[39m
                [36m>[39m
                  [36m<path[39m
                    [33md[39m=[32m"M15.75 19.5 8.25 12l7.5-7.5"[39m
                    [33mstroke-linecap[39m=[32m"round"[39m
                    [33mstroke-linejoin[39m=[32m"round"[39m
                  [36m/>[39m
                [36m</svg>[39m
              [36m</button>[39m
            [36m</div>[39m
            [36m<div[39m
              [33mstyle[39m=[32m"flex: 1 1 0%; padding: 16px 0px; overflow-y: auto;"[39m
            [36m>[39m
              [36m<div[39m
                [33mstyle[39m=[32m"padding: 0px 8px;"[39m
              [36m>[39m
                [36m<button[39m
                  [33maria-label[39m=[32m"navigation.schedule"[39m
                  [33mstyle[39m=[32m"display: flex; align-items: center; width: 100%; padding: 12px; margin-bottom: 4px; border: medium; border-radius: 8px; background-color: transparent; color: rgb(107, 114, 128); cursor: pointer; position: relative;"[39m
                [36m>[39m
                  [36m<div[39m
                    [33mstyle[39m=[32m"position: relative; flex-shrink: 0;"[39m
                  [36m>[39m
                    [36m<svg[39m
                      [33maria-hidden[39m=[32m"true"[39m
                      [33mdata-slot[39m=[32m"icon"[39m
                      [33mfill[39m=[32m"none"[39m
                      [33mstroke[39m=[32m"currentColor"[39m
                      [33mstroke-width[39m=[32m"1.5"[39m
                      [33mstyle[39m=[32m"width: 24px; height: 24px;"[39m
                      [33mviewBox[39m=[32m"0 0 24 24"[39m
                      [33mxmlns[39m=[32m"http://www.w3.org/2000/svg"[39m
                    [36m>[39m
                      [36m<path[39m
                        [33md[39m=[32m"M6.75 3v2.25M17.25 3v2.25M3 18.75V7.5a2.25 2.25 0 0 1 2.25-2.25h13.5A2.25 2.25 0 0 1 21 7.5v11.25m-18 0A2.25 2.25 0 0 0 5.25 21h13.5A2.25 2.25 0 0 0 21 18.75m-18 0v-7.5A2.25 2.25 0 0 1 5.25 9h13.5A2.25 2.25 0 0 1 21 11.25v7.5m-9-6h.008v.008H12v-.008ZM12 15h.008v.008H12V15Zm0 2.25h.008v.008H12v-.008ZM9.75 15h.008v.008H9.75V15Zm0 2.25h.008v.008H9.75v-.008ZM7.5 15h.008v.008H7.5V15Zm0 2.25h.008v.008H7.5v-.008Zm6.75-4.5h.008v.008h-.008v-.008Zm0 2.25h.008v.008h-.008V15Zm0 2.25h.008v.008h-.008v-.008Zm2.25-4.5h.008v.008H16.5v-.008Zm0 2.25h.008v.008H16.5V15Z"[39m
                        [33mstroke-linecap[39m=[32m"round"[39m
                        [33mstroke-linejoin[39m=[32m"round"[39m
                      [36m/>[39m
                    [36m</svg>[39m
                  [36m</div>[39m
                  [36m<span[39m
                    [33mstyle[39m=[32m"margin-left: 12px; font-size: 14px; font-weight: 500; white-space: nowrap;"[39m
                  [36m>[39m
                    [0mnavigation.schedule[0m
                  [36m</span>[39m
                [36m</button>[39m
                [36m<button[39m
                  [33maria-label[39m=[32m"navigation.booking"[39m
                  [33mstyle[39m=[32m"display: flex; align-items: center; width: 100%; padding: 12px; margin-bottom: 4px; border: medium; border-radius: 8px; background-color: transparent; color: rgb(107, 114, 128); cursor: pointer; position: relative;"[39m
                [36m>[39m
                  [36m<div[39m
                    [33mstyle[39m=[32m"position: relative; flex-shrink: 0;"[39m
                  [36m>[39m
                    [36m<svg[39m
                      [33maria-hidden[39m=[32m"true"[39m
                      [33mdata-slot[39m=[32m"icon"[39m
                      [33mfill[39m=[32m"none"[39m
                      [33mstroke[39m=[32m"currentColor"[39m
                      [33mstroke-width[39m=[32m"1.5"[39m
                      [33mstyle[39m=[32m"width: 24px; height: 24px;"[39m
                      [33mviewBox[39m=[32m"0 0 24 24"[39m
                      [33mxmlns[39m=[32m"http://www.w3.org/2000/svg"[39m
                    [36m>[39m
                      [36m<path[39m
                        [33md[39m=[32m"M16.5 6v.75m0 3v.75m0 3v.75m0 3V18m-9-5.25h5.25M7.5 15h3M3.375 5.25c-.621 0-1.125.504-1.125 1.125v3.026a2.999 2.999 0 0 1 0 5.198v3.026c0 .621.504 1.125 1.125 1.125h17.25c.621 0 1.125-.504 1.125-1.125v-3.026a2.999 2.999 0 0 1 0-5.198V6.375c0-.621-.504-1.125-1.125-1.125H3.375Z"[39m
                        [33mstroke-linecap[39m=[32m"round"[39m
                        [33mstroke-linejoin[39m=[32m"round"[39m
                      [36m/>[39m
          ...
   × SettingsScreen > Requirements Validation > should include logout functionality (Requirement 15.7) 158ms
     → Found multiple elements with the text: Logout

Here are the matching elements:

Ignored nodes: comments, script, style
[36m<h3[39m
  [33mclass[39m=[32m"text-lg font-semibold text-kawaii-neutral-800 dark:text-kawaii-neutral-100 mb-2"[39m
[36m>[39m
  [0mLogout[0m
[36m</h3>[39m

Ignored nodes: comments, script, style
[36m<button[39m
  [33mclass[39m=[32m"w-full sm:w-auto"[39m
  [33mvariant[39m=[32m"secondary"[39m
[36m>[39m
  [0mLogout[0m
[36m</button>[39m

Ignored nodes: comments, script, style
[36m<h3[39m
  [33mclass[39m=[32m"text-lg font-semibold text-kawaii-neutral-800 dark:text-kawaii-neutral-100 mb-2"[39m
[36m>[39m
  [0mLogout[0m
[36m</h3>[39m

Ignored nodes: comments, script, style
[36m<button[39m
  [33mclass[39m=[32m"w-full sm:w-auto"[39m
  [33mvariant[39m=[32m"secondary"[39m
[36m>[39m
  [0mLogout[0m
[36m</button>[39m

(If this is intentional, then use the `*AllBy*` variant of the query (like `queryAllByText`, `getAllByText`, or `findAllByText`)).

Ignored nodes: comments, script, style
[36m<body>[39m
  [36m<div>[39m
    [36m<a[39m
      [33mclass[39m=[32m"skip-link"[39m
      [33mhref[39m=[32m"#main-content"[39m
    [36m>[39m
      [0mSkip to main content[0m
    [36m</a>[39m
    [36m<div[39m
      [33mclass[39m=[32m"hidden md:block min-h-screen bg-[#f7f3eb] dark:bg-gray-900"[39m
    [36m>[39m
      [36m<div[39m
        [33maria-label[39m=[32m"Main navigation"[39m
        [33mrole[39m=[32m"navigation"[39m
        [33mstyle[39m=[32m"position: fixed; left: 0px; top: 0px; bottom: 0px; width: 240px; z-index: 10; padding-top: 0px; padding-left: 0px;"[39m
      [36m>[39m
        [36m<nav[39m
          [33maria-label[39m=[32m"Side navigation"[39m
          [33mrole[39m=[32m"navigation"[39m
          [33mstyle[39m=[32m"height: 100vh; width: 240px; background-color: white; border-right: 1px solid rgb(229, 231, 235);"[39m
        [36m>[39m
          [36m<div[39m
            [33mstyle[39m=[32m"display: flex; flex-direction: column; height: 100%;"[39m
          [36m>[39m
            [36m<div[39m
              [33mstyle[39m=[32m"display: flex; align-items: center; justify-content: space-between; height: 64px; padding: 0px 16px; border-bottom: 1px solid rgb(229, 231, 235);"[39m
            [36m>[39m
              [36m<div[39m
                [33mstyle[39m=[32m"font-size: 18px; font-weight: bold; color: rgb(59, 130, 246);"[39m
              [36m>[39m
                [0mJourno[0m
              [36m</div>[39m
              [36m<button[39m
                [33maria-label[39m=[32m"Collapse navigation"[39m
                [33mstyle[39m=[32m"display: flex; align-items: center; justify-content: center; width: 32px; height: 32px; border: medium; background-color: transparent; cursor: pointer; margin: 0px;"[39m
              [36m>[39m
                [36m<svg[39m
                  [33maria-hidden[39m=[32m"true"[39m
                  [33mdata-slot[39m=[32m"icon"[39m
                  [33mfill[39m=[32m"none"[39m
                  [33mstroke[39m=[32m"currentColor"[39m
                  [33mstroke-width[39m=[32m"1.5"[39m
                  [33mstyle[39m=[32m"width: 20px; height: 20px;"[39m
                  [33mviewBox[39m=[32m"0 0 24 24"[39m
                  [33mxmlns[39m=[32m"http://www.w3.org/2000/svg"[39m
                [36m>[39m
                  [36m<path[39m
                    [33md[39m=[32m"M15.75 19.5 8.25 12l7.5-7.5"[39m
                    [33mstroke-linecap[39m=[32m"round"[39m
                    [33mstroke-linejoin[39m=[32m"round"[39m
                  [36m/>[39m
                [36m</svg>[39m
              [36m</button>[39m
            [36m</div>[39m
            [36m<div[39m
              [33mstyle[39m=[32m"flex: 1 1 0%; padding: 16px 0px; overflow-y: auto;"[39m
            [36m>[39m
              [36m<div[39m
                [33mstyle[39m=[32m"padding: 0px 8px;"[39m
              [36m>[39m
                [36m<button[39m
                  [33maria-label[39m=[32m"navigation.schedule"[39m
                  [33mstyle[39m=[32m"display: flex; align-items: center; width: 100%; padding: 12px; margin-bottom: 4px; border: medium; border-radius: 8px; background-color: transparent; color: rgb(107, 114, 128); cursor: pointer; position: relative;"[39m
                [36m>[39m
                  [36m<div[39m
                    [33mstyle[39m=[32m"position: relative; flex-shrink: 0;"[39m
                  [36m>[39m
                    [36m<svg[39m
                      [33maria-hidden[39m=[32m"true"[39m
                      [33mdata-slot[39m=[32m"icon"[39m
                      [33mfill[39m=[32m"none"[39m
                      [33mstroke[39m=[32m"currentColor"[39m
                      [33mstroke-width[39m=[32m"1.5"[39m
                      [33mstyle[39m=[32m"width: 24px; height: 24px;"[39m
                      [33mviewBox[39m=[32m"0 0 24 24"[39m
                      [33mxmlns[39m=[32m"http://www.w3.org/2000/svg"[39m
                    [36m>[39m
                      [36m<path[39m
                        [33md[39m=[32m"M6.75 3v2.25M17.25 3v2.25M3 18.75V7.5a2.25 2.25 0 0 1 2.25-2.25h13.5A2.25 2.25 0 0 1 21 7.5v11.25m-18 0A2.25 2.25 0 0 0 5.25 21h13.5A2.25 2.25 0 0 0 21 18.75m-18 0v-7.5A2.25 2.25 0 0 1 5.25 9h13.5A2.25 2.25 0 0 1 21 11.25v7.5m-9-6h.008v.008H12v-.008ZM12 15h.008v.008H12V15Zm0 2.25h.008v.008H12v-.008ZM9.75 15h.008v.008H9.75V15Zm0 2.25h.008v.008H9.75v-.008ZM7.5 15h.008v.008H7.5V15Zm0 2.25h.008v.008H7.5v-.008Zm6.75-4.5h.008v.008h-.008v-.008Zm0 2.25h.008v.008h-.008V15Zm0 2.25h.008v.008h-.008v-.008Zm2.25-4.5h.008v.008H16.5v-.008Zm0 2.25h.008v.008H16.5V15Z"[39m
                        [33mstroke-linecap[39m=[32m"round"[39m
                        [33mstroke-linejoin[39m=[32m"round"[39m
                      [36m/>[39m
                    [36m</svg>[39m
                  [36m</div>[39m
                  [36m<span[39m
                    [33mstyle[39m=[32m"margin-left: 12px; font-size: 14px; font-weight: 500; white-space: nowrap;"[39m
                  [36m>[39m
                    [0mnavigation.schedule[0m
                  [36m</span>[39m
                [36m</button>[39m
                [36m<button[39m
                  [33maria-label[39m=[32m"navigation.booking"[39m
                  [33mstyle[39m=[32m"display: flex; align-items: center; width: 100%; padding: 12px; margin-bottom: 4px; border: medium; border-radius: 8px; background-color: transparent; color: rgb(107, 114, 128); cursor: pointer; position: relative;"[39m
                [36m>[39m
                  [36m<div[39m
                    [33mstyle[39m=[32m"position: relative; flex-shrink: 0;"[39m
                  [36m>[39m
                    [36m<svg[39m
                      [33maria-hidden[39m=[32m"true"[39m
                      [33mdata-slot[39m=[32m"icon"[39m
                      [33mfill[39m=[32m"none"[39m
                      [33mstroke[39m=[32m"currentColor"[39m
                      [33mstroke-width[39m=[32m"1.5"[39m
                      [33mstyle[39m=[32m"width: 24px; height: 24px;"[39m
                      [33mviewBox[39m=[32m"0 0 24 24"[39m
                      [33mxmlns[39m=[32m"http://www.w3.org/2000/svg"[39m
                    [36m>[39m
                      [36m<path[39m
                        [33md[39m=[32m"M16.5 6v.75m0 3v.75m0 3v.75m0 3V18m-9-5.25h5.25M7.5 15h3M3.375 5.25c-.621 0-1.125.504-1.125 1.125v3.026a2.999 2.999 0 0 1 0 5.198v3.026c0 .621.504 1.125 1.125 1.125h17.25c.621 0 1.125-.504 1.125-1.125v-3.026a2.999 2.999 0 0 1 0-5.198V6.375c0-.621-.504-1.125-1.125-1.125H3.375Z"[39m
                        [33mstroke-linecap[39m=[32m"round"[39m
                        [33mstroke-linejoin[39m=[32m"round"[39m
                      [36m/>[39m
          ...
stdout | src/pages/__tests__/ScheduleScreen.test.tsx > ScheduleScreen > renders countdown timer when trip has start date
📜 Scroll detected: { scrollY: [33m0[39m, lastScrollY: [33m0[39m, threshold: [33m5[39m }
🔵 FAB state: { isScrollingDown: [33mfalse[39m, isAtTop: [33mtrue[39m }

stderr | src/pages/__tests__/ScheduleScreen.test.tsx > ScheduleScreen > renders countdown timer when trip has start date
Not implemented: Window's scrollTo() method

stdout | src/hooks/__tests__/useI18n.test.tsx
🌐 Using default language: en

stdout | src/pages/__tests__/ScheduleScreen.test.tsx > ScheduleScreen > renders date selector with trip days
📜 Scroll detected: { scrollY: [33m0[39m, lastScrollY: [33m0[39m, threshold: [33m5[39m }
🔵 FAB state: { isScrollingDown: [33mfalse[39m, isAtTop: [33mtrue[39m }

stderr | src/pages/__tests__/ScheduleScreen.test.tsx > ScheduleScreen > renders date selector with trip days
Not implemented: Window's scrollTo() method

stderr | src/components/trip/__tests__/TripEditor.test.tsx > TripEditor - Create Trip Form > Error Handling > should display error message when submission fails
Error saving trip: Error: Failed to create trip. Server error.
    at [90m/Users/poonjohnny/Desktop/ProjectApp/Journo/frontend/[39msrc/components/trip/__tests__/TripEditor.test.tsx:240:36
    at file:///Users/poonjohnny/Desktop/ProjectApp/Journo/node_modules/[4m@vitest[24m/runner/dist/chunk-hooks.js:155:11
    at file:///Users/poonjohnny/Desktop/ProjectApp/Journo/node_modules/[4m@vitest[24m/runner/dist/chunk-hooks.js:752:26
    at file:///Users/poonjohnny/Desktop/ProjectApp/Journo/node_modules/[4m@vitest[24m/runner/dist/chunk-hooks.js:1897:20
    at new Promise (<anonymous>)
    at runWithTimeout (file:///Users/poonjohnny/Desktop/ProjectApp/Journo/node_modules/[4m@vitest[24m/runner/dist/chunk-hooks.js:1863:10)
    at runTest (file:///Users/poonjohnny/Desktop/ProjectApp/Journo/node_modules/[4m@vitest[24m/runner/dist/chunk-hooks.js:1574:12)
    at runSuite (file:///Users/poonjohnny/Desktop/ProjectApp/Journo/node_modules/[4m@vitest[24m/runner/dist/chunk-hooks.js:1729:8)
    at runSuite (file:///Users/poonjohnny/Desktop/ProjectApp/Journo/node_modules/[4m@vitest[24m/runner/dist/chunk-hooks.js:1729:8)
    at runSuite (file:///Users/poonjohnny/Desktop/ProjectApp/Journo/node_modules/[4m@vitest[24m/runner/dist/chunk-hooks.js:1729:8)

stderr | src/components/trip/__tests__/TripEditor.test.tsx > TripEditor - Create Trip Form > Error Handling > should allow retry after submission error
Error saving trip: Error: Network error
    at [90m/Users/poonjohnny/Desktop/ProjectApp/Journo/frontend/[39msrc/components/trip/__tests__/TripEditor.test.tsx:267:32
    at file:///Users/poonjohnny/Desktop/ProjectApp/Journo/node_modules/[4m@vitest[24m/runner/dist/chunk-hooks.js:155:11
    at file:///Users/poonjohnny/Desktop/ProjectApp/Journo/node_modules/[4m@vitest[24m/runner/dist/chunk-hooks.js:752:26
    at file:///Users/poonjohnny/Desktop/ProjectApp/Journo/node_modules/[4m@vitest[24m/runner/dist/chunk-hooks.js:1897:20
    at new Promise (<anonymous>)
    at runWithTimeout (file:///Users/poonjohnny/Desktop/ProjectApp/Journo/node_modules/[4m@vitest[24m/runner/dist/chunk-hooks.js:1863:10)
    at runTest (file:///Users/poonjohnny/Desktop/ProjectApp/Journo/node_modules/[4m@vitest[24m/runner/dist/chunk-hooks.js:1574:12)
    at runSuite (file:///Users/poonjohnny/Desktop/ProjectApp/Journo/node_modules/[4m@vitest[24m/runner/dist/chunk-hooks.js:1729:8)
    at runSuite (file:///Users/poonjohnny/Desktop/ProjectApp/Journo/node_modules/[4m@vitest[24m/runner/dist/chunk-hooks.js:1729:8)
    at runSuite (file:///Users/poonjohnny/Desktop/ProjectApp/Journo/node_modules/[4m@vitest[24m/runner/dist/chunk-hooks.js:1729:8)

stderr | src/components/trip/__tests__/TripEditor.test.tsx > TripEditor - Create Trip Form > Error Handling > should clear error message when user makes changes
Error saving trip: Error: Submission failed
    at [90m/Users/poonjohnny/Desktop/ProjectApp/Journo/frontend/[39msrc/components/trip/__tests__/TripEditor.test.tsx:299:36
    at file:///Users/poonjohnny/Desktop/ProjectApp/Journo/node_modules/[4m@vitest[24m/runner/dist/chunk-hooks.js:155:11
    at file:///Users/poonjohnny/Desktop/ProjectApp/Journo/node_modules/[4m@vitest[24m/runner/dist/chunk-hooks.js:752:26
    at file:///Users/poonjohnny/Desktop/ProjectApp/Journo/node_modules/[4m@vitest[24m/runner/dist/chunk-hooks.js:1897:20
    at new Promise (<anonymous>)
    at runWithTimeout (file:///Users/poonjohnny/Desktop/ProjectApp/Journo/node_modules/[4m@vitest[24m/runner/dist/chunk-hooks.js:1863:10)
    at runTest (file:///Users/poonjohnny/Desktop/ProjectApp/Journo/node_modules/[4m@vitest[24m/runner/dist/chunk-hooks.js:1574:12)
    at runSuite (file:///Users/poonjohnny/Desktop/ProjectApp/Journo/node_modules/[4m@vitest[24m/runner/dist/chunk-hooks.js:1729:8)
    at runSuite (file:///Users/poonjohnny/Desktop/ProjectApp/Journo/node_modules/[4m@vitest[24m/runner/dist/chunk-hooks.js:1729:8)
    at runSuite (file:///Users/poonjohnny/Desktop/ProjectApp/Journo/node_modules/[4m@vitest[24m/runner/dist/chunk-hooks.js:1729:8)

 ❯ src/components/trip/__tests__/TripEditor.test.tsx (13 tests | 3 failed) 7414ms
   × TripEditor - Create Trip Form > Form Validation > should display validation error when title is empty 2180ms
     → Unable to find an element with the text: /title is required/i. This could be because the text is broken up by multiple elements. In this case, you can provide a function for your text matcher to make your matcher more flexible.

Ignored nodes: comments, script, style
[36m<body>[39m
  [36m<div>[39m
    [36m<form[39m
      [33mclass[39m=[32m"space-y-6"[39m
    [36m>[39m
      [36m<div[39m
        [33mclass[39m=[32m"w-full"[39m
      [36m>[39m
        [36m<label[39m
          [33mclass[39m=[32m"block text-sm font-medium text-gray-700 dark:text-gray-300 mb-1"[39m
          [33mfor[39m=[32m"input-trip-title"[39m
        [36m>[39m
          [0mTrip Title[0m
          [36m<span[39m
            [33mclass[39m=[32m"text-red-500 ml-1"[39m
          [36m>[39m
            [0m*[0m
          [36m</span>[39m
        [36m</label>[39m
        [36m<input[39m
          [33maria-invalid[39m=[32m"false"[39m
          [33mclass[39m=[32m"
          w-full px-3 py-2 border rounded-lg min-h-touch
          bg-white text-gray-900
          focus-visible:outline-none focus-visible:ring-2 focus-visible:ring-blue-500 focus-visible:border-blue-500
          disabled:bg-gray-100 disabled:cursor-not-allowed disabled:opacity-60
          dark:bg-gray-800 dark:border-gray-600 dark:text-white
          border-gray-400 dark:border-gray-500
          
        "[39m
          [33mid[39m=[32m"input-trip-title"[39m
          [33mname[39m=[32m"title"[39m
          [33mplaceholder[39m=[32m"e.g., Tokyo Adventure 2025"[39m
          [33mrequired[39m=[32m""[39m
          [33mvalue[39m=[32m""[39m
        [36m/>[39m
      [36m</div>[39m
      [36m<div[39m
        [33mclass[39m=[32m"w-full"[39m
      [36m>[39m
        [36m<label[39m
          [33mclass[39m=[32m"block text-sm font-medium text-gray-700 dark:text-gray-300 mb-1"[39m
          [33mfor[39m=[32m"input-destination"[39m
        [36m>[39m
          [0mDestination[0m
        [36m</label>[39m
        [36m<input[39m
          [33maria-invalid[39m=[32m"false"[39m
          [33mclass[39m=[32m"
          w-full px-3 py-2 border rounded-lg min-h-touch
          bg-white text-gray-900
          focus-visible:outline-none focus-visible:ring-2 focus-visible:ring-blue-500 focus-visible:border-blue-500
          disabled:bg-gray-100 disabled:cursor-not-allowed disabled:opacity-60
          dark:bg-gray-800 dark:border-gray-600 dark:text-white
          border-gray-400 dark:border-gray-500
          
        "[39m
          [33mid[39m=[32m"input-destination"[39m
          [33mname[39m=[32m"destination"[39m
          [33mplaceholder[39m=[32m"e.g., Tokyo, Japan"[39m
          [33mvalue[39m=[32m""[39m
        [36m/>[39m
      [36m</div>[39m
      [36m<div[39m
        [33mclass[39m=[32m"grid grid-cols-1 md:grid-cols-2 gap-4"[39m
      [36m>[39m
        [36m<div[39m
          [33mclass[39m=[32m"w-full"[39m
        [36m>[39m
          [36m<label[39m
            [33mclass[39m=[32m"block text-sm font-medium text-gray-700 dark:text-gray-300 mb-1"[39m
            [33mfor[39m=[32m"input-start-date"[39m
          [36m>[39m
            [0mStart Date[0m
          [36m</label>[39m
          [36m<input[39m
            [33maria-invalid[39m=[32m"false"[39m
            [33mclass[39m=[32m"
          w-full px-3 py-2 border rounded-lg min-h-touch
          bg-white text-gray-900
          focus-visible:outline-none focus-visible:ring-2 focus-visible:ring-blue-500 focus-visible:border-blue-500
          disabled:bg-gray-100 disabled:cursor-not-allowed disabled:opacity-60
          dark:bg-gray-800 dark:border-gray-600 dark:text-white
          border-gray-400 dark:border-gray-500
          
        "[39m
            [33mid[39m=[32m"input-start-date"[39m
            [33mname[39m=[32m"start_date"[39m
            [33mtype[39m=[32m"date"[39m
            [33mvalue[39m=[32m""[39m
          [36m/>[39m
        [36m</div>[39m
        [36m<div[39m
          [33mclass[39m=[32m"w-full"[39m
        [36m>[39m
          [36m<label[39m
            [33mclass[39m=[32m"block text-sm font-medium text-gray-700 dark:text-gray-300 mb-1"[39m
            [33mfor[39m=[32m"input-end-date"[39m
          [36m>[39m
            [0mEnd Date[0m
          [36m</label>[39m
          [36m<input[39m
            [33maria-invalid[39m=[32m"false"[39m
            [33mclass[39m=[32m"
          w-full px-3 py-2 border rounded-lg min-h-touch
          bg-white text-gray-900
          focus-visible:outline-none focus-visible:ring-2 focus-visible:ring-blue-500 focus-visible:border-blue-500
          disabled:bg-gray-100 disabled:cursor-not-allowed disabled:opacity-60
          dark:bg-gray-800 dark:border-gray-600 dark:text-white
          border-gray-400 dark:border-gray-500
          
        "[39m
            [33mid[39m=[32m"input-end-date"[39m
            [33mname[39m=[32m"end_date"[39m
            [33mtype[39m=[32m"date"[39m
            [33mvalue[39m=[32m""[39m
          [36m/>[39m
        [36m</div>[39m
      [36m</div>[39m
      [36m<div[39m
        [33mclass[39m=[32m"grid grid-cols-1 md:grid-cols-2 gap-4"[39m
      [36m>[39m
        [36m<div[39m
          [33mclass[39m=[32m"w-full"[39m
        [36m>[39m
          [36m<label[39m
            [33mclass[39m=[32m"block text-sm font-medium text-gray-700 dark:text-gray-300 mb-1"[39m
            [33mfor[39m=[32m"input-total-budget-(optional)"[39m
          [36m>[39m
            [0mTotal Budget (Optional)[0m
          [36m</label>[39m
          [36m<input[39m
            [33maria-invalid[39m=[32m"false"[39m
            [33mclass[39m=[32m"
          w-full px-3 py-2 border rounded-lg min-h-touch
          bg-white text-gray-900
          focus-visible:outline-none focus-visible:ring-2 focus-visible:ring-blue-500 focus-visible:border-blue-500
          disabled:bg-gray-100 disabled:cursor-not-allowed disabled:opacity-60
          dark:bg-gray-800 dark:border-gray-600 dark:text-white
          border-gray-400 dark:border-gray-500
          
        "[39m
            [33mid[39m=[32m"input-total-budget-(optional)"[39m
            [33mmin[39m=[32m"0"[39m
            [33mname[39m=[32m"total_budget"[39m
            [33mplaceholder[39m=[32m"0.00"[39m
            [33mstep[39m=[32m"0.01"[39m
            [33mtype[39m=[32m"number"[39m
            [33mvalue[39m=[32m""[39m
          [36m/>[39m
        [36m</div>[39m
        [36m<div>[39m
          [36m<label[39m
            [33mclass[39m=[32m"block text-sm font-medium text-gray-700 dark:text-gray-300 mb-2"[39m
          [36m>[39m
            [0mCurrency[0m
          [36m</label>[39m
          [36m<select[39m
            [33mclass[39m=[32m"w-full px-3 py-2 border border-gray-300 dark:border-gray-600 rounded-lg 
              focus:ring-2 focus:ring-blue-500 focus:border-transparent
              bg-white dark:bg-gray-800 text-gray-900 dark:text-white"[39m
            [33mname[39m=[32m"currency_code"[39m
          [36m>[39m
            [36m<option[39m
              [33...

Ignored nodes: comments, script, style
[36m<html>[39m
  [36m<head />[39m
  [36m<body>[39m
    [36m<div>[39m
      [36m<form[39m
        [33mclass[39m=[32m"space-y-6"[39m
      [36m>[39m
        [36m<div[39m
          [33mclass[39m=[32m"w-full"[39m
        [36m>[39m
          [36m<label[39m
            [33mclass[39m=[32m"block text-sm font-medium text-gray-700 dark:text-gray-300 mb-1"[39m
            [33mfor[39m=[32m"input-trip-title"[39m
          [36m>[39m
            [0mTrip Title[0m
            [36m<span[39m
              [33mclass[39m=[32m"text-red-500 ml-1"[39m
            [36m>[39m
              [0m*[0m
            [36m</span>[39m
          [36m</label>[39m
          [36m<input[39m
            [33maria-invalid[39m=[32m"false"[39m
            [33mclass[39m=[32m"
          w-full px-3 py-2 border rounded-lg min-h-touch
          bg-white text-gray-900
          focus-visible:outline-none focus-visible:ring-2 focus-visible:ring-blue-500 focus-visible:border-blue-500
          disabled:bg-gray-100 disabled:cursor-not-allowed disabled:opacity-60
          dark:bg-gray-800 dark:border-gray-600 dark:text-white
          border-gray-400 dark:border-gray-500
          
        "[39m
            [33mid[39m=[32m"input-trip-title"[39m
            [33mname[39m=[32m"title"[39m
            [33mplaceholder[39m=[32m"e.g., Tokyo Adventure 2025"[39m
            [33mrequired[39m=[32m""[39m
            [33mvalue[39m=[32m""[39m
          [36m/>[39m
        [36m</div>[39m
        [36m<div[39m
          [33mclass[39m=[32m"w-full"[39m
        [36m>[39m
          [36m<label[39m
            [33mclass[39m=[32m"block text-sm font-medium text-gray-700 dark:text-gray-300 mb-1"[39m
            [33mfor[39m=[32m"input-destination"[39m
          [36m>[39m
            [0mDestination[0m
          [36m</label>[39m
          [36m<input[39m
            [33maria-invalid[39m=[32m"false"[39m
            [33mclass[39m=[32m"
          w-full px-3 py-2 border rounded-lg min-h-touch
          bg-white text-gray-900
          focus-visible:outline-none focus-visible:ring-2 focus-visible:ring-blue-500 focus-visible:border-blue-500
          disabled:bg-gray-100 disabled:cursor-not-allowed disabled:opacity-60
          dark:bg-gray-800 dark:border-gray-600 dark:text-white
          border-gray-400 dark:border-gray-500
          
        "[39m
            [33mid[39m=[32m"input-destination"[39m
            [33mname[39m=[32m"destination"[39m
            [33mplaceholder[39m=[32m"e.g., Tokyo, Japan"[39m
            [33mvalue[39m=[32m""[39m
          [36m/>[39m
        [36m</div>[39m
        [36m<div[39m
          [33mclass[39m=[32m"grid grid-cols-1 md:grid-cols-2 gap-4"[39m
        [36m>[39m
          [36m<div[39m
            [33mclass[39m=[32m"w-full"[39m
          [36m>[39m
            [36m<label[39m
              [33mclass[39m=[32m"block text-sm font-medium text-gray-700 dark:text-gray-300 mb-1"[39m
              [33mfor[39m=[32m"input-start-date"[39m
            [36m>[39m
              [0mStart Date[0m
            [36m</label>[39m
            [36m<input[39m
              [33maria-invalid[39m=[32m"false"[39m
              [33mclass[39m=[32m"
          w-full px-3 py-2 border rounded-lg min-h-touch
          bg-white text-gray-900
          focus-visible:outline-none focus-visible:ring-2 focus-visible:ring-blue-500 focus-visible:border-blue-500
          disabled:bg-gray-100 disabled:cursor-not-allowed disabled:opacity-60
          dark:bg-gray-800 dark:border-gray-600 dark:text-white
          border-gray-400 dark:border-gray-500
          
        "[39m
              [33mid[39m=[32m"input-start-date"[39m
              [33mname[39m=[32m"start_date"[39m
              [33mtype[39m=[32m"date"[39m
              [33mvalue[39m=[32m""[39m
            [36m/>[39m
          [36m</div>[39m
          [36m<div[39m
            [33mclass[39m=[32m"w-full"[39m
          [36m>[39m
            [36m<label[39m
              [33mclass[39m=[32m"block text-sm font-medium text-gray-700 dark:text-gray-300 mb-1"[39m
              [33mfor[39m=[32m"input-end-date"[39m
            [36m>[39m
              [0mEnd Date[0m
            [36m</label>[39m
            [36m<input[39m
              [33maria-invalid[39m=[32m"false"[39m
              [33mclass[39m=[32m"
          w-full px-3 py-2 border rounded-lg min-h-touch
          bg-white text-gray-900
          focus-visible:outline-none focus-visible:ring-2 focus-visible:ring-blue-500 focus-visible:border-blue-500
          disabled:bg-gray-100 disabled:cursor-not-allowed disabled:opacity-60
          dark:bg-gray-800 dark:border-gray-600 dark:text-white
          border-gray-400 dark:border-gray-500
          
        "[39m
              [33mid[39m=[32m"input-end-date"[39m
              [33mname[39m=[32m"end_date"[39m
              [33mtype[39m=[32m"date"[39m
              [33mvalue[39m=[32m""[39m
            [36m/>[39m
          [36m</div>[39m
        [36m</div>[39m
        [36m<div[39m
          [33mclass[39m=[32m"grid grid-cols-1 md:grid-cols-2 gap-4"[39m
        [36m>[39m
          [36m<div[39m
            [33mclass[39m=[32m"w-full"[39m
          [36m>[39m
            [36m<label[39m
              [33mclass[39m=[32m"block text-sm font-medium text-gray-700 dark:text-gray-300 mb-1"[39m
              [33mfor[39m=[32m"input-total-budget-(optional)"[39m
            [36m>[39m
              [0mTotal Budget (Optional)[0m
            [36m</label>[39m
            [36m<input[39m
              [33maria-invalid[39m=[32m"false"[39m
              [33mclass[39m=[32m"
          w-full px-3 py-2 border rounded-lg min-h-touch
          bg-white text-gray-900
          focus-visible:outline-none focus-visible:ring-2 focus-visible:ring-blue-500 focus-visible:border-blue-500
          disabled:bg-gray-100 disabled:cursor-not-allowed disabled:opacity-60
          dark:bg-gray-800 dark:border-gray-600 dark:text-white
          border-gray-400 dark:border-gray-500
          
        "[39m
              [33mid[39m=[32m"input-total-budget-(optional)"[39m
              [33mmin[39m=[32m"0"[39m
              [33mname[39m=[32m"total_budget"[39m
              [33mplaceholder[39m=[32m"0.00"[39m
              [33mstep[39m=[32m"0.01"[39m
              [33mtype[39m=[32m"number"[39m
              [33mvalue[39m=[32m""[39m
            [36m/>[39m
          [36m</div>[39m
          [36m<div>[39m
            [36m<label[39m
              [33mclass[39m=[32m"block text-sm font-medium text-gray-700 dark:text-gray-300 mb-2"[39m
            [36m>[39m
              [0mCurrency[0m
            [36m</label>[39m
            [36m<select[39m
              [33mclass[39m=[32m"w-full px-3 py-2 border border-gray-300 dark:border-gray-600 rounded...
   ✓ TripEditor - Create Trip Form > Form Validation > should validate date range (end date after start date)  336ms
   × TripEditor - Create Trip Form > Form Validation > should validate budget is positive 1260ms
     → Unable to find an element with the text: /must be at least 0/i. This could be because the text is broken up by multiple elements. In this case, you can provide a function for your text matcher to make your matcher more flexible.

Ignored nodes: comments, script, style
[36m<body>[39m
  [36m<div>[39m
    [36m<form[39m
      [33mclass[39m=[32m"space-y-6"[39m
    [36m>[39m
      [36m<div[39m
        [33mclass[39m=[32m"w-full"[39m
      [36m>[39m
        [36m<label[39m
          [33mclass[39m=[32m"block text-sm font-medium text-gray-700 dark:text-gray-300 mb-1"[39m
          [33mfor[39m=[32m"input-trip-title"[39m
        [36m>[39m
          [0mTrip Title[0m
          [36m<span[39m
            [33mclass[39m=[32m"text-red-500 ml-1"[39m
          [36m>[39m
            [0m*[0m
          [36m</span>[39m
        [36m</label>[39m
        [36m<input[39m
          [33maria-invalid[39m=[32m"false"[39m
          [33mclass[39m=[32m"
          w-full px-3 py-2 border rounded-lg min-h-touch
          bg-white text-gray-900
          focus-visible:outline-none focus-visible:ring-2 focus-visible:ring-blue-500 focus-visible:border-blue-500
          disabled:bg-gray-100 disabled:cursor-not-allowed disabled:opacity-60
          dark:bg-gray-800 dark:border-gray-600 dark:text-white
          border-gray-400 dark:border-gray-500
          
        "[39m
          [33mid[39m=[32m"input-trip-title"[39m
          [33mname[39m=[32m"title"[39m
          [33mplaceholder[39m=[32m"e.g., Tokyo Adventure 2025"[39m
          [33mrequired[39m=[32m""[39m
          [33mvalue[39m=[32m"Test Trip"[39m
        [36m/>[39m
      [36m</div>[39m
      [36m<div[39m
        [33mclass[39m=[32m"w-full"[39m
      [36m>[39m
        [36m<label[39m
          [33mclass[39m=[32m"block text-sm font-medium text-gray-700 dark:text-gray-300 mb-1"[39m
          [33mfor[39m=[32m"input-destination"[39m
        [36m>[39m
          [0mDestination[0m
        [36m</label>[39m
        [36m<input[39m
          [33maria-invalid[39m=[32m"false"[39m
          [33mclass[39m=[32m"
          w-full px-3 py-2 border rounded-lg min-h-touch
          bg-white text-gray-900
          focus-visible:outline-none focus-visible:ring-2 focus-visible:ring-blue-500 focus-visible:border-blue-500
          disabled:bg-gray-100 disabled:cursor-not-allowed disabled:opacity-60
          dark:bg-gray-800 dark:border-gray-600 dark:text-white
          border-gray-400 dark:border-gray-500
          
        "[39m
          [33mid[39m=[32m"input-destination"[39m
          [33mname[39m=[32m"destination"[39m
          [33mplaceholder[39m=[32m"e.g., Tokyo, Japan"[39m
          [33mvalue[39m=[32m""[39m
        [36m/>[39m
      [36m</div>[39m
      [36m<div[39m
        [33mclass[39m=[32m"grid grid-cols-1 md:grid-cols-2 gap-4"[39m
      [36m>[39m
        [36m<div[39m
          [33mclass[39m=[32m"w-full"[39m
        [36m>[39m
          [36m<label[39m
            [33mclass[39m=[32m"block text-sm font-medium text-gray-700 dark:text-gray-300 mb-1"[39m
            [33mfor[39m=[32m"input-start-date"[39m
          [36m>[39m
            [0mStart Date[0m
          [36m</label>[39m
          [36m<input[39m
            [33maria-invalid[39m=[32m"false"[39m
            [33mclass[39m=[32m"
          w-full px-3 py-2 border rounded-lg min-h-touch
          bg-white text-gray-900
          focus-visible:outline-none focus-visible:ring-2 focus-visible:ring-blue-500 focus-visible:border-blue-500
          disabled:bg-gray-100 disabled:cursor-not-allowed disabled:opacity-60
          dark:bg-gray-800 dark:border-gray-600 dark:text-white
          border-gray-400 dark:border-gray-500
          
        "[39m
            [33mid[39m=[32m"input-start-date"[39m
            [33mname[39m=[32m"start_date"[39m
            [33mtype[39m=[32m"date"[39m
            [33mvalue[39m=[32m""[39m
          [36m/>[39m
        [36m</div>[39m
        [36m<div[39m
          [33mclass[39m=[32m"w-full"[39m
        [36m>[39m
          [36m<label[39m
            [33mclass[39m=[32m"block text-sm font-medium text-gray-700 dark:text-gray-300 mb-1"[39m
            [33mfor[39m=[32m"input-end-date"[39m
          [36m>[39m
            [0mEnd Date[0m
          [36m</label>[39m
          [36m<input[39m
            [33maria-invalid[39m=[32m"false"[39m
            [33mclass[39m=[32m"
          w-full px-3 py-2 border rounded-lg min-h-touch
          bg-white text-gray-900
          focus-visible:outline-none focus-visible:ring-2 focus-visible:ring-blue-500 focus-visible:border-blue-500
          disabled:bg-gray-100 disabled:cursor-not-allowed disabled:opacity-60
          dark:bg-gray-800 dark:border-gray-600 dark:text-white
          border-gray-400 dark:border-gray-500
          
        "[39m
            [33mid[39m=[32m"input-end-date"[39m
            [33mname[39m=[32m"end_date"[39m
            [33mtype[39m=[32m"date"[39m
            [33mvalue[39m=[32m""[39m
          [36m/>[39m
        [36m</div>[39m
      [36m</div>[39m
      [36m<div[39m
        [33mclass[39m=[32m"grid grid-cols-1 md:grid-cols-2 gap-4"[39m
      [36m>[39m
        [36m<div[39m
          [33mclass[39m=[32m"w-full"[39m
        [36m>[39m
          [36m<label[39m
            [33mclass[39m=[32m"block text-sm font-medium text-gray-700 dark:text-gray-300 mb-1"[39m
            [33mfor[39m=[32m"input-total-budget-(optional)"[39m
          [36m>[39m
            [0mTotal Budget (Optional)[0m
          [36m</label>[39m
          [36m<input[39m
            [33maria-invalid[39m=[32m"false"[39m
            [33mclass[39m=[32m"
          w-full px-3 py-2 border rounded-lg min-h-touch
          bg-white text-gray-900
          focus-visible:outline-none focus-visible:ring-2 focus-visible:ring-blue-500 focus-visible:border-blue-500
          disabled:bg-gray-100 disabled:cursor-not-allowed disabled:opacity-60
          dark:bg-gray-800 dark:border-gray-600 dark:text-white
          border-gray-400 dark:border-gray-500
          
        "[39m
            [33mid[39m=[32m"input-total-budget-(optional)"[39m
            [33mmin[39m=[32m"0"[39m
            [33mname[39m=[32m"total_budget"[39m
            [33mplaceholder[39m=[32m"0.00"[39m
            [33mstep[39m=[32m"0.01"[39m
            [33mtype[39m=[32m"number"[39m
            [33mvalue[39m=[32m"-100"[39m
          [36m/>[39m
        [36m</div>[39m
        [36m<div>[39m
          [36m<label[39m
            [33mclass[39m=[32m"block text-sm font-medium text-gray-700 dark:text-gray-300 mb-2"[39m
          [36m>[39m
            [0mCurrency[0m
          [36m</label>[39m
          [36m<select[39m
            [33mclass[39m=[32m"w-full px-3 py-2 border border-gray-300 dark:border-gray-600 rounded-lg 
              focus:ring-2 focus:ring-blue-500 focus:border-transparent
              bg-white dark:bg-gray-800 text-gray-900 dark:text-white"[39m
            [33mname[39m=[32m"currency_code"[39m
          [36m>[39m
            [36m<option[39m
     ...

Ignored nodes: comments, script, style
[36m<html>[39m
  [36m<head />[39m
  [36m<body>[39m
    [36m<div>[39m
      [36m<form[39m
        [33mclass[39m=[32m"space-y-6"[39m
      [36m>[39m
        [36m<div[39m
          [33mclass[39m=[32m"w-full"[39m
        [36m>[39m
          [36m<label[39m
            [33mclass[39m=[32m"block text-sm font-medium text-gray-700 dark:text-gray-300 mb-1"[39m
            [33mfor[39m=[32m"input-trip-title"[39m
          [36m>[39m
            [0mTrip Title[0m
            [36m<span[39m
              [33mclass[39m=[32m"text-red-500 ml-1"[39m
            [36m>[39m
              [0m*[0m
            [36m</span>[39m
          [36m</label>[39m
          [36m<input[39m
            [33maria-invalid[39m=[32m"false"[39m
            [33mclass[39m=[32m"
          w-full px-3 py-2 border rounded-lg min-h-touch
          bg-white text-gray-900
          focus-visible:outline-none focus-visible:ring-2 focus-visible:ring-blue-500 focus-visible:border-blue-500
          disabled:bg-gray-100 disabled:cursor-not-allowed disabled:opacity-60
          dark:bg-gray-800 dark:border-gray-600 dark:text-white
          border-gray-400 dark:border-gray-500
          
        "[39m
            [33mid[39m=[32m"input-trip-title"[39m
            [33mname[39m=[32m"title"[39m
            [33mplaceholder[39m=[32m"e.g., Tokyo Adventure 2025"[39m
            [33mrequired[39m=[32m""[39m
            [33mvalue[39m=[32m"Test Trip"[39m
          [36m/>[39m
        [36m</div>[39m
        [36m<div[39m
          [33mclass[39m=[32m"w-full"[39m
        [36m>[39m
          [36m<label[39m
            [33mclass[39m=[32m"block text-sm font-medium text-gray-700 dark:text-gray-300 mb-1"[39m
            [33mfor[39m=[32m"input-destination"[39m
          [36m>[39m
            [0mDestination[0m
          [36m</label>[39m
          [36m<input[39m
            [33maria-invalid[39m=[32m"false"[39m
            [33mclass[39m=[32m"
          w-full px-3 py-2 border rounded-lg min-h-touch
          bg-white text-gray-900
          focus-visible:outline-none focus-visible:ring-2 focus-visible:ring-blue-500 focus-visible:border-blue-500
          disabled:bg-gray-100 disabled:cursor-not-allowed disabled:opacity-60
          dark:bg-gray-800 dark:border-gray-600 dark:text-white
          border-gray-400 dark:border-gray-500
          
        "[39m
            [33mid[39m=[32m"input-destination"[39m
            [33mname[39m=[32m"destination"[39m
            [33mplaceholder[39m=[32m"e.g., Tokyo, Japan"[39m
            [33mvalue[39m=[32m""[39m
          [36m/>[39m
        [36m</div>[39m
        [36m<div[39m
          [33mclass[39m=[32m"grid grid-cols-1 md:grid-cols-2 gap-4"[39m
        [36m>[39m
          [36m<div[39m
            [33mclass[39m=[32m"w-full"[39m
          [36m>[39m
            [36m<label[39m
              [33mclass[39m=[32m"block text-sm font-medium text-gray-700 dark:text-gray-300 mb-1"[39m
              [33mfor[39m=[32m"input-start-date"[39m
            [36m>[39m
              [0mStart Date[0m
            [36m</label>[39m
            [36m<input[39m
              [33maria-invalid[39m=[32m"false"[39m
              [33mclass[39m=[32m"
          w-full px-3 py-2 border rounded-lg min-h-touch
          bg-white text-gray-900
          focus-visible:outline-none focus-visible:ring-2 focus-visible:ring-blue-500 focus-visible:border-blue-500
          disabled:bg-gray-100 disabled:cursor-not-allowed disabled:opacity-60
          dark:bg-gray-800 dark:border-gray-600 dark:text-white
          border-gray-400 dark:border-gray-500
          
        "[39m
              [33mid[39m=[32m"input-start-date"[39m
              [33mname[39m=[32m"start_date"[39m
              [33mtype[39m=[32m"date"[39m
              [33mvalue[39m=[32m""[39m
            [36m/>[39m
          [36m</div>[39m
          [36m<div[39m
            [33mclass[39m=[32m"w-full"[39m
          [36m>[39m
            [36m<label[39m
              [33mclass[39m=[32m"block text-sm font-medium text-gray-700 dark:text-gray-300 mb-1"[39m
              [33mfor[39m=[32m"input-end-date"[39m
            [36m>[39m
              [0mEnd Date[0m
            [36m</label>[39m
            [36m<input[39m
              [33maria-invalid[39m=[32m"false"[39m
              [33mclass[39m=[32m"
          w-full px-3 py-2 border rounded-lg min-h-touch
          bg-white text-gray-900
          focus-visible:outline-none focus-visible:ring-2 focus-visible:ring-blue-500 focus-visible:border-blue-500
          disabled:bg-gray-100 disabled:cursor-not-allowed disabled:opacity-60
          dark:bg-gray-800 dark:border-gray-600 dark:text-white
          border-gray-400 dark:border-gray-500
          
        "[39m
              [33mid[39m=[32m"input-end-date"[39m
              [33mname[39m=[32m"end_date"[39m
              [33mtype[39m=[32m"date"[39m
              [33mvalue[39m=[32m""[39m
            [36m/>[39m
          [36m</div>[39m
        [36m</div>[39m
        [36m<div[39m
          [33mclass[39m=[32m"grid grid-cols-1 md:grid-cols-2 gap-4"[39m
        [36m>[39m
          [36m<div[39m
            [33mclass[39m=[32m"w-full"[39m
          [36m>[39m
            [36m<label[39m
              [33mclass[39m=[32m"block text-sm font-medium text-gray-700 dark:text-gray-300 mb-1"[39m
              [33mfor[39m=[32m"input-total-budget-(optional)"[39m
            [36m>[39m
              [0mTotal Budget (Optional)[0m
            [36m</label>[39m
            [36m<input[39m
              [33maria-invalid[39m=[32m"false"[39m
              [33mclass[39m=[32m"
          w-full px-3 py-2 border rounded-lg min-h-touch
          bg-white text-gray-900
          focus-visible:outline-none focus-visible:ring-2 focus-visible:ring-blue-500 focus-visible:border-blue-500
          disabled:bg-gray-100 disabled:cursor-not-allowed disabled:opacity-60
          dark:bg-gray-800 dark:border-gray-600 dark:text-white
          border-gray-400 dark:border-gray-500
          
        "[39m
              [33mid[39m=[32m"input-total-budget-(optional)"[39m
              [33mmin[39m=[32m"0"[39m
              [33mname[39m=[32m"total_budget"[39m
              [33mplaceholder[39m=[32m"0.00"[39m
              [33mstep[39m=[32m"0.01"[39m
              [33mtype[39m=[32m"number"[39m
              [33mvalue[39m=[32m"-100"[39m
            [36m/>[39m
          [36m</div>[39m
          [36m<div>[39m
            [36m<label[39m
              [33mclass[39m=[32m"block text-sm font-medium text-gray-700 dark:text-gray-300 mb-2"[39m
            [36m>[39m
              [0mCurrency[0m
            [36m</label>[39m
            [36m<select[39m
              [33mclass[39m=[32m"w-full px-3 py-2 border border-gray-300 dark:border-gra...
   × TripEditor - Create Trip Form > Form Validation > should clear field error when user corrects the input 1239ms
     → Unable to find an element with the text: /title is required/i. This could be because the text is broken up by multiple elements. In this case, you can provide a function for your text matcher to make your matcher more flexible.

Ignored nodes: comments, script, style
[36m<body>[39m
  [36m<div>[39m
    [36m<form[39m
      [33mclass[39m=[32m"space-y-6"[39m
    [36m>[39m
      [36m<div[39m
        [33mclass[39m=[32m"w-full"[39m
      [36m>[39m
        [36m<label[39m
          [33mclass[39m=[32m"block text-sm font-medium text-gray-700 dark:text-gray-300 mb-1"[39m
          [33mfor[39m=[32m"input-trip-title"[39m
        [36m>[39m
          [0mTrip Title[0m
          [36m<span[39m
            [33mclass[39m=[32m"text-red-500 ml-1"[39m
          [36m>[39m
            [0m*[0m
          [36m</span>[39m
        [36m</label>[39m
        [36m<input[39m
          [33maria-invalid[39m=[32m"false"[39m
          [33mclass[39m=[32m"
          w-full px-3 py-2 border rounded-lg min-h-touch
          bg-white text-gray-900
          focus-visible:outline-none focus-visible:ring-2 focus-visible:ring-blue-500 focus-visible:border-blue-500
          disabled:bg-gray-100 disabled:cursor-not-allowed disabled:opacity-60
          dark:bg-gray-800 dark:border-gray-600 dark:text-white
          border-gray-400 dark:border-gray-500
          
        "[39m
          [33mid[39m=[32m"input-trip-title"[39m
          [33mname[39m=[32m"title"[39m
          [33mplaceholder[39m=[32m"e.g., Tokyo Adventure 2025"[39m
          [33mrequired[39m=[32m""[39m
          [33mvalue[39m=[32m""[39m
        [36m/>[39m
      [36m</div>[39m
      [36m<div[39m
        [33mclass[39m=[32m"w-full"[39m
      [36m>[39m
        [36m<label[39m
          [33mclass[39m=[32m"block text-sm font-medium text-gray-700 dark:text-gray-300 mb-1"[39m
          [33mfor[39m=[32m"input-destination"[39m
        [36m>[39m
          [0mDestination[0m
        [36m</label>[39m
        [36m<input[39m
          [33maria-invalid[39m=[32m"false"[39m
          [33mclass[39m=[32m"
          w-full px-3 py-2 border rounded-lg min-h-touch
          bg-white text-gray-900
          focus-visible:outline-none focus-visible:ring-2 focus-visible:ring-blue-500 focus-visible:border-blue-500
          disabled:bg-gray-100 disabled:cursor-not-allowed disabled:opacity-60
          dark:bg-gray-800 dark:border-gray-600 dark:text-white
          border-gray-400 dark:border-gray-500
          
        "[39m
          [33mid[39m=[32m"input-destination"[39m
          [33mname[39m=[32m"destination"[39m
          [33mplaceholder[39m=[32m"e.g., Tokyo, Japan"[39m
          [33mvalue[39m=[32m""[39m
        [36m/>[39m
      [36m</div>[39m
      [36m<div[39m
        [33mclass[39m=[32m"grid grid-cols-1 md:grid-cols-2 gap-4"[39m
      [36m>[39m
        [36m<div[39m
          [33mclass[39m=[32m"w-full"[39m
        [36m>[39m
          [36m<label[39m
            [33mclass[39m=[32m"block text-sm font-medium text-gray-700 dark:text-gray-300 mb-1"[39m
            [33mfor[39m=[32m"input-start-date"[39m
          [36m>[39m
            [0mStart Date[0m
          [36m</label>[39m
          [36m<input[39m
            [33maria-invalid[39m=[32m"false"[39m
            [33mclass[39m=[32m"
          w-full px-3 py-2 border rounded-lg min-h-touch
          bg-white text-gray-900
          focus-visible:outline-none focus-visible:ring-2 focus-visible:ring-blue-500 focus-visible:border-blue-500
          disabled:bg-gray-100 disabled:cursor-not-allowed disabled:opacity-60
          dark:bg-gray-800 dark:border-gray-600 dark:text-white
          border-gray-400 dark:border-gray-500
          
        "[39m
            [33mid[39m=[32m"input-start-date"[39m
            [33mname[39m=[32m"start_date"[39m
            [33mtype[39m=[32m"date"[39m
            [33mvalue[39m=[32m""[39m
          [36m/>[39m
        [36m</div>[39m
        [36m<div[39m
          [33mclass[39m=[32m"w-full"[39m
        [36m>[39m
          [36m<label[39m
            [33mclass[39m=[32m"block text-sm font-medium text-gray-700 dark:text-gray-300 mb-1"[39m
            [33mfor[39m=[32m"input-end-date"[39m
          [36m>[39m
            [0mEnd Date[0m
          [36m</label>[39m
          [36m<input[39m
            [33maria-invalid[39m=[32m"false"[39m
            [33mclass[39m=[32m"
          w-full px-3 py-2 border rounded-lg min-h-touch
          bg-white text-gray-900
          focus-visible:outline-none focus-visible:ring-2 focus-visible:ring-blue-500 focus-visible:border-blue-500
          disabled:bg-gray-100 disabled:cursor-not-allowed disabled:opacity-60
          dark:bg-gray-800 dark:border-gray-600 dark:text-white
          border-gray-400 dark:border-gray-500
          
        "[39m
            [33mid[39m=[32m"input-end-date"[39m
            [33mname[39m=[32m"end_date"[39m
            [33mtype[39m=[32m"date"[39m
            [33mvalue[39m=[32m""[39m
          [36m/>[39m
        [36m</div>[39m
      [36m</div>[39m
      [36m<div[39m
        [33mclass[39m=[32m"grid grid-cols-1 md:grid-cols-2 gap-4"[39m
      [36m>[39m
        [36m<div[39m
          [33mclass[39m=[32m"w-full"[39m
        [36m>[39m
          [36m<label[39m
            [33mclass[39m=[32m"block text-sm font-medium text-gray-700 dark:text-gray-300 mb-1"[39m
            [33mfor[39m=[32m"input-total-budget-(optional)"[39m
          [36m>[39m
            [0mTotal Budget (Optional)[0m
          [36m</label>[39m
          [36m<input[39m
            [33maria-invalid[39m=[32m"false"[39m
            [33mclass[39m=[32m"
          w-full px-3 py-2 border rounded-lg min-h-touch
          bg-white text-gray-900
          focus-visible:outline-none focus-visible:ring-2 focus-visible:ring-blue-500 focus-visible:border-blue-500
          disabled:bg-gray-100 disabled:cursor-not-allowed disabled:opacity-60
          dark:bg-gray-800 dark:border-gray-600 dark:text-white
          border-gray-400 dark:border-gray-500
          
        "[39m
            [33mid[39m=[32m"input-total-budget-(optional)"[39m
            [33mmin[39m=[32m"0"[39m
            [33mname[39m=[32m"total_budget"[39m
            [33mplaceholder[39m=[32m"0.00"[39m
            [33mstep[39m=[32m"0.01"[39m
            [33mtype[39m=[32m"number"[39m
            [33mvalue[39m=[32m""[39m
          [36m/>[39m
        [36m</div>[39m
        [36m<div>[39m
          [36m<label[39m
            [33mclass[39m=[32m"block text-sm font-medium text-gray-700 dark:text-gray-300 mb-2"[39m
          [36m>[39m
            [0mCurrency[0m
          [36m</label>[39m
          [36m<select[39m
            [33mclass[39m=[32m"w-full px-3 py-2 border border-gray-300 dark:border-gray-600 rounded-lg 
              focus:ring-2 focus:ring-blue-500 focus:border-transparent
              bg-white dark:bg-gray-800 text-gray-900 dark:text-white"[39m
            [33mname[39m=[32m"currency_code"[39m
          [36m>[39m
            [36m<option[39m
              [33...

Ignored nodes: comments, script, style
[36m<html>[39m
  [36m<head />[39m
  [36m<body>[39m
    [36m<div>[39m
      [36m<form[39m
        [33mclass[39m=[32m"space-y-6"[39m
      [36m>[39m
        [36m<div[39m
          [33mclass[39m=[32m"w-full"[39m
        [36m>[39m
          [36m<label[39m
            [33mclass[39m=[32m"block text-sm font-medium text-gray-700 dark:text-gray-300 mb-1"[39m
            [33mfor[39m=[32m"input-trip-title"[39m
          [36m>[39m
            [0mTrip Title[0m
            [36m<span[39m
              [33mclass[39m=[32m"text-red-500 ml-1"[39m
            [36m>[39m
              [0m*[0m
            [36m</span>[39m
          [36m</label>[39m
          [36m<input[39m
            [33maria-invalid[39m=[32m"false"[39m
            [33mclass[39m=[32m"
          w-full px-3 py-2 border rounded-lg min-h-touch
          bg-white text-gray-900
          focus-visible:outline-none focus-visible:ring-2 focus-visible:ring-blue-500 focus-visible:border-blue-500
          disabled:bg-gray-100 disabled:cursor-not-allowed disabled:opacity-60
          dark:bg-gray-800 dark:border-gray-600 dark:text-white
          border-gray-400 dark:border-gray-500
          
        "[39m
            [33mid[39m=[32m"input-trip-title"[39m
            [33mname[39m=[32m"title"[39m
            [33mplaceholder[39m=[32m"e.g., Tokyo Adventure 2025"[39m
            [33mrequired[39m=[32m""[39m
            [33mvalue[39m=[32m""[39m
          [36m/>[39m
        [36m</div>[39m
        [36m<div[39m
          [33mclass[39m=[32m"w-full"[39m
        [36m>[39m
          [36m<label[39m
            [33mclass[39m=[32m"block text-sm font-medium text-gray-700 dark:text-gray-300 mb-1"[39m
            [33mfor[39m=[32m"input-destination"[39m
          [36m>[39m
            [0mDestination[0m
          [36m</label>[39m
          [36m<input[39m
            [33maria-invalid[39m=[32m"false"[39m
            [33mclass[39m=[32m"
          w-full px-3 py-2 border rounded-lg min-h-touch
          bg-white text-gray-900
          focus-visible:outline-none focus-visible:ring-2 focus-visible:ring-blue-500 focus-visible:border-blue-500
          disabled:bg-gray-100 disabled:cursor-not-allowed disabled:opacity-60
          dark:bg-gray-800 dark:border-gray-600 dark:text-white
          border-gray-400 dark:border-gray-500
          
        "[39m
            [33mid[39m=[32m"input-destination"[39m
            [33mname[39m=[32m"destination"[39m
            [33mplaceholder[39m=[32m"e.g., Tokyo, Japan"[39m
            [33mvalue[39m=[32m""[39m
          [36m/>[39m
        [36m</div>[39m
        [36m<div[39m
          [33mclass[39m=[32m"grid grid-cols-1 md:grid-cols-2 gap-4"[39m
        [36m>[39m
          [36m<div[39m
            [33mclass[39m=[32m"w-full"[39m
          [36m>[39m
            [36m<label[39m
              [33mclass[39m=[32m"block text-sm font-medium text-gray-700 dark:text-gray-300 mb-1"[39m
              [33mfor[39m=[32m"input-start-date"[39m
            [36m>[39m
              [0mStart Date[0m
            [36m</label>[39m
            [36m<input[39m
              [33maria-invalid[39m=[32m"false"[39m
              [33mclass[39m=[32m"
          w-full px-3 py-2 border rounded-lg min-h-touch
          bg-white text-gray-900
          focus-visible:outline-none focus-visible:ring-2 focus-visible:ring-blue-500 focus-visible:border-blue-500
          disabled:bg-gray-100 disabled:cursor-not-allowed disabled:opacity-60
          dark:bg-gray-800 dark:border-gray-600 dark:text-white
          border-gray-400 dark:border-gray-500
          
        "[39m
              [33mid[39m=[32m"input-start-date"[39m
              [33mname[39m=[32m"start_date"[39m
              [33mtype[39m=[32m"date"[39m
              [33mvalue[39m=[32m""[39m
            [36m/>[39m
          [36m</div>[39m
          [36m<div[39m
            [33mclass[39m=[32m"w-full"[39m
          [36m>[39m
            [36m<label[39m
              [33mclass[39m=[32m"block text-sm font-medium text-gray-700 dark:text-gray-300 mb-1"[39m
              [33mfor[39m=[32m"input-end-date"[39m
            [36m>[39m
              [0mEnd Date[0m
            [36m</label>[39m
            [36m<input[39m
              [33maria-invalid[39m=[32m"false"[39m
              [33mclass[39m=[32m"
          w-full px-3 py-2 border rounded-lg min-h-touch
          bg-white text-gray-900
          focus-visible:outline-none focus-visible:ring-2 focus-visible:ring-blue-500 focus-visible:border-blue-500
          disabled:bg-gray-100 disabled:cursor-not-allowed disabled:opacity-60
          dark:bg-gray-800 dark:border-gray-600 dark:text-white
          border-gray-400 dark:border-gray-500
          
        "[39m
              [33mid[39m=[32m"input-end-date"[39m
              [33mname[39m=[32m"end_date"[39m
              [33mtype[39m=[32m"date"[39m
              [33mvalue[39m=[32m""[39m
            [36m/>[39m
          [36m</div>[39m
        [36m</div>[39m
        [36m<div[39m
          [33mclass[39m=[32m"grid grid-cols-1 md:grid-cols-2 gap-4"[39m
        [36m>[39m
          [36m<div[39m
            [33mclass[39m=[32m"w-full"[39m
          [36m>[39m
            [36m<label[39m
              [33mclass[39m=[32m"block text-sm font-medium text-gray-700 dark:text-gray-300 mb-1"[39m
              [33mfor[39m=[32m"input-total-budget-(optional)"[39m
            [36m>[39m
              [0mTotal Budget (Optional)[0m
            [36m</label>[39m
            [36m<input[39m
              [33maria-invalid[39m=[32m"false"[39m
              [33mclass[39m=[32m"
          w-full px-3 py-2 border rounded-lg min-h-touch
          bg-white text-gray-900
          focus-visible:outline-none focus-visible:ring-2 focus-visible:ring-blue-500 focus-visible:border-blue-500
          disabled:bg-gray-100 disabled:cursor-not-allowed disabled:opacity-60
          dark:bg-gray-800 dark:border-gray-600 dark:text-white
          border-gray-400 dark:border-gray-500
          
        "[39m
              [33mid[39m=[32m"input-total-budget-(optional)"[39m
              [33mmin[39m=[32m"0"[39m
              [33mname[39m=[32m"total_budget"[39m
              [33mplaceholder[39m=[32m"0.00"[39m
              [33mstep[39m=[32m"0.01"[39m
              [33mtype[39m=[32m"number"[39m
              [33mvalue[39m=[32m""[39m
            [36m/>[39m
          [36m</div>[39m
          [36m<div>[39m
            [36m<label[39m
              [33mclass[39m=[32m"block text-sm font-medium text-gray-700 dark:text-gray-300 mb-2"[39m
            [36m>[39m
              [0mCurrency[0m
            [36m</label>[39m
            [36m<select[39m
              [33mclass[39m=[32m"w-full px-3 py-2 border border-gray-300 dark:border-gray-600 rounded...
   ✓ TripEditor - Create Trip Form > Form Submission > should submit form with valid data  311ms
   ✓ TripEditor - Create Trip Form > Form Submission > should show loading state during submission  332ms
   ✓ TripEditor - Create Trip Form > Form Submission > should prevent duplicate submissions 274ms
   ✓ TripEditor - Create Trip Form > Error Handling > should display error message when submission fails 255ms
   ✓ TripEditor - Create Trip Form > Error Handling > should allow retry after submission error 266ms
   ✓ TripEditor - Create Trip Form > Error Handling > should clear error message when user makes changes 226ms
   ✓ TripEditor - Create Trip Form > Cancel Functionality > should call onCancel when cancel button is clicked 183ms
   ✓ TripEditor - Create Trip Form > Cancel Functionality > should disable cancel button during submission  340ms
   ✓ TripEditor - Create Trip Form > Edit Mode > should populate form with existing trip data in edit mode 209ms
stdout | src/pages/__tests__/ScheduleScreen.test.tsx > ScheduleScreen > renders day card with activities
📜 Scroll detected: { scrollY: [33m0[39m, lastScrollY: [33m0[39m, threshold: [33m5[39m }
🔵 FAB state: { isScrollingDown: [33mfalse[39m, isAtTop: [33mtrue[39m }

stderr | src/pages/__tests__/ScheduleScreen.test.tsx > ScheduleScreen > renders day card with activities
Not implemented: Window's scrollTo() method

 ❯ src/components/common/__tests__/LanguageSelector.test.tsx (13 tests | 9 failed) 7334ms
   ✓ LanguageSelector Component > should render language selector  414ms
   ✓ LanguageSelector Component > should display current language 68ms
   ✓ LanguageSelector Component > should have three language options 91ms
   × LanguageSelector Component > should have English option 217ms
     → Unable to find an accessible element with the role "option" and name `/English/i`

Here are the accessible roles:

  combobox:

  Name "preferences.language":
  [36m<select[39m
    [33mclass[39m=[32m"w-full px-3 py-2 border border-gray-300 dark:border-gray-600 rounded-lg bg-white dark:bg-gray-800 text-gray-900 dark:text-gray-100 focus:ring-2 focus:ring-blue-500 focus:border-transparent"[39m
    [33mid[39m=[32m"language-select"[39m
  [36m/>[39m

  --------------------------------------------------
  option:

  Name "languages.en":
  [36m<option[39m
    [33mvalue[39m=[32m"en"[39m
  [36m/>[39m

  Name "languages.zh-TW":
  [36m<option[39m
    [33mvalue[39m=[32m"zh-TW"[39m
  [36m/>[39m

  Name "languages.zh-CN":
  [36m<option[39m
    [33mvalue[39m=[32m"zh-CN"[39m
  [36m/>[39m

  --------------------------------------------------

Ignored nodes: comments, script, style
[36m<body>[39m
  [36m<div>[39m
    [36m<div[39m
      [33mclass[39m=[32m"space-y-2"[39m
    [36m>[39m
      [36m<label[39m
        [33mclass[39m=[32m"block text-sm font-medium text-gray-700 dark:text-gray-300"[39m
        [33mfor[39m=[32m"language-select"[39m
      [36m>[39m
        [0mpreferences.language[0m
      [36m</label>[39m
      [36m<select[39m
        [33mclass[39m=[32m"w-full px-3 py-2 border border-gray-300 dark:border-gray-600 rounded-lg bg-white dark:bg-gray-800 text-gray-900 dark:text-gray-100 focus:ring-2 focus:ring-blue-500 focus:border-transparent"[39m
        [33mid[39m=[32m"language-select"[39m
      [36m>[39m
        [36m<option[39m
          [33mvalue[39m=[32m"en"[39m
        [36m>[39m
          [0mlanguages.en[0m
        [36m</option>[39m
        [36m<option[39m
          [33mvalue[39m=[32m"zh-TW"[39m
        [36m>[39m
          [0mlanguages.zh-TW[0m
        [36m</option>[39m
        [36m<option[39m
          [33mvalue[39m=[32m"zh-CN"[39m
        [36m>[39m
          [0mlanguages.zh-CN[0m
        [36m</option>[39m
      [36m</select>[39m
    [36m</div>[39m
  [36m</div>[39m
[36m</body>[39m
   × LanguageSelector Component > should have Traditional Chinese option 134ms
     → Unable to find an accessible element with the role "option" and name `/繁體中文/i`

Here are the accessible roles:

  combobox:

  Name "preferences.language":
  [36m<select[39m
    [33mclass[39m=[32m"w-full px-3 py-2 border border-gray-300 dark:border-gray-600 rounded-lg bg-white dark:bg-gray-800 text-gray-900 dark:text-gray-100 focus:ring-2 focus:ring-blue-500 focus:border-transparent"[39m
    [33mid[39m=[32m"language-select"[39m
  [36m/>[39m

  --------------------------------------------------
  option:

  Name "languages.en":
  [36m<option[39m
    [33mvalue[39m=[32m"en"[39m
  [36m/>[39m

  Name "languages.zh-TW":
  [36m<option[39m
    [33mvalue[39m=[32m"zh-TW"[39m
  [36m/>[39m

  Name "languages.zh-CN":
  [36m<option[39m
    [33mvalue[39m=[32m"zh-CN"[39m
  [36m/>[39m

  --------------------------------------------------

Ignored nodes: comments, script, style
[36m<body>[39m
  [36m<div>[39m
    [36m<div[39m
      [33mclass[39m=[32m"space-y-2"[39m
    [36m>[39m
      [36m<label[39m
        [33mclass[39m=[32m"block text-sm font-medium text-gray-700 dark:text-gray-300"[39m
        [33mfor[39m=[32m"language-select"[39m
      [36m>[39m
        [0mpreferences.language[0m
      [36m</label>[39m
      [36m<select[39m
        [33mclass[39m=[32m"w-full px-3 py-2 border border-gray-300 dark:border-gray-600 rounded-lg bg-white dark:bg-gray-800 text-gray-900 dark:text-gray-100 focus:ring-2 focus:ring-blue-500 focus:border-transparent"[39m
        [33mid[39m=[32m"language-select"[39m
      [36m>[39m
        [36m<option[39m
          [33mvalue[39m=[32m"en"[39m
        [36m>[39m
          [0mlanguages.en[0m
        [36m</option>[39m
        [36m<option[39m
          [33mvalue[39m=[32m"zh-TW"[39m
        [36m>[39m
          [0mlanguages.zh-TW[0m
        [36m</option>[39m
        [36m<option[39m
          [33mvalue[39m=[32m"zh-CN"[39m
        [36m>[39m
          [0mlanguages.zh-CN[0m
        [36m</option>[39m
      [36m</select>[39m
    [36m</div>[39m
  [36m</div>[39m
[36m</body>[39m
   × LanguageSelector Component > should have Simplified Chinese option 122ms
     → Unable to find an accessible element with the role "option" and name `/简体中文/i`

Here are the accessible roles:

  combobox:

  Name "preferences.language":
  [36m<select[39m
    [33mclass[39m=[32m"w-full px-3 py-2 border border-gray-300 dark:border-gray-600 rounded-lg bg-white dark:bg-gray-800 text-gray-900 dark:text-gray-100 focus:ring-2 focus:ring-blue-500 focus:border-transparent"[39m
    [33mid[39m=[32m"language-select"[39m
  [36m/>[39m

  --------------------------------------------------
  option:

  Name "languages.en":
  [36m<option[39m
    [33mvalue[39m=[32m"en"[39m
  [36m/>[39m

  Name "languages.zh-TW":
  [36m<option[39m
    [33mvalue[39m=[32m"zh-TW"[39m
  [36m/>[39m

  Name "languages.zh-CN":
  [36m<option[39m
    [33mvalue[39m=[32m"zh-CN"[39m
  [36m/>[39m

  --------------------------------------------------

Ignored nodes: comments, script, style
[36m<body>[39m
  [36m<div>[39m
    [36m<div[39m
      [33mclass[39m=[32m"space-y-2"[39m
    [36m>[39m
      [36m<label[39m
        [33mclass[39m=[32m"block text-sm font-medium text-gray-700 dark:text-gray-300"[39m
        [33mfor[39m=[32m"language-select"[39m
      [36m>[39m
        [0mpreferences.language[0m
      [36m</label>[39m
      [36m<select[39m
        [33mclass[39m=[32m"w-full px-3 py-2 border border-gray-300 dark:border-gray-600 rounded-lg bg-white dark:bg-gray-800 text-gray-900 dark:text-gray-100 focus:ring-2 focus:ring-blue-500 focus:border-transparent"[39m
        [33mid[39m=[32m"language-select"[39m
      [36m>[39m
        [36m<option[39m
          [33mvalue[39m=[32m"en"[39m
        [36m>[39m
          [0mlanguages.en[0m
        [36m</option>[39m
        [36m<option[39m
          [33mvalue[39m=[32m"zh-TW"[39m
        [36m>[39m
          [0mlanguages.zh-TW[0m
        [36m</option>[39m
        [36m<option[39m
          [33mvalue[39m=[32m"zh-CN"[39m
        [36m>[39m
          [0mlanguages.zh-CN[0m
        [36m</option>[39m
      [36m</select>[39m
    [36m</div>[39m
  [36m</div>[39m
[36m</body>[39m
   × LanguageSelector Component > should change language when option is selected 1060ms
     → expected 'en' to be 'zh-TW' // Object.is equality

Ignored nodes: comments, script, style
[36m<html>[39m
  [36m<head />[39m
  [36m<body>[39m
    [36m<div>[39m
      [36m<div[39m
        [33mclass[39m=[32m"space-y-2"[39m
      [36m>[39m
        [36m<label[39m
          [33mclass[39m=[32m"block text-sm font-medium text-gray-700 dark:text-gray-300"[39m
          [33mfor[39m=[32m"language-select"[39m
        [36m>[39m
          [0mpreferences.language[0m
        [36m</label>[39m
        [36m<select[39m
          [33mclass[39m=[32m"w-full px-3 py-2 border border-gray-300 dark:border-gray-600 rounded-lg bg-white dark:bg-gray-800 text-gray-900 dark:text-gray-100 focus:ring-2 focus:ring-blue-500 focus:border-transparent"[39m
          [33mid[39m=[32m"language-select"[39m
        [36m>[39m
          [36m<option[39m
            [33mvalue[39m=[32m"en"[39m
          [36m>[39m
            [0mlanguages.en[0m
          [36m</option>[39m
          [36m<option[39m
            [33mvalue[39m=[32m"zh-TW"[39m
          [36m>[39m
            [0mlanguages.zh-TW[0m
          [36m</option>[39m
          [36m<option[39m
            [33mvalue[39m=[32m"zh-CN"[39m
          [36m>[39m
            [0mlanguages.zh-CN[0m
          [36m</option>[39m
        [36m</select>[39m
      [36m</div>[39m
    [36m</div>[39m
  [36m</body>[39m
[36m</html>[39m
   ✓ LanguageSelector Component > should persist language change to localStorage 30ms
   × LanguageSelector Component > should update select value when language changes 1034ms
     → expected 'en' to be 'zh-TW' // Object.is equality

Ignored nodes: comments, script, style
[36m<html>[39m
  [36m<head />[39m
  [36m<body>[39m
    [36m<div>[39m
      [36m<div[39m
        [33mclass[39m=[32m"space-y-2"[39m
      [36m>[39m
        [36m<label[39m
          [33mclass[39m=[32m"block text-sm font-medium text-gray-700 dark:text-gray-300"[39m
          [33mfor[39m=[32m"language-select"[39m
        [36m>[39m
          [0mpreferences.language[0m
        [36m</label>[39m
        [36m<select[39m
          [33mclass[39m=[32m"w-full px-3 py-2 border border-gray-300 dark:border-gray-600 rounded-lg bg-white dark:bg-gray-800 text-gray-900 dark:text-gray-100 focus:ring-2 focus:ring-blue-500 focus:border-transparent"[39m
          [33mid[39m=[32m"language-select"[39m
        [36m>[39m
          [36m<option[39m
            [33mvalue[39m=[32m"en"[39m
          [36m>[39m
            [0mlanguages.en[0m
          [36m</option>[39m
          [36m<option[39m
            [33mvalue[39m=[32m"zh-TW"[39m
          [36m>[39m
            [0mlanguages.zh-TW[0m
          [36m</option>[39m
          [36m<option[39m
            [33mvalue[39m=[32m"zh-CN"[39m
          [36m>[39m
            [0mlanguages.zh-CN[0m
          [36m</option>[39m
        [36m</select>[39m
      [36m</div>[39m
    [36m</div>[39m
  [36m</body>[39m
[36m</html>[39m
   × LanguageSelector Component > should switch from English to Traditional Chinese 1029ms
     → expected 'en' to be 'zh-TW' // Object.is equality

Ignored nodes: comments, script, style
[36m<html>[39m
  [36m<head />[39m
  [36m<body>[39m
    [36m<div>[39m
      [36m<div[39m
        [33mclass[39m=[32m"space-y-2"[39m
      [36m>[39m
        [36m<label[39m
          [33mclass[39m=[32m"block text-sm font-medium text-gray-700 dark:text-gray-300"[39m
          [33mfor[39m=[32m"language-select"[39m
        [36m>[39m
          [0mpreferences.language[0m
        [36m</label>[39m
        [36m<select[39m
          [33mclass[39m=[32m"w-full px-3 py-2 border border-gray-300 dark:border-gray-600 rounded-lg bg-white dark:bg-gray-800 text-gray-900 dark:text-gray-100 focus:ring-2 focus:ring-blue-500 focus:border-transparent"[39m
          [33mid[39m=[32m"language-select"[39m
        [36m>[39m
          [36m<option[39m
            [33mvalue[39m=[32m"en"[39m
          [36m>[39m
            [0mlanguages.en[0m
          [36m</option>[39m
          [36m<option[39m
            [33mvalue[39m=[32m"zh-TW"[39m
          [36m>[39m
            [0mlanguages.zh-TW[0m
          [36m</option>[39m
          [36m<option[39m
            [33mvalue[39m=[32m"zh-CN"[39m
          [36m>[39m
            [0mlanguages.zh-CN[0m
          [36m</option>[39m
        [36m</select>[39m
      [36m</div>[39m
    [36m</div>[39m
  [36m</body>[39m
[36m</html>[39m
   × LanguageSelector Component > should switch from English to Simplified Chinese 1054ms
     → expected 'en' to be 'zh-CN' // Object.is equality

Ignored nodes: comments, script, style
[36m<html>[39m
  [36m<head />[39m
  [36m<body>[39m
    [36m<div>[39m
      [36m<div[39m
        [33mclass[39m=[32m"space-y-2"[39m
      [36m>[39m
        [36m<label[39m
          [33mclass[39m=[32m"block text-sm font-medium text-gray-700 dark:text-gray-300"[39m
          [33mfor[39m=[32m"language-select"[39m
        [36m>[39m
          [0mpreferences.language[0m
        [36m</label>[39m
        [36m<select[39m
          [33mclass[39m=[32m"w-full px-3 py-2 border border-gray-300 dark:border-gray-600 rounded-lg bg-white dark:bg-gray-800 text-gray-900 dark:text-gray-100 focus:ring-2 focus:ring-blue-500 focus:border-transparent"[39m
          [33mid[39m=[32m"language-select"[39m
        [36m>[39m
          [36m<option[39m
            [33mvalue[39m=[32m"en"[39m
          [36m>[39m
            [0mlanguages.en[0m
          [36m</option>[39m
          [36m<option[39m
            [33mvalue[39m=[32m"zh-TW"[39m
          [36m>[39m
            [0mlanguages.zh-TW[0m
          [36m</option>[39m
          [36m<option[39m
            [33mvalue[39m=[32m"zh-CN"[39m
          [36m>[39m
            [0mlanguages.zh-CN[0m
          [36m</option>[39m
        [36m</select>[39m
      [36m</div>[39m
    [36m</div>[39m
  [36m</body>[39m
[36m</html>[39m
   × LanguageSelector Component > should switch between Chinese variants 1044ms
     → expected 'en' to be 'zh-TW' // Object.is equality

Ignored nodes: comments, script, style
[36m<html>[39m
  [36m<head />[39m
  [36m<body>[39m
    [36m<div>[39m
      [36m<div[39m
        [33mclass[39m=[32m"space-y-2"[39m
      [36m>[39m
        [36m<label[39m
          [33mclass[39m=[32m"block text-sm font-medium text-gray-700 dark:text-gray-300"[39m
          [33mfor[39m=[32m"language-select"[39m
        [36m>[39m
          [0mpreferences.language[0m
        [36m</label>[39m
        [36m<select[39m
          [33mclass[39m=[32m"w-full px-3 py-2 border border-gray-300 dark:border-gray-600 rounded-lg bg-white dark:bg-gray-800 text-gray-900 dark:text-gray-100 focus:ring-2 focus:ring-blue-500 focus:border-transparent"[39m
          [33mid[39m=[32m"language-select"[39m
        [36m>[39m
          [36m<option[39m
            [33mvalue[39m=[32m"en"[39m
          [36m>[39m
            [0mlanguages.en[0m
          [36m</option>[39m
          [36m<option[39m
            [33mvalue[39m=[32m"zh-TW"[39m
          [36m>[39m
            [0mlanguages.zh-TW[0m
          [36m</option>[39m
          [36m<option[39m
            [33mvalue[39m=[32m"zh-CN"[39m
          [36m>[39m
            [0mlanguages.zh-CN[0m
          [36m</option>[39m
        [36m</select>[39m
      [36m</div>[39m
    [36m</div>[39m
  [36m</body>[39m
[36m</html>[39m
   × LanguageSelector Component > should maintain language selection across re-renders 1032ms
     → expected 'en' to be 'zh-TW' // Object.is equality

Ignored nodes: comments, script, style
[36m<html>[39m
  [36m<head />[39m
  [36m<body>[39m
    [36m<div>[39m
      [36m<div[39m
        [33mclass[39m=[32m"space-y-2"[39m
      [36m>[39m
        [36m<label[39m
          [33mclass[39m=[32m"block text-sm font-medium text-gray-700 dark:text-gray-300"[39m
          [33mfor[39m=[32m"language-select"[39m
        [36m>[39m
          [0mpreferences.language[0m
        [36m</label>[39m
        [36m<select[39m
          [33mclass[39m=[32m"w-full px-3 py-2 border border-gray-300 dark:border-gray-600 rounded-lg bg-white dark:bg-gray-800 text-gray-900 dark:text-gray-100 focus:ring-2 focus:ring-blue-500 focus:border-transparent"[39m
          [33mid[39m=[32m"language-select"[39m
        [36m>[39m
          [36m<option[39m
            [33mvalue[39m=[32m"en"[39m
          [36m>[39m
            [0mlanguages.en[0m
          [36m</option>[39m
          [36m<option[39m
            [33mvalue[39m=[32m"zh-TW"[39m
          [36m>[39m
            [0mlanguages.zh-TW[0m
          [36m</option>[39m
          [36m<option[39m
            [33mvalue[39m=[32m"zh-CN"[39m
          [36m>[39m
            [0mlanguages.zh-CN[0m
          [36m</option>[39m
        [36m</select>[39m
      [36m</div>[39m
    [36m</div>[39m
  [36m</body>[39m
[36m</html>[39m
stdout | src/pages/__tests__/ScheduleScreen.test.tsx > ScheduleScreen > renders FAB for adding activities
📜 Scroll detected: { scrollY: [33m0[39m, lastScrollY: [33m0[39m, threshold: [33m5[39m }
🔵 FAB state: { isScrollingDown: [33mfalse[39m, isAtTop: [33mtrue[39m }

stderr | src/pages/__tests__/ScheduleScreen.test.tsx > ScheduleScreen > renders FAB for adding activities
Not implemented: Window's scrollTo() method

 ❯ src/components/budget/organisms/__tests__/BudgetDashboard.test.tsx (19 tests | 1 failed) 1453ms
   ✓ BudgetDashboard > Rendering > renders trip title correctly 259ms
   × BudgetDashboard > Rendering > renders budget progress ring with correct data 113ms
     → Found multiple elements with the text: 50%

Here are the matching elements:

Ignored nodes: comments, script, style
[36m<div[39m
  [33mclass[39m=[32m"font-bold text-base text-green-600 dark:text-green-400"[39m
[36m>[39m
  [0m50[0m
  [0m%[0m
[36m</div>[39m

Ignored nodes: comments, script, style
[36m<div[39m
  [33mclass[39m=[32m"font-bold text-2xl text-green-600 dark:text-green-400"[39m
[36m>[39m
  [0m50[0m
  [0m%[0m
[36m</div>[39m

(If this is intentional, then use the `*AllBy*` variant of the query (like `queryAllByText`, `getAllByText`, or `findAllByText`)).

Ignored nodes: comments, script, style
[36m<body>[39m
  [36m<div>[39m
    [36m<div[39m
      [33maria-hidden[39m=[32m"true"[39m
      [33mclass[39m=[32m"h-0"[39m
    [36m/>[39m
    [36m<div[39m
      [33mclass[39m=[32m"transition-all duration-300 bg-transparent "[39m
    [36m>[39m
      [36m<div[39m
        [33mclass[39m=[32m"max-w-7xl mx-auto px-4 sm:px-6 lg:px-8 py-2 sm:py-3 md:py-6"[39m
      [36m>[39m
        [36m<div[39m
          [33mclass[39m=[32m"flex flex-col sm:flex-row sm:items-center sm:justify-between gap-2 sm:gap-4 mb-2 sm:mb-3 md:mb-6"[39m
        [36m>[39m
          [36m<h1[39m
            [33mclass[39m=[32m"text-xl sm:text-2xl md:text-3xl font-bold text-gray-900 dark:text-white truncate flex-1"[39m
            [33mtitle[39m=[32m"Test Trip"[39m
          [36m>[39m
            [0mTest Trip[0m
          [36m</h1>[39m
          [36m<div[39m
            [33mclass[39m=[32m"w-full sm:w-64"[39m
          [36m>[39m
            [36m<div[39m
              [33mclass[39m=[32m"space-y-2 w-full"[39m
            [36m>[39m
              [36m<div[39m
                [33mclass[39m=[32m"relative"[39m
              [36m>[39m
                [36m<select[39m
                  [33maria-label[39m=[32m""[39m
                  [33mclass[39m=[32m"w-full appearance-none rounded-2xl border-2 border-gray-200 dark:border-gray-700 bg-white dark:bg-gray-800 px-3 sm:px-4 py-2 sm:py-3 pr-10 text-sm sm:text-base text-gray-900 dark:text-white focus:border-pink-300 dark:focus:border-pink-600 focus:outline-none focus:ring-2 focus:ring-pink-200 dark:focus:ring-pink-800 transition-all duration-200 cursor-pointer hover:border-pink-200 dark:hover:border-pink-700"[39m
                [36m>[39m
                  [36m<option[39m
                    [33mvalue[39m=[32m"HKD"[39m
                  [36m>[39m
                    [0mHK$[0m
                    [0m [0m
                    [0mHKD[0m
                    [0m - [0m
                    [0mHong Kong Dollar[0m
                  [36m</option>[39m
                  [36m<option[39m
                    [33mvalue[39m=[32m"USD"[39m
                  [36m>[39m
                    [0m$[0m
                    [0m [0m
                    [0mUSD[0m
                    [0m - [0m
                    [0mUS Dollar[0m
                  [36m</option>[39m
                  [36m<option[39m
                    [33mvalue[39m=[32m"EUR"[39m
                  [36m>[39m
                    [0m€[0m
                    [0m [0m
                    [0mEUR[0m
                    [0m - [0m
                    [0mEuro[0m
                  [36m</option>[39m
                  [36m<option[39m
                    [33mvalue[39m=[32m"GBP"[39m
                  [36m>[39m
                    [0m£[0m
                    [0m [0m
                    [0mGBP[0m
                    [0m - [0m
                    [0mBritish Pound[0m
                  [36m</option>[39m
                  [36m<option[39m
                    [33mvalue[39m=[32m"JPY"[39m
                  [36m>[39m
                    [0m¥[0m
                    [0m [0m
                    [0mJPY[0m
                    [0m - [0m
                    [0mJapanese Yen[0m
                  [36m</option>[39m
                  [36m<option[39m
                    [33mvalue[39m=[32m"CNY"[39m
                  [36m>[39m
                    [0m¥[0m
                    [0m [0m
                    [0mCNY[0m
                    [0m - [0m
                    [0mChinese Yuan[0m
                  [36m</option>[39m
                  [36m<option[39m
                    [33mvalue[39m=[32m"KRW"[39m
                  [36m>[39m
                    [0m₩[0m
                    [0m [0m
                    [0mKRW[0m
                    [0m - [0m
                    [0mKorean Won[0m
                  [36m</option>[39m
                  [36m<option[39m
                    [33mvalue[39m=[32m"TWD"[39m
                  [36m>[39m
                    [0mNT$[0m
                    [0m [0m
                    [0mTWD[0m
                    [0m - [0m
                    [0mTaiwan Dollar[0m
                  [36m</option>[39m
                  [36m<option[39m
                    [33mvalue[39m=[32m"SGD"[39m
                  [36m>[39m
                    [0mS$[0m
                    [0m [0m
                    [0mSGD[0m
                    [0m - [0m
                    [0mSingapore Dollar[0m
                  [36m</option>[39m
                  [36m<option[39m
                    [33mvalue[39m=[32m"AUD"[39m
                  [36m>[39m
                    [0mA$[0m
                    [0m [0m
                    [0mAUD[0m
                    [0m - [0m
                    [0mAustralian Dollar[0m
                  [36m</option>[39m
                  [36m<option[39m
                    [33mvalue[39m=[32m"CAD"[39m
                  [36m>[39m
                    [0mC$[0m
                    [0m [0m
                    [0mCAD[0m
                    [0m - [0m
                    [0mCanadian Dollar[0m
                  [36m</option>[39m
                  [36m<option[39m
                    [33mvalue[39m=[32m"THB"[39m
                  [36m>[39m
                    [0m฿[0m
                    [0m [0m
                    [0mTHB[0m
                    [0m - [0m
                    [0mThai Baht[0m
                  [36m</option>[39m
                [36m</select>[39m
                [36m<div[39m
                  [33mclass[39m=[32m"pointer-events-none absolute inset-y-0 right-0 flex items-center px-3 text-gray-500 dark:text-gray-400"[39m
                [36m>[39m
                  [36m<svg[39m
                    [33mclass[39m=[32m"h-5 w-5"[39m
                    [33mfill[39m=[32m"currentColor"[39m
                    [33mviewBox[39m=[32m"0 0 20 20"[39m
                  [36m>[39m
                    [36m<path[39m
                      [33mclip-rule[39m=[32m"evenodd"[39m
                      [33md[39m=[32m"M5.293 7.293a1 1 0 011.414 0L10 10.586l3.293-3.293a1 1 0 111.414 1.414l-4 4a1 1 0 01-1.414 0l-4-4a1 1 0 010-1.414z"[39m
                      [33mfill-rule[39m=[32m"evenodd"[39m
                    [36m/>[39m
                  [36m</svg>[39m
                [36m</div>[39m
              [36m</div>[39m
              [36m<div[39m
                [33mclass[39m=[32m"text-xs text-gray-500 dark:text-gray-400 hidden sm:block"[39m
              [36m>[39m
                [0mSelected: [0m
                [0mHK$[0m
                [0m [0m
                [0mHong Kong Dollar[0m
              [36m</div>[39m
            [36m</div>[39m
          [36m</div>[39m
        [36m</div>[39m
        [36m<div[39m
          [33mclass[39m=[32m"gr...
   ✓ BudgetDashboard > Rendering > renders cat animation 272ms
   ✓ BudgetDashboard > Rendering > renders budget stats cards 48ms
   ✓ BudgetDashboard > Rendering > renders burn rate indicator 59ms
   ✓ BudgetDashboard > Rendering > renders currency selector 95ms
   ✓ BudgetDashboard > Currency Selection > calls onCurrencyChange when currency is changed 104ms
   ✓ BudgetDashboard > Alert Banners > displays warning alert at 70% budget 43ms
   ✓ BudgetDashboard > Alert Banners > displays critical warning alert at 90% budget 45ms
   ✓ BudgetDashboard > Alert Banners > displays over-budget alert at 100%+ budget 33ms
   ✓ BudgetDashboard > Alert Banners > displays burn rate warning when 20% over planned 32ms
   ✓ BudgetDashboard > Alert Banners > does not display alerts when under 70% budget 26ms
   ✓ BudgetDashboard > Alert Dismissal > dismisses alert when dismiss button is clicked 62ms
   ✓ BudgetDashboard > Alert Dismissal > saves dismissed alert to localStorage 55ms
   ✓ BudgetDashboard > Alert Dismissal > does not show dismissed alert on re-render within 24 hours 34ms
   ✓ BudgetDashboard > Alert Dismissal > shows dismissed alert after 24 hours 47ms
   ✓ BudgetDashboard > Responsive Behavior > applies custom className 26ms
   ✓ BudgetDashboard > Accessibility > has proper ARIA labels for alerts 66ms
   ✓ BudgetDashboard > Accessibility > has accessible dismiss button 29ms
stdout | src/pages/__tests__/ScheduleScreen.test.tsx > ScheduleScreen > handles error state when trip not found
📜 Scroll detected: { scrollY: [33m0[39m, lastScrollY: [33m0[39m, threshold: [33m5[39m }
🔵 FAB state: { isScrollingDown: [33mfalse[39m, isAtTop: [33mtrue[39m }

stderr | src/pages/__tests__/ScheduleScreen.test.tsx > ScheduleScreen > handles error state when trip not found
Not implemented: Window's scrollTo() method

 ❯ src/components/kawaii/__tests__/SettingsComponents.test.tsx (38 tests | 30 failed) 1077ms
   × ThemeCustomization > renders theme customization component 13ms
     → useKawaiiThemeStore.getState is not a function
   × ThemeCustomization > displays all 6 preset colors 1ms
     → useKawaiiThemeStore.getState is not a function
   × ThemeCustomization > applies preset color when clicked 1ms
     → useKawaiiThemeStore.getState is not a function
   × ThemeCustomization > shows custom color picker when custom button clicked 2ms
     → useKawaiiThemeStore.getState is not a function
   × ThemeCustomization > displays live preview indicator 1ms
     → useKawaiiThemeStore.getState is not a function
   × ThemeCustomization > highlights selected preset color 1ms
     → useKawaiiThemeStore.getState is not a function
   × FontSizeSlider > renders font size slider component 1ms
     → useKawaiiThemeStore.getState is not a function
   × FontSizeSlider > displays current font size value 1ms
     → useKawaiiThemeStore.getState is not a function
   × FontSizeSlider > displays size reference labels 1ms
     → useKawaiiThemeStore.getState is not a function
   × FontSizeSlider > changes font size when slider moved 1ms
     → useKawaiiThemeStore.getState is not a function
   × FontSizeSlider > changes font size when size label clicked 1ms
     → useKawaiiThemeStore.getState is not a function
   × FontSizeSlider > displays preview text 1ms
     → useKawaiiThemeStore.getState is not a function
   × FontSizeSlider > shows reset button when font size is not default 1ms
     → useKawaiiThemeStore.getState is not a function
   × FontSizeSlider > resets font size when reset button clicked 1ms
     → useKawaiiThemeStore.getState is not a function
   × DarkModeToggle > renders dark mode toggle component 1ms
     → useKawaiiThemeStore.getState is not a function
   × DarkModeToggle > displays correct description for light mode 1ms
     → useKawaiiThemeStore.getState is not a function
   × DarkModeToggle > displays correct description for dark mode 1ms
     → useKawaiiThemeStore.getState is not a function
   × DarkModeToggle > toggles dark mode when clicked 1ms
     → useKawaiiThemeStore.getState is not a function
   × DarkModeToggle > displays appropriate info text for light mode 1ms
     → useKawaiiThemeStore.getState is not a function
   × DarkModeToggle > displays appropriate info text for dark mode 1ms
     → useKawaiiThemeStore.getState is not a function
   × DarkModeToggle > has correct aria attributes 1ms
     → useKawaiiThemeStore.getState is not a function
   × AnimationSelector > renders animation selector component 1ms
     → useKawaiiThemeStore.getState is not a function
   × AnimationSelector > displays all animation options 1ms
     → useKawaiiThemeStore.getState is not a function
   × AnimationSelector > displays descriptions for each option 1ms
     → useKawaiiThemeStore.getState is not a function
   × AnimationSelector > selects animation when clicked 0ms
     → useKawaiiThemeStore.getState is not a function
   × AnimationSelector > highlights selected animation 0ms
     → useKawaiiThemeStore.getState is not a function
   × AnimationSelector > displays info for selected animation 1ms
     → useKawaiiThemeStore.getState is not a function
   × AnimationSelector > shows performance note when animation is active 0ms
     → useKawaiiThemeStore.getState is not a function
   × AnimationSelector > does not show performance note when no animation 1ms
     → useKawaiiThemeStore.getState is not a function
   ✓ LanguageSelector > renders language selector component 168ms
   ✓ LanguageSelector > displays current language 26ms
   ✓ LanguageSelector > opens dropdown when clicked 276ms
   ✓ LanguageSelector > displays all language options in dropdown 123ms
   ✓ LanguageSelector > displays language info 17ms
   ✓ LanguageSelector > displays live preview indicator 17ms
   ✓ LanguageSelector > has correct aria attributes 16ms
   ✓ Settings Components Integration > all components can be rendered together  307ms
   × Settings Components Integration > theme changes persist across components 84ms
     → Unable to find a label with the text of: Select Blue theme

Ignored nodes: comments, script, style
[36m<body>[39m
  [36m<div>[39m
    [36m<div>[39m
      [36m<div[39m
        [33mclass[39m=[32m"rounded-xl transition-all duration-300 bg-white dark:bg-kawaii-neutral-800 shadow-md p-6"[39m
        [33mstyle[39m=[32m"transform: none;"[39m
      [36m>[39m
        [36m<h3[39m
          [33mclass[39m=[32m"text-lg font-semibold text-kawaii-neutral-800 dark:text-kawaii-neutral-100 mb-4"[39m
        [36m>[39m
          [0mTheme Color[0m
        [36m</h3>[39m
        [36m<p[39m
          [33mclass[39m=[32m"text-sm text-kawaii-neutral-600 dark:text-kawaii-neutral-400 mb-6"[39m
        [36m>[39m
          [0mChoose a preset color or create your own custom theme[0m
        [36m</p>[39m
        [36m<div[39m
          [33mclass[39m=[32m"mb-6"[39m
        [36m>[39m
          [36m<label[39m
            [33mclass[39m=[32m"block text-sm font-medium text-kawaii-neutral-700 dark:text-kawaii-neutral-300 mb-3"[39m
          [36m>[39m
            [0mPreset Colors[0m
          [36m</label>[39m
          [36m<div[39m
            [33mclass[39m=[32m"grid grid-cols-6 gap-3"[39m
          [36m>[39m
            [36m<button[39m
              [33maria-label[39m=[32m"Select Kawaii Pink theme"[39m
              [33maria-pressed[39m=[32m"true"[39m
              [33mclass[39m=[32m"relative w-full aspect-square rounded-full min-h-[44px] min-w-[44px] focus:outline-none focus-visible:ring-2 focus-visible:ring-offset-2 transition-all duration-200 ring-2 ring-offset-2 ring-kawaii-neutral-400 dark:ring-kawaii-neutral-500"[39m
              [33mstyle[39m=[32m"background-color: rgb(255, 179, 186);"[39m
              [33mtabindex[39m=[32m"0"[39m
            [36m>[39m
              [36m<div[39m
                [33mclass[39m=[32m"absolute inset-0 flex items-center justify-center"[39m
                [33mstyle[39m=[32m"transform: scale(0);"[39m
              [36m>[39m
                [36m<svg[39m
                  [33mclass[39m=[32m"w-6 h-6 text-white drop-shadow-md"[39m
                  [33mfill[39m=[32m"none"[39m
                  [33mstroke[39m=[32m"currentColor"[39m
                  [33mviewBox[39m=[32m"0 0 24 24"[39m
                [36m>[39m
                  [36m<path[39m
                    [33md[39m=[32m"M5 13l4 4L19 7"[39m
                    [33mstroke-linecap[39m=[32m"round"[39m
                    [33mstroke-linejoin[39m=[32m"round"[39m
                    [33mstroke-width[39m=[32m"3"[39m
                  [36m/>[39m
                [36m</svg>[39m
              [36m</div>[39m
            [36m</button>[39m
            [36m<button[39m
              [33maria-label[39m=[32m"Select Kawaii Orange theme"[39m
              [33maria-pressed[39m=[32m"false"[39m
              [33mclass[39m=[32m"relative w-full aspect-square rounded-full min-h-[44px] min-w-[44px] focus:outline-none focus-visible:ring-2 focus-visible:ring-offset-2 transition-all duration-200"[39m
              [33mstyle[39m=[32m"background-color: rgb(244, 164, 96);"[39m
              [33mtabindex[39m=[32m"0"[39m
            [36m/>[39m
            [36m<button[39m
              [33maria-label[39m=[32m"Select Kawaii Blue theme"[39m
              [33maria-pressed[39m=[32m"false"[39m
              [33mclass[39m=[32m"relative w-full aspect-square rounded-full min-h-[44px] min-w-[44px] focus:outline-none focus-visible:ring-2 focus-visible:ring-offset-2 transition-all duration-200"[39m
              [33mstyle[39m=[32m"background-color: rgb(107, 155, 209);"[39m
              [33mtabindex[39m=[32m"0"[39m
            [36m/>[39m
            [36m<button[39m
              [33maria-label[39m=[32m"Select Kawaii Teal theme"[39m
              [33maria-pressed[39m=[32m"false"[39m
              [33mclass[39m=[32m"relative w-full aspect-square rounded-full min-h-[44px] min-w-[44px] focus:outline-none focus-visible:ring-2 focus-visible:ring-offset-2 transition-all duration-200"[39m
              [33mstyle[39m=[32m"background-color: rgb(126, 206, 196);"[39m
              [33mtabindex[39m=[32m"0"[39m
            [36m/>[39m
            [36m<button[39m
              [33maria-label[39m=[32m"Select Kawaii Purple theme"[39m
              [33maria-pressed[39m=[32m"false"[39m
              [33mclass[39m=[32m"relative w-full aspect-square rounded-full min-h-[44px] min-w-[44px] focus:outline-none focus-visible:ring-2 focus-visible:ring-offset-2 transition-all duration-200"[39m
              [33mstyle[39m=[32m"background-color: rgb(197, 179, 230);"[39m
              [33mtabindex[39m=[32m"0"[39m
            [36m/>[39m
            [36m<button[39m
              [33maria-label[39m=[32m"Select Kawaii Yellow theme"[39m
              [33maria-pressed[39m=[32m"false"[39m
              [33mclass[39m=[32m"relative w-full aspect-square rounded-full min-h-[44px] min-w-[44px] focus:outline-none focus-visible:ring-2 focus-visible:ring-offset-2 transition-all duration-200"[39m
              [33mstyle[39m=[32m"background-color: rgb(255, 217, 125);"[39m
              [33mtabindex[39m=[32m"0"[39m
            [36m/>[39m
          [36m</div>[39m
          [36m<div[39m
            [33mclass[39m=[32m"grid grid-cols-6 gap-3 mt-2"[39m
          [36m>[39m
            [36m<div[39m
              [33mclass[39m=[32m"text-center text-xs text-kawaii-neutral-600 dark:text-kawaii-neutral-400"[39m
            [36m>[39m
              [0mKawaii Pink[0m
            [36m</div>[39m
            [36m<div[39m
              [33mclass[39m=[32m"text-center text-xs text-kawaii-neutral-600 dark:text-kawaii-neutral-400"[39m
            [36m>[39m
              [0mKawaii Orange[0m
            [36m</div>[39m
            [36m<div[39m
              [33mclass[39m=[32m"text-center text-xs text-kawaii-neutral-600 dark:text-kawaii-neutral-400"[39m
            [36m>[39m
              [0mKawaii Blue[0m
            [36m</div>[39m
            [36m<div[39m
              [33mclass[39m=[32m"text-center text-xs text-kawaii-neutral-600 dark:text-kawaii-neutral-400"[39m
            [36m>[39m
              [0mKawaii Teal[0m
            [36m</div>[39m
            [36m<div[39m
              [33mclass[39m=[32m"text-center text-xs text-kawaii-neutral-600 dark:text-kawaii-neutral-400"[39m
            [36m>[39m
              [0mKawaii Purple[0m
            [36m</div>[39m
            [36m<div[39m
              [33mclass[39m=[32m"text-center text-xs text-kawaii-neutral-600 dark:text-kawaii-neutral-400"[39m
            [36m>[39m
              [0mKawaii Yellow[0m
            [36m</div>[39m
          [36m</div>[39m
        [36m</div>[39m
        [36m<div>[39m
          [36m<label[39m
            [33mclass[39m=[32m"block text-sm font-medium text-kawaii-neutral-700 dark:text-kawaii-neutral-300 mb-3"...
 ❯ src/hooks/__tests__/useI18n.test.tsx (27 tests | 6 failed) 4245ms
   ✓ useI18n Hook > Translation Function > should provide translation function 42ms
   × useI18n Hook > Translation Function > should translate keys correctly 26ms
     → expected 'common:appName' to be 'Journo' // Object.is equality
   × useI18n Hook > Translation Function > should translate with namespace 9ms
     → expected 'trip:createTrip' to be 'Create Trip' // Object.is equality
   ✓ useI18n Hook > Language Property > should provide current language 6ms
   × useI18n Hook > Language Property > should update language when changed 1027ms
     → expected 'en' to be 'zh-TW' // Object.is equality

Ignored nodes: comments, script, style
[36m<html>[39m
  [36m<head />[39m
  [36m<body>[39m
    [36m<div />[39m
  [36m</body>[39m
[36m</html>[39m
   ✓ useI18n Hook > Date Formatters > should provide formatDate function 3ms
   ✓ useI18n Hook > Date Formatters > should format dates with current locale 5ms
   ✓ useI18n Hook > Date Formatters > should format dates with Chinese locale after language change 7ms
   ✓ useI18n Hook > Date Formatters > should provide formatDateTime function 4ms
   ✓ useI18n Hook > Date Formatters > should provide formatTime function 3ms
   ✓ useI18n Hook > Date Formatters > should provide formatRelativeTime function 2ms
   ✓ useI18n Hook > Date Formatters > should provide formatTimeAgo function 5ms
   ✓ useI18n Hook > Currency Formatters > should provide formatCurrency function 2ms
   ✓ useI18n Hook > Currency Formatters > should format currency with current locale 44ms
   ✓ useI18n Hook > Currency Formatters > should format currency with Chinese locale after language change 4ms
   ✓ useI18n Hook > Number Formatters > should provide formatNumber function 2ms
   ✓ useI18n Hook > Number Formatters > should format numbers with current locale 3ms
   ✓ useI18n Hook > Number Formatters > should provide formatPercent function 2ms
   ✓ useI18n Hook > Number Formatters > should format percentages correctly 2ms
   ✓ useI18n Hook > Distance and Duration Formatters > should provide formatDistance function 2ms
   ✓ useI18n Hook > Distance and Duration Formatters > should format distance in imperial for English 2ms
   × useI18n Hook > Distance and Duration Formatters > should format distance in metric for Chinese 1011ms
     → expected '3.1mi' to contain 'km'

Ignored nodes: comments, script, style
[36m<html>[39m
  [36m<head />[39m
  [36m<body>[39m
    [36m<div />[39m
  [36m</body>[39m
[36m</html>[39m
   ✓ useI18n Hook > Distance and Duration Formatters > should provide formatDuration function 2ms
   ✓ useI18n Hook > Distance and Duration Formatters > should format duration in English 3ms
   × useI18n Hook > Distance and Duration Formatters > should format duration in Chinese 1014ms
     → expected '2h 30m' to be '2小时30分钟' // Object.is equality

Ignored nodes: comments, script, style
[36m<html>[39m
  [36m<head />[39m
  [36m<body>[39m
    [36m<div />[39m
  [36m</body>[39m
[36m</html>[39m
   ✓ useI18n Hook > i18n Instance > should provide i18n instance 3ms
   × useI18n Hook > i18n Instance > should allow language changes through i18n instance 1006ms
     → expected 'en' to be 'zh-TW' // Object.is equality

Ignored nodes: comments, script, style
[36m<html>[39m
  [36m<head />[39m
  [36m<body>[39m
    [36m<div />[39m
  [36m</body>[39m
[36m</html>[39m
stdout | src/pages/__tests__/ScheduleScreen.test.tsx > ScheduleScreen > handles authentication error
📜 Scroll detected: { scrollY: [33m0[39m, lastScrollY: [33m0[39m, threshold: [33m5[39m }
🔵 FAB state: { isScrollingDown: [33mfalse[39m, isAtTop: [33mtrue[39m }

stderr | src/pages/__tests__/ScheduleScreen.test.tsx > ScheduleScreen > handles authentication error
Not implemented: Window's scrollTo() method

stderr | src/components/kawaii/__tests__/BottomNavigation.test.tsx > BottomNavigation > renders all 7 navigation tabs
Warning: React does not recognize the `layoutId` prop on a DOM element. If you intentionally want it to appear in the DOM as a custom attribute, spell it as lowercase `layoutid` instead. If you accidentally passed it from a parent component, remove it from the DOM element.
    at div
    at div (/Users/poonjohnny/Desktop/ProjectApp/Journo/frontend/src/components/kawaii/__tests__/BottomNavigation.test.tsx:9:13)
    at button
    at button (/Users/poonjohnny/Desktop/ProjectApp/Journo/frontend/src/components/kawaii/__tests__/BottomNavigation.test.tsx:4:16)
    at div
    at nav
    at BottomNavigation (/Users/poonjohnny/Desktop/ProjectApp/Journo/frontend/src/components/kawaii/BottomNavigation.tsx:73:14)
    at Router (/Users/poonjohnny/Desktop/ProjectApp/Journo/node_modules/react-router/dist/umd/react-router.development.js:1207:17)
    at BrowserRouter (/Users/poonjohnny/Desktop/ProjectApp/Journo/node_modules/react-router-dom/dist/umd/react-router-dom.development.js:695:7)
Warning: Received `false` for a non-boolean attribute `initial`.

If you want to write it to the DOM, pass a string instead: initial="false" or initial={value.toString()}.

If you used to conditionally omit it with initial={condition && value}, pass initial={condition ? value : undefined} instead.
    at div
    at div (/Users/poonjohnny/Desktop/ProjectApp/Journo/frontend/src/components/kawaii/__tests__/BottomNavigation.test.tsx:9:13)
    at button
    at button (/Users/poonjohnny/Desktop/ProjectApp/Journo/frontend/src/components/kawaii/__tests__/BottomNavigation.test.tsx:4:16)
    at div
    at nav
    at BottomNavigation (/Users/poonjohnny/Desktop/ProjectApp/Journo/frontend/src/components/kawaii/BottomNavigation.tsx:73:14)
    at Router (/Users/poonjohnny/Desktop/ProjectApp/Journo/node_modules/react-router/dist/umd/react-router.development.js:1207:17)
    at BrowserRouter (/Users/poonjohnny/Desktop/ProjectApp/Journo/node_modules/react-router-dom/dist/umd/react-router-dom.development.js:695:7)
Warning: React does not recognize the `whileTap` prop on a DOM element. If you intentionally want it to appear in the DOM as a custom attribute, spell it as lowercase `whiletap` instead. If you accidentally passed it from a parent component, remove it from the DOM element.
    at button
    at button (/Users/poonjohnny/Desktop/ProjectApp/Journo/frontend/src/components/kawaii/__tests__/BottomNavigation.test.tsx:4:16)
    at div
    at nav
    at BottomNavigation (/Users/poonjohnny/Desktop/ProjectApp/Journo/frontend/src/components/kawaii/BottomNavigation.tsx:73:14)
    at Router (/Users/poonjohnny/Desktop/ProjectApp/Journo/node_modules/react-router/dist/umd/react-router.development.js:1207:17)
    at BrowserRouter (/Users/poonjohnny/Desktop/ProjectApp/Journo/node_modules/react-router-dom/dist/umd/react-router-dom.development.js:695:7)
⚠️ React Router Future Flag Warning: React Router will begin wrapping state updates in `React.startTransition` in v7. You can use the `v7_startTransition` future flag to opt-in early. For more information, see https://reactrouter.com/v6/upgrading/future#v7_starttransition.
⚠️ React Router Future Flag Warning: Relative route resolution within Splat routes is changing in v7. You can use the `v7_relativeSplatPath` future flag to opt-in early. For more information, see https://reactrouter.com/v6/upgrading/future#v7_relativesplatpath.

 ❯ src/components/kawaii/__tests__/BottomNavigation.test.tsx (10 tests | 7 failed) 1368ms
   × BottomNavigation > renders all 7 navigation tabs 226ms
     → Unable to find a label with the text of: Schedule

Ignored nodes: comments, script, style
[36m<body>[39m
  [36m<div>[39m
    [36m<nav[39m
      [33maria-label[39m=[32m"Bottom navigation"[39m
      [33mclass[39m=[32m"fixed bottom-0 left-0 right-0 z-40 bg-white border-t border-kawaii-neutral-200 dark:bg-kawaii-neutral-900 dark:border-kawaii-neutral-800 shadow-lg"[39m
      [33mrole[39m=[32m"navigation"[39m
      [33mstyle[39m=[32m"padding-bottom: 0px;"[39m
    [36m>[39m
      [36m<div[39m
        [33mclass[39m=[32m"flex items-center h-16 px-2"[39m
        [33mstyle[39m=[32m"justify-content: space-around;"[39m
      [36m>[39m
        [36m<button[39m
          [33maria-current[39m=[32m"page"[39m
          [33maria-label[39m=[32m"navigation.schedule"[39m
          [33mclass[39m=[32m"flex flex-col items-center justify-center min-w-[44px] min-h-[44px] px-2 py-1 rounded-lg touch-manipulation focus:outline-none focus:ring-2 focus:ring-kawaii-primary-500 focus:ring-offset-2 transition-colors duration-200"[39m
          [33mtransition[39m=[32m"[object Object]"[39m
          [33mwhiletap[39m=[32m"[object Object]"[39m
        [36m>[39m
          [36m<div[39m
            [33manimate[39m=[32m"[object Object]"[39m
            [33mclass[39m=[32m"relative"[39m
            [33mtransition[39m=[32m"[object Object]"[39m
          [36m>[39m
            [36m<svg[39m
              [33maria-hidden[39m=[32m"true"[39m
              [33mclass[39m=[32m"w-6 h-6 text-kawaii-primary-600 dark:text-kawaii-primary-400"[39m
              [33mdata-slot[39m=[32m"icon"[39m
              [33mfill[39m=[32m"currentColor"[39m
              [33mviewBox[39m=[32m"0 0 24 24"[39m
              [33mxmlns[39m=[32m"http://www.w3.org/2000/svg"[39m
            [36m>[39m
              [36m<path[39m
                [33md[39m=[32m"M12.75 12.75a.75.75 0 1 1-1.5 0 .75.75 0 0 1 1.5 0ZM7.5 15.75a.75.75 0 1 0 0-1.5.75.75 0 0 0 0 1.5ZM8.25 17.25a.75.75 0 1 1-1.5 0 .75.75 0 0 1 1.5 0ZM9.75 15.75a.75.75 0 1 0 0-1.5.75.75 0 0 0 0 1.5ZM10.5 17.25a.75.75 0 1 1-1.5 0 .75.75 0 0 1 1.5 0ZM12 15.75a.75.75 0 1 0 0-1.5.75.75 0 0 0 0 1.5ZM12.75 17.25a.75.75 0 1 1-1.5 0 .75.75 0 0 1 1.5 0ZM14.25 15.75a.75.75 0 1 0 0-1.5.75.75 0 0 0 0 1.5ZM15 17.25a.75.75 0 1 1-1.5 0 .75.75 0 0 1 1.5 0ZM16.5 15.75a.75.75 0 1 0 0-1.5.75.75 0 0 0 0 1.5ZM15 12.75a.75.75 0 1 1-1.5 0 .75.75 0 0 1 1.5 0ZM16.5 13.5a.75.75 0 1 0 0-1.5.75.75 0 0 0 0 1.5Z"[39m
              [36m/>[39m
              [36m<path[39m
                [33mclip-rule[39m=[32m"evenodd"[39m
                [33md[39m=[32m"M6.75 2.25A.75.75 0 0 1 7.5 3v1.5h9V3A.75.75 0 0 1 18 3v1.5h.75a3 3 0 0 1 3 3v11.25a3 3 0 0 1-3 3H5.25a3 3 0 0 1-3-3V7.5a3 3 0 0 1 3-3H6V3a.75.75 0 0 1 .75-.75Zm13.5 9a1.5 1.5 0 0 0-1.5-1.5H5.25a1.5 1.5 0 0 0-1.5 1.5v7.5a1.5 1.5 0 0 0 1.5 1.5h13.5a1.5 1.5 0 0 0 1.5-1.5v-7.5Z"[39m
                [33mfill-rule[39m=[32m"evenodd"[39m
              [36m/>[39m
            [36m</svg>[39m
          [36m</div>[39m
          [36m<span[39m
            [33manimate[39m=[32m"[object Object]"[39m
            [33mclass[39m=[32m"text-[10px] font-medium mt-0.5 whitespace-nowrap text-kawaii-primary-600 dark:text-kawaii-primary-400"[39m
          [36m>[39m
            [0mnavigation.schedule[0m
          [36m</span>[39m
          [36m<div[39m
            [33mclass[39m=[32m"absolute bottom-0 left-1/2 w-12 h-1 bg-kawaii-primary-600 dark:bg-kawaii-primary-400 rounded-t-full"[39m
            [33mlayoutid[39m=[32m"activeTab"[39m
            [33mtransition[39m=[32m"[object Object]"[39m
          [36m/>[39m
        [36m</button>[39m
        [36m<button[39m
          [33maria-label[39m=[32m"navigation.booking"[39m
          [33mclass[39m=[32m"flex flex-col items-center justify-center min-w-[44px] min-h-[44px] px-2 py-1 rounded-lg touch-manipulation focus:outline-none focus:ring-2 focus:ring-kawaii-primary-500 focus:ring-offset-2 transition-colors duration-200"[39m
          [33mtransition[39m=[32m"[object Object]"[39m
          [33mwhiletap[39m=[32m"[object Object]"[39m
        [36m>[39m
          [36m<div[39m
            [33manimate[39m=[32m"[object Object]"[39m
            [33mclass[39m=[32m"relative"[39m
            [33mtransition[39m=[32m"[object Object]"[39m
          [36m>[39m
            [36m<svg[39m
              [33maria-hidden[39m=[32m"true"[39m
              [33mclass[39m=[32m"w-6 h-6 text-kawaii-neutral-500 dark:text-kawaii-neutral-400"[39m
              [33mdata-slot[39m=[32m"icon"[39m
              [33mfill[39m=[32m"none"[39m
              [33mstroke[39m=[32m"currentColor"[39m
              [33mstroke-width[39m=[32m"1.5"[39m
              [33mviewBox[39m=[32m"0 0 24 24"[39m
              [33mxmlns[39m=[32m"http://www.w3.org/2000/svg"[39m
            [36m>[39m
              [36m<path[39m
                [33md[39m=[32m"M16.5 6v.75m0 3v.75m0 3v.75m0 3V18m-9-5.25h5.25M7.5 15h3M3.375 5.25c-.621 0-1.125.504-1.125 1.125v3.026a2.999 2.999 0 0 1 0 5.198v3.026c0 .621.504 1.125 1.125 1.125h17.25c.621 0 1.125-.504 1.125-1.125v-3.026a2.999 2.999 0 0 1 0-5.198V6.375c0-.621-.504-1.125-1.125-1.125H3.375Z"[39m
                [33mstroke-linecap[39m=[32m"round"[39m
                [33mstroke-linejoin[39m=[32m"round"[39m
              [36m/>[39m
            [36m</svg>[39m
          [36m</div>[39m
          [36m<span[39m
            [33manimate[39m=[32m"[object Object]"[39m
            [33mclass[39m=[32m"text-[10px] font-medium mt-0.5 whitespace-nowrap text-kawaii-neutral-500 dark:text-kawaii-neutral-400"[39m
          [36m>[39m
            [0mnavigation.booking[0m
          [36m</span>[39m
        [36m</button>[39m
        [36m<button[39m
          [33maria-label[39m=[32m"navigation.budget"[39m
          [33mclass[39m=[32m"flex flex-col items-center justify-center min-w-[44px] min-h-[44px] px-2 py-1 rounded-lg touch-manipulation focus:outline-none focus:ring-2 focus:ring-kawaii-primary-500 focus:ring-offset-2 transition-colors duration-200"[39m
          [33mtransition[39m=[32m"[object Object]"[39m
          [33mwhiletap[39m=[32m"[object Object]"[39m
        [36m>[39m
          [36m<div[39m
            [33manimate[39m=[32m"[object Object]"[39m
            [33mclass[39m=[32m"relative"[39m
            [33mtransition[39m=[32m"[object Object]"[39m
          [36m>[39m
            [36m<svg[39m
              [33maria-hidden[39m=[32m"true"[39m
              [33mclass[39m=[32m"w-6 h-6 text-kawaii-neutral-500 dark:text-kawaii-neutral-400"[39m
              [33mdata-slot[39m=[32m"icon"[39m
              [33mfill[39m=[32m"none"[39m
              [33mstroke[39m=[32m"currentColor"[39m
              [33mstroke-width[39m=[32m"1.5"[39m
              [33mviewBox[39m=[32m"0 0 24 24"[39m
              [33mxmlns[39m=[32m"http://www.w3.org/2000/svg"[39m
            [36m>[39m
      ...
   × BottomNavigation > renders tab labels 135ms
     → Unable to find an element with the text: Schedule. This could be because the text is broken up by multiple elements. In this case, you can provide a function for your text matcher to make your matcher more flexible.

Ignored nodes: comments, script, style
[36m<body>[39m
  [36m<div>[39m
    [36m<nav[39m
      [33maria-label[39m=[32m"Bottom navigation"[39m
      [33mclass[39m=[32m"fixed bottom-0 left-0 right-0 z-40 bg-white border-t border-kawaii-neutral-200 dark:bg-kawaii-neutral-900 dark:border-kawaii-neutral-800 shadow-lg"[39m
      [33mrole[39m=[32m"navigation"[39m
      [33mstyle[39m=[32m"padding-bottom: 0px;"[39m
    [36m>[39m
      [36m<div[39m
        [33mclass[39m=[32m"flex items-center h-16 px-2"[39m
        [33mstyle[39m=[32m"justify-content: space-around;"[39m
      [36m>[39m
        [36m<button[39m
          [33maria-current[39m=[32m"page"[39m
          [33maria-label[39m=[32m"navigation.schedule"[39m
          [33mclass[39m=[32m"flex flex-col items-center justify-center min-w-[44px] min-h-[44px] px-2 py-1 rounded-lg touch-manipulation focus:outline-none focus:ring-2 focus:ring-kawaii-primary-500 focus:ring-offset-2 transition-colors duration-200"[39m
          [33mtransition[39m=[32m"[object Object]"[39m
          [33mwhiletap[39m=[32m"[object Object]"[39m
        [36m>[39m
          [36m<div[39m
            [33manimate[39m=[32m"[object Object]"[39m
            [33mclass[39m=[32m"relative"[39m
            [33mtransition[39m=[32m"[object Object]"[39m
          [36m>[39m
            [36m<svg[39m
              [33maria-hidden[39m=[32m"true"[39m
              [33mclass[39m=[32m"w-6 h-6 text-kawaii-primary-600 dark:text-kawaii-primary-400"[39m
              [33mdata-slot[39m=[32m"icon"[39m
              [33mfill[39m=[32m"currentColor"[39m
              [33mviewBox[39m=[32m"0 0 24 24"[39m
              [33mxmlns[39m=[32m"http://www.w3.org/2000/svg"[39m
            [36m>[39m
              [36m<path[39m
                [33md[39m=[32m"M12.75 12.75a.75.75 0 1 1-1.5 0 .75.75 0 0 1 1.5 0ZM7.5 15.75a.75.75 0 1 0 0-1.5.75.75 0 0 0 0 1.5ZM8.25 17.25a.75.75 0 1 1-1.5 0 .75.75 0 0 1 1.5 0ZM9.75 15.75a.75.75 0 1 0 0-1.5.75.75 0 0 0 0 1.5ZM10.5 17.25a.75.75 0 1 1-1.5 0 .75.75 0 0 1 1.5 0ZM12 15.75a.75.75 0 1 0 0-1.5.75.75 0 0 0 0 1.5ZM12.75 17.25a.75.75 0 1 1-1.5 0 .75.75 0 0 1 1.5 0ZM14.25 15.75a.75.75 0 1 0 0-1.5.75.75 0 0 0 0 1.5ZM15 17.25a.75.75 0 1 1-1.5 0 .75.75 0 0 1 1.5 0ZM16.5 15.75a.75.75 0 1 0 0-1.5.75.75 0 0 0 0 1.5ZM15 12.75a.75.75 0 1 1-1.5 0 .75.75 0 0 1 1.5 0ZM16.5 13.5a.75.75 0 1 0 0-1.5.75.75 0 0 0 0 1.5Z"[39m
              [36m/>[39m
              [36m<path[39m
                [33mclip-rule[39m=[32m"evenodd"[39m
                [33md[39m=[32m"M6.75 2.25A.75.75 0 0 1 7.5 3v1.5h9V3A.75.75 0 0 1 18 3v1.5h.75a3 3 0 0 1 3 3v11.25a3 3 0 0 1-3 3H5.25a3 3 0 0 1-3-3V7.5a3 3 0 0 1 3-3H6V3a.75.75 0 0 1 .75-.75Zm13.5 9a1.5 1.5 0 0 0-1.5-1.5H5.25a1.5 1.5 0 0 0-1.5 1.5v7.5a1.5 1.5 0 0 0 1.5 1.5h13.5a1.5 1.5 0 0 0 1.5-1.5v-7.5Z"[39m
                [33mfill-rule[39m=[32m"evenodd"[39m
              [36m/>[39m
            [36m</svg>[39m
          [36m</div>[39m
          [36m<span[39m
            [33manimate[39m=[32m"[object Object]"[39m
            [33mclass[39m=[32m"text-[10px] font-medium mt-0.5 whitespace-nowrap text-kawaii-primary-600 dark:text-kawaii-primary-400"[39m
          [36m>[39m
            [0mnavigation.schedule[0m
          [36m</span>[39m
          [36m<div[39m
            [33mclass[39m=[32m"absolute bottom-0 left-1/2 w-12 h-1 bg-kawaii-primary-600 dark:bg-kawaii-primary-400 rounded-t-full"[39m
            [33mlayoutid[39m=[32m"activeTab"[39m
            [33mtransition[39m=[32m"[object Object]"[39m
          [36m/>[39m
        [36m</button>[39m
        [36m<button[39m
          [33maria-label[39m=[32m"navigation.booking"[39m
          [33mclass[39m=[32m"flex flex-col items-center justify-center min-w-[44px] min-h-[44px] px-2 py-1 rounded-lg touch-manipulation focus:outline-none focus:ring-2 focus:ring-kawaii-primary-500 focus:ring-offset-2 transition-colors duration-200"[39m
          [33mtransition[39m=[32m"[object Object]"[39m
          [33mwhiletap[39m=[32m"[object Object]"[39m
        [36m>[39m
          [36m<div[39m
            [33manimate[39m=[32m"[object Object]"[39m
            [33mclass[39m=[32m"relative"[39m
            [33mtransition[39m=[32m"[object Object]"[39m
          [36m>[39m
            [36m<svg[39m
              [33maria-hidden[39m=[32m"true"[39m
              [33mclass[39m=[32m"w-6 h-6 text-kawaii-neutral-500 dark:text-kawaii-neutral-400"[39m
              [33mdata-slot[39m=[32m"icon"[39m
              [33mfill[39m=[32m"none"[39m
              [33mstroke[39m=[32m"currentColor"[39m
              [33mstroke-width[39m=[32m"1.5"[39m
              [33mviewBox[39m=[32m"0 0 24 24"[39m
              [33mxmlns[39m=[32m"http://www.w3.org/2000/svg"[39m
            [36m>[39m
              [36m<path[39m
                [33md[39m=[32m"M16.5 6v.75m0 3v.75m0 3v.75m0 3V18m-9-5.25h5.25M7.5 15h3M3.375 5.25c-.621 0-1.125.504-1.125 1.125v3.026a2.999 2.999 0 0 1 0 5.198v3.026c0 .621.504 1.125 1.125 1.125h17.25c.621 0 1.125-.504 1.125-1.125v-3.026a2.999 2.999 0 0 1 0-5.198V6.375c0-.621-.504-1.125-1.125-1.125H3.375Z"[39m
                [33mstroke-linecap[39m=[32m"round"[39m
                [33mstroke-linejoin[39m=[32m"round"[39m
              [36m/>[39m
            [36m</svg>[39m
          [36m</div>[39m
          [36m<span[39m
            [33manimate[39m=[32m"[object Object]"[39m
            [33mclass[39m=[32m"text-[10px] font-medium mt-0.5 whitespace-nowrap text-kawaii-neutral-500 dark:text-kawaii-neutral-400"[39m
          [36m>[39m
            [0mnavigation.booking[0m
          [36m</span>[39m
        [36m</button>[39m
        [36m<button[39m
          [33maria-label[39m=[32m"navigation.budget"[39m
          [33mclass[39m=[32m"flex flex-col items-center justify-center min-w-[44px] min-h-[44px] px-2 py-1 rounded-lg touch-manipulation focus:outline-none focus:ring-2 focus:ring-kawaii-primary-500 focus:ring-offset-2 transition-colors duration-200"[39m
          [33mtransition[39m=[32m"[object Object]"[39m
          [33mwhiletap[39m=[32m"[object Object]"[39m
        [36m>[39m
          [36m<div[39m
            [33manimate[39m=[32m"[object Object]"[39m
            [33mclass[39m=[32m"relative"[39m
            [33mtransition[39m=[32m"[object Object]"[39m
          [36m>[39m
            [36m<svg[39m
              [33maria-hidden[39m=[32m"true"[39m
              [33mclass[39m=[32m"w-6 h-6 text-kawaii-neutral-500 dark:text-kawaii-neutral-400"[39m
              [33mdata-slot[39m=[32m"icon"[39m
              [33mfill[39m=[32m"none"[39m
              [33mstroke[39m=[32m"currentColor"[39m
              [33mstroke-width[39m=[32m"1.5"[39m
              [33mviewBox[39m=[32m"0 0 24 24"[39m
              [33mxmlns[39m=[32m"http://www.w3.org/2000/svg"[39m
            [36m>[39m
      ...
   × BottomNavigation > highlights the active tab 45ms
     → Unable to find a label with the text of: Schedule

Ignored nodes: comments, script, style
[36m<body>[39m
  [36m<div>[39m
    [36m<nav[39m
      [33maria-label[39m=[32m"Bottom navigation"[39m
      [33mclass[39m=[32m"fixed bottom-0 left-0 right-0 z-40 bg-white border-t border-kawaii-neutral-200 dark:bg-kawaii-neutral-900 dark:border-kawaii-neutral-800 shadow-lg"[39m
      [33mrole[39m=[32m"navigation"[39m
      [33mstyle[39m=[32m"padding-bottom: 0px;"[39m
    [36m>[39m
      [36m<div[39m
        [33mclass[39m=[32m"flex items-center h-16 px-2"[39m
        [33mstyle[39m=[32m"justify-content: space-around;"[39m
      [36m>[39m
        [36m<button[39m
          [33maria-current[39m=[32m"page"[39m
          [33maria-label[39m=[32m"navigation.schedule"[39m
          [33mclass[39m=[32m"flex flex-col items-center justify-center min-w-[44px] min-h-[44px] px-2 py-1 rounded-lg touch-manipulation focus:outline-none focus:ring-2 focus:ring-kawaii-primary-500 focus:ring-offset-2 transition-colors duration-200"[39m
          [33mtransition[39m=[32m"[object Object]"[39m
          [33mwhiletap[39m=[32m"[object Object]"[39m
        [36m>[39m
          [36m<div[39m
            [33manimate[39m=[32m"[object Object]"[39m
            [33mclass[39m=[32m"relative"[39m
            [33mtransition[39m=[32m"[object Object]"[39m
          [36m>[39m
            [36m<svg[39m
              [33maria-hidden[39m=[32m"true"[39m
              [33mclass[39m=[32m"w-6 h-6 text-kawaii-primary-600 dark:text-kawaii-primary-400"[39m
              [33mdata-slot[39m=[32m"icon"[39m
              [33mfill[39m=[32m"currentColor"[39m
              [33mviewBox[39m=[32m"0 0 24 24"[39m
              [33mxmlns[39m=[32m"http://www.w3.org/2000/svg"[39m
            [36m>[39m
              [36m<path[39m
                [33md[39m=[32m"M12.75 12.75a.75.75 0 1 1-1.5 0 .75.75 0 0 1 1.5 0ZM7.5 15.75a.75.75 0 1 0 0-1.5.75.75 0 0 0 0 1.5ZM8.25 17.25a.75.75 0 1 1-1.5 0 .75.75 0 0 1 1.5 0ZM9.75 15.75a.75.75 0 1 0 0-1.5.75.75 0 0 0 0 1.5ZM10.5 17.25a.75.75 0 1 1-1.5 0 .75.75 0 0 1 1.5 0ZM12 15.75a.75.75 0 1 0 0-1.5.75.75 0 0 0 0 1.5ZM12.75 17.25a.75.75 0 1 1-1.5 0 .75.75 0 0 1 1.5 0ZM14.25 15.75a.75.75 0 1 0 0-1.5.75.75 0 0 0 0 1.5ZM15 17.25a.75.75 0 1 1-1.5 0 .75.75 0 0 1 1.5 0ZM16.5 15.75a.75.75 0 1 0 0-1.5.75.75 0 0 0 0 1.5ZM15 12.75a.75.75 0 1 1-1.5 0 .75.75 0 0 1 1.5 0ZM16.5 13.5a.75.75 0 1 0 0-1.5.75.75 0 0 0 0 1.5Z"[39m
              [36m/>[39m
              [36m<path[39m
                [33mclip-rule[39m=[32m"evenodd"[39m
                [33md[39m=[32m"M6.75 2.25A.75.75 0 0 1 7.5 3v1.5h9V3A.75.75 0 0 1 18 3v1.5h.75a3 3 0 0 1 3 3v11.25a3 3 0 0 1-3 3H5.25a3 3 0 0 1-3-3V7.5a3 3 0 0 1 3-3H6V3a.75.75 0 0 1 .75-.75Zm13.5 9a1.5 1.5 0 0 0-1.5-1.5H5.25a1.5 1.5 0 0 0-1.5 1.5v7.5a1.5 1.5 0 0 0 1.5 1.5h13.5a1.5 1.5 0 0 0 1.5-1.5v-7.5Z"[39m
                [33mfill-rule[39m=[32m"evenodd"[39m
              [36m/>[39m
            [36m</svg>[39m
          [36m</div>[39m
          [36m<span[39m
            [33manimate[39m=[32m"[object Object]"[39m
            [33mclass[39m=[32m"text-[10px] font-medium mt-0.5 whitespace-nowrap text-kawaii-primary-600 dark:text-kawaii-primary-400"[39m
          [36m>[39m
            [0mnavigation.schedule[0m
          [36m</span>[39m
          [36m<div[39m
            [33mclass[39m=[32m"absolute bottom-0 left-1/2 w-12 h-1 bg-kawaii-primary-600 dark:bg-kawaii-primary-400 rounded-t-full"[39m
            [33mlayoutid[39m=[32m"activeTab"[39m
            [33mtransition[39m=[32m"[object Object]"[39m
          [36m/>[39m
        [36m</button>[39m
        [36m<button[39m
          [33maria-label[39m=[32m"navigation.booking"[39m
          [33mclass[39m=[32m"flex flex-col items-center justify-center min-w-[44px] min-h-[44px] px-2 py-1 rounded-lg touch-manipulation focus:outline-none focus:ring-2 focus:ring-kawaii-primary-500 focus:ring-offset-2 transition-colors duration-200"[39m
          [33mtransition[39m=[32m"[object Object]"[39m
          [33mwhiletap[39m=[32m"[object Object]"[39m
        [36m>[39m
          [36m<div[39m
            [33manimate[39m=[32m"[object Object]"[39m
            [33mclass[39m=[32m"relative"[39m
            [33mtransition[39m=[32m"[object Object]"[39m
          [36m>[39m
            [36m<svg[39m
              [33maria-hidden[39m=[32m"true"[39m
              [33mclass[39m=[32m"w-6 h-6 text-kawaii-neutral-500 dark:text-kawaii-neutral-400"[39m
              [33mdata-slot[39m=[32m"icon"[39m
              [33mfill[39m=[32m"none"[39m
              [33mstroke[39m=[32m"currentColor"[39m
              [33mstroke-width[39m=[32m"1.5"[39m
              [33mviewBox[39m=[32m"0 0 24 24"[39m
              [33mxmlns[39m=[32m"http://www.w3.org/2000/svg"[39m
            [36m>[39m
              [36m<path[39m
                [33md[39m=[32m"M16.5 6v.75m0 3v.75m0 3v.75m0 3V18m-9-5.25h5.25M7.5 15h3M3.375 5.25c-.621 0-1.125.504-1.125 1.125v3.026a2.999 2.999 0 0 1 0 5.198v3.026c0 .621.504 1.125 1.125 1.125h17.25c.621 0 1.125-.504 1.125-1.125v-3.026a2.999 2.999 0 0 1 0-5.198V6.375c0-.621-.504-1.125-1.125-1.125H3.375Z"[39m
                [33mstroke-linecap[39m=[32m"round"[39m
                [33mstroke-linejoin[39m=[32m"round"[39m
              [36m/>[39m
            [36m</svg>[39m
          [36m</div>[39m
          [36m<span[39m
            [33manimate[39m=[32m"[object Object]"[39m
            [33mclass[39m=[32m"text-[10px] font-medium mt-0.5 whitespace-nowrap text-kawaii-neutral-500 dark:text-kawaii-neutral-400"[39m
          [36m>[39m
            [0mnavigation.booking[0m
          [36m</span>[39m
        [36m</button>[39m
        [36m<button[39m
          [33maria-label[39m=[32m"navigation.budget"[39m
          [33mclass[39m=[32m"flex flex-col items-center justify-center min-w-[44px] min-h-[44px] px-2 py-1 rounded-lg touch-manipulation focus:outline-none focus:ring-2 focus:ring-kawaii-primary-500 focus:ring-offset-2 transition-colors duration-200"[39m
          [33mtransition[39m=[32m"[object Object]"[39m
          [33mwhiletap[39m=[32m"[object Object]"[39m
        [36m>[39m
          [36m<div[39m
            [33manimate[39m=[32m"[object Object]"[39m
            [33mclass[39m=[32m"relative"[39m
            [33mtransition[39m=[32m"[object Object]"[39m
          [36m>[39m
            [36m<svg[39m
              [33maria-hidden[39m=[32m"true"[39m
              [33mclass[39m=[32m"w-6 h-6 text-kawaii-neutral-500 dark:text-kawaii-neutral-400"[39m
              [33mdata-slot[39m=[32m"icon"[39m
              [33mfill[39m=[32m"none"[39m
              [33mstroke[39m=[32m"currentColor"[39m
              [33mstroke-width[39m=[32m"1.5"[39m
              [33mviewBox[39m=[32m"0 0 24 24"[39m
              [33mxmlns[39m=[32m"http://www.w3.org/2000/svg"[39m
            [36m>[39m
      ...
   × BottomNavigation > calls onTabChange when a tab is clicked 38ms
     → Unable to find a label with the text of: Booking

Ignored nodes: comments, script, style
[36m<body>[39m
  [36m<div>[39m
    [36m<nav[39m
      [33maria-label[39m=[32m"Bottom navigation"[39m
      [33mclass[39m=[32m"fixed bottom-0 left-0 right-0 z-40 bg-white border-t border-kawaii-neutral-200 dark:bg-kawaii-neutral-900 dark:border-kawaii-neutral-800 shadow-lg"[39m
      [33mrole[39m=[32m"navigation"[39m
      [33mstyle[39m=[32m"padding-bottom: 0px;"[39m
    [36m>[39m
      [36m<div[39m
        [33mclass[39m=[32m"flex items-center h-16 px-2"[39m
        [33mstyle[39m=[32m"justify-content: space-around;"[39m
      [36m>[39m
        [36m<button[39m
          [33maria-current[39m=[32m"page"[39m
          [33maria-label[39m=[32m"navigation.schedule"[39m
          [33mclass[39m=[32m"flex flex-col items-center justify-center min-w-[44px] min-h-[44px] px-2 py-1 rounded-lg touch-manipulation focus:outline-none focus:ring-2 focus:ring-kawaii-primary-500 focus:ring-offset-2 transition-colors duration-200"[39m
          [33mtransition[39m=[32m"[object Object]"[39m
          [33mwhiletap[39m=[32m"[object Object]"[39m
        [36m>[39m
          [36m<div[39m
            [33manimate[39m=[32m"[object Object]"[39m
            [33mclass[39m=[32m"relative"[39m
            [33mtransition[39m=[32m"[object Object]"[39m
          [36m>[39m
            [36m<svg[39m
              [33maria-hidden[39m=[32m"true"[39m
              [33mclass[39m=[32m"w-6 h-6 text-kawaii-primary-600 dark:text-kawaii-primary-400"[39m
              [33mdata-slot[39m=[32m"icon"[39m
              [33mfill[39m=[32m"currentColor"[39m
              [33mviewBox[39m=[32m"0 0 24 24"[39m
              [33mxmlns[39m=[32m"http://www.w3.org/2000/svg"[39m
            [36m>[39m
              [36m<path[39m
                [33md[39m=[32m"M12.75 12.75a.75.75 0 1 1-1.5 0 .75.75 0 0 1 1.5 0ZM7.5 15.75a.75.75 0 1 0 0-1.5.75.75 0 0 0 0 1.5ZM8.25 17.25a.75.75 0 1 1-1.5 0 .75.75 0 0 1 1.5 0ZM9.75 15.75a.75.75 0 1 0 0-1.5.75.75 0 0 0 0 1.5ZM10.5 17.25a.75.75 0 1 1-1.5 0 .75.75 0 0 1 1.5 0ZM12 15.75a.75.75 0 1 0 0-1.5.75.75 0 0 0 0 1.5ZM12.75 17.25a.75.75 0 1 1-1.5 0 .75.75 0 0 1 1.5 0ZM14.25 15.75a.75.75 0 1 0 0-1.5.75.75 0 0 0 0 1.5ZM15 17.25a.75.75 0 1 1-1.5 0 .75.75 0 0 1 1.5 0ZM16.5 15.75a.75.75 0 1 0 0-1.5.75.75 0 0 0 0 1.5ZM15 12.75a.75.75 0 1 1-1.5 0 .75.75 0 0 1 1.5 0ZM16.5 13.5a.75.75 0 1 0 0-1.5.75.75 0 0 0 0 1.5Z"[39m
              [36m/>[39m
              [36m<path[39m
                [33mclip-rule[39m=[32m"evenodd"[39m
                [33md[39m=[32m"M6.75 2.25A.75.75 0 0 1 7.5 3v1.5h9V3A.75.75 0 0 1 18 3v1.5h.75a3 3 0 0 1 3 3v11.25a3 3 0 0 1-3 3H5.25a3 3 0 0 1-3-3V7.5a3 3 0 0 1 3-3H6V3a.75.75 0 0 1 .75-.75Zm13.5 9a1.5 1.5 0 0 0-1.5-1.5H5.25a1.5 1.5 0 0 0-1.5 1.5v7.5a1.5 1.5 0 0 0 1.5 1.5h13.5a1.5 1.5 0 0 0 1.5-1.5v-7.5Z"[39m
                [33mfill-rule[39m=[32m"evenodd"[39m
              [36m/>[39m
            [36m</svg>[39m
          [36m</div>[39m
          [36m<span[39m
            [33manimate[39m=[32m"[object Object]"[39m
            [33mclass[39m=[32m"text-[10px] font-medium mt-0.5 whitespace-nowrap text-kawaii-primary-600 dark:text-kawaii-primary-400"[39m
          [36m>[39m
            [0mnavigation.schedule[0m
          [36m</span>[39m
          [36m<div[39m
            [33mclass[39m=[32m"absolute bottom-0 left-1/2 w-12 h-1 bg-kawaii-primary-600 dark:bg-kawaii-primary-400 rounded-t-full"[39m
            [33mlayoutid[39m=[32m"activeTab"[39m
            [33mtransition[39m=[32m"[object Object]"[39m
          [36m/>[39m
        [36m</button>[39m
        [36m<button[39m
          [33maria-label[39m=[32m"navigation.booking"[39m
          [33mclass[39m=[32m"flex flex-col items-center justify-center min-w-[44px] min-h-[44px] px-2 py-1 rounded-lg touch-manipulation focus:outline-none focus:ring-2 focus:ring-kawaii-primary-500 focus:ring-offset-2 transition-colors duration-200"[39m
          [33mtransition[39m=[32m"[object Object]"[39m
          [33mwhiletap[39m=[32m"[object Object]"[39m
        [36m>[39m
          [36m<div[39m
            [33manimate[39m=[32m"[object Object]"[39m
            [33mclass[39m=[32m"relative"[39m
            [33mtransition[39m=[32m"[object Object]"[39m
          [36m>[39m
            [36m<svg[39m
              [33maria-hidden[39m=[32m"true"[39m
              [33mclass[39m=[32m"w-6 h-6 text-kawaii-neutral-500 dark:text-kawaii-neutral-400"[39m
              [33mdata-slot[39m=[32m"icon"[39m
              [33mfill[39m=[32m"none"[39m
              [33mstroke[39m=[32m"currentColor"[39m
              [33mstroke-width[39m=[32m"1.5"[39m
              [33mviewBox[39m=[32m"0 0 24 24"[39m
              [33mxmlns[39m=[32m"http://www.w3.org/2000/svg"[39m
            [36m>[39m
              [36m<path[39m
                [33md[39m=[32m"M16.5 6v.75m0 3v.75m0 3v.75m0 3V18m-9-5.25h5.25M7.5 15h3M3.375 5.25c-.621 0-1.125.504-1.125 1.125v3.026a2.999 2.999 0 0 1 0 5.198v3.026c0 .621.504 1.125 1.125 1.125h17.25c.621 0 1.125-.504 1.125-1.125v-3.026a2.999 2.999 0 0 1 0-5.198V6.375c0-.621-.504-1.125-1.125-1.125H3.375Z"[39m
                [33mstroke-linecap[39m=[32m"round"[39m
                [33mstroke-linejoin[39m=[32m"round"[39m
              [36m/>[39m
            [36m</svg>[39m
          [36m</div>[39m
          [36m<span[39m
            [33manimate[39m=[32m"[object Object]"[39m
            [33mclass[39m=[32m"text-[10px] font-medium mt-0.5 whitespace-nowrap text-kawaii-neutral-500 dark:text-kawaii-neutral-400"[39m
          [36m>[39m
            [0mnavigation.booking[0m
          [36m</span>[39m
        [36m</button>[39m
        [36m<button[39m
          [33maria-label[39m=[32m"navigation.budget"[39m
          [33mclass[39m=[32m"flex flex-col items-center justify-center min-w-[44px] min-h-[44px] px-2 py-1 rounded-lg touch-manipulation focus:outline-none focus:ring-2 focus:ring-kawaii-primary-500 focus:ring-offset-2 transition-colors duration-200"[39m
          [33mtransition[39m=[32m"[object Object]"[39m
          [33mwhiletap[39m=[32m"[object Object]"[39m
        [36m>[39m
          [36m<div[39m
            [33manimate[39m=[32m"[object Object]"[39m
            [33mclass[39m=[32m"relative"[39m
            [33mtransition[39m=[32m"[object Object]"[39m
          [36m>[39m
            [36m<svg[39m
              [33maria-hidden[39m=[32m"true"[39m
              [33mclass[39m=[32m"w-6 h-6 text-kawaii-neutral-500 dark:text-kawaii-neutral-400"[39m
              [33mdata-slot[39m=[32m"icon"[39m
              [33mfill[39m=[32m"none"[39m
              [33mstroke[39m=[32m"currentColor"[39m
              [33mstroke-width[39m=[32m"1.5"[39m
              [33mviewBox[39m=[32m"0 0 24 24"[39m
              [33mxmlns[39m=[32m"http://www.w3.org/2000/svg"[39m
            [36m>[39m
      ...
   ✓ BottomNavigation > applies custom className 33ms
   × BottomNavigation > has proper accessibility attributes 110ms
     → Unable to find a label with the text of: Budget

Ignored nodes: comments, script, style
[36m<body>[39m
  [36m<div>[39m
    [36m<nav[39m
      [33maria-label[39m=[32m"Bottom navigation"[39m
      [33mclass[39m=[32m"fixed bottom-0 left-0 right-0 z-40 bg-white border-t border-kawaii-neutral-200 dark:bg-kawaii-neutral-900 dark:border-kawaii-neutral-800 shadow-lg"[39m
      [33mrole[39m=[32m"navigation"[39m
      [33mstyle[39m=[32m"padding-bottom: 0px;"[39m
    [36m>[39m
      [36m<div[39m
        [33mclass[39m=[32m"flex items-center h-16 px-2"[39m
        [33mstyle[39m=[32m"justify-content: space-around;"[39m
      [36m>[39m
        [36m<button[39m
          [33maria-label[39m=[32m"navigation.schedule"[39m
          [33mclass[39m=[32m"flex flex-col items-center justify-center min-w-[44px] min-h-[44px] px-2 py-1 rounded-lg touch-manipulation focus:outline-none focus:ring-2 focus:ring-kawaii-primary-500 focus:ring-offset-2 transition-colors duration-200"[39m
          [33mtransition[39m=[32m"[object Object]"[39m
          [33mwhiletap[39m=[32m"[object Object]"[39m
        [36m>[39m
          [36m<div[39m
            [33manimate[39m=[32m"[object Object]"[39m
            [33mclass[39m=[32m"relative"[39m
            [33mtransition[39m=[32m"[object Object]"[39m
          [36m>[39m
            [36m<svg[39m
              [33maria-hidden[39m=[32m"true"[39m
              [33mclass[39m=[32m"w-6 h-6 text-kawaii-neutral-500 dark:text-kawaii-neutral-400"[39m
              [33mdata-slot[39m=[32m"icon"[39m
              [33mfill[39m=[32m"none"[39m
              [33mstroke[39m=[32m"currentColor"[39m
              [33mstroke-width[39m=[32m"1.5"[39m
              [33mviewBox[39m=[32m"0 0 24 24"[39m
              [33mxmlns[39m=[32m"http://www.w3.org/2000/svg"[39m
            [36m>[39m
              [36m<path[39m
                [33md[39m=[32m"M6.75 3v2.25M17.25 3v2.25M3 18.75V7.5a2.25 2.25 0 0 1 2.25-2.25h13.5A2.25 2.25 0 0 1 21 7.5v11.25m-18 0A2.25 2.25 0 0 0 5.25 21h13.5A2.25 2.25 0 0 0 21 18.75m-18 0v-7.5A2.25 2.25 0 0 1 5.25 9h13.5A2.25 2.25 0 0 1 21 11.25v7.5m-9-6h.008v.008H12v-.008ZM12 15h.008v.008H12V15Zm0 2.25h.008v.008H12v-.008ZM9.75 15h.008v.008H9.75V15Zm0 2.25h.008v.008H9.75v-.008ZM7.5 15h.008v.008H7.5V15Zm0 2.25h.008v.008H7.5v-.008Zm6.75-4.5h.008v.008h-.008v-.008Zm0 2.25h.008v.008h-.008V15Zm0 2.25h.008v.008h-.008v-.008Zm2.25-4.5h.008v.008H16.5v-.008Zm0 2.25h.008v.008H16.5V15Z"[39m
                [33mstroke-linecap[39m=[32m"round"[39m
                [33mstroke-linejoin[39m=[32m"round"[39m
              [36m/>[39m
            [36m</svg>[39m
          [36m</div>[39m
          [36m<span[39m
            [33manimate[39m=[32m"[object Object]"[39m
            [33mclass[39m=[32m"text-[10px] font-medium mt-0.5 whitespace-nowrap text-kawaii-neutral-500 dark:text-kawaii-neutral-400"[39m
          [36m>[39m
            [0mnavigation.schedule[0m
          [36m</span>[39m
        [36m</button>[39m
        [36m<button[39m
          [33maria-label[39m=[32m"navigation.booking"[39m
          [33mclass[39m=[32m"flex flex-col items-center justify-center min-w-[44px] min-h-[44px] px-2 py-1 rounded-lg touch-manipulation focus:outline-none focus:ring-2 focus:ring-kawaii-primary-500 focus:ring-offset-2 transition-colors duration-200"[39m
          [33mtransition[39m=[32m"[object Object]"[39m
          [33mwhiletap[39m=[32m"[object Object]"[39m
        [36m>[39m
          [36m<div[39m
            [33manimate[39m=[32m"[object Object]"[39m
            [33mclass[39m=[32m"relative"[39m
            [33mtransition[39m=[32m"[object Object]"[39m
          [36m>[39m
            [36m<svg[39m
              [33maria-hidden[39m=[32m"true"[39m
              [33mclass[39m=[32m"w-6 h-6 text-kawaii-neutral-500 dark:text-kawaii-neutral-400"[39m
              [33mdata-slot[39m=[32m"icon"[39m
              [33mfill[39m=[32m"none"[39m
              [33mstroke[39m=[32m"currentColor"[39m
              [33mstroke-width[39m=[32m"1.5"[39m
              [33mviewBox[39m=[32m"0 0 24 24"[39m
              [33mxmlns[39m=[32m"http://www.w3.org/2000/svg"[39m
            [36m>[39m
              [36m<path[39m
                [33md[39m=[32m"M16.5 6v.75m0 3v.75m0 3v.75m0 3V18m-9-5.25h5.25M7.5 15h3M3.375 5.25c-.621 0-1.125.504-1.125 1.125v3.026a2.999 2.999 0 0 1 0 5.198v3.026c0 .621.504 1.125 1.125 1.125h17.25c.621 0 1.125-.504 1.125-1.125v-3.026a2.999 2.999 0 0 1 0-5.198V6.375c0-.621-.504-1.125-1.125-1.125H3.375Z"[39m
                [33mstroke-linecap[39m=[32m"round"[39m
                [33mstroke-linejoin[39m=[32m"round"[39m
              [36m/>[39m
            [36m</svg>[39m
          [36m</div>[39m
          [36m<span[39m
            [33manimate[39m=[32m"[object Object]"[39m
            [33mclass[39m=[32m"text-[10px] font-medium mt-0.5 whitespace-nowrap text-kawaii-neutral-500 dark:text-kawaii-neutral-400"[39m
          [36m>[39m
            [0mnavigation.booking[0m
          [36m</span>[39m
        [36m</button>[39m
        [36m<button[39m
          [33maria-current[39m=[32m"page"[39m
          [33maria-label[39m=[32m"navigation.budget"[39m
          [33mclass[39m=[32m"flex flex-col items-center justify-center min-w-[44px] min-h-[44px] px-2 py-1 rounded-lg touch-manipulation focus:outline-none focus:ring-2 focus:ring-kawaii-primary-500 focus:ring-offset-2 transition-colors duration-200"[39m
          [33mtransition[39m=[32m"[object Object]"[39m
          [33mwhiletap[39m=[32m"[object Object]"[39m
        [36m>[39m
          [36m<div[39m
            [33manimate[39m=[32m"[object Object]"[39m
            [33mclass[39m=[32m"relative"[39m
            [33mtransition[39m=[32m"[object Object]"[39m
          [36m>[39m
            [36m<svg[39m
              [33maria-hidden[39m=[32m"true"[39m
              [33mclass[39m=[32m"w-6 h-6 text-kawaii-primary-600 dark:text-kawaii-primary-400"[39m
              [33mdata-slot[39m=[32m"icon"[39m
              [33mfill[39m=[32m"currentColor"[39m
              [33mviewBox[39m=[32m"0 0 24 24"[39m
              [33mxmlns[39m=[32m"http://www.w3.org/2000/svg"[39m
            [36m>[39m
              [36m<path[39m
                [33md[39m=[32m"M10.464 8.746c.227-.18.497-.311.786-.394v2.795a2.252 2.252 0 0 1-.786-.393c-.394-.313-.546-.681-.546-1.004 0-.323.152-.691.546-1.004ZM12.75 15.662v-2.824c.347.085.664.228.921.421.427.32.579.686.579.991 0 .305-.152.671-.579.991a2.534 2.534 0 0 1-.921.42Z"[39m
              [36m/>[39m
              [36m<path[39m
                [33mclip-rule[39m=[32m"evenodd"[39m
                [33md[39m=[32m"M12 2.25c-5.385 0-9.75 4.365-9.75 9.75s4.365 9.75 9.75 9.75 9.75-4.365 9.75-9.75S17.385 2.25 12 2.25ZM12.75 6a.75.75 0 0 0-1.5 0v.816a3.836 3.836 0 0 0-1.72.756c-.712.566-1.112 1.35-1.112 2.178 0 .829.4 1.612 1.113 2.178.502.4 1.102.647 ...
   ✓ BottomNavigation > renders with minimum touch target size 182ms
   × BottomNavigation > renders icons for all tabs 163ms
     → expected [ <button …(5)>…(3)</button>, …(7) ] to have a length of 7 but got 8
   ✓ BottomNavigation > determines active tab from location when not controlled 58ms
   × BottomNavigation - Property Tests > active tab is always styled with primary color class 373ms
     → Property failed after 1 tests
{ seed: 1420328441, path: "0:0", endOnFailure: true }
Counterexample: ["schedule"]
Shrunk 1 time(s)

Hint: Enable verbose mode in order to have the list of all failing values encountered during the run
stdout | src/pages/__tests__/ScheduleScreen.test.tsx > ScheduleScreen > renders empty state when no days exist
📜 Scroll detected: { scrollY: [33m0[39m, lastScrollY: [33m0[39m, threshold: [33m5[39m }
🔵 FAB state: { isScrollingDown: [33mfalse[39m, isAtTop: [33mtrue[39m }

stderr | src/pages/__tests__/ScheduleScreen.test.tsx > ScheduleScreen > renders empty state when no days exist
Not implemented: Window's scrollTo() method

 ❯ src/pages/__tests__/ScheduleScreen.test.tsx (9 tests | 9 failed) 8170ms
   × ScheduleScreen > renders loading state initially 69ms
     → expected null to be truthy
   × ScheduleScreen > renders trip information after loading 1021ms
     → Unable to find an element with the text: Test Trip. This could be because the text is broken up by multiple elements. In this case, you can provide a function for your text matcher to make your matcher more flexible.

Ignored nodes: comments, script, style
[36m<body>[39m
  [36m<div>[39m
    [36m<div[39m
      [33mclass[39m=[32m"flex items-center justify-center min-h-screen"[39m
    [36m>[39m
      [36m<div[39m
        [33mclass[39m=[32m"w-16 h-16 border-4 border-blue-200 border-t-blue-600 rounded-full animate-spin"[39m
      [36m/>[39m
    [36m</div>[39m
  [36m</div>[39m
[36m</body>[39m

Ignored nodes: comments, script, style
[36m<html[39m
  [33mstyle[39m=[32m"--safe-area-inset-top: 0px; --safe-area-inset-right: 0px; --safe-area-inset-bottom: 0px; --safe-area-inset-left: 0px;"[39m
[36m>[39m
  [36m<head />[39m
  [36m<body>[39m
    [36m<div>[39m
      [36m<div[39m
        [33mclass[39m=[32m"flex items-center justify-center min-h-screen"[39m
      [36m>[39m
        [36m<div[39m
          [33mclass[39m=[32m"w-16 h-16 border-4 border-blue-200 border-t-blue-600 rounded-full animate-spin"[39m
        [36m/>[39m
      [36m</div>[39m
    [36m</div>[39m
  [36m</body>[39m
[36m</html>[39m
   × ScheduleScreen > renders countdown timer when trip has start date 1011ms
     → Unable to find an element with the text: Test Trip. This could be because the text is broken up by multiple elements. In this case, you can provide a function for your text matcher to make your matcher more flexible.

Ignored nodes: comments, script, style
[36m<body>[39m
  [36m<div>[39m
    [36m<div[39m
      [33mclass[39m=[32m"flex items-center justify-center min-h-screen"[39m
    [36m>[39m
      [36m<div[39m
        [33mclass[39m=[32m"w-16 h-16 border-4 border-blue-200 border-t-blue-600 rounded-full animate-spin"[39m
      [36m/>[39m
    [36m</div>[39m
  [36m</div>[39m
[36m</body>[39m

Ignored nodes: comments, script, style
[36m<html[39m
  [33mstyle[39m=[32m"--safe-area-inset-top: 0px; --safe-area-inset-right: 0px; --safe-area-inset-bottom: 0px; --safe-area-inset-left: 0px;"[39m
[36m>[39m
  [36m<head />[39m
  [36m<body>[39m
    [36m<div>[39m
      [36m<div[39m
        [33mclass[39m=[32m"flex items-center justify-center min-h-screen"[39m
      [36m>[39m
        [36m<div[39m
          [33mclass[39m=[32m"w-16 h-16 border-4 border-blue-200 border-t-blue-600 rounded-full animate-spin"[39m
        [36m/>[39m
      [36m</div>[39m
    [36m</div>[39m
  [36m</body>[39m
[36m</html>[39m
   × ScheduleScreen > renders date selector with trip days 1015ms
     → Unable to find an element with the text: Test Trip. This could be because the text is broken up by multiple elements. In this case, you can provide a function for your text matcher to make your matcher more flexible.

Ignored nodes: comments, script, style
[36m<body>[39m
  [36m<div>[39m
    [36m<div[39m
      [33mclass[39m=[32m"flex items-center justify-center min-h-screen"[39m
    [36m>[39m
      [36m<div[39m
        [33mclass[39m=[32m"w-16 h-16 border-4 border-blue-200 border-t-blue-600 rounded-full animate-spin"[39m
      [36m/>[39m
    [36m</div>[39m
  [36m</div>[39m
[36m</body>[39m

Ignored nodes: comments, script, style
[36m<html[39m
  [33mstyle[39m=[32m"--safe-area-inset-top: 0px; --safe-area-inset-right: 0px; --safe-area-inset-bottom: 0px; --safe-area-inset-left: 0px;"[39m
[36m>[39m
  [36m<head />[39m
  [36m<body>[39m
    [36m<div>[39m
      [36m<div[39m
        [33mclass[39m=[32m"flex items-center justify-center min-h-screen"[39m
      [36m>[39m
        [36m<div[39m
          [33mclass[39m=[32m"w-16 h-16 border-4 border-blue-200 border-t-blue-600 rounded-full animate-spin"[39m
        [36m/>[39m
      [36m</div>[39m
    [36m</div>[39m
  [36m</body>[39m
[36m</html>[39m
   × ScheduleScreen > renders day card with activities 1013ms
     → Unable to find an element with the text: Test Trip. This could be because the text is broken up by multiple elements. In this case, you can provide a function for your text matcher to make your matcher more flexible.

Ignored nodes: comments, script, style
[36m<body>[39m
  [36m<div>[39m
    [36m<div[39m
      [33mclass[39m=[32m"flex items-center justify-center min-h-screen"[39m
    [36m>[39m
      [36m<div[39m
        [33mclass[39m=[32m"w-16 h-16 border-4 border-blue-200 border-t-blue-600 rounded-full animate-spin"[39m
      [36m/>[39m
    [36m</div>[39m
  [36m</div>[39m
[36m</body>[39m

Ignored nodes: comments, script, style
[36m<html[39m
  [33mstyle[39m=[32m"--safe-area-inset-top: 0px; --safe-area-inset-right: 0px; --safe-area-inset-bottom: 0px; --safe-area-inset-left: 0px;"[39m
[36m>[39m
  [36m<head />[39m
  [36m<body>[39m
    [36m<div>[39m
      [36m<div[39m
        [33mclass[39m=[32m"flex items-center justify-center min-h-screen"[39m
      [36m>[39m
        [36m<div[39m
          [33mclass[39m=[32m"w-16 h-16 border-4 border-blue-200 border-t-blue-600 rounded-full animate-spin"[39m
        [36m/>[39m
      [36m</div>[39m
    [36m</div>[39m
  [36m</body>[39m
[36m</html>[39m
   × ScheduleScreen > renders FAB for adding activities 1007ms
     → Unable to find an element with the text: Test Trip. This could be because the text is broken up by multiple elements. In this case, you can provide a function for your text matcher to make your matcher more flexible.

Ignored nodes: comments, script, style
[36m<body>[39m
  [36m<div>[39m
    [36m<div[39m
      [33mclass[39m=[32m"flex items-center justify-center min-h-screen"[39m
    [36m>[39m
      [36m<div[39m
        [33mclass[39m=[32m"w-16 h-16 border-4 border-blue-200 border-t-blue-600 rounded-full animate-spin"[39m
      [36m/>[39m
    [36m</div>[39m
  [36m</div>[39m
[36m</body>[39m

Ignored nodes: comments, script, style
[36m<html[39m
  [33mstyle[39m=[32m"--safe-area-inset-top: 0px; --safe-area-inset-right: 0px; --safe-area-inset-bottom: 0px; --safe-area-inset-left: 0px;"[39m
[36m>[39m
  [36m<head />[39m
  [36m<body>[39m
    [36m<div>[39m
      [36m<div[39m
        [33mclass[39m=[32m"flex items-center justify-center min-h-screen"[39m
      [36m>[39m
        [36m<div[39m
          [33mclass[39m=[32m"w-16 h-16 border-4 border-blue-200 border-t-blue-600 rounded-full animate-spin"[39m
        [36m/>[39m
      [36m</div>[39m
    [36m</div>[39m
  [36m</body>[39m
[36m</html>[39m
   × ScheduleScreen > handles error state when trip not found 1008ms
     → Unable to find an element with the text: Trip not found. This could be because the text is broken up by multiple elements. In this case, you can provide a function for your text matcher to make your matcher more flexible.

Ignored nodes: comments, script, style
[36m<body>[39m
  [36m<div>[39m
    [36m<div[39m
      [33mclass[39m=[32m"flex items-center justify-center min-h-screen"[39m
    [36m>[39m
      [36m<div[39m
        [33mclass[39m=[32m"w-16 h-16 border-4 border-blue-200 border-t-blue-600 rounded-full animate-spin"[39m
      [36m/>[39m
    [36m</div>[39m
  [36m</div>[39m
[36m</body>[39m

Ignored nodes: comments, script, style
[36m<html[39m
  [33mstyle[39m=[32m"--safe-area-inset-top: 0px; --safe-area-inset-right: 0px; --safe-area-inset-bottom: 0px; --safe-area-inset-left: 0px;"[39m
[36m>[39m
  [36m<head />[39m
  [36m<body>[39m
    [36m<div>[39m
      [36m<div[39m
        [33mclass[39m=[32m"flex items-center justify-center min-h-screen"[39m
      [36m>[39m
        [36m<div[39m
          [33mclass[39m=[32m"w-16 h-16 border-4 border-blue-200 border-t-blue-600 rounded-full animate-spin"[39m
        [36m/>[39m
      [36m</div>[39m
    [36m</div>[39m
  [36m</body>[39m
[36m</html>[39m
   × ScheduleScreen > handles authentication error 1011ms
     → expected "spy" to be called at least once

Ignored nodes: comments, script, style
[36m<html[39m
  [33mstyle[39m=[32m"--safe-area-inset-top: 0px; --safe-area-inset-right: 0px; --safe-area-inset-bottom: 0px; --safe-area-inset-left: 0px;"[39m
[36m>[39m
  [36m<head />[39m
  [36m<body>[39m
    [36m<div>[39m
      [36m<div[39m
        [33mclass[39m=[32m"flex items-center justify-center min-h-screen"[39m
      [36m>[39m
        [36m<div[39m
          [33mclass[39m=[32m"w-16 h-16 border-4 border-blue-200 border-t-blue-600 rounded-full animate-spin"[39m
        [36m/>[39m
      [36m</div>[39m
    [36m</div>[39m
  [36m</body>[39m
[36m</html>[39m
   × ScheduleScreen > renders empty state when no days exist 1011ms
     → Unable to find an element with the text: Test Trip. This could be because the text is broken up by multiple elements. In this case, you can provide a function for your text matcher to make your matcher more flexible.

Ignored nodes: comments, script, style
[36m<body>[39m
  [36m<div>[39m
    [36m<div[39m
      [33mclass[39m=[32m"flex items-center justify-center min-h-screen"[39m
    [36m>[39m
      [36m<div[39m
        [33mclass[39m=[32m"w-16 h-16 border-4 border-blue-200 border-t-blue-600 rounded-full animate-spin"[39m
      [36m/>[39m
    [36m</div>[39m
  [36m</div>[39m
[36m</body>[39m

Ignored nodes: comments, script, style
[36m<html[39m
  [33mstyle[39m=[32m"--safe-area-inset-top: 0px; --safe-area-inset-right: 0px; --safe-area-inset-bottom: 0px; --safe-area-inset-left: 0px;"[39m
[36m>[39m
  [36m<head />[39m
  [36m<body>[39m
    [36m<div>[39m
      [36m<div[39m
        [33mclass[39m=[32m"flex items-center justify-center min-h-screen"[39m
      [36m>[39m
        [36m<div[39m
          [33mclass[39m=[32m"w-16 h-16 border-4 border-blue-200 border-t-blue-600 rounded-full animate-spin"[39m
        [36m/>[39m
      [36m</div>[39m
    [36m</div>[39m
  [36m</body>[39m
[36m</html>[39m
stderr | src/providers/__tests__/AriaAnnouncerProvider.test.tsx > AriaAnnouncerProvider > Announcement Functions > should announce loading messages with polite priority
Warning: An update to AriaAnnouncerProvider inside a test was not wrapped in act(...).

When testing, code that causes React state updates should be wrapped into act(...):

act(() => {
  /* fire events that update state */
});
/* assert on the output */

This ensures that you're testing the behavior the user would see in the browser. Learn more at https://reactjs.org/link/wrap-tests-with-act
    at AriaAnnouncerProvider (/Users/poonjohnny/Desktop/ProjectApp/Journo/frontend/src/providers/AriaAnnouncerProvider.tsx:8:34)

stderr | src/providers/__tests__/AriaAnnouncerProvider.test.tsx > AriaAnnouncerProvider > Announcement Functions > should announce loading messages with polite priority
Warning: An update to AriaLiveRegion inside a test was not wrapped in act(...).

When testing, code that causes React state updates should be wrapped into act(...):

act(() => {
  /* fire events that update state */
});
/* assert on the output */

This ensures that you're testing the behavior the user would see in the browser. Learn more at https://reactjs.org/link/wrap-tests-with-act
    at AriaLiveRegion (/Users/poonjohnny/Desktop/ProjectApp/Journo/frontend/src/components/common/AriaLiveRegion.tsx:6:3)
    at AriaAnnouncerProvider (/Users/poonjohnny/Desktop/ProjectApp/Journo/frontend/src/providers/AriaAnnouncerProvider.tsx:8:34)

stderr | src/providers/__tests__/AriaAnnouncerProvider.test.tsx > AriaAnnouncerProvider > Announcement Functions > should announce error messages with assertive priority
Warning: An update to AriaAnnouncerProvider inside a test was not wrapped in act(...).

When testing, code that causes React state updates should be wrapped into act(...):

act(() => {
  /* fire events that update state */
});
/* assert on the output */

This ensures that you're testing the behavior the user would see in the browser. Learn more at https://reactjs.org/link/wrap-tests-with-act
    at AriaAnnouncerProvider (/Users/poonjohnny/Desktop/ProjectApp/Journo/frontend/src/providers/AriaAnnouncerProvider.tsx:8:34)
Warning: An update to AriaAnnouncerProvider inside a test was not wrapped in act(...).

When testing, code that causes React state updates should be wrapped into act(...):

act(() => {
  /* fire events that update state */
});
/* assert on the output */

This ensures that you're testing the behavior the user would see in the browser. Learn more at https://reactjs.org/link/wrap-tests-with-act
    at AriaAnnouncerProvider (/Users/poonjohnny/Desktop/ProjectApp/Journo/frontend/src/providers/AriaAnnouncerProvider.tsx:8:34)
Warning: An update to AriaLiveRegion inside a test was not wrapped in act(...).

When testing, code that causes React state updates should be wrapped into act(...):

act(() => {
  /* fire events that update state */
});
/* assert on the output */

This ensures that you're testing the behavior the user would see in the browser. Learn more at https://reactjs.org/link/wrap-tests-with-act
    at AriaLiveRegion (/Users/poonjohnny/Desktop/ProjectApp/Journo/frontend/src/components/common/AriaLiveRegion.tsx:6:3)
    at AriaAnnouncerProvider (/Users/poonjohnny/Desktop/ProjectApp/Journo/frontend/src/providers/AriaAnnouncerProvider.tsx:8:34)

stderr | src/providers/__tests__/AriaAnnouncerProvider.test.tsx > AriaAnnouncerProvider > Announcement Functions > should announce success messages with polite priority
Warning: An update to AriaAnnouncerProvider inside a test was not wrapped in act(...).

When testing, code that causes React state updates should be wrapped into act(...):

act(() => {
  /* fire events that update state */
});
/* assert on the output */

This ensures that you're testing the behavior the user would see in the browser. Learn more at https://reactjs.org/link/wrap-tests-with-act
    at AriaAnnouncerProvider (/Users/poonjohnny/Desktop/ProjectApp/Journo/frontend/src/providers/AriaAnnouncerProvider.tsx:8:34)

stderr | src/providers/__tests__/AriaAnnouncerProvider.test.tsx > AriaAnnouncerProvider > Announcement Functions > should announce success messages with polite priority
Warning: An update to AriaLiveRegion inside a test was not wrapped in act(...).

When testing, code that causes React state updates should be wrapped into act(...):

act(() => {
  /* fire events that update state */
});
/* assert on the output */

This ensures that you're testing the behavior the user would see in the browser. Learn more at https://reactjs.org/link/wrap-tests-with-act
    at AriaLiveRegion (/Users/poonjohnny/Desktop/ProjectApp/Journo/frontend/src/components/common/AriaLiveRegion.tsx:6:3)
    at AriaAnnouncerProvider (/Users/poonjohnny/Desktop/ProjectApp/Journo/frontend/src/providers/AriaAnnouncerProvider.tsx:8:34)

 ❯ src/components/kawaii/__tests__/MemberCard.test.tsx (26 tests | 3 failed) 815ms
   ✓ MemberCard > Requirement 14.1: Display avatar, name, and email > renders member name 105ms
   ✓ MemberCard > Requirement 14.1: Display avatar, name, and email > renders member email 11ms
   ✓ MemberCard > Requirement 14.1: Display avatar, name, and email > renders avatar with initials 8ms
   ✓ MemberCard > Requirement 14.1: Display avatar, name, and email > generates correct initials for single name 8ms
   ✓ MemberCard > Requirement 14.1: Display avatar, name, and email > generates correct initials for multi-part name 12ms
   × MemberCard > Requirement 14.3: Display role > displays owner role badge 24ms
     → Unable to find an element with the text: Owner. This could be because the text is broken up by multiple elements. In this case, you can provide a function for your text matcher to make your matcher more flexible.

Ignored nodes: comments, script, style
[36m<body>[39m
  [36m<div>[39m
    [36m<div[39m
      [33mclass[39m=[32m"relative"[39m
    [36m>[39m
      [36m<div[39m
        [33manimate[39m=[32m"[object Object]"[39m
        [33mclass[39m=[32m"relative overflow-hidden bg-white dark:bg-kawaii-neutral-800 rounded-2xl shadow-sm hover:shadow-md transition-shadow duration-200 touch-manipulation"[39m
        [33mtransition[39m=[32m"[object Object]"[39m
      [36m>[39m
        [36m<div[39m
          [33mclass[39m=[32m"flex items-center gap-4 p-4"[39m
        [36m>[39m
          [36m<div[39m
            [33mclass[39m=[32m"relative flex-shrink-0"[39m
          [36m>[39m
            [36m<div[39m
              [33mclass[39m=[32m"w-12 h-12 rounded-full flex items-center justify-center bg-gradient-to-br from-kawaii-primary to-kawaii-secondary text-white font-semibold text-lg shadow-sm dark:from-kawaii-primary-500 dark:to-kawaii-secondary-500"[39m
            [36m>[39m
              [0mJD[0m
            [36m</div>[39m
            [36m<div[39m
              [33maria-label[39m=[32m"Offline"[39m
              [33mclass[39m=[32m"absolute bottom-0 right-0 w-3.5 h-3.5 rounded-full border-2 border-white dark:border-kawaii-neutral-800 bg-gray-400 dark:bg-gray-600"[39m
            [36m/>[39m
          [36m</div>[39m
          [36m<div[39m
            [33mclass[39m=[32m"flex-1 min-w-0"[39m
          [36m>[39m
            [36m<div[39m
              [33mclass[39m=[32m"text-base font-semibold mb-0.5 text-kawaii-neutral-900 dark:text-kawaii-neutral-100 truncate"[39m
            [36m>[39m
              [0mJohn Doe[0m
            [36m</div>[39m
            [36m<div[39m
              [33mclass[39m=[32m"text-sm mb-1.5 text-kawaii-neutral-600 dark:text-kawaii-neutral-400 truncate"[39m
            [36m>[39m
              [0mjohn@example.com[0m
            [36m</div>[39m
            [36m<span[39m
              [33mclass[39m=[32m"inline-flex items-center px-2 py-0.5 text-xs font-medium rounded-full bg-purple-100 dark:bg-purple-900/40 text-purple-800 dark:text-purple-200"[39m
            [36m>[39m
              [0mroles.owner[0m
            [36m</span>[39m
          [36m</div>[39m
        [36m</div>[39m
      [36m</div>[39m
    [36m</div>[39m
  [36m</div>[39m
[36m</body>[39m
   × MemberCard > Requirement 14.3: Display role > displays editor role badge 8ms
     → Unable to find an element with the text: Editor. This could be because the text is broken up by multiple elements. In this case, you can provide a function for your text matcher to make your matcher more flexible.

Ignored nodes: comments, script, style
[36m<body>[39m
  [36m<div>[39m
    [36m<div[39m
      [33mclass[39m=[32m"relative"[39m
    [36m>[39m
      [36m<div[39m
        [33manimate[39m=[32m"[object Object]"[39m
        [33mclass[39m=[32m"relative overflow-hidden bg-white dark:bg-kawaii-neutral-800 rounded-2xl shadow-sm hover:shadow-md transition-shadow duration-200 touch-manipulation"[39m
        [33mtransition[39m=[32m"[object Object]"[39m
      [36m>[39m
        [36m<div[39m
          [33mclass[39m=[32m"flex items-center gap-4 p-4"[39m
        [36m>[39m
          [36m<div[39m
            [33mclass[39m=[32m"relative flex-shrink-0"[39m
          [36m>[39m
            [36m<div[39m
              [33mclass[39m=[32m"w-12 h-12 rounded-full flex items-center justify-center bg-gradient-to-br from-kawaii-primary to-kawaii-secondary text-white font-semibold text-lg shadow-sm dark:from-kawaii-primary-500 dark:to-kawaii-secondary-500"[39m
            [36m>[39m
              [0mJD[0m
            [36m</div>[39m
            [36m<div[39m
              [33maria-label[39m=[32m"Offline"[39m
              [33mclass[39m=[32m"absolute bottom-0 right-0 w-3.5 h-3.5 rounded-full border-2 border-white dark:border-kawaii-neutral-800 bg-gray-400 dark:bg-gray-600"[39m
            [36m/>[39m
          [36m</div>[39m
          [36m<div[39m
            [33mclass[39m=[32m"flex-1 min-w-0"[39m
          [36m>[39m
            [36m<div[39m
              [33mclass[39m=[32m"text-base font-semibold mb-0.5 text-kawaii-neutral-900 dark:text-kawaii-neutral-100 truncate"[39m
            [36m>[39m
              [0mJohn Doe[0m
            [36m</div>[39m
            [36m<div[39m
              [33mclass[39m=[32m"text-sm mb-1.5 text-kawaii-neutral-600 dark:text-kawaii-neutral-400 truncate"[39m
            [36m>[39m
              [0mjohn@example.com[0m
            [36m</div>[39m
            [36m<span[39m
              [33mclass[39m=[32m"inline-flex items-center px-2 py-0.5 text-xs font-medium rounded-full bg-blue-100 dark:bg-blue-900/40 text-blue-800 dark:text-blue-200"[39m
            [36m>[39m
              [0mroles.editor[0m
            [36m</span>[39m
          [36m</div>[39m
        [36m</div>[39m
      [36m</div>[39m
    [36m</div>[39m
  [36m</div>[39m
[36m</body>[39m
   × MemberCard > Requirement 14.3: Display role > displays viewer role badge 9ms
     → Unable to find an element with the text: Viewer. This could be because the text is broken up by multiple elements. In this case, you can provide a function for your text matcher to make your matcher more flexible.

Ignored nodes: comments, script, style
[36m<body>[39m
  [36m<div>[39m
    [36m<div[39m
      [33mclass[39m=[32m"relative"[39m
    [36m>[39m
      [36m<div[39m
        [33manimate[39m=[32m"[object Object]"[39m
        [33mclass[39m=[32m"relative overflow-hidden bg-white dark:bg-kawaii-neutral-800 rounded-2xl shadow-sm hover:shadow-md transition-shadow duration-200 touch-manipulation"[39m
        [33mtransition[39m=[32m"[object Object]"[39m
      [36m>[39m
        [36m<div[39m
          [33mclass[39m=[32m"flex items-center gap-4 p-4"[39m
        [36m>[39m
          [36m<div[39m
            [33mclass[39m=[32m"relative flex-shrink-0"[39m
          [36m>[39m
            [36m<div[39m
              [33mclass[39m=[32m"w-12 h-12 rounded-full flex items-center justify-center bg-gradient-to-br from-kawaii-primary to-kawaii-secondary text-white font-semibold text-lg shadow-sm dark:from-kawaii-primary-500 dark:to-kawaii-secondary-500"[39m
            [36m>[39m
              [0mJD[0m
            [36m</div>[39m
            [36m<div[39m
              [33maria-label[39m=[32m"Offline"[39m
              [33mclass[39m=[32m"absolute bottom-0 right-0 w-3.5 h-3.5 rounded-full border-2 border-white dark:border-kawaii-neutral-800 bg-gray-400 dark:bg-gray-600"[39m
            [36m/>[39m
          [36m</div>[39m
          [36m<div[39m
            [33mclass[39m=[32m"flex-1 min-w-0"[39m
          [36m>[39m
            [36m<div[39m
              [33mclass[39m=[32m"text-base font-semibold mb-0.5 text-kawaii-neutral-900 dark:text-kawaii-neutral-100 truncate"[39m
            [36m>[39m
              [0mJohn Doe[0m
            [36m</div>[39m
            [36m<div[39m
              [33mclass[39m=[32m"text-sm mb-1.5 text-kawaii-neutral-600 dark:text-kawaii-neutral-400 truncate"[39m
            [36m>[39m
              [0mjohn@example.com[0m
            [36m</div>[39m
            [36m<span[39m
              [33mclass[39m=[32m"inline-flex items-center px-2 py-0.5 text-xs font-medium rounded-full bg-gray-100 dark:bg-gray-800/60 text-gray-800 dark:text-gray-200"[39m
            [36m>[39m
              [0mroles.viewer[0m
            [36m</span>[39m
          [36m</div>[39m
        [36m</div>[39m
      [36m</div>[39m
    [36m</div>[39m
  [36m</div>[39m
[36m</body>[39m
   ✓ MemberCard > Online/Offline Status > shows online status indicator 9ms
   ✓ MemberCard > Online/Offline Status > shows offline status indicator 8ms
   ✓ MemberCard > Online/Offline Status > defaults to offline when isOnline not provided 7ms
   ✓ MemberCard > Edit/Remove Actions (for owner only) > does not show menu for regular members when canManage is false 6ms
   ✓ MemberCard > Edit/Remove Actions (for owner only) > does not show menu for owner even when canManage is true 6ms
   ✓ MemberCard > Edit/Remove Actions (for owner only) > shows menu button when canManage is true and not owner 15ms
   ✓ MemberCard > Edit/Remove Actions (for owner only) > opens menu when menu button is clicked 61ms
   ✓ MemberCard > Edit/Remove Actions (for owner only) > shows "Make Viewer" option for editor 34ms
   ✓ MemberCard > Edit/Remove Actions (for owner only) > shows "Make Editor" option for viewer 39ms
   ✓ MemberCard > Edit/Remove Actions (for owner only) > calls onRoleChange when role change is clicked 22ms
   ✓ MemberCard > Edit/Remove Actions (for owner only) > calls onRemove when remove button is clicked  377ms
   ✓ MemberCard > Edit/Remove Actions (for owner only) > does not call onRoleChange for owner 4ms
   ✓ MemberCard > Edit/Remove Actions (for owner only) > does not call onRemove for owner 6ms
   ✓ MemberCard > Accessibility > has proper aria-label for status indicator 6ms
   ✓ MemberCard > Accessibility > has proper aria-label for menu button 5ms
   ✓ MemberCard > Accessibility > has focus styles on menu button 6ms
   ✓ MemberCard > Touch Optimization > has minimum 44px touch target for menu button 10ms
   ✓ MemberCard > Custom className > applies custom className to wrapper 4ms
stderr | src/components/kawaii/__tests__/SideNavigation.test.tsx > SideNavigation > renders all navigation items
⚠️ React Router Future Flag Warning: React Router will begin wrapping state updates in `React.startTransition` in v7. You can use the `v7_startTransition` future flag to opt-in early. For more information, see https://reactrouter.com/v6/upgrading/future#v7_starttransition.
⚠️ React Router Future Flag Warning: Relative route resolution within Splat routes is changing in v7. You can use the `v7_relativeSplatPath` future flag to opt-in early. For more information, see https://reactrouter.com/v6/upgrading/future#v7_relativesplatpath.

stderr | src/providers/__tests__/AriaAnnouncerProvider.test.tsx > AriaAnnouncerProvider > Announcement Functions > should announce info messages with polite priority
Warning: An update to AriaAnnouncerProvider inside a test was not wrapped in act(...).

When testing, code that causes React state updates should be wrapped into act(...):

act(() => {
  /* fire events that update state */
});
/* assert on the output */

This ensures that you're testing the behavior the user would see in the browser. Learn more at https://reactjs.org/link/wrap-tests-with-act
    at AriaAnnouncerProvider (/Users/poonjohnny/Desktop/ProjectApp/Journo/frontend/src/providers/AriaAnnouncerProvider.tsx:8:34)

stderr | src/providers/__tests__/AriaAnnouncerProvider.test.tsx > AriaAnnouncerProvider > Announcement Functions > should announce info messages with polite priority
Warning: An update to AriaLiveRegion inside a test was not wrapped in act(...).

When testing, code that causes React state updates should be wrapped into act(...):

act(() => {
  /* fire events that update state */
});
/* assert on the output */

This ensures that you're testing the behavior the user would see in the browser. Learn more at https://reactjs.org/link/wrap-tests-with-act
    at AriaLiveRegion (/Users/poonjohnny/Desktop/ProjectApp/Journo/frontend/src/components/common/AriaLiveRegion.tsx:6:3)
    at AriaAnnouncerProvider (/Users/poonjohnny/Desktop/ProjectApp/Journo/frontend/src/providers/AriaAnnouncerProvider.tsx:8:34)

stderr | src/providers/__tests__/AriaAnnouncerProvider.test.tsx > AriaAnnouncerProvider > Announcement Functions > should clear announcements
Warning: An update to AriaAnnouncerProvider inside a test was not wrapped in act(...).

When testing, code that causes React state updates should be wrapped into act(...):

act(() => {
  /* fire events that update state */
});
/* assert on the output */

This ensures that you're testing the behavior the user would see in the browser. Learn more at https://reactjs.org/link/wrap-tests-with-act
    at AriaAnnouncerProvider (/Users/poonjohnny/Desktop/ProjectApp/Journo/frontend/src/providers/AriaAnnouncerProvider.tsx:8:34)

stderr | src/providers/__tests__/AriaAnnouncerProvider.test.tsx > AriaAnnouncerProvider > Announcement Functions > should clear announcements
Warning: An update to AriaLiveRegion inside a test was not wrapped in act(...).

When testing, code that causes React state updates should be wrapped into act(...):

act(() => {
  /* fire events that update state */
});
/* assert on the output */

This ensures that you're testing the behavior the user would see in the browser. Learn more at https://reactjs.org/link/wrap-tests-with-act
    at AriaLiveRegion (/Users/poonjohnny/Desktop/ProjectApp/Journo/frontend/src/components/common/AriaLiveRegion.tsx:6:3)
    at AriaAnnouncerProvider (/Users/poonjohnny/Desktop/ProjectApp/Journo/frontend/src/providers/AriaAnnouncerProvider.tsx:8:34)

stderr | src/providers/__tests__/AriaAnnouncerProvider.test.tsx > AriaAnnouncerProvider > Auto-clear Behavior > should auto-clear messages after 3 seconds
Warning: An update to AriaAnnouncerProvider inside a test was not wrapped in act(...).

When testing, code that causes React state updates should be wrapped into act(...):

act(() => {
  /* fire events that update state */
});
/* assert on the output */

This ensures that you're testing the behavior the user would see in the browser. Learn more at https://reactjs.org/link/wrap-tests-with-act
    at AriaAnnouncerProvider (/Users/poonjohnny/Desktop/ProjectApp/Journo/frontend/src/providers/AriaAnnouncerProvider.tsx:8:34)

stderr | src/providers/__tests__/AriaAnnouncerProvider.test.tsx > AriaAnnouncerProvider > Auto-clear Behavior > should auto-clear messages after 3 seconds
Warning: An update to AriaLiveRegion inside a test was not wrapped in act(...).

When testing, code that causes React state updates should be wrapped into act(...):

act(() => {
  /* fire events that update state */
});
/* assert on the output */

This ensures that you're testing the behavior the user would see in the browser. Learn more at https://reactjs.org/link/wrap-tests-with-act
    at AriaLiveRegion (/Users/poonjohnny/Desktop/ProjectApp/Journo/frontend/src/components/common/AriaLiveRegion.tsx:6:3)
    at AriaAnnouncerProvider (/Users/poonjohnny/Desktop/ProjectApp/Journo/frontend/src/providers/AriaAnnouncerProvider.tsx:8:34)

stderr | src/providers/__tests__/AriaAnnouncerProvider.test.tsx > AriaAnnouncerProvider > Requirements Validation > should validate Requirements 9.6 - State change announcements for loading
Warning: An update to AriaAnnouncerProvider inside a test was not wrapped in act(...).

When testing, code that causes React state updates should be wrapped into act(...):

act(() => {
  /* fire events that update state */
});
/* assert on the output */

This ensures that you're testing the behavior the user would see in the browser. Learn more at https://reactjs.org/link/wrap-tests-with-act
    at AriaAnnouncerProvider (/Users/poonjohnny/Desktop/ProjectApp/Journo/frontend/src/providers/AriaAnnouncerProvider.tsx:8:34)

stderr | src/providers/__tests__/AriaAnnouncerProvider.test.tsx > AriaAnnouncerProvider > Requirements Validation > should validate Requirements 9.6 - State change announcements for loading
Warning: An update to AriaLiveRegion inside a test was not wrapped in act(...).

When testing, code that causes React state updates should be wrapped into act(...):

act(() => {
  /* fire events that update state */
});
/* assert on the output */

This ensures that you're testing the behavior the user would see in the browser. Learn more at https://reactjs.org/link/wrap-tests-with-act
    at AriaLiveRegion (/Users/poonjohnny/Desktop/ProjectApp/Journo/frontend/src/components/common/AriaLiveRegion.tsx:6:3)
    at AriaAnnouncerProvider (/Users/poonjohnny/Desktop/ProjectApp/Journo/frontend/src/providers/AriaAnnouncerProvider.tsx:8:34)

stderr | src/providers/__tests__/AriaAnnouncerProvider.test.tsx > AriaAnnouncerProvider > Requirements Validation > should validate Requirements 9.6 - State change announcements for errors
Warning: An update to AriaAnnouncerProvider inside a test was not wrapped in act(...).

When testing, code that causes React state updates should be wrapped into act(...):

act(() => {
  /* fire events that update state */
});
/* assert on the output */

This ensures that you're testing the behavior the user would see in the browser. Learn more at https://reactjs.org/link/wrap-tests-with-act
    at AriaAnnouncerProvider (/Users/poonjohnny/Desktop/ProjectApp/Journo/frontend/src/providers/AriaAnnouncerProvider.tsx:8:34)
Warning: An update to AriaAnnouncerProvider inside a test was not wrapped in act(...).

When testing, code that causes React state updates should be wrapped into act(...):

act(() => {
  /* fire events that update state */
});
/* assert on the output */

This ensures that you're testing the behavior the user would see in the browser. Learn more at https://reactjs.org/link/wrap-tests-with-act
    at AriaAnnouncerProvider (/Users/poonjohnny/Desktop/ProjectApp/Journo/frontend/src/providers/AriaAnnouncerProvider.tsx:8:34)
Warning: An update to AriaLiveRegion inside a test was not wrapped in act(...).

When testing, code that causes React state updates should be wrapped into act(...):

act(() => {
  /* fire events that update state */
});
/* assert on the output */

This ensures that you're testing the behavior the user would see in the browser. Learn more at https://reactjs.org/link/wrap-tests-with-act
    at AriaLiveRegion (/Users/poonjohnny/Desktop/ProjectApp/Journo/frontend/src/components/common/AriaLiveRegion.tsx:6:3)
    at AriaAnnouncerProvider (/Users/poonjohnny/Desktop/ProjectApp/Journo/frontend/src/providers/AriaAnnouncerProvider.tsx:8:34)

stderr | src/providers/__tests__/AriaAnnouncerProvider.test.tsx > AriaAnnouncerProvider > Requirements Validation > should validate Requirements 9.6 - State change announcements for success
Warning: An update to AriaAnnouncerProvider inside a test was not wrapped in act(...).

When testing, code that causes React state updates should be wrapped into act(...):

act(() => {
  /* fire events that update state */
});
/* assert on the output */

This ensures that you're testing the behavior the user would see in the browser. Learn more at https://reactjs.org/link/wrap-tests-with-act
    at AriaAnnouncerProvider (/Users/poonjohnny/Desktop/ProjectApp/Journo/frontend/src/providers/AriaAnnouncerProvider.tsx:8:34)

stderr | src/providers/__tests__/AriaAnnouncerProvider.test.tsx > AriaAnnouncerProvider > Requirements Validation > should validate Requirements 9.6 - State change announcements for success
Warning: An update to AriaLiveRegion inside a test was not wrapped in act(...).

When testing, code that causes React state updates should be wrapped into act(...):

act(() => {
  /* fire events that update state */
});
/* assert on the output */

This ensures that you're testing the behavior the user would see in the browser. Learn more at https://reactjs.org/link/wrap-tests-with-act
    at AriaLiveRegion (/Users/poonjohnny/Desktop/ProjectApp/Journo/frontend/src/components/common/AriaLiveRegion.tsx:6:3)
    at AriaAnnouncerProvider (/Users/poonjohnny/Desktop/ProjectApp/Journo/frontend/src/providers/AriaAnnouncerProvider.tsx:8:34)

stderr | src/providers/__tests__/AriaAnnouncerProvider.test.tsx > AriaAnnouncerProvider > Multiple Announcements > should handle rapid successive announcements
Warning: An update to AriaAnnouncerProvider inside a test was not wrapped in act(...).

When testing, code that causes React state updates should be wrapped into act(...):

act(() => {
  /* fire events that update state */
});
/* assert on the output */

This ensures that you're testing the behavior the user would see in the browser. Learn more at https://reactjs.org/link/wrap-tests-with-act
    at AriaAnnouncerProvider (/Users/poonjohnny/Desktop/ProjectApp/Journo/frontend/src/providers/AriaAnnouncerProvider.tsx:8:34)
Warning: An update to AriaAnnouncerProvider inside a test was not wrapped in act(...).

When testing, code that causes React state updates should be wrapped into act(...):

act(() => {
  /* fire events that update state */
});
/* assert on the output */

This ensures that you're testing the behavior the user would see in the browser. Learn more at https://reactjs.org/link/wrap-tests-with-act
    at AriaAnnouncerProvider (/Users/poonjohnny/Desktop/ProjectApp/Journo/frontend/src/providers/AriaAnnouncerProvider.tsx:8:34)
Warning: An update to AriaAnnouncerProvider inside a test was not wrapped in act(...).

When testing, code that causes React state updates should be wrapped into act(...):

act(() => {
  /* fire events that update state */
});
/* assert on the output */

This ensures that you're testing the behavior the user would see in the browser. Learn more at https://reactjs.org/link/wrap-tests-with-act
    at AriaAnnouncerProvider (/Users/poonjohnny/Desktop/ProjectApp/Journo/frontend/src/providers/AriaAnnouncerProvider.tsx:8:34)
Warning: An update to AriaAnnouncerProvider inside a test was not wrapped in act(...).

When testing, code that causes React state updates should be wrapped into act(...):

act(() => {
  /* fire events that update state */
});
/* assert on the output */

This ensures that you're testing the behavior the user would see in the browser. Learn more at https://reactjs.org/link/wrap-tests-with-act
    at AriaAnnouncerProvider (/Users/poonjohnny/Desktop/ProjectApp/Journo/frontend/src/providers/AriaAnnouncerProvider.tsx:8:34)
Warning: An update to AriaAnnouncerProvider inside a test was not wrapped in act(...).

When testing, code that causes React state updates should be wrapped into act(...):

act(() => {
  /* fire events that update state */
});
/* assert on the output */

This ensures that you're testing the behavior the user would see in the browser. Learn more at https://reactjs.org/link/wrap-tests-with-act
    at AriaAnnouncerProvider (/Users/poonjohnny/Desktop/ProjectApp/Journo/frontend/src/providers/AriaAnnouncerProvider.tsx:8:34)
Warning: An update to AriaLiveRegion inside a test was not wrapped in act(...).

When testing, code that causes React state updates should be wrapped into act(...):

act(() => {
  /* fire events that update state */
});
/* assert on the output */

This ensures that you're testing the behavior the user would see in the browser. Learn more at https://reactjs.org/link/wrap-tests-with-act
    at AriaLiveRegion (/Users/poonjohnny/Desktop/ProjectApp/Journo/frontend/src/components/common/AriaLiveRegion.tsx:6:3)
    at AriaAnnouncerProvider (/Users/poonjohnny/Desktop/ProjectApp/Journo/frontend/src/providers/AriaAnnouncerProvider.tsx:8:34)

stderr | src/providers/__tests__/AriaAnnouncerProvider.test.tsx > AriaAnnouncerProvider > Multiple Announcements > should switch priority when announcement type changes
Warning: An update to AriaAnnouncerProvider inside a test was not wrapped in act(...).

When testing, code that causes React state updates should be wrapped into act(...):

act(() => {
  /* fire events that update state */
});
/* assert on the output */

This ensures that you're testing the behavior the user would see in the browser. Learn more at https://reactjs.org/link/wrap-tests-with-act
    at AriaAnnouncerProvider (/Users/poonjohnny/Desktop/ProjectApp/Journo/frontend/src/providers/AriaAnnouncerProvider.tsx:8:34)
Warning: An update to AriaAnnouncerProvider inside a test was not wrapped in act(...).

When testing, code that causes React state updates should be wrapped into act(...):

act(() => {
  /* fire events that update state */
});
/* assert on the output */

This ensures that you're testing the behavior the user would see in the browser. Learn more at https://reactjs.org/link/wrap-tests-with-act
    at AriaAnnouncerProvider (/Users/poonjohnny/Desktop/ProjectApp/Journo/frontend/src/providers/AriaAnnouncerProvider.tsx:8:34)
Warning: An update to AriaAnnouncerProvider inside a test was not wrapped in act(...).

When testing, code that causes React state updates should be wrapped into act(...):

act(() => {
  /* fire events that update state */
});
/* assert on the output */

This ensures that you're testing the behavior the user would see in the browser. Learn more at https://reactjs.org/link/wrap-tests-with-act
    at AriaAnnouncerProvider (/Users/poonjohnny/Desktop/ProjectApp/Journo/frontend/src/providers/AriaAnnouncerProvider.tsx:8:34)
Warning: An update to AriaLiveRegion inside a test was not wrapped in act(...).

When testing, code that causes React state updates should be wrapped into act(...):

act(() => {
  /* fire events that update state */
});
/* assert on the output */

This ensures that you're testing the behavior the user would see in the browser. Learn more at https://reactjs.org/link/wrap-tests-with-act
    at AriaLiveRegion (/Users/poonjohnny/Desktop/ProjectApp/Journo/frontend/src/components/common/AriaLiveRegion.tsx:6:3)
    at AriaAnnouncerProvider (/Users/poonjohnny/Desktop/ProjectApp/Journo/frontend/src/providers/AriaAnnouncerProvider.tsx:8:34)

 ❯ src/providers/__tests__/AriaAnnouncerProvider.test.tsx (14 tests | 11 failed) 878ms
   ✓ AriaAnnouncerProvider > Provider Setup > should render children 85ms
   ✓ AriaAnnouncerProvider > Provider Setup > should render ARIA live region 23ms
   ✓ AriaAnnouncerProvider > Provider Setup > should throw error when useAriaAnnouncer is used outside provider 39ms
   × AriaAnnouncerProvider > Announcement Functions > should announce loading messages with polite priority 36ms
     → [2mexpect([22m[31melement[39m[2m).toHaveTextContent()[22m

Expected element to have text content:
[32m  Loading...[39m
Received:
[31m[39m
   × AriaAnnouncerProvider > Announcement Functions > should announce error messages with assertive priority 17ms
     → [2mexpect([22m[31mreceived[39m[2m).toHaveTextContent()[22m

[31mreceived[39m value must be a Node.
Received has type:  Null
Received has value: [31mnull[39m
   × AriaAnnouncerProvider > Announcement Functions > should announce success messages with polite priority 18ms
     → [2mexpect([22m[31melement[39m[2m).toHaveTextContent()[22m

Expected element to have text content:
[32m  Success![39m
Received:
[31m[39m
   × AriaAnnouncerProvider > Announcement Functions > should announce info messages with polite priority 15ms
     → [2mexpect([22m[31melement[39m[2m).toHaveTextContent()[22m

Expected element to have text content:
[32m  Information[39m
Received:
[31m[39m
   × AriaAnnouncerProvider > Announcement Functions > should clear announcements 307ms
     → [2mexpect([22m[31melement[39m[2m).toHaveTextContent()[22m

Expected element to have text content:
[32m  Test message[39m
Received:
[31m[39m
   × AriaAnnouncerProvider > Auto-clear Behavior > should auto-clear messages after 3 seconds 70ms
     → [2mexpect([22m[31melement[39m[2m).toHaveTextContent()[22m

Expected element to have text content:
[32m  Temporary[39m
Received:
[31m[39m
   × AriaAnnouncerProvider > Requirements Validation > should validate Requirements 9.6 - State change announcements for loading 63ms
     → [2mexpect([22m[31melement[39m[2m).toHaveTextContent()[22m

Expected element to have text content:
[32m  Loading data...[39m
Received:
[31m[39m
   × AriaAnnouncerProvider > Requirements Validation > should validate Requirements 9.6 - State change announcements for errors 63ms
     → [2mexpect([22m[31melement[39m[2m).toHaveTextContent()[22m

Expected element to have text content:
[32m  Failed to load[39m
Received:
[31m[39m
   × AriaAnnouncerProvider > Requirements Validation > should validate Requirements 9.6 - State change announcements for success 47ms
     → [2mexpect([22m[31melement[39m[2m).toHaveTextContent()[22m

Expected element to have text content:
[32m  Saved successfully[39m
Received:
[31m[39m
   × AriaAnnouncerProvider > Multiple Announcements > should handle rapid successive announcements 71ms
     → [2mexpect([22m[31melement[39m[2m).toHaveTextContent()[22m

Expected element to have text content:
[32m  Third[39m
Received:
[31m[39m
   × AriaAnnouncerProvider > Multiple Announcements > should switch priority when announcement type changes 21ms
     → [2mexpect([22m[31mreceived[39m[2m).toBeInTheDocument()[22m

[31mreceived[39m value must be an HTMLElement or an SVGElement.
Received has type:  Null
Received has value: [31mnull[39m
stderr | src/components/kawaii/__tests__/ResponsiveLayout.test.tsx > ResponsiveLayout > Basic Rendering > renders children correctly
⚠️ React Router Future Flag Warning: React Router will begin wrapping state updates in `React.startTransition` in v7. You can use the `v7_startTransition` future flag to opt-in early. For more information, see https://reactrouter.com/v6/upgrading/future#v7_starttransition.
⚠️ React Router Future Flag Warning: Relative route resolution within Splat routes is changing in v7. You can use the `v7_relativeSplatPath` future flag to opt-in early. For more information, see https://reactrouter.com/v6/upgrading/future#v7_relativesplatpath.

 ❯ src/components/kawaii/__tests__/SideNavigation.test.tsx (10 tests | 4 failed) 1792ms
   × SideNavigation > renders all navigation items 545ms
     → Unable to find a label with the text of: Schedule

Ignored nodes: comments, script, style
[36m<body>[39m
  [36m<div>[39m
    [36m<nav[39m
      [33maria-label[39m=[32m"Side navigation"[39m
      [33mrole[39m=[32m"navigation"[39m
      [33mstyle[39m=[32m"height: 100vh; width: 240px; background-color: white; border-right: 1px solid rgb(229, 231, 235);"[39m
    [36m>[39m
      [36m<div[39m
        [33mstyle[39m=[32m"display: flex; flex-direction: column; height: 100%;"[39m
      [36m>[39m
        [36m<div[39m
          [33mstyle[39m=[32m"display: flex; align-items: center; justify-content: space-between; height: 64px; padding: 0px 16px; border-bottom: 1px solid rgb(229, 231, 235);"[39m
        [36m>[39m
          [36m<div[39m
            [33mstyle[39m=[32m"font-size: 18px; font-weight: bold; color: rgb(59, 130, 246);"[39m
          [36m>[39m
            [0mJourno[0m
          [36m</div>[39m
          [36m<button[39m
            [33maria-label[39m=[32m"Collapse navigation"[39m
            [33mstyle[39m=[32m"display: flex; align-items: center; justify-content: center; width: 32px; height: 32px; border: medium; background-color: transparent; cursor: pointer; margin: 0px;"[39m
          [36m>[39m
            [36m<svg[39m
              [33maria-hidden[39m=[32m"true"[39m
              [33mdata-slot[39m=[32m"icon"[39m
              [33mfill[39m=[32m"none"[39m
              [33mstroke[39m=[32m"currentColor"[39m
              [33mstroke-width[39m=[32m"1.5"[39m
              [33mstyle[39m=[32m"width: 20px; height: 20px;"[39m
              [33mviewBox[39m=[32m"0 0 24 24"[39m
              [33mxmlns[39m=[32m"http://www.w3.org/2000/svg"[39m
            [36m>[39m
              [36m<path[39m
                [33md[39m=[32m"M15.75 19.5 8.25 12l7.5-7.5"[39m
                [33mstroke-linecap[39m=[32m"round"[39m
                [33mstroke-linejoin[39m=[32m"round"[39m
              [36m/>[39m
            [36m</svg>[39m
          [36m</button>[39m
        [36m</div>[39m
        [36m<div[39m
          [33mstyle[39m=[32m"flex: 1 1 0%; padding: 16px 0px; overflow-y: auto;"[39m
        [36m>[39m
          [36m<div[39m
            [33mstyle[39m=[32m"padding: 0px 8px;"[39m
          [36m>[39m
            [36m<button[39m
              [33maria-current[39m=[32m"page"[39m
              [33maria-label[39m=[32m"navigation.schedule"[39m
              [33mstyle[39m=[32m"display: flex; align-items: center; width: 100%; padding: 12px; margin-bottom: 4px; border: medium; border-radius: 8px; background-color: rgb(239, 246, 255); color: rgb(59, 130, 246); cursor: pointer; position: relative;"[39m
            [36m>[39m
              [36m<div[39m
                [33mstyle[39m=[32m"position: relative; flex-shrink: 0;"[39m
              [36m>[39m
                [36m<svg[39m
                  [33maria-hidden[39m=[32m"true"[39m
                  [33mdata-slot[39m=[32m"icon"[39m
                  [33mfill[39m=[32m"currentColor"[39m
                  [33mstyle[39m=[32m"width: 24px; height: 24px;"[39m
                  [33mviewBox[39m=[32m"0 0 24 24"[39m
                  [33mxmlns[39m=[32m"http://www.w3.org/2000/svg"[39m
                [36m>[39m
                  [36m<path[39m
                    [33md[39m=[32m"M12.75 12.75a.75.75 0 1 1-1.5 0 .75.75 0 0 1 1.5 0ZM7.5 15.75a.75.75 0 1 0 0-1.5.75.75 0 0 0 0 1.5ZM8.25 17.25a.75.75 0 1 1-1.5 0 .75.75 0 0 1 1.5 0ZM9.75 15.75a.75.75 0 1 0 0-1.5.75.75 0 0 0 0 1.5ZM10.5 17.25a.75.75 0 1 1-1.5 0 .75.75 0 0 1 1.5 0ZM12 15.75a.75.75 0 1 0 0-1.5.75.75 0 0 0 0 1.5ZM12.75 17.25a.75.75 0 1 1-1.5 0 .75.75 0 0 1 1.5 0ZM14.25 15.75a.75.75 0 1 0 0-1.5.75.75 0 0 0 0 1.5ZM15 17.25a.75.75 0 1 1-1.5 0 .75.75 0 0 1 1.5 0ZM16.5 15.75a.75.75 0 1 0 0-1.5.75.75 0 0 0 0 1.5ZM15 12.75a.75.75 0 1 1-1.5 0 .75.75 0 0 1 1.5 0ZM16.5 13.5a.75.75 0 1 0 0-1.5.75.75 0 0 0 0 1.5Z"[39m
                  [36m/>[39m
                  [36m<path[39m
                    [33mclip-rule[39m=[32m"evenodd"[39m
                    [33md[39m=[32m"M6.75 2.25A.75.75 0 0 1 7.5 3v1.5h9V3A.75.75 0 0 1 18 3v1.5h.75a3 3 0 0 1 3 3v11.25a3 3 0 0 1-3 3H5.25a3 3 0 0 1-3-3V7.5a3 3 0 0 1 3-3H6V3a.75.75 0 0 1 .75-.75Zm13.5 9a1.5 1.5 0 0 0-1.5-1.5H5.25a1.5 1.5 0 0 0-1.5 1.5v7.5a1.5 1.5 0 0 0 1.5 1.5h13.5a1.5 1.5 0 0 0 1.5-1.5v-7.5Z"[39m
                    [33mfill-rule[39m=[32m"evenodd"[39m
                  [36m/>[39m
                [36m</svg>[39m
              [36m</div>[39m
              [36m<span[39m
                [33mstyle[39m=[32m"margin-left: 12px; font-size: 14px; font-weight: 500; white-space: nowrap;"[39m
              [36m>[39m
                [0mnavigation.schedule[0m
              [36m</span>[39m
              [36m<div[39m
                [33mstyle[39m=[32m"position: absolute; left: 0px; top: 50%; width: 4px; height: 32px; background-color: rgb(59, 130, 246); border-radius: 0 9999px 9999px 0; transform: translateY(-50%);"[39m
              [36m/>[39m
            [36m</button>[39m
            [36m<button[39m
              [33maria-label[39m=[32m"navigation.booking"[39m
              [33mstyle[39m=[32m"display: flex; align-items: center; width: 100%; padding: 12px; margin-bottom: 4px; border: medium; border-radius: 8px; background-color: transparent; color: rgb(107, 114, 128); cursor: pointer; position: relative;"[39m
            [36m>[39m
              [36m<div[39m
                [33mstyle[39m=[32m"position: relative; flex-shrink: 0;"[39m
              [36m>[39m
                [36m<svg[39m
                  [33maria-hidden[39m=[32m"true"[39m
                  [33mdata-slot[39m=[32m"icon"[39m
                  [33mfill[39m=[32m"none"[39m
                  [33mstroke[39m=[32m"currentColor"[39m
                  [33mstroke-width[39m=[32m"1.5"[39m
                  [33mstyle[39m=[32m"width: 24px; height: 24px;"[39m
                  [33mviewBox[39m=[32m"0 0 24 24"[39m
                  [33mxmlns[39m=[32m"http://www.w3.org/2000/svg"[39m
                [36m>[39m
                  [36m<path[39m
                    [33md[39m=[32m"M16.5 6v.75m0 3v.75m0 3v.75m0 3V18m-9-5.25h5.25M7.5 15h3M3.375 5.25c-.621 0-1.125.504-1.125 1.125v3.026a2.999 2.999 0 0 1 0 5.198v3.026c0 .621.504 1.125 1.125 1.125h17.25c.621 0 1.125-.504 1.125-1.125v-3.026a2.999 2.999 0 0 1 0-5.198V6.375c0-.621-.504-1.125-1.125-1.125H3.375Z"[39m
                    [33mstroke-linecap[39m=[32m"round"[39m
                    [33mstroke-linejoin[39m=[32m"round"[39m
                  [36m/>[39m
                [36m</svg>[39m
              [36m</div>[39m
              [36m<span[39m
                [33mstyle[39m=[32m"margin-left: 12px; font-size: 14px; font-weight: 500; white-space: nowrap;"[39m
              [36m>[39m
                [0mnavigation.booking[0m
              [36m</span>[39m
            [36m</button>[39m
            [36m...
   × SideNavigation > renders in expanded state by default 180ms
     → Unable to find an element with the text: Schedule. This could be because the text is broken up by multiple elements. In this case, you can provide a function for your text matcher to make your matcher more flexible.

Ignored nodes: comments, script, style
[36m<body>[39m
  [36m<div>[39m
    [36m<nav[39m
      [33maria-label[39m=[32m"Side navigation"[39m
      [33mrole[39m=[32m"navigation"[39m
      [33mstyle[39m=[32m"height: 100vh; width: 240px; background-color: white; border-right: 1px solid rgb(229, 231, 235);"[39m
    [36m>[39m
      [36m<div[39m
        [33mstyle[39m=[32m"display: flex; flex-direction: column; height: 100%;"[39m
      [36m>[39m
        [36m<div[39m
          [33mstyle[39m=[32m"display: flex; align-items: center; justify-content: space-between; height: 64px; padding: 0px 16px; border-bottom: 1px solid rgb(229, 231, 235);"[39m
        [36m>[39m
          [36m<div[39m
            [33mstyle[39m=[32m"font-size: 18px; font-weight: bold; color: rgb(59, 130, 246);"[39m
          [36m>[39m
            [0mJourno[0m
          [36m</div>[39m
          [36m<button[39m
            [33maria-label[39m=[32m"Collapse navigation"[39m
            [33mstyle[39m=[32m"display: flex; align-items: center; justify-content: center; width: 32px; height: 32px; border: medium; background-color: transparent; cursor: pointer; margin: 0px;"[39m
          [36m>[39m
            [36m<svg[39m
              [33maria-hidden[39m=[32m"true"[39m
              [33mdata-slot[39m=[32m"icon"[39m
              [33mfill[39m=[32m"none"[39m
              [33mstroke[39m=[32m"currentColor"[39m
              [33mstroke-width[39m=[32m"1.5"[39m
              [33mstyle[39m=[32m"width: 20px; height: 20px;"[39m
              [33mviewBox[39m=[32m"0 0 24 24"[39m
              [33mxmlns[39m=[32m"http://www.w3.org/2000/svg"[39m
            [36m>[39m
              [36m<path[39m
                [33md[39m=[32m"M15.75 19.5 8.25 12l7.5-7.5"[39m
                [33mstroke-linecap[39m=[32m"round"[39m
                [33mstroke-linejoin[39m=[32m"round"[39m
              [36m/>[39m
            [36m</svg>[39m
          [36m</button>[39m
        [36m</div>[39m
        [36m<div[39m
          [33mstyle[39m=[32m"flex: 1 1 0%; padding: 16px 0px; overflow-y: auto;"[39m
        [36m>[39m
          [36m<div[39m
            [33mstyle[39m=[32m"padding: 0px 8px;"[39m
          [36m>[39m
            [36m<button[39m
              [33maria-current[39m=[32m"page"[39m
              [33maria-label[39m=[32m"navigation.schedule"[39m
              [33mstyle[39m=[32m"display: flex; align-items: center; width: 100%; padding: 12px; margin-bottom: 4px; border: medium; border-radius: 8px; background-color: rgb(239, 246, 255); color: rgb(59, 130, 246); cursor: pointer; position: relative;"[39m
            [36m>[39m
              [36m<div[39m
                [33mstyle[39m=[32m"position: relative; flex-shrink: 0;"[39m
              [36m>[39m
                [36m<svg[39m
                  [33maria-hidden[39m=[32m"true"[39m
                  [33mdata-slot[39m=[32m"icon"[39m
                  [33mfill[39m=[32m"currentColor"[39m
                  [33mstyle[39m=[32m"width: 24px; height: 24px;"[39m
                  [33mviewBox[39m=[32m"0 0 24 24"[39m
                  [33mxmlns[39m=[32m"http://www.w3.org/2000/svg"[39m
                [36m>[39m
                  [36m<path[39m
                    [33md[39m=[32m"M12.75 12.75a.75.75 0 1 1-1.5 0 .75.75 0 0 1 1.5 0ZM7.5 15.75a.75.75 0 1 0 0-1.5.75.75 0 0 0 0 1.5ZM8.25 17.25a.75.75 0 1 1-1.5 0 .75.75 0 0 1 1.5 0ZM9.75 15.75a.75.75 0 1 0 0-1.5.75.75 0 0 0 0 1.5ZM10.5 17.25a.75.75 0 1 1-1.5 0 .75.75 0 0 1 1.5 0ZM12 15.75a.75.75 0 1 0 0-1.5.75.75 0 0 0 0 1.5ZM12.75 17.25a.75.75 0 1 1-1.5 0 .75.75 0 0 1 1.5 0ZM14.25 15.75a.75.75 0 1 0 0-1.5.75.75 0 0 0 0 1.5ZM15 17.25a.75.75 0 1 1-1.5 0 .75.75 0 0 1 1.5 0ZM16.5 15.75a.75.75 0 1 0 0-1.5.75.75 0 0 0 0 1.5ZM15 12.75a.75.75 0 1 1-1.5 0 .75.75 0 0 1 1.5 0ZM16.5 13.5a.75.75 0 1 0 0-1.5.75.75 0 0 0 0 1.5Z"[39m
                  [36m/>[39m
                  [36m<path[39m
                    [33mclip-rule[39m=[32m"evenodd"[39m
                    [33md[39m=[32m"M6.75 2.25A.75.75 0 0 1 7.5 3v1.5h9V3A.75.75 0 0 1 18 3v1.5h.75a3 3 0 0 1 3 3v11.25a3 3 0 0 1-3 3H5.25a3 3 0 0 1-3-3V7.5a3 3 0 0 1 3-3H6V3a.75.75 0 0 1 .75-.75Zm13.5 9a1.5 1.5 0 0 0-1.5-1.5H5.25a1.5 1.5 0 0 0-1.5 1.5v7.5a1.5 1.5 0 0 0 1.5 1.5h13.5a1.5 1.5 0 0 0 1.5-1.5v-7.5Z"[39m
                    [33mfill-rule[39m=[32m"evenodd"[39m
                  [36m/>[39m
                [36m</svg>[39m
              [36m</div>[39m
              [36m<span[39m
                [33mstyle[39m=[32m"margin-left: 12px; font-size: 14px; font-weight: 500; white-space: nowrap;"[39m
              [36m>[39m
                [0mnavigation.schedule[0m
              [36m</span>[39m
              [36m<div[39m
                [33mstyle[39m=[32m"position: absolute; left: 0px; top: 50%; width: 4px; height: 32px; background-color: rgb(59, 130, 246); border-radius: 0 9999px 9999px 0; transform: translateY(-50%);"[39m
              [36m/>[39m
            [36m</button>[39m
            [36m<button[39m
              [33maria-label[39m=[32m"navigation.booking"[39m
              [33mstyle[39m=[32m"display: flex; align-items: center; width: 100%; padding: 12px; margin-bottom: 4px; border: medium; border-radius: 8px; background-color: transparent; color: rgb(107, 114, 128); cursor: pointer; position: relative;"[39m
            [36m>[39m
              [36m<div[39m
                [33mstyle[39m=[32m"position: relative; flex-shrink: 0;"[39m
              [36m>[39m
                [36m<svg[39m
                  [33maria-hidden[39m=[32m"true"[39m
                  [33mdata-slot[39m=[32m"icon"[39m
                  [33mfill[39m=[32m"none"[39m
                  [33mstroke[39m=[32m"currentColor"[39m
                  [33mstroke-width[39m=[32m"1.5"[39m
                  [33mstyle[39m=[32m"width: 24px; height: 24px;"[39m
                  [33mviewBox[39m=[32m"0 0 24 24"[39m
                  [33mxmlns[39m=[32m"http://www.w3.org/2000/svg"[39m
                [36m>[39m
                  [36m<path[39m
                    [33md[39m=[32m"M16.5 6v.75m0 3v.75m0 3v.75m0 3V18m-9-5.25h5.25M7.5 15h3M3.375 5.25c-.621 0-1.125.504-1.125 1.125v3.026a2.999 2.999 0 0 1 0 5.198v3.026c0 .621.504 1.125 1.125 1.125h17.25c.621 0 1.125-.504 1.125-1.125v-3.026a2.999 2.999 0 0 1 0-5.198V6.375c0-.621-.504-1.125-1.125-1.125H3.375Z"[39m
                    [33mstroke-linecap[39m=[32m"round"[39m
                    [33mstroke-linejoin[39m=[32m"round"[39m
                  [36m/>[39m
                [36m</svg>[39m
              [36m</div>[39m
              [36m<span[39m
                [33mstyle[39m=[32m"margin-left: 12px; font-size: 14px; font-weight: 500; white-space: nowrap;"[39m
              [36m>[39m
                [0mnavigation.booking[0m
              [36m</span>[39m
            [36m</button>[39m
            [36m...
   ✓ SideNavigation > can be collapsed  323ms
   × SideNavigation > calls onTabChange when a tab is clicked 123ms
     → Unable to find a label with the text of: Budget

Ignored nodes: comments, script, style
[36m<body>[39m
  [36m<div>[39m
    [36m<nav[39m
      [33maria-label[39m=[32m"Side navigation"[39m
      [33mrole[39m=[32m"navigation"[39m
      [33mstyle[39m=[32m"height: 100vh; width: 240px; background-color: white; border-right: 1px solid rgb(229, 231, 235);"[39m
    [36m>[39m
      [36m<div[39m
        [33mstyle[39m=[32m"display: flex; flex-direction: column; height: 100%;"[39m
      [36m>[39m
        [36m<div[39m
          [33mstyle[39m=[32m"display: flex; align-items: center; justify-content: space-between; height: 64px; padding: 0px 16px; border-bottom: 1px solid rgb(229, 231, 235);"[39m
        [36m>[39m
          [36m<div[39m
            [33mstyle[39m=[32m"font-size: 18px; font-weight: bold; color: rgb(59, 130, 246);"[39m
          [36m>[39m
            [0mJourno[0m
          [36m</div>[39m
          [36m<button[39m
            [33maria-label[39m=[32m"Collapse navigation"[39m
            [33mstyle[39m=[32m"display: flex; align-items: center; justify-content: center; width: 32px; height: 32px; border: medium; background-color: transparent; cursor: pointer; margin: 0px;"[39m
          [36m>[39m
            [36m<svg[39m
              [33maria-hidden[39m=[32m"true"[39m
              [33mdata-slot[39m=[32m"icon"[39m
              [33mfill[39m=[32m"none"[39m
              [33mstroke[39m=[32m"currentColor"[39m
              [33mstroke-width[39m=[32m"1.5"[39m
              [33mstyle[39m=[32m"width: 20px; height: 20px;"[39m
              [33mviewBox[39m=[32m"0 0 24 24"[39m
              [33mxmlns[39m=[32m"http://www.w3.org/2000/svg"[39m
            [36m>[39m
              [36m<path[39m
                [33md[39m=[32m"M15.75 19.5 8.25 12l7.5-7.5"[39m
                [33mstroke-linecap[39m=[32m"round"[39m
                [33mstroke-linejoin[39m=[32m"round"[39m
              [36m/>[39m
            [36m</svg>[39m
          [36m</button>[39m
        [36m</div>[39m
        [36m<div[39m
          [33mstyle[39m=[32m"flex: 1 1 0%; padding: 16px 0px; overflow-y: auto;"[39m
        [36m>[39m
          [36m<div[39m
            [33mstyle[39m=[32m"padding: 0px 8px;"[39m
          [36m>[39m
            [36m<button[39m
              [33maria-current[39m=[32m"page"[39m
              [33maria-label[39m=[32m"navigation.schedule"[39m
              [33mstyle[39m=[32m"display: flex; align-items: center; width: 100%; padding: 12px; margin-bottom: 4px; border: medium; border-radius: 8px; background-color: rgb(239, 246, 255); color: rgb(59, 130, 246); cursor: pointer; position: relative;"[39m
            [36m>[39m
              [36m<div[39m
                [33mstyle[39m=[32m"position: relative; flex-shrink: 0;"[39m
              [36m>[39m
                [36m<svg[39m
                  [33maria-hidden[39m=[32m"true"[39m
                  [33mdata-slot[39m=[32m"icon"[39m
                  [33mfill[39m=[32m"currentColor"[39m
                  [33mstyle[39m=[32m"width: 24px; height: 24px;"[39m
                  [33mviewBox[39m=[32m"0 0 24 24"[39m
                  [33mxmlns[39m=[32m"http://www.w3.org/2000/svg"[39m
                [36m>[39m
                  [36m<path[39m
                    [33md[39m=[32m"M12.75 12.75a.75.75 0 1 1-1.5 0 .75.75 0 0 1 1.5 0ZM7.5 15.75a.75.75 0 1 0 0-1.5.75.75 0 0 0 0 1.5ZM8.25 17.25a.75.75 0 1 1-1.5 0 .75.75 0 0 1 1.5 0ZM9.75 15.75a.75.75 0 1 0 0-1.5.75.75 0 0 0 0 1.5ZM10.5 17.25a.75.75 0 1 1-1.5 0 .75.75 0 0 1 1.5 0ZM12 15.75a.75.75 0 1 0 0-1.5.75.75 0 0 0 0 1.5ZM12.75 17.25a.75.75 0 1 1-1.5 0 .75.75 0 0 1 1.5 0ZM14.25 15.75a.75.75 0 1 0 0-1.5.75.75 0 0 0 0 1.5ZM15 17.25a.75.75 0 1 1-1.5 0 .75.75 0 0 1 1.5 0ZM16.5 15.75a.75.75 0 1 0 0-1.5.75.75 0 0 0 0 1.5ZM15 12.75a.75.75 0 1 1-1.5 0 .75.75 0 0 1 1.5 0ZM16.5 13.5a.75.75 0 1 0 0-1.5.75.75 0 0 0 0 1.5Z"[39m
                  [36m/>[39m
                  [36m<path[39m
                    [33mclip-rule[39m=[32m"evenodd"[39m
                    [33md[39m=[32m"M6.75 2.25A.75.75 0 0 1 7.5 3v1.5h9V3A.75.75 0 0 1 18 3v1.5h.75a3 3 0 0 1 3 3v11.25a3 3 0 0 1-3 3H5.25a3 3 0 0 1-3-3V7.5a3 3 0 0 1 3-3H6V3a.75.75 0 0 1 .75-.75Zm13.5 9a1.5 1.5 0 0 0-1.5-1.5H5.25a1.5 1.5 0 0 0-1.5 1.5v7.5a1.5 1.5 0 0 0 1.5 1.5h13.5a1.5 1.5 0 0 0 1.5-1.5v-7.5Z"[39m
                    [33mfill-rule[39m=[32m"evenodd"[39m
                  [36m/>[39m
                [36m</svg>[39m
              [36m</div>[39m
              [36m<span[39m
                [33mstyle[39m=[32m"margin-left: 12px; font-size: 14px; font-weight: 500; white-space: nowrap;"[39m
              [36m>[39m
                [0mnavigation.schedule[0m
              [36m</span>[39m
              [36m<div[39m
                [33mstyle[39m=[32m"position: absolute; left: 0px; top: 50%; width: 4px; height: 32px; background-color: rgb(59, 130, 246); border-radius: 0 9999px 9999px 0; transform: translateY(-50%);"[39m
              [36m/>[39m
            [36m</button>[39m
            [36m<button[39m
              [33maria-label[39m=[32m"navigation.booking"[39m
              [33mstyle[39m=[32m"display: flex; align-items: center; width: 100%; padding: 12px; margin-bottom: 4px; border: medium; border-radius: 8px; background-color: transparent; color: rgb(107, 114, 128); cursor: pointer; position: relative;"[39m
            [36m>[39m
              [36m<div[39m
                [33mstyle[39m=[32m"position: relative; flex-shrink: 0;"[39m
              [36m>[39m
                [36m<svg[39m
                  [33maria-hidden[39m=[32m"true"[39m
                  [33mdata-slot[39m=[32m"icon"[39m
                  [33mfill[39m=[32m"none"[39m
                  [33mstroke[39m=[32m"currentColor"[39m
                  [33mstroke-width[39m=[32m"1.5"[39m
                  [33mstyle[39m=[32m"width: 24px; height: 24px;"[39m
                  [33mviewBox[39m=[32m"0 0 24 24"[39m
                  [33mxmlns[39m=[32m"http://www.w3.org/2000/svg"[39m
                [36m>[39m
                  [36m<path[39m
                    [33md[39m=[32m"M16.5 6v.75m0 3v.75m0 3v.75m0 3V18m-9-5.25h5.25M7.5 15h3M3.375 5.25c-.621 0-1.125.504-1.125 1.125v3.026a2.999 2.999 0 0 1 0 5.198v3.026c0 .621.504 1.125 1.125 1.125h17.25c.621 0 1.125-.504 1.125-1.125v-3.026a2.999 2.999 0 0 1 0-5.198V6.375c0-.621-.504-1.125-1.125-1.125H3.375Z"[39m
                    [33mstroke-linecap[39m=[32m"round"[39m
                    [33mstroke-linejoin[39m=[32m"round"[39m
                  [36m/>[39m
                [36m</svg>[39m
              [36m</div>[39m
              [36m<span[39m
                [33mstyle[39m=[32m"margin-left: 12px; font-size: 14px; font-weight: 500; white-space: nowrap;"[39m
              [36m>[39m
                [0mnavigation.booking[0m
              [36m</span>[39m
            [36m</button>[39m
            [36m...
   ✓ SideNavigation > calls onCollapsedChange when collapse button is clicked 95ms
   × SideNavigation > highlights the active tab 95ms
     → Unable to find a label with the text of: Shopping

Ignored nodes: comments, script, style
[36m<body>[39m
  [36m<div>[39m
    [36m<nav[39m
      [33maria-label[39m=[32m"Side navigation"[39m
      [33mrole[39m=[32m"navigation"[39m
      [33mstyle[39m=[32m"height: 100vh; width: 240px; background-color: white; border-right: 1px solid rgb(229, 231, 235);"[39m
    [36m>[39m
      [36m<div[39m
        [33mstyle[39m=[32m"display: flex; flex-direction: column; height: 100%;"[39m
      [36m>[39m
        [36m<div[39m
          [33mstyle[39m=[32m"display: flex; align-items: center; justify-content: space-between; height: 64px; padding: 0px 16px; border-bottom: 1px solid rgb(229, 231, 235);"[39m
        [36m>[39m
          [36m<div[39m
            [33mstyle[39m=[32m"font-size: 18px; font-weight: bold; color: rgb(59, 130, 246);"[39m
          [36m>[39m
            [0mJourno[0m
          [36m</div>[39m
          [36m<button[39m
            [33maria-label[39m=[32m"Collapse navigation"[39m
            [33mstyle[39m=[32m"display: flex; align-items: center; justify-content: center; width: 32px; height: 32px; border: medium; background-color: transparent; cursor: pointer; margin: 0px;"[39m
          [36m>[39m
            [36m<svg[39m
              [33maria-hidden[39m=[32m"true"[39m
              [33mdata-slot[39m=[32m"icon"[39m
              [33mfill[39m=[32m"none"[39m
              [33mstroke[39m=[32m"currentColor"[39m
              [33mstroke-width[39m=[32m"1.5"[39m
              [33mstyle[39m=[32m"width: 20px; height: 20px;"[39m
              [33mviewBox[39m=[32m"0 0 24 24"[39m
              [33mxmlns[39m=[32m"http://www.w3.org/2000/svg"[39m
            [36m>[39m
              [36m<path[39m
                [33md[39m=[32m"M15.75 19.5 8.25 12l7.5-7.5"[39m
                [33mstroke-linecap[39m=[32m"round"[39m
                [33mstroke-linejoin[39m=[32m"round"[39m
              [36m/>[39m
            [36m</svg>[39m
          [36m</button>[39m
        [36m</div>[39m
        [36m<div[39m
          [33mstyle[39m=[32m"flex: 1 1 0%; padding: 16px 0px; overflow-y: auto;"[39m
        [36m>[39m
          [36m<div[39m
            [33mstyle[39m=[32m"padding: 0px 8px;"[39m
          [36m>[39m
            [36m<button[39m
              [33maria-label[39m=[32m"navigation.schedule"[39m
              [33mstyle[39m=[32m"display: flex; align-items: center; width: 100%; padding: 12px; margin-bottom: 4px; border: medium; border-radius: 8px; background-color: transparent; color: rgb(107, 114, 128); cursor: pointer; position: relative;"[39m
            [36m>[39m
              [36m<div[39m
                [33mstyle[39m=[32m"position: relative; flex-shrink: 0;"[39m
              [36m>[39m
                [36m<svg[39m
                  [33maria-hidden[39m=[32m"true"[39m
                  [33mdata-slot[39m=[32m"icon"[39m
                  [33mfill[39m=[32m"none"[39m
                  [33mstroke[39m=[32m"currentColor"[39m
                  [33mstroke-width[39m=[32m"1.5"[39m
                  [33mstyle[39m=[32m"width: 24px; height: 24px;"[39m
                  [33mviewBox[39m=[32m"0 0 24 24"[39m
                  [33mxmlns[39m=[32m"http://www.w3.org/2000/svg"[39m
                [36m>[39m
                  [36m<path[39m
                    [33md[39m=[32m"M6.75 3v2.25M17.25 3v2.25M3 18.75V7.5a2.25 2.25 0 0 1 2.25-2.25h13.5A2.25 2.25 0 0 1 21 7.5v11.25m-18 0A2.25 2.25 0 0 0 5.25 21h13.5A2.25 2.25 0 0 0 21 18.75m-18 0v-7.5A2.25 2.25 0 0 1 5.25 9h13.5A2.25 2.25 0 0 1 21 11.25v7.5m-9-6h.008v.008H12v-.008ZM12 15h.008v.008H12V15Zm0 2.25h.008v.008H12v-.008ZM9.75 15h.008v.008H9.75V15Zm0 2.25h.008v.008H9.75v-.008ZM7.5 15h.008v.008H7.5V15Zm0 2.25h.008v.008H7.5v-.008Zm6.75-4.5h.008v.008h-.008v-.008Zm0 2.25h.008v.008h-.008V15Zm0 2.25h.008v.008h-.008v-.008Zm2.25-4.5h.008v.008H16.5v-.008Zm0 2.25h.008v.008H16.5V15Z"[39m
                    [33mstroke-linecap[39m=[32m"round"[39m
                    [33mstroke-linejoin[39m=[32m"round"[39m
                  [36m/>[39m
                [36m</svg>[39m
              [36m</div>[39m
              [36m<span[39m
                [33mstyle[39m=[32m"margin-left: 12px; font-size: 14px; font-weight: 500; white-space: nowrap;"[39m
              [36m>[39m
                [0mnavigation.schedule[0m
              [36m</span>[39m
            [36m</button>[39m
            [36m<button[39m
              [33maria-label[39m=[32m"navigation.booking"[39m
              [33mstyle[39m=[32m"display: flex; align-items: center; width: 100%; padding: 12px; margin-bottom: 4px; border: medium; border-radius: 8px; background-color: transparent; color: rgb(107, 114, 128); cursor: pointer; position: relative;"[39m
            [36m>[39m
              [36m<div[39m
                [33mstyle[39m=[32m"position: relative; flex-shrink: 0;"[39m
              [36m>[39m
                [36m<svg[39m
                  [33maria-hidden[39m=[32m"true"[39m
                  [33mdata-slot[39m=[32m"icon"[39m
                  [33mfill[39m=[32m"none"[39m
                  [33mstroke[39m=[32m"currentColor"[39m
                  [33mstroke-width[39m=[32m"1.5"[39m
                  [33mstyle[39m=[32m"width: 24px; height: 24px;"[39m
                  [33mviewBox[39m=[32m"0 0 24 24"[39m
                  [33mxmlns[39m=[32m"http://www.w3.org/2000/svg"[39m
                [36m>[39m
                  [36m<path[39m
                    [33md[39m=[32m"M16.5 6v.75m0 3v.75m0 3v.75m0 3V18m-9-5.25h5.25M7.5 15h3M3.375 5.25c-.621 0-1.125.504-1.125 1.125v3.026a2.999 2.999 0 0 1 0 5.198v3.026c0 .621.504 1.125 1.125 1.125h17.25c.621 0 1.125-.504 1.125-1.125v-3.026a2.999 2.999 0 0 1 0-5.198V6.375c0-.621-.504-1.125-1.125-1.125H3.375Z"[39m
                    [33mstroke-linecap[39m=[32m"round"[39m
                    [33mstroke-linejoin[39m=[32m"round"[39m
                  [36m/>[39m
                [36m</svg>[39m
              [36m</div>[39m
              [36m<span[39m
                [33mstyle[39m=[32m"margin-left: 12px; font-size: 14px; font-weight: 500; white-space: nowrap;"[39m
              [36m>[39m
                [0mnavigation.booking[0m
              [36m</span>[39m
            [36m</button>[39m
            [36m<button[39m
              [33maria-label[39m=[32m"navigation.budget"[39m
              [33mstyle[39m=[32m"display: flex; align-items: center; width: 100%; padding: 12px; margin-bottom: 4px; border: medium; border-radius: 8px; background-color: transparent; color: rgb(107, 114, 128); cursor: pointer; position: relative;"[39m
            [36m>[39m
              [36m<div[39m
                [33mstyle[39m=[32m"position: relative; flex-shrink: 0;"[39m
              [36m>[39m
                [36m<svg[39m
                  [33maria-hidden[39m=[32m"true"[39m
                  [33mdata-slot[39m=[32m"icon...
   ✓ SideNavigation > renders with custom className 88ms
   ✓ SideNavigation > has proper accessibility attributes 158ms
   ✓ SideNavigation > shows expand button when collapsed 99ms
   ✓ SideNavigation > shows collapse button when expanded 84ms
 ❯ src/components/kawaii/__tests__/ResponsiveLayout.test.tsx (22 tests | 2 failed) 775ms
   ✓ ResponsiveLayout > Basic Rendering > renders children correctly 171ms
   ✓ ResponsiveLayout > Basic Rendering > applies custom className 22ms
   ✓ ResponsiveLayout > Basic Rendering > applies custom contentClassName  321ms
   ✓ ResponsiveLayout > Navigation > shows navigation when enabled 13ms
   ✓ ResponsiveLayout > Navigation > hides navigation when disabled 15ms
   ✓ ResponsiveLayout > Navigation > passes activeTab to navigation 17ms
   ✓ ResponsiveLayout > Navigation > calls onTabChange when provided 13ms
   × ResponsiveLayout > Safe Area Insets > applies safe area inset classes 80ms
     → [2mexpect([22m[31melement[39m[2m).toHaveClass([22m[32m[32m"pt-safe"[32m[39m[2m)[22m

Expected the element to have class:
[32m  pt-safe[39m
Received:
[31m  transition-all duration-300 overflow-x-hidden w-full max-w-full min-h-screen pl-60[39m
   ✓ ResponsiveLayout > Responsive Behavior > applies correct padding for bottom navigation 1ms
   × ResponsiveLayout > Responsive Behavior > applies correct margin for side navigation 49ms
     → [2mexpect([22m[31melement[39m[2m).toHaveClass([22m[32m[32m"ml-[240px]"[32m[39m[2m)[22m

Expected the element to have class:
[32m  ml-[240px][39m
Received:
[31m  transition-all duration-300 overflow-x-hidden w-full max-w-full min-h-screen pl-60[39m
   ✓ ResponsiveContainer > renders children correctly 5ms
   ✓ ResponsiveContainer > applies size variant classes 7ms
   ✓ ResponsiveContainer > applies custom className 3ms
   ✓ ResponsiveGrid > renders children correctly 12ms
   ✓ ResponsiveGrid > applies grid column classes 4ms
   ✓ ResponsiveGrid > applies gap classes 3ms
   ✓ ResponsiveGrid > applies custom className 8ms
   ✓ ResponsiveStack > renders children correctly 6ms
   ✓ ResponsiveStack > applies direction classes 9ms
   ✓ ResponsiveStack > applies alignment classes 4ms
   ✓ ResponsiveStack > applies gap classes 2ms
   ✓ ResponsiveStack > applies custom className 2ms
stderr | src/components/kawaii/__tests__/DateSelector.test.tsx > DateSelector > Edge Cases > handles same date appearing multiple times
Warning: Encountered two children with the same key, `2024-03-15T12:00:00.000Z`. Keys should be unique so that components maintain their identity across updates. Non-unique keys may cause children to be duplicated and/or omitted — the behavior is unsupported and could change in a future version.
    at div
    at div
    at DateSelector (/Users/poonjohnny/Desktop/ProjectApp/Journo/frontend/src/components/kawaii/DateSelector.tsx:105:3)

 ❯ src/components/kawaii/__tests__/DateSelector.test.tsx (22 tests | 7 failed) 1406ms
   ✓ DateSelector > Rendering > renders all date pills 245ms
   × DateSelector > Rendering > renders day of week and month for each date 42ms
     → Unable to find an element with the text: Mar. This could be because the text is broken up by multiple elements. In this case, you can provide a function for your text matcher to make your matcher more flexible.

Ignored nodes: comments, script, style
[36m<body>[39m
  [36m<div>[39m
    [36m<div[39m
      [33mclass[39m=[32m"relative bg-transparent"[39m
    [36m>[39m
      [36m<div[39m
        [33mclass[39m=[32m"flex gap-2 sm:gap-3 overflow-x-auto px-3 sm:px-5 py-2 sm:py-3 [&::-webkit-scrollbar]:hidden [-ms-overflow-style:none] [scrollbar-width:none] scroll-smooth"[39m
        [33mstyle[39m=[32m"scroll-snap-type: x mandatory;"[39m
      [36m>[39m
        [36m<div[39m
          [33mstyle[39m=[32m"scroll-snap-align: center;"[39m
        [36m>[39m
          [36m<button[39m
            [33mclass[39m=[32m"flex-shrink-0 flex flex-col items-center justify-center relative min-w-[72px] sm:min-w-[88px] min-h-[84px] sm:min-h-[100px] rounded-[24px] sm:rounded-[32px] transition-all duration-200 focus:outline-none touch-manipulation bg-gradient-to-br from-pink-50 to-pink-100 border-2 border-pink-400 shadow-md"[39m
            [33mtabindex[39m=[32m"0"[39m
          [36m>[39m
            [36m<div[39m
              [33mclass[39m=[32m"rounded-xl sm:rounded-2xl px-2 sm:px-3 py-0.5 sm:py-1 mb-1.5 sm:mb-2 text-[10px] sm:text-xs font-semibold uppercase tracking-wide bg-pink-400 text-white"[39m
            [36m>[39m
              [0mFri[0m
            [36m</div>[39m
            [36m<div[39m
              [33mclass[39m=[32m"text-3xl sm:text-4xl font-black leading-none text-pink-500"[39m
            [36m>[39m
              [0m15[0m
            [36m</div>[39m
          [36m</button>[39m
        [36m</div>[39m
      [36m</div>[39m
    [36m</div>[39m
  [36m</div>[39m
[36m</body>[39m
   ✓ DateSelector > Rendering > renders nothing when dates array is empty 14ms
   ✓ DateSelector > Rendering > handles single date 14ms
   × DateSelector > Selected Date Highlighting > highlights the selected date 38ms
     → [2mexpect([22m[31melement[39m[2m).toHaveClass([22m[32m[32m"from-kawaii-primary-500"[32m[39m[2m)[22m

Expected the element to have class:
[32m  from-kawaii-primary-500[39m
Received:
[31m  flex-shrink-0 flex flex-col items-center justify-center relative min-w-[72px] sm:min-w-[88px] min-h-[84px] sm:min-h-[100px] rounded-[24px] sm:rounded-[32px] transition-all duration-200 focus:outline-none touch-manipulation bg-gradient-to-br from-pink-50 to-pink-100 border-2 border-pink-400 shadow-md[39m
   ✓ DateSelector > Selected Date Highlighting > does not highlight non-selected dates 21ms
   × DateSelector > Selected Date Highlighting > updates highlighting when selected date changes 21ms
     → [2mexpect([22m[31melement[39m[2m).toHaveClass([22m[32m[32m"from-kawaii-primary-500"[32m[39m[2m)[22m

Expected the element to have class:
[32m  from-kawaii-primary-500[39m
Received:
[31m  flex-shrink-0 flex flex-col items-center justify-center relative min-w-[72px] sm:min-w-[88px] min-h-[84px] sm:min-h-[100px] rounded-[24px] sm:rounded-[32px] transition-all duration-200 focus:outline-none touch-manipulation bg-gradient-to-br from-pink-50 to-pink-100 border-2 border-pink-400 shadow-md[39m
   ✓ DateSelector > Date Selection Interaction > calls onDateSelect when a date pill is clicked 27ms
   ✓ DateSelector > Date Selection Interaction > calls onDateSelect with correct date for each pill 25ms
   ✓ DateSelector > Date Selection Interaction > allows clicking the already selected date 22ms
   ✓ DateSelector > Auto-scroll Behavior > attempts to scroll to selected date on mount 62ms
   ✓ DateSelector > Auto-scroll Behavior > scrolls when selected date changes 55ms
   ✓ DateSelector > Accessibility > renders date pills as buttons  457ms
   × DateSelector > Accessibility > has focus styles on date pills 27ms
     → [2mexpect([22m[31melement[39m[2m).toHaveClass([22m[32m[32m"focus:ring-2"[32m[39m[2m)[22m

Expected the element to have class:
[32m  focus:ring-2[39m
Received:
[31m  flex-shrink-0 flex flex-col items-center justify-center relative min-w-[72px] sm:min-w-[88px] min-h-[84px] sm:min-h-[100px] rounded-[24px] sm:rounded-[32px] transition-all duration-200 focus:outline-none touch-manipulation bg-gradient-to-br from-pink-50 to-pink-100 border-2 border-pink-400 shadow-md[39m
   ✓ DateSelector > Accessibility > supports keyboard navigation 20ms
   ✓ DateSelector > Styling and Layout > applies custom className 38ms
   ✓ DateSelector > Styling and Layout > has horizontal scroll container 18ms
   × DateSelector > Styling and Layout > has gradient fade edges 23ms
     → expected 0 to be greater than or equal to 2
   × DateSelector > Styling and Layout > has minimum touch target size 16ms
     → [2mexpect([22m[31melement[39m[2m).toHaveClass([22m[32m[32m"min-h-[80px]"[32m[39m[2m)[22m

Expected the element to have class:
[32m  min-h-[80px][39m
Received:
[31m  flex-shrink-0 flex flex-col items-center justify-center relative min-w-[72px] sm:min-w-[88px] min-h-[84px] sm:min-h-[100px] rounded-[24px] sm:rounded-[32px] transition-all duration-200 focus:outline-none touch-manipulation bg-gradient-to-br from-pink-50 to-pink-100 border-2 border-pink-400 shadow-md[39m
   × DateSelector > Edge Cases > handles dates from different months 41ms
     → Unable to find an element with the text: Mar. This could be because the text is broken up by multiple elements. In this case, you can provide a function for your text matcher to make your matcher more flexible.

Ignored nodes: comments, script, style
[36m<body>[39m
  [36m<div>[39m
    [36m<div[39m
      [33mclass[39m=[32m"relative bg-transparent"[39m
    [36m>[39m
      [36m<div[39m
        [33mclass[39m=[32m"flex gap-2 sm:gap-3 overflow-x-auto px-3 sm:px-5 py-2 sm:py-3 [&::-webkit-scrollbar]:hidden [-ms-overflow-style:none] [scrollbar-width:none] scroll-smooth"[39m
        [33mstyle[39m=[32m"scroll-snap-type: x mandatory;"[39m
      [36m>[39m
        [36m<div[39m
          [33mstyle[39m=[32m"scroll-snap-align: center;"[39m
        [36m>[39m
          [36m<button[39m
            [33mclass[39m=[32m"flex-shrink-0 flex flex-col items-center justify-center relative min-w-[72px] sm:min-w-[88px] min-h-[84px] sm:min-h-[100px] rounded-[24px] sm:rounded-[32px] transition-all duration-200 focus:outline-none touch-manipulation bg-gradient-to-br from-pink-50 to-pink-100 border-2 border-pink-400 shadow-md"[39m
            [33mtabindex[39m=[32m"0"[39m
          [36m>[39m
            [36m<div[39m
              [33mclass[39m=[32m"rounded-xl sm:rounded-2xl px-2 sm:px-3 py-0.5 sm:py-1 mb-1.5 sm:mb-2 text-[10px] sm:text-xs font-semibold uppercase tracking-wide bg-pink-400 text-white"[39m
            [36m>[39m
              [0mSat[0m
            [36m</div>[39m
            [36m<div[39m
              [33mclass[39m=[32m"text-3xl sm:text-4xl font-black leading-none text-pink-500"[39m
            [36m>[39m
              [0m30[0m
            [36m</div>[39m
          [36m</button>[39m
        [36m</div>[39m
        [36m<div[39m
          [33mstyle[39m=[32m"scroll-snap-align: center;"[39m
        [36m>[39m
          [36m<button[39m
            [33mclass[39m=[32m"flex-shrink-0 flex flex-col items-center justify-center relative min-w-[72px] sm:min-w-[88px] min-h-[84px] sm:min-h-[100px] rounded-[24px] sm:rounded-[32px] transition-all duration-200 focus:outline-none touch-manipulation bg-white border border-gray-200"[39m
            [33mtabindex[39m=[32m"0"[39m
          [36m>[39m
            [36m<div[39m
              [33mclass[39m=[32m"rounded-xl sm:rounded-2xl px-2 sm:px-3 py-0.5 sm:py-1 mb-1.5 sm:mb-2 text-[10px] sm:text-xs font-semibold uppercase tracking-wide bg-gray-100 text-gray-400 opacity-70"[39m
            [36m>[39m
              [0mSun[0m
            [36m</div>[39m
            [36m<div[39m
              [33mclass[39m=[32m"text-3xl sm:text-4xl font-black leading-none text-gray-400 opacity-60"[39m
            [36m>[39m
              [0m31[0m
            [36m</div>[39m
          [36m</button>[39m
        [36m</div>[39m
        [36m<div[39m
          [33mstyle[39m=[32m"scroll-snap-align: center;"[39m
        [36m>[39m
          [36m<button[39m
            [33mclass[39m=[32m"flex-shrink-0 flex flex-col items-center justify-center relative min-w-[72px] sm:min-w-[88px] min-h-[84px] sm:min-h-[100px] rounded-[24px] sm:rounded-[32px] transition-all duration-200 focus:outline-none touch-manipulation bg-white border border-gray-200"[39m
            [33mtabindex[39m=[32m"0"[39m
          [36m>[39m
            [36m<div[39m
              [33mclass[39m=[32m"rounded-xl sm:rounded-2xl px-2 sm:px-3 py-0.5 sm:py-1 mb-1.5 sm:mb-2 text-[10px] sm:text-xs font-semibold uppercase tracking-wide bg-gray-100 text-gray-400 opacity-70"[39m
            [36m>[39m
              [0mMon[0m
            [36m</div>[39m
            [36m<div[39m
              [33mclass[39m=[32m"text-3xl sm:text-4xl font-black leading-none text-gray-400 opacity-60"[39m
            [36m>[39m
              [0m1[0m
            [36m</div>[39m
          [36m</button>[39m
        [36m</div>[39m
        [36m<div[39m
          [33mstyle[39m=[32m"scroll-snap-align: center;"[39m
        [36m>[39m
          [36m<button[39m
            [33mclass[39m=[32m"flex-shrink-0 flex flex-col items-center justify-center relative min-w-[72px] sm:min-w-[88px] min-h-[84px] sm:min-h-[100px] rounded-[24px] sm:rounded-[32px] transition-all duration-200 focus:outline-none touch-manipulation bg-white border border-gray-200"[39m
            [33mtabindex[39m=[32m"0"[39m
          [36m>[39m
            [36m<div[39m
              [33mclass[39m=[32m"rounded-xl sm:rounded-2xl px-2 sm:px-3 py-0.5 sm:py-1 mb-1.5 sm:mb-2 text-[10px] sm:text-xs font-semibold uppercase tracking-wide bg-gray-100 text-gray-400 opacity-70"[39m
            [36m>[39m
              [0mTue[0m
            [36m</div>[39m
            [36m<div[39m
              [33mclass[39m=[32m"text-3xl sm:text-4xl font-black leading-none text-gray-400 opacity-60"[39m
            [36m>[39m
              [0m2[0m
            [36m</div>[39m
          [36m</button>[39m
        [36m</div>[39m
      [36m</div>[39m
    [36m</div>[39m
  [36m</div>[39m
[36m</body>[39m
   ✓ DateSelector > Edge Cases > handles dates from different years 21ms
   ✓ DateSelector > Edge Cases > handles same date appearing multiple times 153ms
 ❯ src/stores/__tests__/kawaiiThemeStore.property.test.ts (5 tests | 5 failed) 1955ms
   × Kawaii Theme Store - Property Tests > Property 1: theme round-trip preserves all settings 368ms
     → Property failed after 1 tests
{ seed: -839518579, path: "0:0:0:0:0:0:0:0:0:0:0:0:0:0:0:0:0:0:0:0", endOnFailure: true }
Counterexample: [{"primaryColor":"#000000","fontSize":12,"darkMode":false,"animations":"none"}]
Shrunk 19 time(s)

Hint: Enable verbose mode in order to have the list of all failing values encountered during the run
   × Kawaii Theme Store - Property Tests > Property 1.1: font size is always clamped to valid range 7ms
     → Property failed after 1 tests
{ seed: 2096255484, path: "0:0", endOnFailure: true }
Counterexample: [0]
Shrunk 1 time(s)

Hint: Enable verbose mode in order to have the list of all failing values encountered during the run
   × Kawaii Theme Store - Property Tests > Property 1.2: primary color is stored in valid hex format 200ms
     → Property failed after 1 tests
{ seed: 1427877261, path: "0:0:0:0:0:0:0:0:0:0:0:0:0:0:0:0:0:0:0", endOnFailure: true }
Counterexample: ["#000000"]
Shrunk 18 time(s)

Hint: Enable verbose mode in order to have the list of all failing values encountered during the run
   × Kawaii Theme Store - Property Tests > Property 1.3: animation type is always valid 2ms
     → Property failed after 1 tests
{ seed: -1102469366, path: "0:0", endOnFailure: true }
Counterexample: ["none"]
Shrunk 1 time(s)

Hint: Enable verbose mode in order to have the list of all failing values encountered during the run
   × Kawaii Theme Store - Property Tests > Property 1.4: reset theme restores default values 1372ms
     → Property failed after 1 tests
{ seed: -1683747752, path: "0:0:0:0:0:0:0:0:0:0:0:0:0:0:0:0:0:0:0:0:0:0", endOnFailure: true }
Counterexample: [[{"primaryColor":"#000000","fontSize":12,"darkMode":false,"animations":"none"}]]
Shrunk 21 time(s)

Hint: Enable verbose mode in order to have the list of all failing values encountered during the run
stderr | src/components/kawaii/__tests__/ChecklistComponents.test.tsx > ChecklistItem > renders checklist item with title and category
Error: [vitest] No "AnimatePresence" export is defined on the "framer-motion" mock. Did you forget to return it from "vi.mock"?
If you need to partially mock a module, you can use "importOriginal" helper inside:

    at VitestMocker.createError (file:///Users/poonjohnny/Desktop/ProjectApp/Journo/node_modules/vitest/dist/chunks/execute.B7h3T_Hc.js:284:17)
    at Object.get (file:///Users/poonjohnny/Desktop/ProjectApp/Journo/node_modules/vitest/dist/chunks/execute.B7h3T_Hc.js:330:16)
    at ChecklistItem (/Users/poonjohnny/Desktop/ProjectApp/Journo/frontend/src/components/kawaii/ChecklistItem.tsx:180:14)
    at renderWithHooks (/Users/poonjohnny/Desktop/ProjectApp/Journo/node_modules/react-dom/cjs/react-dom.development.js:15486:18)
    at mountIndeterminateComponent (/Users/poonjohnny/Desktop/ProjectApp/Journo/node_modules/react-dom/cjs/react-dom.development.js:20103:13)
    at beginWork (/Users/poonjohnny/Desktop/ProjectApp/Journo/node_modules/react-dom/cjs/react-dom.development.js:21626:16)
    at HTMLUnknownElement.callCallback (/Users/poonjohnny/Desktop/ProjectApp/Journo/node_modules/react-dom/cjs/react-dom.development.js:4164:14)
    at HTMLUnknownElement.callTheUserObjectsOperation (/Users/poonjohnny/Desktop/ProjectApp/Journo/node_modules/jsdom/lib/jsdom/living/generated/EventListener.js:26:30)
    at innerInvokeEventListeners (/Users/poonjohnny/Desktop/ProjectApp/Journo/node_modules/jsdom/lib/jsdom/living/events/EventTarget-impl.js:360:16)
    at invokeEventListeners (/Users/poonjohnny/Desktop/ProjectApp/Journo/node_modules/jsdom/lib/jsdom/living/events/EventTarget-impl.js:296:3)
Error: [vitest] No "AnimatePresence" export is defined on the "framer-motion" mock. Did you forget to return it from "vi.mock"?
If you need to partially mock a module, you can use "importOriginal" helper inside:

    at VitestMocker.createError (file:///Users/poonjohnny/Desktop/ProjectApp/Journo/node_modules/vitest/dist/chunks/execute.B7h3T_Hc.js:284:17)
    at Object.get (file:///Users/poonjohnny/Desktop/ProjectApp/Journo/node_modules/vitest/dist/chunks/execute.B7h3T_Hc.js:330:16)
    at ChecklistItem (/Users/poonjohnny/Desktop/ProjectApp/Journo/frontend/src/components/kawaii/ChecklistItem.tsx:180:14)
    at renderWithHooks (/Users/poonjohnny/Desktop/ProjectApp/Journo/node_modules/react-dom/cjs/react-dom.development.js:15486:18)
    at mountIndeterminateComponent (/Users/poonjohnny/Desktop/ProjectApp/Journo/node_modules/react-dom/cjs/react-dom.development.js:20103:13)
    at beginWork (/Users/poonjohnny/Desktop/ProjectApp/Journo/node_modules/react-dom/cjs/react-dom.development.js:21626:16)
    at HTMLUnknownElement.callCallback (/Users/poonjohnny/Desktop/ProjectApp/Journo/node_modules/react-dom/cjs/react-dom.development.js:4164:14)
    at HTMLUnknownElement.callTheUserObjectsOperation (/Users/poonjohnny/Desktop/ProjectApp/Journo/node_modules/jsdom/lib/jsdom/living/generated/EventListener.js:26:30)
    at innerInvokeEventListeners (/Users/poonjohnny/Desktop/ProjectApp/Journo/node_modules/jsdom/lib/jsdom/living/events/EventTarget-impl.js:360:16)
    at invokeEventListeners (/Users/poonjohnny/Desktop/ProjectApp/Journo/node_modules/jsdom/lib/jsdom/living/events/EventTarget-impl.js:296:3)
The above error occurred in the <ChecklistItem> component:

    at ChecklistItem (/Users/poonjohnny/Desktop/ProjectApp/Journo/frontend/src/components/kawaii/ChecklistItem.tsx:36:3)

Consider adding an error boundary to your tree to customize error handling behavior.
Visit https://reactjs.org/link/error-boundaries to learn more about error boundaries.

stderr | src/components/kawaii/__tests__/ChecklistComponents.test.tsx > ChecklistItem > shows unchecked state for incomplete items
Error: [vitest] No "AnimatePresence" export is defined on the "framer-motion" mock. Did you forget to return it from "vi.mock"?
If you need to partially mock a module, you can use "importOriginal" helper inside:

    at VitestMocker.createError (file:///Users/poonjohnny/Desktop/ProjectApp/Journo/node_modules/vitest/dist/chunks/execute.B7h3T_Hc.js:284:17)
    at Object.get (file:///Users/poonjohnny/Desktop/ProjectApp/Journo/node_modules/vitest/dist/chunks/execute.B7h3T_Hc.js:330:16)
    at ChecklistItem (/Users/poonjohnny/Desktop/ProjectApp/Journo/frontend/src/components/kawaii/ChecklistItem.tsx:180:14)
    at renderWithHooks (/Users/poonjohnny/Desktop/ProjectApp/Journo/node_modules/react-dom/cjs/react-dom.development.js:15486:18)
    at mountIndeterminateComponent (/Users/poonjohnny/Desktop/ProjectApp/Journo/node_modules/react-dom/cjs/react-dom.development.js:20103:13)
    at beginWork (/Users/poonjohnny/Desktop/ProjectApp/Journo/node_modules/react-dom/cjs/react-dom.development.js:21626:16)
    at HTMLUnknownElement.callCallback (/Users/poonjohnny/Desktop/ProjectApp/Journo/node_modules/react-dom/cjs/react-dom.development.js:4164:14)
    at HTMLUnknownElement.callTheUserObjectsOperation (/Users/poonjohnny/Desktop/ProjectApp/Journo/node_modules/jsdom/lib/jsdom/living/generated/EventListener.js:26:30)
    at innerInvokeEventListeners (/Users/poonjohnny/Desktop/ProjectApp/Journo/node_modules/jsdom/lib/jsdom/living/events/EventTarget-impl.js:360:16)
    at invokeEventListeners (/Users/poonjohnny/Desktop/ProjectApp/Journo/node_modules/jsdom/lib/jsdom/living/events/EventTarget-impl.js:296:3)
Error: [vitest] No "AnimatePresence" export is defined on the "framer-motion" mock. Did you forget to return it from "vi.mock"?
If you need to partially mock a module, you can use "importOriginal" helper inside:

    at VitestMocker.createError (file:///Users/poonjohnny/Desktop/ProjectApp/Journo/node_modules/vitest/dist/chunks/execute.B7h3T_Hc.js:284:17)
    at Object.get (file:///Users/poonjohnny/Desktop/ProjectApp/Journo/node_modules/vitest/dist/chunks/execute.B7h3T_Hc.js:330:16)
    at ChecklistItem (/Users/poonjohnny/Desktop/ProjectApp/Journo/frontend/src/components/kawaii/ChecklistItem.tsx:180:14)
    at renderWithHooks (/Users/poonjohnny/Desktop/ProjectApp/Journo/node_modules/react-dom/cjs/react-dom.development.js:15486:18)
    at mountIndeterminateComponent (/Users/poonjohnny/Desktop/ProjectApp/Journo/node_modules/react-dom/cjs/react-dom.development.js:20103:13)
    at beginWork (/Users/poonjohnny/Desktop/ProjectApp/Journo/node_modules/react-dom/cjs/react-dom.development.js:21626:16)
    at HTMLUnknownElement.callCallback (/Users/poonjohnny/Desktop/ProjectApp/Journo/node_modules/react-dom/cjs/react-dom.development.js:4164:14)
    at HTMLUnknownElement.callTheUserObjectsOperation (/Users/poonjohnny/Desktop/ProjectApp/Journo/node_modules/jsdom/lib/jsdom/living/generated/EventListener.js:26:30)
    at innerInvokeEventListeners (/Users/poonjohnny/Desktop/ProjectApp/Journo/node_modules/jsdom/lib/jsdom/living/events/EventTarget-impl.js:360:16)
    at invokeEventListeners (/Users/poonjohnny/Desktop/ProjectApp/Journo/node_modules/jsdom/lib/jsdom/living/events/EventTarget-impl.js:296:3)
The above error occurred in the <ChecklistItem> component:

    at ChecklistItem (/Users/poonjohnny/Desktop/ProjectApp/Journo/frontend/src/components/kawaii/ChecklistItem.tsx:36:3)

Consider adding an error boundary to your tree to customize error handling behavior.
Visit https://reactjs.org/link/error-boundaries to learn more about error boundaries.

stderr | src/components/kawaii/__tests__/ChecklistComponents.test.tsx > ChecklistItem > shows checked state for completed items
Error: [vitest] No "AnimatePresence" export is defined on the "framer-motion" mock. Did you forget to return it from "vi.mock"?
If you need to partially mock a module, you can use "importOriginal" helper inside:

    at VitestMocker.createError (file:///Users/poonjohnny/Desktop/ProjectApp/Journo/node_modules/vitest/dist/chunks/execute.B7h3T_Hc.js:284:17)
    at Object.get (file:///Users/poonjohnny/Desktop/ProjectApp/Journo/node_modules/vitest/dist/chunks/execute.B7h3T_Hc.js:330:16)
    at ChecklistItem (/Users/poonjohnny/Desktop/ProjectApp/Journo/frontend/src/components/kawaii/ChecklistItem.tsx:180:14)
    at renderWithHooks (/Users/poonjohnny/Desktop/ProjectApp/Journo/node_modules/react-dom/cjs/react-dom.development.js:15486:18)
    at mountIndeterminateComponent (/Users/poonjohnny/Desktop/ProjectApp/Journo/node_modules/react-dom/cjs/react-dom.development.js:20103:13)
    at beginWork (/Users/poonjohnny/Desktop/ProjectApp/Journo/node_modules/react-dom/cjs/react-dom.development.js:21626:16)
    at HTMLUnknownElement.callCallback (/Users/poonjohnny/Desktop/ProjectApp/Journo/node_modules/react-dom/cjs/react-dom.development.js:4164:14)
    at HTMLUnknownElement.callTheUserObjectsOperation (/Users/poonjohnny/Desktop/ProjectApp/Journo/node_modules/jsdom/lib/jsdom/living/generated/EventListener.js:26:30)
    at innerInvokeEventListeners (/Users/poonjohnny/Desktop/ProjectApp/Journo/node_modules/jsdom/lib/jsdom/living/events/EventTarget-impl.js:360:16)
    at invokeEventListeners (/Users/poonjohnny/Desktop/ProjectApp/Journo/node_modules/jsdom/lib/jsdom/living/events/EventTarget-impl.js:296:3)
Error: [vitest] No "AnimatePresence" export is defined on the "framer-motion" mock. Did you forget to return it from "vi.mock"?
If you need to partially mock a module, you can use "importOriginal" helper inside:

    at VitestMocker.createError (file:///Users/poonjohnny/Desktop/ProjectApp/Journo/node_modules/vitest/dist/chunks/execute.B7h3T_Hc.js:284:17)
    at Object.get (file:///Users/poonjohnny/Desktop/ProjectApp/Journo/node_modules/vitest/dist/chunks/execute.B7h3T_Hc.js:330:16)
    at ChecklistItem (/Users/poonjohnny/Desktop/ProjectApp/Journo/frontend/src/components/kawaii/ChecklistItem.tsx:180:14)
    at renderWithHooks (/Users/poonjohnny/Desktop/ProjectApp/Journo/node_modules/react-dom/cjs/react-dom.development.js:15486:18)
    at mountIndeterminateComponent (/Users/poonjohnny/Desktop/ProjectApp/Journo/node_modules/react-dom/cjs/react-dom.development.js:20103:13)
    at beginWork (/Users/poonjohnny/Desktop/ProjectApp/Journo/node_modules/react-dom/cjs/react-dom.development.js:21626:16)
    at HTMLUnknownElement.callCallback (/Users/poonjohnny/Desktop/ProjectApp/Journo/node_modules/react-dom/cjs/react-dom.development.js:4164:14)
    at HTMLUnknownElement.callTheUserObjectsOperation (/Users/poonjohnny/Desktop/ProjectApp/Journo/node_modules/jsdom/lib/jsdom/living/generated/EventListener.js:26:30)
    at innerInvokeEventListeners (/Users/poonjohnny/Desktop/ProjectApp/Journo/node_modules/jsdom/lib/jsdom/living/events/EventTarget-impl.js:360:16)
    at invokeEventListeners (/Users/poonjohnny/Desktop/ProjectApp/Journo/node_modules/jsdom/lib/jsdom/living/events/EventTarget-impl.js:296:3)
The above error occurred in the <ChecklistItem> component:

    at ChecklistItem (/Users/poonjohnny/Desktop/ProjectApp/Journo/frontend/src/components/kawaii/ChecklistItem.tsx:36:3)

Consider adding an error boundary to your tree to customize error handling behavior.
Visit https://reactjs.org/link/error-boundaries to learn more about error boundaries.

stderr | src/components/kawaii/__tests__/ChecklistComponents.test.tsx > ChecklistItem > applies strike-through to completed items
Error: [vitest] No "AnimatePresence" export is defined on the "framer-motion" mock. Did you forget to return it from "vi.mock"?
If you need to partially mock a module, you can use "importOriginal" helper inside:

    at VitestMocker.createError (file:///Users/poonjohnny/Desktop/ProjectApp/Journo/node_modules/vitest/dist/chunks/execute.B7h3T_Hc.js:284:17)
    at Object.get (file:///Users/poonjohnny/Desktop/ProjectApp/Journo/node_modules/vitest/dist/chunks/execute.B7h3T_Hc.js:330:16)
    at ChecklistItem (/Users/poonjohnny/Desktop/ProjectApp/Journo/frontend/src/components/kawaii/ChecklistItem.tsx:180:14)
    at renderWithHooks (/Users/poonjohnny/Desktop/ProjectApp/Journo/node_modules/react-dom/cjs/react-dom.development.js:15486:18)
    at mountIndeterminateComponent (/Users/poonjohnny/Desktop/ProjectApp/Journo/node_modules/react-dom/cjs/react-dom.development.js:20103:13)
    at beginWork (/Users/poonjohnny/Desktop/ProjectApp/Journo/node_modules/react-dom/cjs/react-dom.development.js:21626:16)
    at HTMLUnknownElement.callCallback (/Users/poonjohnny/Desktop/ProjectApp/Journo/node_modules/react-dom/cjs/react-dom.development.js:4164:14)
    at HTMLUnknownElement.callTheUserObjectsOperation (/Users/poonjohnny/Desktop/ProjectApp/Journo/node_modules/jsdom/lib/jsdom/living/generated/EventListener.js:26:30)
    at innerInvokeEventListeners (/Users/poonjohnny/Desktop/ProjectApp/Journo/node_modules/jsdom/lib/jsdom/living/events/EventTarget-impl.js:360:16)
    at invokeEventListeners (/Users/poonjohnny/Desktop/ProjectApp/Journo/node_modules/jsdom/lib/jsdom/living/events/EventTarget-impl.js:296:3)
Error: [vitest] No "AnimatePresence" export is defined on the "framer-motion" mock. Did you forget to return it from "vi.mock"?
If you need to partially mock a module, you can use "importOriginal" helper inside:

    at VitestMocker.createError (file:///Users/poonjohnny/Desktop/ProjectApp/Journo/node_modules/vitest/dist/chunks/execute.B7h3T_Hc.js:284:17)
    at Object.get (file:///Users/poonjohnny/Desktop/ProjectApp/Journo/node_modules/vitest/dist/chunks/execute.B7h3T_Hc.js:330:16)
    at ChecklistItem (/Users/poonjohnny/Desktop/ProjectApp/Journo/frontend/src/components/kawaii/ChecklistItem.tsx:180:14)
    at renderWithHooks (/Users/poonjohnny/Desktop/ProjectApp/Journo/node_modules/react-dom/cjs/react-dom.development.js:15486:18)
    at mountIndeterminateComponent (/Users/poonjohnny/Desktop/ProjectApp/Journo/node_modules/react-dom/cjs/react-dom.development.js:20103:13)
    at beginWork (/Users/poonjohnny/Desktop/ProjectApp/Journo/node_modules/react-dom/cjs/react-dom.development.js:21626:16)
    at HTMLUnknownElement.callCallback (/Users/poonjohnny/Desktop/ProjectApp/Journo/node_modules/react-dom/cjs/react-dom.development.js:4164:14)
    at HTMLUnknownElement.callTheUserObjectsOperation (/Users/poonjohnny/Desktop/ProjectApp/Journo/node_modules/jsdom/lib/jsdom/living/generated/EventListener.js:26:30)
    at innerInvokeEventListeners (/Users/poonjohnny/Desktop/ProjectApp/Journo/node_modules/jsdom/lib/jsdom/living/events/EventTarget-impl.js:360:16)
    at invokeEventListeners (/Users/poonjohnny/Desktop/ProjectApp/Journo/node_modules/jsdom/lib/jsdom/living/events/EventTarget-impl.js:296:3)
The above error occurred in the <ChecklistItem> component:

    at ChecklistItem (/Users/poonjohnny/Desktop/ProjectApp/Journo/frontend/src/components/kawaii/ChecklistItem.tsx:36:3)

Consider adding an error boundary to your tree to customize error handling behavior.
Visit https://reactjs.org/link/error-boundaries to learn more about error boundaries.

stderr | src/components/kawaii/__tests__/ChecklistComponents.test.tsx > ChecklistItem > calls onToggle when checkbox is clicked
Error: [vitest] No "AnimatePresence" export is defined on the "framer-motion" mock. Did you forget to return it from "vi.mock"?
If you need to partially mock a module, you can use "importOriginal" helper inside:

    at VitestMocker.createError (file:///Users/poonjohnny/Desktop/ProjectApp/Journo/node_modules/vitest/dist/chunks/execute.B7h3T_Hc.js:284:17)
    at Object.get (file:///Users/poonjohnny/Desktop/ProjectApp/Journo/node_modules/vitest/dist/chunks/execute.B7h3T_Hc.js:330:16)
    at ChecklistItem (/Users/poonjohnny/Desktop/ProjectApp/Journo/frontend/src/components/kawaii/ChecklistItem.tsx:180:14)
    at renderWithHooks (/Users/poonjohnny/Desktop/ProjectApp/Journo/node_modules/react-dom/cjs/react-dom.development.js:15486:18)
    at mountIndeterminateComponent (/Users/poonjohnny/Desktop/ProjectApp/Journo/node_modules/react-dom/cjs/react-dom.development.js:20103:13)
    at beginWork (/Users/poonjohnny/Desktop/ProjectApp/Journo/node_modules/react-dom/cjs/react-dom.development.js:21626:16)
    at HTMLUnknownElement.callCallback (/Users/poonjohnny/Desktop/ProjectApp/Journo/node_modules/react-dom/cjs/react-dom.development.js:4164:14)
    at HTMLUnknownElement.callTheUserObjectsOperation (/Users/poonjohnny/Desktop/ProjectApp/Journo/node_modules/jsdom/lib/jsdom/living/generated/EventListener.js:26:30)
    at innerInvokeEventListeners (/Users/poonjohnny/Desktop/ProjectApp/Journo/node_modules/jsdom/lib/jsdom/living/events/EventTarget-impl.js:360:16)
    at invokeEventListeners (/Users/poonjohnny/Desktop/ProjectApp/Journo/node_modules/jsdom/lib/jsdom/living/events/EventTarget-impl.js:296:3)
Error: [vitest] No "AnimatePresence" export is defined on the "framer-motion" mock. Did you forget to return it from "vi.mock"?
If you need to partially mock a module, you can use "importOriginal" helper inside:

    at VitestMocker.createError (file:///Users/poonjohnny/Desktop/ProjectApp/Journo/node_modules/vitest/dist/chunks/execute.B7h3T_Hc.js:284:17)
    at Object.get (file:///Users/poonjohnny/Desktop/ProjectApp/Journo/node_modules/vitest/dist/chunks/execute.B7h3T_Hc.js:330:16)
    at ChecklistItem (/Users/poonjohnny/Desktop/ProjectApp/Journo/frontend/src/components/kawaii/ChecklistItem.tsx:180:14)
    at renderWithHooks (/Users/poonjohnny/Desktop/ProjectApp/Journo/node_modules/react-dom/cjs/react-dom.development.js:15486:18)
    at mountIndeterminateComponent (/Users/poonjohnny/Desktop/ProjectApp/Journo/node_modules/react-dom/cjs/react-dom.development.js:20103:13)
    at beginWork (/Users/poonjohnny/Desktop/ProjectApp/Journo/node_modules/react-dom/cjs/react-dom.development.js:21626:16)
    at HTMLUnknownElement.callCallback (/Users/poonjohnny/Desktop/ProjectApp/Journo/node_modules/react-dom/cjs/react-dom.development.js:4164:14)
    at HTMLUnknownElement.callTheUserObjectsOperation (/Users/poonjohnny/Desktop/ProjectApp/Journo/node_modules/jsdom/lib/jsdom/living/generated/EventListener.js:26:30)
    at innerInvokeEventListeners (/Users/poonjohnny/Desktop/ProjectApp/Journo/node_modules/jsdom/lib/jsdom/living/events/EventTarget-impl.js:360:16)
    at invokeEventListeners (/Users/poonjohnny/Desktop/ProjectApp/Journo/node_modules/jsdom/lib/jsdom/living/events/EventTarget-impl.js:296:3)
The above error occurred in the <ChecklistItem> component:

    at ChecklistItem (/Users/poonjohnny/Desktop/ProjectApp/Journo/frontend/src/components/kawaii/ChecklistItem.tsx:36:3)

Consider adding an error boundary to your tree to customize error handling behavior.
Visit https://reactjs.org/link/error-boundaries to learn more about error boundaries.

stderr | src/components/kawaii/__tests__/ChecklistComponents.test.tsx > ChecklistItem > shows menu when three-dot button is clicked
Error: [vitest] No "AnimatePresence" export is defined on the "framer-motion" mock. Did you forget to return it from "vi.mock"?
If you need to partially mock a module, you can use "importOriginal" helper inside:

    at VitestMocker.createError (file:///Users/poonjohnny/Desktop/ProjectApp/Journo/node_modules/vitest/dist/chunks/execute.B7h3T_Hc.js:284:17)
    at Object.get (file:///Users/poonjohnny/Desktop/ProjectApp/Journo/node_modules/vitest/dist/chunks/execute.B7h3T_Hc.js:330:16)
    at ChecklistItem (/Users/poonjohnny/Desktop/ProjectApp/Journo/frontend/src/components/kawaii/ChecklistItem.tsx:180:14)
    at renderWithHooks (/Users/poonjohnny/Desktop/ProjectApp/Journo/node_modules/react-dom/cjs/react-dom.development.js:15486:18)
    at mountIndeterminateComponent (/Users/poonjohnny/Desktop/ProjectApp/Journo/node_modules/react-dom/cjs/react-dom.development.js:20103:13)
    at beginWork (/Users/poonjohnny/Desktop/ProjectApp/Journo/node_modules/react-dom/cjs/react-dom.development.js:21626:16)
    at HTMLUnknownElement.callCallback (/Users/poonjohnny/Desktop/ProjectApp/Journo/node_modules/react-dom/cjs/react-dom.development.js:4164:14)
    at HTMLUnknownElement.callTheUserObjectsOperation (/Users/poonjohnny/Desktop/ProjectApp/Journo/node_modules/jsdom/lib/jsdom/living/generated/EventListener.js:26:30)
    at innerInvokeEventListeners (/Users/poonjohnny/Desktop/ProjectApp/Journo/node_modules/jsdom/lib/jsdom/living/events/EventTarget-impl.js:360:16)
    at invokeEventListeners (/Users/poonjohnny/Desktop/ProjectApp/Journo/node_modules/jsdom/lib/jsdom/living/events/EventTarget-impl.js:296:3)
Error: [vitest] No "AnimatePresence" export is defined on the "framer-motion" mock. Did you forget to return it from "vi.mock"?
If you need to partially mock a module, you can use "importOriginal" helper inside:

    at VitestMocker.createError (file:///Users/poonjohnny/Desktop/ProjectApp/Journo/node_modules/vitest/dist/chunks/execute.B7h3T_Hc.js:284:17)
    at Object.get (file:///Users/poonjohnny/Desktop/ProjectApp/Journo/node_modules/vitest/dist/chunks/execute.B7h3T_Hc.js:330:16)
    at ChecklistItem (/Users/poonjohnny/Desktop/ProjectApp/Journo/frontend/src/components/kawaii/ChecklistItem.tsx:180:14)
    at renderWithHooks (/Users/poonjohnny/Desktop/ProjectApp/Journo/node_modules/react-dom/cjs/react-dom.development.js:15486:18)
    at mountIndeterminateComponent (/Users/poonjohnny/Desktop/ProjectApp/Journo/node_modules/react-dom/cjs/react-dom.development.js:20103:13)
    at beginWork (/Users/poonjohnny/Desktop/ProjectApp/Journo/node_modules/react-dom/cjs/react-dom.development.js:21626:16)
    at HTMLUnknownElement.callCallback (/Users/poonjohnny/Desktop/ProjectApp/Journo/node_modules/react-dom/cjs/react-dom.development.js:4164:14)
    at HTMLUnknownElement.callTheUserObjectsOperation (/Users/poonjohnny/Desktop/ProjectApp/Journo/node_modules/jsdom/lib/jsdom/living/generated/EventListener.js:26:30)
    at innerInvokeEventListeners (/Users/poonjohnny/Desktop/ProjectApp/Journo/node_modules/jsdom/lib/jsdom/living/events/EventTarget-impl.js:360:16)
    at invokeEventListeners (/Users/poonjohnny/Desktop/ProjectApp/Journo/node_modules/jsdom/lib/jsdom/living/events/EventTarget-impl.js:296:3)
The above error occurred in the <ChecklistItem> component:

    at ChecklistItem (/Users/poonjohnny/Desktop/ProjectApp/Journo/frontend/src/components/kawaii/ChecklistItem.tsx:36:3)

Consider adding an error boundary to your tree to customize error handling behavior.
Visit https://reactjs.org/link/error-boundaries to learn more about error boundaries.

stderr | src/components/kawaii/__tests__/ChecklistComponents.test.tsx > ChecklistItem > calls onEdit when edit button is clicked
Error: [vitest] No "AnimatePresence" export is defined on the "framer-motion" mock. Did you forget to return it from "vi.mock"?
If you need to partially mock a module, you can use "importOriginal" helper inside:

    at VitestMocker.createError (file:///Users/poonjohnny/Desktop/ProjectApp/Journo/node_modules/vitest/dist/chunks/execute.B7h3T_Hc.js:284:17)
    at Object.get (file:///Users/poonjohnny/Desktop/ProjectApp/Journo/node_modules/vitest/dist/chunks/execute.B7h3T_Hc.js:330:16)
    at ChecklistItem (/Users/poonjohnny/Desktop/ProjectApp/Journo/frontend/src/components/kawaii/ChecklistItem.tsx:180:14)
    at renderWithHooks (/Users/poonjohnny/Desktop/ProjectApp/Journo/node_modules/react-dom/cjs/react-dom.development.js:15486:18)
    at mountIndeterminateComponent (/Users/poonjohnny/Desktop/ProjectApp/Journo/node_modules/react-dom/cjs/react-dom.development.js:20103:13)
    at beginWork (/Users/poonjohnny/Desktop/ProjectApp/Journo/node_modules/react-dom/cjs/react-dom.development.js:21626:16)
    at HTMLUnknownElement.callCallback (/Users/poonjohnny/Desktop/ProjectApp/Journo/node_modules/react-dom/cjs/react-dom.development.js:4164:14)
    at HTMLUnknownElement.callTheUserObjectsOperation (/Users/poonjohnny/Desktop/ProjectApp/Journo/node_modules/jsdom/lib/jsdom/living/generated/EventListener.js:26:30)
    at innerInvokeEventListeners (/Users/poonjohnny/Desktop/ProjectApp/Journo/node_modules/jsdom/lib/jsdom/living/events/EventTarget-impl.js:360:16)
    at invokeEventListeners (/Users/poonjohnny/Desktop/ProjectApp/Journo/node_modules/jsdom/lib/jsdom/living/events/EventTarget-impl.js:296:3)
Error: [vitest] No "AnimatePresence" export is defined on the "framer-motion" mock. Did you forget to return it from "vi.mock"?
If you need to partially mock a module, you can use "importOriginal" helper inside:

    at VitestMocker.createError (file:///Users/poonjohnny/Desktop/ProjectApp/Journo/node_modules/vitest/dist/chunks/execute.B7h3T_Hc.js:284:17)
    at Object.get (file:///Users/poonjohnny/Desktop/ProjectApp/Journo/node_modules/vitest/dist/chunks/execute.B7h3T_Hc.js:330:16)
    at ChecklistItem (/Users/poonjohnny/Desktop/ProjectApp/Journo/frontend/src/components/kawaii/ChecklistItem.tsx:180:14)
    at renderWithHooks (/Users/poonjohnny/Desktop/ProjectApp/Journo/node_modules/react-dom/cjs/react-dom.development.js:15486:18)
    at mountIndeterminateComponent (/Users/poonjohnny/Desktop/ProjectApp/Journo/node_modules/react-dom/cjs/react-dom.development.js:20103:13)
    at beginWork (/Users/poonjohnny/Desktop/ProjectApp/Journo/node_modules/react-dom/cjs/react-dom.development.js:21626:16)
    at HTMLUnknownElement.callCallback (/Users/poonjohnny/Desktop/ProjectApp/Journo/node_modules/react-dom/cjs/react-dom.development.js:4164:14)
    at HTMLUnknownElement.callTheUserObjectsOperation (/Users/poonjohnny/Desktop/ProjectApp/Journo/node_modules/jsdom/lib/jsdom/living/generated/EventListener.js:26:30)
    at innerInvokeEventListeners (/Users/poonjohnny/Desktop/ProjectApp/Journo/node_modules/jsdom/lib/jsdom/living/events/EventTarget-impl.js:360:16)
    at invokeEventListeners (/Users/poonjohnny/Desktop/ProjectApp/Journo/node_modules/jsdom/lib/jsdom/living/events/EventTarget-impl.js:296:3)
The above error occurred in the <ChecklistItem> component:

    at ChecklistItem (/Users/poonjohnny/Desktop/ProjectApp/Journo/frontend/src/components/kawaii/ChecklistItem.tsx:36:3)

Consider adding an error boundary to your tree to customize error handling behavior.
Visit https://reactjs.org/link/error-boundaries to learn more about error boundaries.

stderr | src/components/kawaii/__tests__/ChecklistComponents.test.tsx > ChecklistItem > renders without category badge when category is null
Error: [vitest] No "AnimatePresence" export is defined on the "framer-motion" mock. Did you forget to return it from "vi.mock"?
If you need to partially mock a module, you can use "importOriginal" helper inside:

    at VitestMocker.createError (file:///Users/poonjohnny/Desktop/ProjectApp/Journo/node_modules/vitest/dist/chunks/execute.B7h3T_Hc.js:284:17)
    at Object.get (file:///Users/poonjohnny/Desktop/ProjectApp/Journo/node_modules/vitest/dist/chunks/execute.B7h3T_Hc.js:330:16)
    at ChecklistItem (/Users/poonjohnny/Desktop/ProjectApp/Journo/frontend/src/components/kawaii/ChecklistItem.tsx:180:14)
    at renderWithHooks (/Users/poonjohnny/Desktop/ProjectApp/Journo/node_modules/react-dom/cjs/react-dom.development.js:15486:18)
    at mountIndeterminateComponent (/Users/poonjohnny/Desktop/ProjectApp/Journo/node_modules/react-dom/cjs/react-dom.development.js:20103:13)
    at beginWork (/Users/poonjohnny/Desktop/ProjectApp/Journo/node_modules/react-dom/cjs/react-dom.development.js:21626:16)
    at HTMLUnknownElement.callCallback (/Users/poonjohnny/Desktop/ProjectApp/Journo/node_modules/react-dom/cjs/react-dom.development.js:4164:14)
    at HTMLUnknownElement.callTheUserObjectsOperation (/Users/poonjohnny/Desktop/ProjectApp/Journo/node_modules/jsdom/lib/jsdom/living/generated/EventListener.js:26:30)
    at innerInvokeEventListeners (/Users/poonjohnny/Desktop/ProjectApp/Journo/node_modules/jsdom/lib/jsdom/living/events/EventTarget-impl.js:360:16)
    at invokeEventListeners (/Users/poonjohnny/Desktop/ProjectApp/Journo/node_modules/jsdom/lib/jsdom/living/events/EventTarget-impl.js:296:3)
Error: [vitest] No "AnimatePresence" export is defined on the "framer-motion" mock. Did you forget to return it from "vi.mock"?
If you need to partially mock a module, you can use "importOriginal" helper inside:

    at VitestMocker.createError (file:///Users/poonjohnny/Desktop/ProjectApp/Journo/node_modules/vitest/dist/chunks/execute.B7h3T_Hc.js:284:17)
    at Object.get (file:///Users/poonjohnny/Desktop/ProjectApp/Journo/node_modules/vitest/dist/chunks/execute.B7h3T_Hc.js:330:16)
    at ChecklistItem (/Users/poonjohnny/Desktop/ProjectApp/Journo/frontend/src/components/kawaii/ChecklistItem.tsx:180:14)
    at renderWithHooks (/Users/poonjohnny/Desktop/ProjectApp/Journo/node_modules/react-dom/cjs/react-dom.development.js:15486:18)
    at mountIndeterminateComponent (/Users/poonjohnny/Desktop/ProjectApp/Journo/node_modules/react-dom/cjs/react-dom.development.js:20103:13)
    at beginWork (/Users/poonjohnny/Desktop/ProjectApp/Journo/node_modules/react-dom/cjs/react-dom.development.js:21626:16)
    at HTMLUnknownElement.callCallback (/Users/poonjohnny/Desktop/ProjectApp/Journo/node_modules/react-dom/cjs/react-dom.development.js:4164:14)
    at HTMLUnknownElement.callTheUserObjectsOperation (/Users/poonjohnny/Desktop/ProjectApp/Journo/node_modules/jsdom/lib/jsdom/living/generated/EventListener.js:26:30)
    at innerInvokeEventListeners (/Users/poonjohnny/Desktop/ProjectApp/Journo/node_modules/jsdom/lib/jsdom/living/events/EventTarget-impl.js:360:16)
    at invokeEventListeners (/Users/poonjohnny/Desktop/ProjectApp/Journo/node_modules/jsdom/lib/jsdom/living/events/EventTarget-impl.js:296:3)
The above error occurred in the <ChecklistItem> component:

    at ChecklistItem (/Users/poonjohnny/Desktop/ProjectApp/Journo/frontend/src/components/kawaii/ChecklistItem.tsx:36:3)

Consider adding an error boundary to your tree to customize error handling behavior.
Visit https://reactjs.org/link/error-boundaries to learn more about error boundaries.

 ❯ src/components/kawaii/__tests__/ChecklistComponents.test.tsx (14 tests | 8 failed) 344ms
   × ChecklistItem > renders checklist item with title and category 108ms
     → [vitest] No "AnimatePresence" export is defined on the "framer-motion" mock. Did you forget to return it from "vi.mock"?
If you need to partially mock a module, you can use "importOriginal" helper inside:

   × ChecklistItem > shows unchecked state for incomplete items 21ms
     → [vitest] No "AnimatePresence" export is defined on the "framer-motion" mock. Did you forget to return it from "vi.mock"?
If you need to partially mock a module, you can use "importOriginal" helper inside:

   × ChecklistItem > shows checked state for completed items 12ms
     → [vitest] No "AnimatePresence" export is defined on the "framer-motion" mock. Did you forget to return it from "vi.mock"?
If you need to partially mock a module, you can use "importOriginal" helper inside:

   × ChecklistItem > applies strike-through to completed items 12ms
     → [vitest] No "AnimatePresence" export is defined on the "framer-motion" mock. Did you forget to return it from "vi.mock"?
If you need to partially mock a module, you can use "importOriginal" helper inside:

   × ChecklistItem > calls onToggle when checkbox is clicked 14ms
     → [vitest] No "AnimatePresence" export is defined on the "framer-motion" mock. Did you forget to return it from "vi.mock"?
If you need to partially mock a module, you can use "importOriginal" helper inside:

   × ChecklistItem > shows menu when three-dot button is clicked 9ms
     → [vitest] No "AnimatePresence" export is defined on the "framer-motion" mock. Did you forget to return it from "vi.mock"?
If you need to partially mock a module, you can use "importOriginal" helper inside:

   × ChecklistItem > calls onEdit when edit button is clicked 7ms
     → [vitest] No "AnimatePresence" export is defined on the "framer-motion" mock. Did you forget to return it from "vi.mock"?
If you need to partially mock a module, you can use "importOriginal" helper inside:

   × ChecklistItem > renders without category badge when category is null 8ms
     → [vitest] No "AnimatePresence" export is defined on the "framer-motion" mock. Did you forget to return it from "vi.mock"?
If you need to partially mock a module, you can use "importOriginal" helper inside:

   ✓ ChecklistProgress > renders progress with correct counts 76ms
   ✓ ChecklistProgress > shows 0% progress when no items 14ms
   ✓ ChecklistProgress > shows 100% progress when all items completed 13ms
   ✓ ChecklistProgress > shows completion message when all items are completed 16ms
   ✓ ChecklistProgress > does not show completion message when items are incomplete 11ms
   ✓ ChecklistProgress > handles partial progress correctly 19ms
stderr | src/services/__tests__/storageSizeManager.test.ts > StorageSizeManagerService > getStorageStats > should calculate storage statistics correctly
Error calculating store size: TypeError: Cannot read properties of undefined (reading 'iterate')
    at StorageSizeManagerService.calculateStoreSize [90m(/Users/poonjohnny/Desktop/ProjectApp/Journo/frontend/[39msrc/services/storageSizeManager.ts:110:19[90m)[39m
    at StorageSizeManagerService.getStorageStats [90m(/Users/poonjohnny/Desktop/ProjectApp/Journo/frontend/[39msrc/services/storageSizeManager.ts:83:31[90m)[39m
    at [90m/Users/poonjohnny/Desktop/ProjectApp/Journo/frontend/[39msrc/services/__tests__/storageSizeManager.test.ts:83:46
    at file:///Users/poonjohnny/Desktop/ProjectApp/Journo/node_modules/[4m@vitest[24m/runner/dist/chunk-hooks.js:155:11
    at file:///Users/poonjohnny/Desktop/ProjectApp/Journo/node_modules/[4m@vitest[24m/runner/dist/chunk-hooks.js:752:26
    at file:///Users/poonjohnny/Desktop/ProjectApp/Journo/node_modules/[4m@vitest[24m/runner/dist/chunk-hooks.js:1897:20
    at new Promise (<anonymous>)
    at runWithTimeout (file:///Users/poonjohnny/Desktop/ProjectApp/Journo/node_modules/[4m@vitest[24m/runner/dist/chunk-hooks.js:1863:10)
    at runTest (file:///Users/poonjohnny/Desktop/ProjectApp/Journo/node_modules/[4m@vitest[24m/runner/dist/chunk-hooks.js:1574:12)
[90m    at processTicksAndRejections (node:internal/process/task_queues:105:5)[39m

stderr | src/services/__tests__/storageSizeManager.test.ts > StorageSizeManagerService > getStorageStats > should calculate storage statistics correctly
Error calculating store size: TypeError: Cannot read properties of undefined (reading 'iterate')
    at StorageSizeManagerService.calculateStoreSize [90m(/Users/poonjohnny/Desktop/ProjectApp/Journo/frontend/[39msrc/services/storageSizeManager.ts:110:19[90m)[39m
    at StorageSizeManagerService.getStorageStats [90m(/Users/poonjohnny/Desktop/ProjectApp/Journo/frontend/[39msrc/services/storageSizeManager.ts:83:31[90m)[39m
[90m    at processTicksAndRejections (node:internal/process/task_queues:105:5)[39m
    at [90m/Users/poonjohnny/Desktop/ProjectApp/Journo/frontend/[39msrc/services/__tests__/storageSizeManager.test.ts:83:21
    at file:///Users/poonjohnny/Desktop/ProjectApp/Journo/node_modules/[4m@vitest[24m/runner/dist/chunk-hooks.js:752:20

stderr | src/services/__tests__/storageSizeManager.test.ts > StorageSizeManagerService > getStorageStats > should calculate storage statistics correctly
Error calculating store size: TypeError: Cannot read properties of undefined (reading 'iterate')
    at StorageSizeManagerService.calculateStoreSize [90m(/Users/poonjohnny/Desktop/ProjectApp/Journo/frontend/[39msrc/services/storageSizeManager.ts:110:19[90m)[39m
    at StorageSizeManagerService.getStorageStats [90m(/Users/poonjohnny/Desktop/ProjectApp/Journo/frontend/[39msrc/services/storageSizeManager.ts:83:31[90m)[39m
[90m    at processTicksAndRejections (node:internal/process/task_queues:105:5)[39m
    at [90m/Users/poonjohnny/Desktop/ProjectApp/Journo/frontend/[39msrc/services/__tests__/storageSizeManager.test.ts:83:21
    at file:///Users/poonjohnny/Desktop/ProjectApp/Journo/node_modules/[4m@vitest[24m/runner/dist/chunk-hooks.js:752:20

stderr | src/services/__tests__/storageSizeManager.test.ts > StorageSizeManagerService > getStorageStats > should calculate storage statistics correctly
Error calculating store size: TypeError: Cannot read properties of undefined (reading 'iterate')
    at StorageSizeManagerService.calculateStoreSize [90m(/Users/poonjohnny/Desktop/ProjectApp/Journo/frontend/[39msrc/services/storageSizeManager.ts:110:19[90m)[39m
    at StorageSizeManagerService.getStorageStats [90m(/Users/poonjohnny/Desktop/ProjectApp/Journo/frontend/[39msrc/services/storageSizeManager.ts:83:31[90m)[39m
[90m    at processTicksAndRejections (node:internal/process/task_queues:105:5)[39m
    at [90m/Users/poonjohnny/Desktop/ProjectApp/Journo/frontend/[39msrc/services/__tests__/storageSizeManager.test.ts:83:21
    at file:///Users/poonjohnny/Desktop/ProjectApp/Journo/node_modules/[4m@vitest[24m/runner/dist/chunk-hooks.js:752:20

stderr | src/services/__tests__/storageSizeManager.test.ts > StorageSizeManagerService > getStorageStats > should calculate storage statistics correctly
Error calculating store size: TypeError: Cannot read properties of undefined (reading 'iterate')
    at StorageSizeManagerService.calculateStoreSize [90m(/Users/poonjohnny/Desktop/ProjectApp/Journo/frontend/[39msrc/services/storageSizeManager.ts:110:19[90m)[39m
    at StorageSizeManagerService.getStorageStats [90m(/Users/poonjohnny/Desktop/ProjectApp/Journo/frontend/[39msrc/services/storageSizeManager.ts:83:31[90m)[39m
[90m    at processTicksAndRejections (node:internal/process/task_queues:105:5)[39m
    at [90m/Users/poonjohnny/Desktop/ProjectApp/Journo/frontend/[39msrc/services/__tests__/storageSizeManager.test.ts:83:21
    at file:///Users/poonjohnny/Desktop/ProjectApp/Journo/node_modules/[4m@vitest[24m/runner/dist/chunk-hooks.js:752:20

stderr | src/services/__tests__/storageSizeManager.test.ts > StorageSizeManagerService > getStorageStats > should calculate storage statistics correctly
Error calculating store size: TypeError: Cannot read properties of undefined (reading 'iterate')
    at StorageSizeManagerService.calculateStoreSize [90m(/Users/poonjohnny/Desktop/ProjectApp/Journo/frontend/[39msrc/services/storageSizeManager.ts:110:19[90m)[39m
    at StorageSizeManagerService.getStorageStats [90m(/Users/poonjohnny/Desktop/ProjectApp/Journo/frontend/[39msrc/services/storageSizeManager.ts:83:31[90m)[39m
[90m    at processTicksAndRejections (node:internal/process/task_queues:105:5)[39m
    at [90m/Users/poonjohnny/Desktop/ProjectApp/Journo/frontend/[39msrc/services/__tests__/storageSizeManager.test.ts:83:21
    at file:///Users/poonjohnny/Desktop/ProjectApp/Journo/node_modules/[4m@vitest[24m/runner/dist/chunk-hooks.js:752:20

stderr | src/services/__tests__/storageSizeManager.test.ts > StorageSizeManagerService > getStorageStats > should calculate storage statistics correctly
Error calculating store size: TypeError: Cannot read properties of undefined (reading 'iterate')
    at StorageSizeManagerService.calculateStoreSize [90m(/Users/poonjohnny/Desktop/ProjectApp/Journo/frontend/[39msrc/services/storageSizeManager.ts:110:19[90m)[39m
    at StorageSizeManagerService.getStorageStats [90m(/Users/poonjohnny/Desktop/ProjectApp/Journo/frontend/[39msrc/services/storageSizeManager.ts:83:31[90m)[39m
[90m    at processTicksAndRejections (node:internal/process/task_queues:105:5)[39m
    at [90m/Users/poonjohnny/Desktop/ProjectApp/Journo/frontend/[39msrc/services/__tests__/storageSizeManager.test.ts:83:21
    at file:///Users/poonjohnny/Desktop/ProjectApp/Journo/node_modules/[4m@vitest[24m/runner/dist/chunk-hooks.js:752:20

stderr | src/services/__tests__/storageSizeManager.test.ts > StorageSizeManagerService > getStorageStats > should calculate storage statistics correctly
Error calculating store size: TypeError: Cannot read properties of undefined (reading 'iterate')
    at StorageSizeManagerService.calculateStoreSize [90m(/Users/poonjohnny/Desktop/ProjectApp/Journo/frontend/[39msrc/services/storageSizeManager.ts:110:19[90m)[39m
    at StorageSizeManagerService.getStorageStats [90m(/Users/poonjohnny/Desktop/ProjectApp/Journo/frontend/[39msrc/services/storageSizeManager.ts:83:31[90m)[39m
[90m    at processTicksAndRejections (node:internal/process/task_queues:105:5)[39m
    at [90m/Users/poonjohnny/Desktop/ProjectApp/Journo/frontend/[39msrc/services/__tests__/storageSizeManager.test.ts:83:21
    at file:///Users/poonjohnny/Desktop/ProjectApp/Journo/node_modules/[4m@vitest[24m/runner/dist/chunk-hooks.js:752:20

stderr | src/services/__tests__/storageSizeManager.test.ts > StorageSizeManagerService > getStorageStats > should calculate storage statistics correctly
Error calculating store size: TypeError: Cannot read properties of undefined (reading 'iterate')
    at StorageSizeManagerService.calculateStoreSize [90m(/Users/poonjohnny/Desktop/ProjectApp/Journo/frontend/[39msrc/services/storageSizeManager.ts:110:19[90m)[39m
    at StorageSizeManagerService.getStorageStats [90m(/Users/poonjohnny/Desktop/ProjectApp/Journo/frontend/[39msrc/services/storageSizeManager.ts:83:31[90m)[39m
[90m    at processTicksAndRejections (node:internal/process/task_queues:105:5)[39m
    at [90m/Users/poonjohnny/Desktop/ProjectApp/Journo/frontend/[39msrc/services/__tests__/storageSizeManager.test.ts:83:21
    at file:///Users/poonjohnny/Desktop/ProjectApp/Journo/node_modules/[4m@vitest[24m/runner/dist/chunk-hooks.js:752:20

stderr | src/services/__tests__/storageSizeManager.test.ts > StorageSizeManagerService > getStorageStats > should calculate storage statistics correctly
Error calculating Quick Plan size: TypeError: Cannot read properties of undefined (reading 'getItem')
    at StorageSizeManagerService.calculateQuickPlanSize [90m(/Users/poonjohnny/Desktop/ProjectApp/Journo/frontend/[39msrc/services/storageSizeManager.ts:138:43[90m)[39m
    at StorageSizeManagerService.getStorageStats [90m(/Users/poonjohnny/Desktop/ProjectApp/Journo/frontend/[39msrc/services/storageSizeManager.ts:88:38[90m)[39m
[90m    at processTicksAndRejections (node:internal/process/task_queues:105:5)[39m
    at [90m/Users/poonjohnny/Desktop/ProjectApp/Journo/frontend/[39msrc/services/__tests__/storageSizeManager.test.ts:83:21
    at file:///Users/poonjohnny/Desktop/ProjectApp/Journo/node_modules/[4m@vitest[24m/runner/dist/chunk-hooks.js:752:20

stderr | src/services/__tests__/storageSizeManager.test.ts > StorageSizeManagerService > getStorageStats > should detect when storage is near limit
Error calculating store size: TypeError: Cannot read properties of undefined (reading 'iterate')
    at StorageSizeManagerService.calculateStoreSize [90m(/Users/poonjohnny/Desktop/ProjectApp/Journo/frontend/[39msrc/services/storageSizeManager.ts:110:19[90m)[39m
    at StorageSizeManagerService.getStorageStats [90m(/Users/poonjohnny/Desktop/ProjectApp/Journo/frontend/[39msrc/services/storageSizeManager.ts:83:31[90m)[39m
    at [90m/Users/poonjohnny/Desktop/ProjectApp/Journo/frontend/[39msrc/services/__tests__/storageSizeManager.test.ts:103:46
    at file:///Users/poonjohnny/Desktop/ProjectApp/Journo/node_modules/[4m@vitest[24m/runner/dist/chunk-hooks.js:155:11
    at file:///Users/poonjohnny/Desktop/ProjectApp/Journo/node_modules/[4m@vitest[24m/runner/dist/chunk-hooks.js:752:26
    at file:///Users/poonjohnny/Desktop/ProjectApp/Journo/node_modules/[4m@vitest[24m/runner/dist/chunk-hooks.js:1897:20
    at new Promise (<anonymous>)
    at runWithTimeout (file:///Users/poonjohnny/Desktop/ProjectApp/Journo/node_modules/[4m@vitest[24m/runner/dist/chunk-hooks.js:1863:10)
    at runTest (file:///Users/poonjohnny/Desktop/ProjectApp/Journo/node_modules/[4m@vitest[24m/runner/dist/chunk-hooks.js:1574:12)
[90m    at processTicksAndRejections (node:internal/process/task_queues:105:5)[39m

stderr | src/services/__tests__/storageSizeManager.test.ts > StorageSizeManagerService > getStorageStats > should detect when storage is near limit
Error calculating store size: TypeError: Cannot read properties of undefined (reading 'iterate')
    at StorageSizeManagerService.calculateStoreSize [90m(/Users/poonjohnny/Desktop/ProjectApp/Journo/frontend/[39msrc/services/storageSizeManager.ts:110:19[90m)[39m
    at StorageSizeManagerService.getStorageStats [90m(/Users/poonjohnny/Desktop/ProjectApp/Journo/frontend/[39msrc/services/storageSizeManager.ts:83:31[90m)[39m
[90m    at processTicksAndRejections (node:internal/process/task_queues:105:5)[39m
    at [90m/Users/poonjohnny/Desktop/ProjectApp/Journo/frontend/[39msrc/services/__tests__/storageSizeManager.test.ts:103:21
    at file:///Users/poonjohnny/Desktop/ProjectApp/Journo/node_modules/[4m@vitest[24m/runner/dist/chunk-hooks.js:752:20

stderr | src/services/__tests__/storageSizeManager.test.ts > StorageSizeManagerService > getStorageStats > should detect when storage is near limit
Error calculating store size: TypeError: Cannot read properties of undefined (reading 'iterate')
    at StorageSizeManagerService.calculateStoreSize [90m(/Users/poonjohnny/Desktop/ProjectApp/Journo/frontend/[39msrc/services/storageSizeManager.ts:110:19[90m)[39m
    at StorageSizeManagerService.getStorageStats [90m(/Users/poonjohnny/Desktop/ProjectApp/Journo/frontend/[39msrc/services/storageSizeManager.ts:83:31[90m)[39m
[90m    at processTicksAndRejections (node:internal/process/task_queues:105:5)[39m
    at [90m/Users/poonjohnny/Desktop/ProjectApp/Journo/frontend/[39msrc/services/__tests__/storageSizeManager.test.ts:103:21
    at file:///Users/poonjohnny/Desktop/ProjectApp/Journo/node_modules/[4m@vitest[24m/runner/dist/chunk-hooks.js:752:20

stderr | src/services/__tests__/storageSizeManager.test.ts > StorageSizeManagerService > getStorageStats > should detect when storage is near limit
Error calculating store size: TypeError: Cannot read properties of undefined (reading 'iterate')
    at StorageSizeManagerService.calculateStoreSize [90m(/Users/poonjohnny/Desktop/ProjectApp/Journo/frontend/[39msrc/services/storageSizeManager.ts:110:19[90m)[39m
    at StorageSizeManagerService.getStorageStats [90m(/Users/poonjohnny/Desktop/ProjectApp/Journo/frontend/[39msrc/services/storageSizeManager.ts:83:31[90m)[39m
[90m    at processTicksAndRejections (node:internal/process/task_queues:105:5)[39m
    at [90m/Users/poonjohnny/Desktop/ProjectApp/Journo/frontend/[39msrc/services/__tests__/storageSizeManager.test.ts:103:21
    at file:///Users/poonjohnny/Desktop/ProjectApp/Journo/node_modules/[4m@vitest[24m/runner/dist/chunk-hooks.js:752:20

stderr | src/services/__tests__/storageSizeManager.test.ts > StorageSizeManagerService > getStorageStats > should detect when storage is near limit
Error calculating store size: TypeError: Cannot read properties of undefined (reading 'iterate')
    at StorageSizeManagerService.calculateStoreSize [90m(/Users/poonjohnny/Desktop/ProjectApp/Journo/frontend/[39msrc/services/storageSizeManager.ts:110:19[90m)[39m
    at StorageSizeManagerService.getStorageStats [90m(/Users/poonjohnny/Desktop/ProjectApp/Journo/frontend/[39msrc/services/storageSizeManager.ts:83:31[90m)[39m
[90m    at processTicksAndRejections (node:internal/process/task_queues:105:5)[39m
    at [90m/Users/poonjohnny/Desktop/ProjectApp/Journo/frontend/[39msrc/services/__tests__/storageSizeManager.test.ts:103:21
    at file:///Users/poonjohnny/Desktop/ProjectApp/Journo/node_modules/[4m@vitest[24m/runner/dist/chunk-hooks.js:752:20

stderr | src/services/__tests__/storageSizeManager.test.ts > StorageSizeManagerService > getStorageStats > should detect when storage is near limit
Error calculating store size: TypeError: Cannot read properties of undefined (reading 'iterate')
    at StorageSizeManagerService.calculateStoreSize [90m(/Users/poonjohnny/Desktop/ProjectApp/Journo/frontend/[39msrc/services/storageSizeManager.ts:110:19[90m)[39m
    at StorageSizeManagerService.getStorageStats [90m(/Users/poonjohnny/Desktop/ProjectApp/Journo/frontend/[39msrc/services/storageSizeManager.ts:83:31[90m)[39m
[90m    at processTicksAndRejections (node:internal/process/task_queues:105:5)[39m
    at [90m/Users/poonjohnny/Desktop/ProjectApp/Journo/frontend/[39msrc/services/__tests__/storageSizeManager.test.ts:103:21
    at file:///Users/poonjohnny/Desktop/ProjectApp/Journo/node_modules/[4m@vitest[24m/runner/dist/chunk-hooks.js:752:20

stderr | src/services/__tests__/storageSizeManager.test.ts > StorageSizeManagerService > getStorageStats > should detect when storage is near limit
Error calculating store size: TypeError: Cannot read properties of undefined (reading 'iterate')
    at StorageSizeManagerService.calculateStoreSize [90m(/Users/poonjohnny/Desktop/ProjectApp/Journo/frontend/[39msrc/services/storageSizeManager.ts:110:19[90m)[39m
    at StorageSizeManagerService.getStorageStats [90m(/Users/poonjohnny/Desktop/ProjectApp/Journo/frontend/[39msrc/services/storageSizeManager.ts:83:31[90m)[39m
[90m    at processTicksAndRejections (node:internal/process/task_queues:105:5)[39m
    at [90m/Users/poonjohnny/Desktop/ProjectApp/Journo/frontend/[39msrc/services/__tests__/storageSizeManager.test.ts:103:21
    at file:///Users/poonjohnny/Desktop/ProjectApp/Journo/node_modules/[4m@vitest[24m/runner/dist/chunk-hooks.js:752:20

stderr | src/services/__tests__/storageSizeManager.test.ts > StorageSizeManagerService > getStorageStats > should detect when storage is near limit
Error calculating store size: TypeError: Cannot read properties of undefined (reading 'iterate')
    at StorageSizeManagerService.calculateStoreSize [90m(/Users/poonjohnny/Desktop/ProjectApp/Journo/frontend/[39msrc/services/storageSizeManager.ts:110:19[90m)[39m
    at StorageSizeManagerService.getStorageStats [90m(/Users/poonjohnny/Desktop/ProjectApp/Journo/frontend/[39msrc/services/storageSizeManager.ts:83:31[90m)[39m
[90m    at processTicksAndRejections (node:internal/process/task_queues:105:5)[39m
    at [90m/Users/poonjohnny/Desktop/ProjectApp/Journo/frontend/[39msrc/services/__tests__/storageSizeManager.test.ts:103:21
    at file:///Users/poonjohnny/Desktop/ProjectApp/Journo/node_modules/[4m@vitest[24m/runner/dist/chunk-hooks.js:752:20

stderr | src/services/__tests__/storageSizeManager.test.ts > StorageSizeManagerService > getStorageStats > should detect when storage is near limit
Error calculating store size: TypeError: Cannot read properties of undefined (reading 'iterate')
    at StorageSizeManagerService.calculateStoreSize [90m(/Users/poonjohnny/Desktop/ProjectApp/Journo/frontend/[39msrc/services/storageSizeManager.ts:110:19[90m)[39m
    at StorageSizeManagerService.getStorageStats [90m(/Users/poonjohnny/Desktop/ProjectApp/Journo/frontend/[39msrc/services/storageSizeManager.ts:83:31[90m)[39m
[90m    at processTicksAndRejections (node:internal/process/task_queues:105:5)[39m
    at [90m/Users/poonjohnny/Desktop/ProjectApp/Journo/frontend/[39msrc/services/__tests__/storageSizeManager.test.ts:103:21
    at file:///Users/poonjohnny/Desktop/ProjectApp/Journo/node_modules/[4m@vitest[24m/runner/dist/chunk-hooks.js:752:20

stderr | src/services/__tests__/storageSizeManager.test.ts > StorageSizeManagerService > getStorageStats > should detect when storage is near limit
Error calculating Quick Plan size: TypeError: Cannot read properties of undefined (reading 'getItem')
    at StorageSizeManagerService.calculateQuickPlanSize [90m(/Users/poonjohnny/Desktop/ProjectApp/Journo/frontend/[39msrc/services/storageSizeManager.ts:138:43[90m)[39m
    at StorageSizeManagerService.getStorageStats [90m(/Users/poonjohnny/Desktop/ProjectApp/Journo/frontend/[39msrc/services/storageSizeManager.ts:88:38[90m)[39m
[90m    at processTicksAndRejections (node:internal/process/task_queues:105:5)[39m
    at [90m/Users/poonjohnny/Desktop/ProjectApp/Journo/frontend/[39msrc/services/__tests__/storageSizeManager.test.ts:103:21
    at file:///Users/poonjohnny/Desktop/ProjectApp/Journo/node_modules/[4m@vitest[24m/runner/dist/chunk-hooks.js:752:20

stderr | src/services/__tests__/storageSizeManager.test.ts > StorageSizeManagerService > getStorageStats > should detect when storage is over limit
Error calculating store size: TypeError: Cannot read properties of undefined (reading 'iterate')
    at StorageSizeManagerService.calculateStoreSize [90m(/Users/poonjohnny/Desktop/ProjectApp/Journo/frontend/[39msrc/services/storageSizeManager.ts:110:19[90m)[39m
    at StorageSizeManagerService.getStorageStats [90m(/Users/poonjohnny/Desktop/ProjectApp/Journo/frontend/[39msrc/services/storageSizeManager.ts:83:31[90m)[39m
    at [90m/Users/poonjohnny/Desktop/ProjectApp/Journo/frontend/[39msrc/services/__tests__/storageSizeManager.test.ts:117:46
    at file:///Users/poonjohnny/Desktop/ProjectApp/Journo/node_modules/[4m@vitest[24m/runner/dist/chunk-hooks.js:155:11
    at file:///Users/poonjohnny/Desktop/ProjectApp/Journo/node_modules/[4m@vitest[24m/runner/dist/chunk-hooks.js:752:26
    at file:///Users/poonjohnny/Desktop/ProjectApp/Journo/node_modules/[4m@vitest[24m/runner/dist/chunk-hooks.js:1897:20
    at new Promise (<anonymous>)
    at runWithTimeout (file:///Users/poonjohnny/Desktop/ProjectApp/Journo/node_modules/[4m@vitest[24m/runner/dist/chunk-hooks.js:1863:10)
    at runTest (file:///Users/poonjohnny/Desktop/ProjectApp/Journo/node_modules/[4m@vitest[24m/runner/dist/chunk-hooks.js:1574:12)
[90m    at processTicksAndRejections (node:internal/process/task_queues:105:5)[39m

stderr | src/services/__tests__/storageSizeManager.test.ts > StorageSizeManagerService > getStorageStats > should detect when storage is over limit
Error calculating store size: TypeError: Cannot read properties of undefined (reading 'iterate')
    at StorageSizeManagerService.calculateStoreSize [90m(/Users/poonjohnny/Desktop/ProjectApp/Journo/frontend/[39msrc/services/storageSizeManager.ts:110:19[90m)[39m
    at StorageSizeManagerService.getStorageStats [90m(/Users/poonjohnny/Desktop/ProjectApp/Journo/frontend/[39msrc/services/storageSizeManager.ts:83:31[90m)[39m
[90m    at processTicksAndRejections (node:internal/process/task_queues:105:5)[39m
    at [90m/Users/poonjohnny/Desktop/ProjectApp/Journo/frontend/[39msrc/services/__tests__/storageSizeManager.test.ts:117:21
    at file:///Users/poonjohnny/Desktop/ProjectApp/Journo/node_modules/[4m@vitest[24m/runner/dist/chunk-hooks.js:752:20

stderr | src/services/__tests__/storageSizeManager.test.ts > StorageSizeManagerService > getStorageStats > should detect when storage is over limit
Error calculating store size: TypeError: Cannot read properties of undefined (reading 'iterate')
    at StorageSizeManagerService.calculateStoreSize [90m(/Users/poonjohnny/Desktop/ProjectApp/Journo/frontend/[39msrc/services/storageSizeManager.ts:110:19[90m)[39m
    at StorageSizeManagerService.getStorageStats [90m(/Users/poonjohnny/Desktop/ProjectApp/Journo/frontend/[39msrc/services/storageSizeManager.ts:83:31[90m)[39m
[90m    at processTicksAndRejections (node:internal/process/task_queues:105:5)[39m
    at [90m/Users/poonjohnny/Desktop/ProjectApp/Journo/frontend/[39msrc/services/__tests__/storageSizeManager.test.ts:117:21
    at file:///Users/poonjohnny/Desktop/ProjectApp/Journo/node_modules/[4m@vitest[24m/runner/dist/chunk-hooks.js:752:20

stderr | src/services/__tests__/storageSizeManager.test.ts > StorageSizeManagerService > getStorageStats > should detect when storage is over limit
Error calculating store size: TypeError: Cannot read properties of undefined (reading 'iterate')
    at StorageSizeManagerService.calculateStoreSize [90m(/Users/poonjohnny/Desktop/ProjectApp/Journo/frontend/[39msrc/services/storageSizeManager.ts:110:19[90m)[39m
    at StorageSizeManagerService.getStorageStats [90m(/Users/poonjohnny/Desktop/ProjectApp/Journo/frontend/[39msrc/services/storageSizeManager.ts:83:31[90m)[39m
[90m    at processTicksAndRejections (node:internal/process/task_queues:105:5)[39m
    at [90m/Users/poonjohnny/Desktop/ProjectApp/Journo/frontend/[39msrc/services/__tests__/storageSizeManager.test.ts:117:21
    at file:///Users/poonjohnny/Desktop/ProjectApp/Journo/node_modules/[4m@vitest[24m/runner/dist/chunk-hooks.js:752:20

stderr | src/services/__tests__/storageSizeManager.test.ts > StorageSizeManagerService > getStorageStats > should detect when storage is over limit
Error calculating store size: TypeError: Cannot read properties of undefined (reading 'iterate')
    at StorageSizeManagerService.calculateStoreSize [90m(/Users/poonjohnny/Desktop/ProjectApp/Journo/frontend/[39msrc/services/storageSizeManager.ts:110:19[90m)[39m
    at StorageSizeManagerService.getStorageStats [90m(/Users/poonjohnny/Desktop/ProjectApp/Journo/frontend/[39msrc/services/storageSizeManager.ts:83:31[90m)[39m
[90m    at processTicksAndRejections (node:internal/process/task_queues:105:5)[39m
    at [90m/Users/poonjohnny/Desktop/ProjectApp/Journo/frontend/[39msrc/services/__tests__/storageSizeManager.test.ts:117:21
    at file:///Users/poonjohnny/Desktop/ProjectApp/Journo/node_modules/[4m@vitest[24m/runner/dist/chunk-hooks.js:752:20

stderr | src/services/__tests__/storageSizeManager.test.ts > StorageSizeManagerService > getStorageStats > should detect when storage is over limit
Error calculating store size: TypeError: Cannot read properties of undefined (reading 'iterate')
    at StorageSizeManagerService.calculateStoreSize [90m(/Users/poonjohnny/Desktop/ProjectApp/Journo/frontend/[39msrc/services/storageSizeManager.ts:110:19[90m)[39m
    at StorageSizeManagerService.getStorageStats [90m(/Users/poonjohnny/Desktop/ProjectApp/Journo/frontend/[39msrc/services/storageSizeManager.ts:83:31[90m)[39m
[90m    at processTicksAndRejections (node:internal/process/task_queues:105:5)[39m
    at [90m/Users/poonjohnny/Desktop/ProjectApp/Journo/frontend/[39msrc/services/__tests__/storageSizeManager.test.ts:117:21
    at file:///Users/poonjohnny/Desktop/ProjectApp/Journo/node_modules/[4m@vitest[24m/runner/dist/chunk-hooks.js:752:20

stderr | src/services/__tests__/storageSizeManager.test.ts > StorageSizeManagerService > getStorageStats > should detect when storage is over limit
Error calculating store size: TypeError: Cannot read properties of undefined (reading 'iterate')
    at StorageSizeManagerService.calculateStoreSize [90m(/Users/poonjohnny/Desktop/ProjectApp/Journo/frontend/[39msrc/services/storageSizeManager.ts:110:19[90m)[39m
    at StorageSizeManagerService.getStorageStats [90m(/Users/poonjohnny/Desktop/ProjectApp/Journo/frontend/[39msrc/services/storageSizeManager.ts:83:31[90m)[39m
[90m    at processTicksAndRejections (node:internal/process/task_queues:105:5)[39m
    at [90m/Users/poonjohnny/Desktop/ProjectApp/Journo/frontend/[39msrc/services/__tests__/storageSizeManager.test.ts:117:21
    at file:///Users/poonjohnny/Desktop/ProjectApp/Journo/node_modules/[4m@vitest[24m/runner/dist/chunk-hooks.js:752:20

stderr | src/services/__tests__/storageSizeManager.test.ts > StorageSizeManagerService > getStorageStats > should detect when storage is over limit
Error calculating store size: TypeError: Cannot read properties of undefined (reading 'iterate')
    at StorageSizeManagerService.calculateStoreSize [90m(/Users/poonjohnny/Desktop/ProjectApp/Journo/frontend/[39msrc/services/storageSizeManager.ts:110:19[90m)[39m
    at StorageSizeManagerService.getStorageStats [90m(/Users/poonjohnny/Desktop/ProjectApp/Journo/frontend/[39msrc/services/storageSizeManager.ts:83:31[90m)[39m
[90m    at processTicksAndRejections (node:internal/process/task_queues:105:5)[39m
    at [90m/Users/poonjohnny/Desktop/ProjectApp/Journo/frontend/[39msrc/services/__tests__/storageSizeManager.test.ts:117:21
    at file:///Users/poonjohnny/Desktop/ProjectApp/Journo/node_modules/[4m@vitest[24m/runner/dist/chunk-hooks.js:752:20

stderr | src/services/__tests__/storageSizeManager.test.ts > StorageSizeManagerService > getStorageStats > should detect when storage is over limit
Error calculating store size: TypeError: Cannot read properties of undefined (reading 'iterate')
    at StorageSizeManagerService.calculateStoreSize [90m(/Users/poonjohnny/Desktop/ProjectApp/Journo/frontend/[39msrc/services/storageSizeManager.ts:110:19[90m)[39m
    at StorageSizeManagerService.getStorageStats [90m(/Users/poonjohnny/Desktop/ProjectApp/Journo/frontend/[39msrc/services/storageSizeManager.ts:83:31[90m)[39m
[90m    at processTicksAndRejections (node:internal/process/task_queues:105:5)[39m
    at [90m/Users/poonjohnny/Desktop/ProjectApp/Journo/frontend/[39msrc/services/__tests__/storageSizeManager.test.ts:117:21
    at file:///Users/poonjohnny/Desktop/ProjectApp/Journo/node_modules/[4m@vitest[24m/runner/dist/chunk-hooks.js:752:20

stderr | src/services/__tests__/storageSizeManager.test.ts > StorageSizeManagerService > getStorageStats > should detect when storage is over limit
Error calculating Quick Plan size: TypeError: Cannot read properties of undefined (reading 'getItem')
    at StorageSizeManagerService.calculateQuickPlanSize [90m(/Users/poonjohnny/Desktop/ProjectApp/Journo/frontend/[39msrc/services/storageSizeManager.ts:138:43[90m)[39m
    at StorageSizeManagerService.getStorageStats [90m(/Users/poonjohnny/Desktop/ProjectApp/Journo/frontend/[39msrc/services/storageSizeManager.ts:88:38[90m)[39m
[90m    at processTicksAndRejections (node:internal/process/task_queues:105:5)[39m
    at [90m/Users/poonjohnny/Desktop/ProjectApp/Journo/frontend/[39msrc/services/__tests__/storageSizeManager.test.ts:117:21
    at file:///Users/poonjohnny/Desktop/ProjectApp/Journo/node_modules/[4m@vitest[24m/runner/dist/chunk-hooks.js:752:20

stderr | src/services/__tests__/storageSizeManager.test.ts > StorageSizeManagerService > getStorageStats > should provide breakdown by store type
Error calculating store size: TypeError: Cannot read properties of undefined (reading 'iterate')
    at StorageSizeManagerService.calculateStoreSize [90m(/Users/poonjohnny/Desktop/ProjectApp/Journo/frontend/[39msrc/services/storageSizeManager.ts:110:19[90m)[39m
    at StorageSizeManagerService.getStorageStats [90m(/Users/poonjohnny/Desktop/ProjectApp/Journo/frontend/[39msrc/services/storageSizeManager.ts:83:31[90m)[39m
    at [90m/Users/poonjohnny/Desktop/ProjectApp/Journo/frontend/[39msrc/services/__tests__/storageSizeManager.test.ts:127:46
    at file:///Users/poonjohnny/Desktop/ProjectApp/Journo/node_modules/[4m@vitest[24m/runner/dist/chunk-hooks.js:155:11
    at file:///Users/poonjohnny/Desktop/ProjectApp/Journo/node_modules/[4m@vitest[24m/runner/dist/chunk-hooks.js:752:26
    at file:///Users/poonjohnny/Desktop/ProjectApp/Journo/node_modules/[4m@vitest[24m/runner/dist/chunk-hooks.js:1897:20
    at new Promise (<anonymous>)
    at runWithTimeout (file:///Users/poonjohnny/Desktop/ProjectApp/Journo/node_modules/[4m@vitest[24m/runner/dist/chunk-hooks.js:1863:10)
    at runTest (file:///Users/poonjohnny/Desktop/ProjectApp/Journo/node_modules/[4m@vitest[24m/runner/dist/chunk-hooks.js:1574:12)
[90m    at processTicksAndRejections (node:internal/process/task_queues:105:5)[39m

stderr | src/services/__tests__/storageSizeManager.test.ts > StorageSizeManagerService > getStorageStats > should provide breakdown by store type
Error calculating store size: TypeError: Cannot read properties of undefined (reading 'iterate')
    at StorageSizeManagerService.calculateStoreSize [90m(/Users/poonjohnny/Desktop/ProjectApp/Journo/frontend/[39msrc/services/storageSizeManager.ts:110:19[90m)[39m
    at StorageSizeManagerService.getStorageStats [90m(/Users/poonjohnny/Desktop/ProjectApp/Journo/frontend/[39msrc/services/storageSizeManager.ts:83:31[90m)[39m
[90m    at processTicksAndRejections (node:internal/process/task_queues:105:5)[39m
    at [90m/Users/poonjohnny/Desktop/ProjectApp/Journo/frontend/[39msrc/services/__tests__/storageSizeManager.test.ts:127:21
    at file:///Users/poonjohnny/Desktop/ProjectApp/Journo/node_modules/[4m@vitest[24m/runner/dist/chunk-hooks.js:752:20

stderr | src/services/__tests__/storageSizeManager.test.ts > StorageSizeManagerService > getStorageStats > should provide breakdown by store type
Error calculating store size: TypeError: Cannot read properties of undefined (reading 'iterate')
    at StorageSizeManagerService.calculateStoreSize [90m(/Users/poonjohnny/Desktop/ProjectApp/Journo/frontend/[39msrc/services/storageSizeManager.ts:110:19[90m)[39m
    at StorageSizeManagerService.getStorageStats [90m(/Users/poonjohnny/Desktop/ProjectApp/Journo/frontend/[39msrc/services/storageSizeManager.ts:83:31[90m)[39m
[90m    at processTicksAndRejections (node:internal/process/task_queues:105:5)[39m
    at [90m/Users/poonjohnny/Desktop/ProjectApp/Journo/frontend/[39msrc/services/__tests__/storageSizeManager.test.ts:127:21
    at file:///Users/poonjohnny/Desktop/ProjectApp/Journo/node_modules/[4m@vitest[24m/runner/dist/chunk-hooks.js:752:20

stderr | src/services/__tests__/storageSizeManager.test.ts > StorageSizeManagerService > getStorageStats > should provide breakdown by store type
Error calculating store size: TypeError: Cannot read properties of undefined (reading 'iterate')
    at StorageSizeManagerService.calculateStoreSize [90m(/Users/poonjohnny/Desktop/ProjectApp/Journo/frontend/[39msrc/services/storageSizeManager.ts:110:19[90m)[39m
    at StorageSizeManagerService.getStorageStats [90m(/Users/poonjohnny/Desktop/ProjectApp/Journo/frontend/[39msrc/services/storageSizeManager.ts:83:31[90m)[39m
[90m    at processTicksAndRejections (node:internal/process/task_queues:105:5)[39m
    at [90m/Users/poonjohnny/Desktop/ProjectApp/Journo/frontend/[39msrc/services/__tests__/storageSizeManager.test.ts:127:21
    at file:///Users/poonjohnny/Desktop/ProjectApp/Journo/node_modules/[4m@vitest[24m/runner/dist/chunk-hooks.js:752:20

stderr | src/services/__tests__/storageSizeManager.test.ts > StorageSizeManagerService > getStorageStats > should provide breakdown by store type
Error calculating store size: TypeError: Cannot read properties of undefined (reading 'iterate')
    at StorageSizeManagerService.calculateStoreSize [90m(/Users/poonjohnny/Desktop/ProjectApp/Journo/frontend/[39msrc/services/storageSizeManager.ts:110:19[90m)[39m
    at StorageSizeManagerService.getStorageStats [90m(/Users/poonjohnny/Desktop/ProjectApp/Journo/frontend/[39msrc/services/storageSizeManager.ts:83:31[90m)[39m
[90m    at processTicksAndRejections (node:internal/process/task_queues:105:5)[39m
    at [90m/Users/poonjohnny/Desktop/ProjectApp/Journo/frontend/[39msrc/services/__tests__/storageSizeManager.test.ts:127:21
    at file:///Users/poonjohnny/Desktop/ProjectApp/Journo/node_modules/[4m@vitest[24m/runner/dist/chunk-hooks.js:752:20

stderr | src/services/__tests__/storageSizeManager.test.ts > StorageSizeManagerService > getStorageStats > should provide breakdown by store type
Error calculating store size: TypeError: Cannot read properties of undefined (reading 'iterate')
    at StorageSizeManagerService.calculateStoreSize [90m(/Users/poonjohnny/Desktop/ProjectApp/Journo/frontend/[39msrc/services/storageSizeManager.ts:110:19[90m)[39m
    at StorageSizeManagerService.getStorageStats [90m(/Users/poonjohnny/Desktop/ProjectApp/Journo/frontend/[39msrc/services/storageSizeManager.ts:83:31[90m)[39m
[90m    at processTicksAndRejections (node:internal/process/task_queues:105:5)[39m
    at [90m/Users/poonjohnny/Desktop/ProjectApp/Journo/frontend/[39msrc/services/__tests__/storageSizeManager.test.ts:127:21
    at file:///Users/poonjohnny/Desktop/ProjectApp/Journo/node_modules/[4m@vitest[24m/runner/dist/chunk-hooks.js:752:20

stderr | src/services/__tests__/storageSizeManager.test.ts > StorageSizeManagerService > getStorageStats > should provide breakdown by store type
Error calculating store size: TypeError: Cannot read properties of undefined (reading 'iterate')
    at StorageSizeManagerService.calculateStoreSize [90m(/Users/poonjohnny/Desktop/ProjectApp/Journo/frontend/[39msrc/services/storageSizeManager.ts:110:19[90m)[39m
    at StorageSizeManagerService.getStorageStats [90m(/Users/poonjohnny/Desktop/ProjectApp/Journo/frontend/[39msrc/services/storageSizeManager.ts:83:31[90m)[39m
[90m    at processTicksAndRejections (node:internal/process/task_queues:105:5)[39m
    at [90m/Users/poonjohnny/Desktop/ProjectApp/Journo/frontend/[39msrc/services/__tests__/storageSizeManager.test.ts:127:21
    at file:///Users/poonjohnny/Desktop/ProjectApp/Journo/node_modules/[4m@vitest[24m/runner/dist/chunk-hooks.js:752:20

stderr | src/services/__tests__/storageSizeManager.test.ts > StorageSizeManagerService > getStorageStats > should provide breakdown by store type
Error calculating store size: TypeError: Cannot read properties of undefined (reading 'iterate')
    at StorageSizeManagerService.calculateStoreSize [90m(/Users/poonjohnny/Desktop/ProjectApp/Journo/frontend/[39msrc/services/storageSizeManager.ts:110:19[90m)[39m
    at StorageSizeManagerService.getStorageStats [90m(/Users/poonjohnny/Desktop/ProjectApp/Journo/frontend/[39msrc/services/storageSizeManager.ts:83:31[90m)[39m
[90m    at processTicksAndRejections (node:internal/process/task_queues:105:5)[39m
    at [90m/Users/poonjohnny/Desktop/ProjectApp/Journo/frontend/[39msrc/services/__tests__/storageSizeManager.test.ts:127:21
    at file:///Users/poonjohnny/Desktop/ProjectApp/Journo/node_modules/[4m@vitest[24m/runner/dist/chunk-hooks.js:752:20

stderr | src/services/__tests__/storageSizeManager.test.ts > StorageSizeManagerService > getStorageStats > should provide breakdown by store type
Error calculating store size: TypeError: Cannot read properties of undefined (reading 'iterate')
    at StorageSizeManagerService.calculateStoreSize [90m(/Users/poonjohnny/Desktop/ProjectApp/Journo/frontend/[39msrc/services/storageSizeManager.ts:110:19[90m)[39m
    at StorageSizeManagerService.getStorageStats [90m(/Users/poonjohnny/Desktop/ProjectApp/Journo/frontend/[39msrc/services/storageSizeManager.ts:83:31[90m)[39m
[90m    at processTicksAndRejections (node:internal/process/task_queues:105:5)[39m
    at [90m/Users/poonjohnny/Desktop/ProjectApp/Journo/frontend/[39msrc/services/__tests__/storageSizeManager.test.ts:127:21
    at file:///Users/poonjohnny/Desktop/ProjectApp/Journo/node_modules/[4m@vitest[24m/runner/dist/chunk-hooks.js:752:20

stderr | src/services/__tests__/storageSizeManager.test.ts > StorageSizeManagerService > getStorageStats > should provide breakdown by store type
Error calculating Quick Plan size: TypeError: Cannot read properties of undefined (reading 'getItem')
    at StorageSizeManagerService.calculateQuickPlanSize [90m(/Users/poonjohnny/Desktop/ProjectApp/Journo/frontend/[39msrc/services/storageSizeManager.ts:138:43[90m)[39m
    at StorageSizeManagerService.getStorageStats [90m(/Users/poonjohnny/Desktop/ProjectApp/Journo/frontend/[39msrc/services/storageSizeManager.ts:88:38[90m)[39m
[90m    at processTicksAndRejections (node:internal/process/task_queues:105:5)[39m
    at [90m/Users/poonjohnny/Desktop/ProjectApp/Journo/frontend/[39msrc/services/__tests__/storageSizeManager.test.ts:127:21
    at file:///Users/poonjohnny/Desktop/ProjectApp/Journo/node_modules/[4m@vitest[24m/runner/dist/chunk-hooks.js:752:20

stderr | src/services/__tests__/storageSizeManager.test.ts > StorageSizeManagerService > wouldExceedLimit > should return false when operation would not exceed limit
Error calculating store size: TypeError: Cannot read properties of undefined (reading 'iterate')
    at StorageSizeManagerService.calculateStoreSize [90m(/Users/poonjohnny/Desktop/ProjectApp/Journo/frontend/[39msrc/services/storageSizeManager.ts:110:19[90m)[39m
    at StorageSizeManagerService.getStorageStats [90m(/Users/poonjohnny/Desktop/ProjectApp/Journo/frontend/[39msrc/services/storageSizeManager.ts:83:31[90m)[39m
    at StorageSizeManagerService.wouldExceedLimit [90m(/Users/poonjohnny/Desktop/ProjectApp/Journo/frontend/[39msrc/services/storageSizeManager.ts:174:30[90m)[39m
    at [90m/Users/poonjohnny/Desktop/ProjectApp/Journo/frontend/[39msrc/services/__tests__/storageSizeManager.test.ts:138:47
    at file:///Users/poonjohnny/Desktop/ProjectApp/Journo/node_modules/[4m@vitest[24m/runner/dist/chunk-hooks.js:155:11
    at file:///Users/poonjohnny/Desktop/ProjectApp/Journo/node_modules/[4m@vitest[24m/runner/dist/chunk-hooks.js:752:26
    at file:///Users/poonjohnny/Desktop/ProjectApp/Journo/node_modules/[4m@vitest[24m/runner/dist/chunk-hooks.js:1897:20
    at new Promise (<anonymous>)
    at runWithTimeout (file:///Users/poonjohnny/Desktop/ProjectApp/Journo/node_modules/[4m@vitest[24m/runner/dist/chunk-hooks.js:1863:10)
    at runTest (file:///Users/poonjohnny/Desktop/ProjectApp/Journo/node_modules/[4m@vitest[24m/runner/dist/chunk-hooks.js:1574:12)

stderr | src/services/__tests__/storageSizeManager.test.ts > StorageSizeManagerService > wouldExceedLimit > should return false when operation would not exceed limit
Error calculating store size: TypeError: Cannot read properties of undefined (reading 'iterate')
    at StorageSizeManagerService.calculateStoreSize [90m(/Users/poonjohnny/Desktop/ProjectApp/Journo/frontend/[39msrc/services/storageSizeManager.ts:110:19[90m)[39m
    at StorageSizeManagerService.getStorageStats [90m(/Users/poonjohnny/Desktop/ProjectApp/Journo/frontend/[39msrc/services/storageSizeManager.ts:83:31[90m)[39m
[90m    at processTicksAndRejections (node:internal/process/task_queues:105:5)[39m
    at StorageSizeManagerService.wouldExceedLimit [90m(/Users/poonjohnny/Desktop/ProjectApp/Journo/frontend/[39msrc/services/storageSizeManager.ts:174:19[90m)[39m
    at [90m/Users/poonjohnny/Desktop/ProjectApp/Journo/frontend/[39msrc/services/__tests__/storageSizeManager.test.ts:138:22
    at file:///Users/poonjohnny/Desktop/ProjectApp/Journo/node_modules/[4m@vitest[24m/runner/dist/chunk-hooks.js:752:20

stderr | src/services/__tests__/storageSizeManager.test.ts > StorageSizeManagerService > wouldExceedLimit > should return false when operation would not exceed limit
Error calculating store size: TypeError: Cannot read properties of undefined (reading 'iterate')
    at StorageSizeManagerService.calculateStoreSize [90m(/Users/poonjohnny/Desktop/ProjectApp/Journo/frontend/[39msrc/services/storageSizeManager.ts:110:19[90m)[39m
    at StorageSizeManagerService.getStorageStats [90m(/Users/poonjohnny/Desktop/ProjectApp/Journo/frontend/[39msrc/services/storageSizeManager.ts:83:31[90m)[39m
[90m    at processTicksAndRejections (node:internal/process/task_queues:105:5)[39m
    at StorageSizeManagerService.wouldExceedLimit [90m(/Users/poonjohnny/Desktop/ProjectApp/Journo/frontend/[39msrc/services/storageSizeManager.ts:174:19[90m)[39m
    at [90m/Users/poonjohnny/Desktop/ProjectApp/Journo/frontend/[39msrc/services/__tests__/storageSizeManager.test.ts:138:22
    at file:///Users/poonjohnny/Desktop/ProjectApp/Journo/node_modules/[4m@vitest[24m/runner/dist/chunk-hooks.js:752:20

stderr | src/services/__tests__/storageSizeManager.test.ts > StorageSizeManagerService > wouldExceedLimit > should return false when operation would not exceed limit
Error calculating store size: TypeError: Cannot read properties of undefined (reading 'iterate')
    at StorageSizeManagerService.calculateStoreSize [90m(/Users/poonjohnny/Desktop/ProjectApp/Journo/frontend/[39msrc/services/storageSizeManager.ts:110:19[90m)[39m
    at StorageSizeManagerService.getStorageStats [90m(/Users/poonjohnny/Desktop/ProjectApp/Journo/frontend/[39msrc/services/storageSizeManager.ts:83:31[90m)[39m
[90m    at processTicksAndRejections (node:internal/process/task_queues:105:5)[39m
    at StorageSizeManagerService.wouldExceedLimit [90m(/Users/poonjohnny/Desktop/ProjectApp/Journo/frontend/[39msrc/services/storageSizeManager.ts:174:19[90m)[39m
    at [90m/Users/poonjohnny/Desktop/ProjectApp/Journo/frontend/[39msrc/services/__tests__/storageSizeManager.test.ts:138:22
    at file:///Users/poonjohnny/Desktop/ProjectApp/Journo/node_modules/[4m@vitest[24m/runner/dist/chunk-hooks.js:752:20

stderr | src/services/__tests__/storageSizeManager.test.ts > StorageSizeManagerService > wouldExceedLimit > should return false when operation would not exceed limit
Error calculating store size: TypeError: Cannot read properties of undefined (reading 'iterate')
    at StorageSizeManagerService.calculateStoreSize [90m(/Users/poonjohnny/Desktop/ProjectApp/Journo/frontend/[39msrc/services/storageSizeManager.ts:110:19[90m)[39m
    at StorageSizeManagerService.getStorageStats [90m(/Users/poonjohnny/Desktop/ProjectApp/Journo/frontend/[39msrc/services/storageSizeManager.ts:83:31[90m)[39m
[90m    at processTicksAndRejections (node:internal/process/task_queues:105:5)[39m
    at StorageSizeManagerService.wouldExceedLimit [90m(/Users/poonjohnny/Desktop/ProjectApp/Journo/frontend/[39msrc/services/storageSizeManager.ts:174:19[90m)[39m
    at [90m/Users/poonjohnny/Desktop/ProjectApp/Journo/frontend/[39msrc/services/__tests__/storageSizeManager.test.ts:138:22
    at file:///Users/poonjohnny/Desktop/ProjectApp/Journo/node_modules/[4m@vitest[24m/runner/dist/chunk-hooks.js:752:20

stderr | src/services/__tests__/storageSizeManager.test.ts > StorageSizeManagerService > wouldExceedLimit > should return false when operation would not exceed limit
Error calculating store size: TypeError: Cannot read properties of undefined (reading 'iterate')
    at StorageSizeManagerService.calculateStoreSize [90m(/Users/poonjohnny/Desktop/ProjectApp/Journo/frontend/[39msrc/services/storageSizeManager.ts:110:19[90m)[39m
    at StorageSizeManagerService.getStorageStats [90m(/Users/poonjohnny/Desktop/ProjectApp/Journo/frontend/[39msrc/services/storageSizeManager.ts:83:31[90m)[39m
[90m    at processTicksAndRejections (node:internal/process/task_queues:105:5)[39m
    at StorageSizeManagerService.wouldExceedLimit [90m(/Users/poonjohnny/Desktop/ProjectApp/Journo/frontend/[39msrc/services/storageSizeManager.ts:174:19[90m)[39m
    at [90m/Users/poonjohnny/Desktop/ProjectApp/Journo/frontend/[39msrc/services/__tests__/storageSizeManager.test.ts:138:22
    at file:///Users/poonjohnny/Desktop/ProjectApp/Journo/node_modules/[4m@vitest[24m/runner/dist/chunk-hooks.js:752:20

stderr | src/services/__tests__/storageSizeManager.test.ts > StorageSizeManagerService > wouldExceedLimit > should return false when operation would not exceed limit
Error calculating store size: TypeError: Cannot read properties of undefined (reading 'iterate')
    at StorageSizeManagerService.calculateStoreSize [90m(/Users/poonjohnny/Desktop/ProjectApp/Journo/frontend/[39msrc/services/storageSizeManager.ts:110:19[90m)[39m
    at StorageSizeManagerService.getStorageStats [90m(/Users/poonjohnny/Desktop/ProjectApp/Journo/frontend/[39msrc/services/storageSizeManager.ts:83:31[90m)[39m
[90m    at processTicksAndRejections (node:internal/process/task_queues:105:5)[39m
    at StorageSizeManagerService.wouldExceedLimit [90m(/Users/poonjohnny/Desktop/ProjectApp/Journo/frontend/[39msrc/services/storageSizeManager.ts:174:19[90m)[39m
    at [90m/Users/poonjohnny/Desktop/ProjectApp/Journo/frontend/[39msrc/services/__tests__/storageSizeManager.test.ts:138:22
    at file:///Users/poonjohnny/Desktop/ProjectApp/Journo/node_modules/[4m@vitest[24m/runner/dist/chunk-hooks.js:752:20

stderr | src/services/__tests__/storageSizeManager.test.ts > StorageSizeManagerService > wouldExceedLimit > should return false when operation would not exceed limit
Error calculating store size: TypeError: Cannot read properties of undefined (reading 'iterate')
    at StorageSizeManagerService.calculateStoreSize [90m(/Users/poonjohnny/Desktop/ProjectApp/Journo/frontend/[39msrc/services/storageSizeManager.ts:110:19[90m)[39m
    at StorageSizeManagerService.getStorageStats [90m(/Users/poonjohnny/Desktop/ProjectApp/Journo/frontend/[39msrc/services/storageSizeManager.ts:83:31[90m)[39m
[90m    at processTicksAndRejections (node:internal/process/task_queues:105:5)[39m
    at StorageSizeManagerService.wouldExceedLimit [90m(/Users/poonjohnny/Desktop/ProjectApp/Journo/frontend/[39msrc/services/storageSizeManager.ts:174:19[90m)[39m
    at [90m/Users/poonjohnny/Desktop/ProjectApp/Journo/frontend/[39msrc/services/__tests__/storageSizeManager.test.ts:138:22
    at file:///Users/poonjohnny/Desktop/ProjectApp/Journo/node_modules/[4m@vitest[24m/runner/dist/chunk-hooks.js:752:20

stderr | src/services/__tests__/storageSizeManager.test.ts > StorageSizeManagerService > wouldExceedLimit > should return false when operation would not exceed limit
Error calculating store size: TypeError: Cannot read properties of undefined (reading 'iterate')
    at StorageSizeManagerService.calculateStoreSize [90m(/Users/poonjohnny/Desktop/ProjectApp/Journo/frontend/[39msrc/services/storageSizeManager.ts:110:19[90m)[39m
    at StorageSizeManagerService.getStorageStats [90m(/Users/poonjohnny/Desktop/ProjectApp/Journo/frontend/[39msrc/services/storageSizeManager.ts:83:31[90m)[39m
[90m    at processTicksAndRejections (node:internal/process/task_queues:105:5)[39m
    at StorageSizeManagerService.wouldExceedLimit [90m(/Users/poonjohnny/Desktop/ProjectApp/Journo/frontend/[39msrc/services/storageSizeManager.ts:174:19[90m)[39m
    at [90m/Users/poonjohnny/Desktop/ProjectApp/Journo/frontend/[39msrc/services/__tests__/storageSizeManager.test.ts:138:22
    at file:///Users/poonjohnny/Desktop/ProjectApp/Journo/node_modules/[4m@vitest[24m/runner/dist/chunk-hooks.js:752:20

stderr | src/services/__tests__/storageSizeManager.test.ts > StorageSizeManagerService > wouldExceedLimit > should return false when operation would not exceed limit
Error calculating Quick Plan size: TypeError: Cannot read properties of undefined (reading 'getItem')
    at StorageSizeManagerService.calculateQuickPlanSize [90m(/Users/poonjohnny/Desktop/ProjectApp/Journo/frontend/[39msrc/services/storageSizeManager.ts:138:43[90m)[39m
    at StorageSizeManagerService.getStorageStats [90m(/Users/poonjohnny/Desktop/ProjectApp/Journo/frontend/[39msrc/services/storageSizeManager.ts:88:38[90m)[39m
[90m    at processTicksAndRejections (node:internal/process/task_queues:105:5)[39m
    at StorageSizeManagerService.wouldExceedLimit [90m(/Users/poonjohnny/Desktop/ProjectApp/Journo/frontend/[39msrc/services/storageSizeManager.ts:174:19[90m)[39m
    at [90m/Users/poonjohnny/Desktop/ProjectApp/Journo/frontend/[39msrc/services/__tests__/storageSizeManager.test.ts:138:22
    at file:///Users/poonjohnny/Desktop/ProjectApp/Journo/node_modules/[4m@vitest[24m/runner/dist/chunk-hooks.js:752:20

stderr | src/services/__tests__/storageSizeManager.test.ts > StorageSizeManagerService > wouldExceedLimit > should return true when operation would exceed limit
Error calculating store size: TypeError: Cannot read properties of undefined (reading 'iterate')
    at StorageSizeManagerService.calculateStoreSize [90m(/Users/poonjohnny/Desktop/ProjectApp/Journo/frontend/[39msrc/services/storageSizeManager.ts:110:19[90m)[39m
    at StorageSizeManagerService.getStorageStats [90m(/Users/poonjohnny/Desktop/ProjectApp/Journo/frontend/[39msrc/services/storageSizeManager.ts:83:31[90m)[39m
    at StorageSizeManagerService.wouldExceedLimit [90m(/Users/poonjohnny/Desktop/ProjectApp/Journo/frontend/[39msrc/services/storageSizeManager.ts:174:30[90m)[39m
    at [90m/Users/poonjohnny/Desktop/ProjectApp/Journo/frontend/[39msrc/services/__tests__/storageSizeManager.test.ts:149:47
    at file:///Users/poonjohnny/Desktop/ProjectApp/Journo/node_modules/[4m@vitest[24m/runner/dist/chunk-hooks.js:155:11
    at file:///Users/poonjohnny/Desktop/ProjectApp/Journo/node_modules/[4m@vitest[24m/runner/dist/chunk-hooks.js:752:26
    at file:///Users/poonjohnny/Desktop/ProjectApp/Journo/node_modules/[4m@vitest[24m/runner/dist/chunk-hooks.js:1897:20
    at new Promise (<anonymous>)
    at runWithTimeout (file:///Users/poonjohnny/Desktop/ProjectApp/Journo/node_modules/[4m@vitest[24m/runner/dist/chunk-hooks.js:1863:10)
    at runTest (file:///Users/poonjohnny/Desktop/ProjectApp/Journo/node_modules/[4m@vitest[24m/runner/dist/chunk-hooks.js:1574:12)

stderr | src/services/__tests__/storageSizeManager.test.ts > StorageSizeManagerService > wouldExceedLimit > should return true when operation would exceed limit
Error calculating store size: TypeError: Cannot read properties of undefined (reading 'iterate')
    at StorageSizeManagerService.calculateStoreSize [90m(/Users/poonjohnny/Desktop/ProjectApp/Journo/frontend/[39msrc/services/storageSizeManager.ts:110:19[90m)[39m
    at StorageSizeManagerService.getStorageStats [90m(/Users/poonjohnny/Desktop/ProjectApp/Journo/frontend/[39msrc/services/storageSizeManager.ts:83:31[90m)[39m
[90m    at processTicksAndRejections (node:internal/process/task_queues:105:5)[39m
    at StorageSizeManagerService.wouldExceedLimit [90m(/Users/poonjohnny/Desktop/ProjectApp/Journo/frontend/[39msrc/services/storageSizeManager.ts:174:19[90m)[39m
    at [90m/Users/poonjohnny/Desktop/ProjectApp/Journo/frontend/[39msrc/services/__tests__/storageSizeManager.test.ts:149:22
    at file:///Users/poonjohnny/Desktop/ProjectApp/Journo/node_modules/[4m@vitest[24m/runner/dist/chunk-hooks.js:752:20

stderr | src/services/__tests__/storageSizeManager.test.ts > StorageSizeManagerService > wouldExceedLimit > should return true when operation would exceed limit
Error calculating store size: TypeError: Cannot read properties of undefined (reading 'iterate')
    at StorageSizeManagerService.calculateStoreSize [90m(/Users/poonjohnny/Desktop/ProjectApp/Journo/frontend/[39msrc/services/storageSizeManager.ts:110:19[90m)[39m
    at StorageSizeManagerService.getStorageStats [90m(/Users/poonjohnny/Desktop/ProjectApp/Journo/frontend/[39msrc/services/storageSizeManager.ts:83:31[90m)[39m
[90m    at processTicksAndRejections (node:internal/process/task_queues:105:5)[39m
    at StorageSizeManagerService.wouldExceedLimit [90m(/Users/poonjohnny/Desktop/ProjectApp/Journo/frontend/[39msrc/services/storageSizeManager.ts:174:19[90m)[39m
    at [90m/Users/poonjohnny/Desktop/ProjectApp/Journo/frontend/[39msrc/services/__tests__/storageSizeManager.test.ts:149:22
    at file:///Users/poonjohnny/Desktop/ProjectApp/Journo/node_modules/[4m@vitest[24m/runner/dist/chunk-hooks.js:752:20

stderr | src/services/__tests__/storageSizeManager.test.ts > StorageSizeManagerService > wouldExceedLimit > should return true when operation would exceed limit
Error calculating store size: TypeError: Cannot read properties of undefined (reading 'iterate')
    at StorageSizeManagerService.calculateStoreSize [90m(/Users/poonjohnny/Desktop/ProjectApp/Journo/frontend/[39msrc/services/storageSizeManager.ts:110:19[90m)[39m
    at StorageSizeManagerService.getStorageStats [90m(/Users/poonjohnny/Desktop/ProjectApp/Journo/frontend/[39msrc/services/storageSizeManager.ts:83:31[90m)[39m
[90m    at processTicksAndRejections (node:internal/process/task_queues:105:5)[39m
    at StorageSizeManagerService.wouldExceedLimit [90m(/Users/poonjohnny/Desktop/ProjectApp/Journo/frontend/[39msrc/services/storageSizeManager.ts:174:19[90m)[39m
    at [90m/Users/poonjohnny/Desktop/ProjectApp/Journo/frontend/[39msrc/services/__tests__/storageSizeManager.test.ts:149:22
    at file:///Users/poonjohnny/Desktop/ProjectApp/Journo/node_modules/[4m@vitest[24m/runner/dist/chunk-hooks.js:752:20

stderr | src/services/__tests__/storageSizeManager.test.ts > StorageSizeManagerService > wouldExceedLimit > should return true when operation would exceed limit
Error calculating store size: TypeError: Cannot read properties of undefined (reading 'iterate')
    at StorageSizeManagerService.calculateStoreSize [90m(/Users/poonjohnny/Desktop/ProjectApp/Journo/frontend/[39msrc/services/storageSizeManager.ts:110:19[90m)[39m
    at StorageSizeManagerService.getStorageStats [90m(/Users/poonjohnny/Desktop/ProjectApp/Journo/frontend/[39msrc/services/storageSizeManager.ts:83:31[90m)[39m
[90m    at processTicksAndRejections (node:internal/process/task_queues:105:5)[39m
    at StorageSizeManagerService.wouldExceedLimit [90m(/Users/poonjohnny/Desktop/ProjectApp/Journo/frontend/[39msrc/services/storageSizeManager.ts:174:19[90m)[39m
    at [90m/Users/poonjohnny/Desktop/ProjectApp/Journo/frontend/[39msrc/services/__tests__/storageSizeManager.test.ts:149:22
    at file:///Users/poonjohnny/Desktop/ProjectApp/Journo/node_modules/[4m@vitest[24m/runner/dist/chunk-hooks.js:752:20

stderr | src/services/__tests__/storageSizeManager.test.ts > StorageSizeManagerService > wouldExceedLimit > should return true when operation would exceed limit
Error calculating store size: TypeError: Cannot read properties of undefined (reading 'iterate')
    at StorageSizeManagerService.calculateStoreSize [90m(/Users/poonjohnny/Desktop/ProjectApp/Journo/frontend/[39msrc/services/storageSizeManager.ts:110:19[90m)[39m
    at StorageSizeManagerService.getStorageStats [90m(/Users/poonjohnny/Desktop/ProjectApp/Journo/frontend/[39msrc/services/storageSizeManager.ts:83:31[90m)[39m
[90m    at processTicksAndRejections (node:internal/process/task_queues:105:5)[39m
    at StorageSizeManagerService.wouldExceedLimit [90m(/Users/poonjohnny/Desktop/ProjectApp/Journo/frontend/[39msrc/services/storageSizeManager.ts:174:19[90m)[39m
    at [90m/Users/poonjohnny/Desktop/ProjectApp/Journo/frontend/[39msrc/services/__tests__/storageSizeManager.test.ts:149:22
    at file:///Users/poonjohnny/Desktop/ProjectApp/Journo/node_modules/[4m@vitest[24m/runner/dist/chunk-hooks.js:752:20

stderr | src/services/__tests__/storageSizeManager.test.ts > StorageSizeManagerService > wouldExceedLimit > should return true when operation would exceed limit
Error calculating store size: TypeError: Cannot read properties of undefined (reading 'iterate')
    at StorageSizeManagerService.calculateStoreSize [90m(/Users/poonjohnny/Desktop/ProjectApp/Journo/frontend/[39msrc/services/storageSizeManager.ts:110:19[90m)[39m
    at StorageSizeManagerService.getStorageStats [90m(/Users/poonjohnny/Desktop/ProjectApp/Journo/frontend/[39msrc/services/storageSizeManager.ts:83:31[90m)[39m
[90m    at processTicksAndRejections (node:internal/process/task_queues:105:5)[39m
    at StorageSizeManagerService.wouldExceedLimit [90m(/Users/poonjohnny/Desktop/ProjectApp/Journo/frontend/[39msrc/services/storageSizeManager.ts:174:19[90m)[39m
    at [90m/Users/poonjohnny/Desktop/ProjectApp/Journo/frontend/[39msrc/services/__tests__/storageSizeManager.test.ts:149:22
    at file:///Users/poonjohnny/Desktop/ProjectApp/Journo/node_modules/[4m@vitest[24m/runner/dist/chunk-hooks.js:752:20

stderr | src/services/__tests__/storageSizeManager.test.ts > StorageSizeManagerService > wouldExceedLimit > should return true when operation would exceed limit
Error calculating store size: TypeError: Cannot read properties of undefined (reading 'iterate')
    at StorageSizeManagerService.calculateStoreSize [90m(/Users/poonjohnny/Desktop/ProjectApp/Journo/frontend/[39msrc/services/storageSizeManager.ts:110:19[90m)[39m
    at StorageSizeManagerService.getStorageStats [90m(/Users/poonjohnny/Desktop/ProjectApp/Journo/frontend/[39msrc/services/storageSizeManager.ts:83:31[90m)[39m
[90m    at processTicksAndRejections (node:internal/process/task_queues:105:5)[39m
    at StorageSizeManagerService.wouldExceedLimit [90m(/Users/poonjohnny/Desktop/ProjectApp/Journo/frontend/[39msrc/services/storageSizeManager.ts:174:19[90m)[39m
    at [90m/Users/poonjohnny/Desktop/ProjectApp/Journo/frontend/[39msrc/services/__tests__/storageSizeManager.test.ts:149:22
    at file:///Users/poonjohnny/Desktop/ProjectApp/Journo/node_modules/[4m@vitest[24m/runner/dist/chunk-hooks.js:752:20

stderr | src/services/__tests__/storageSizeManager.test.ts > StorageSizeManagerService > wouldExceedLimit > should return true when operation would exceed limit
Error calculating store size: TypeError: Cannot read properties of undefined (reading 'iterate')
    at StorageSizeManagerService.calculateStoreSize [90m(/Users/poonjohnny/Desktop/ProjectApp/Journo/frontend/[39msrc/services/storageSizeManager.ts:110:19[90m)[39m
    at StorageSizeManagerService.getStorageStats [90m(/Users/poonjohnny/Desktop/ProjectApp/Journo/frontend/[39msrc/services/storageSizeManager.ts:83:31[90m)[39m
[90m    at processTicksAndRejections (node:internal/process/task_queues:105:5)[39m
    at StorageSizeManagerService.wouldExceedLimit [90m(/Users/poonjohnny/Desktop/ProjectApp/Journo/frontend/[39msrc/services/storageSizeManager.ts:174:19[90m)[39m
    at [90m/Users/poonjohnny/Desktop/ProjectApp/Journo/frontend/[39msrc/services/__tests__/storageSizeManager.test.ts:149:22
    at file:///Users/poonjohnny/Desktop/ProjectApp/Journo/node_modules/[4m@vitest[24m/runner/dist/chunk-hooks.js:752:20

stderr | src/services/__tests__/storageSizeManager.test.ts > StorageSizeManagerService > wouldExceedLimit > should return true when operation would exceed limit
Error calculating Quick Plan size: TypeError: Cannot read properties of undefined (reading 'getItem')
    at StorageSizeManagerService.calculateQuickPlanSize [90m(/Users/poonjohnny/Desktop/ProjectApp/Journo/frontend/[39msrc/services/storageSizeManager.ts:138:43[90m)[39m
    at StorageSizeManagerService.getStorageStats [90m(/Users/poonjohnny/Desktop/ProjectApp/Journo/frontend/[39msrc/services/storageSizeManager.ts:88:38[90m)[39m
[90m    at processTicksAndRejections (node:internal/process/task_queues:105:5)[39m
    at StorageSizeManagerService.wouldExceedLimit [90m(/Users/poonjohnny/Desktop/ProjectApp/Journo/frontend/[39msrc/services/storageSizeManager.ts:174:19[90m)[39m
    at [90m/Users/poonjohnny/Desktop/ProjectApp/Journo/frontend/[39msrc/services/__tests__/storageSizeManager.test.ts:149:22
    at file:///Users/poonjohnny/Desktop/ProjectApp/Journo/node_modules/[4m@vitest[24m/runner/dist/chunk-hooks.js:752:20

stderr | src/services/__tests__/storageSizeManager.test.ts > StorageSizeManagerService > evictCache > should evict completed sync queue items first
Error evicting completed sync items: TypeError: Cannot read properties of undefined (reading 'iterate')
    at StorageSizeManagerService.evictCompletedSyncItems [90m(/Users/poonjohnny/Desktop/ProjectApp/Journo/frontend/[39msrc/services/storageSizeManager.ts:263:28[90m)[39m
    at StorageSizeManagerService.evictCache [90m(/Users/poonjohnny/Desktop/ProjectApp/Journo/frontend/[39msrc/services/storageSizeManager.ts:199:41[90m)[39m
    at [90m/Users/poonjohnny/Desktop/ProjectApp/Journo/frontend/[39msrc/services/__tests__/storageSizeManager.test.ts:174:47
    at file:///Users/poonjohnny/Desktop/ProjectApp/Journo/node_modules/[4m@vitest[24m/runner/dist/chunk-hooks.js:155:11
    at file:///Users/poonjohnny/Desktop/ProjectApp/Journo/node_modules/[4m@vitest[24m/runner/dist/chunk-hooks.js:752:26
    at file:///Users/poonjohnny/Desktop/ProjectApp/Journo/node_modules/[4m@vitest[24m/runner/dist/chunk-hooks.js:1897:20
    at new Promise (<anonymous>)
    at runWithTimeout (file:///Users/poonjohnny/Desktop/ProjectApp/Journo/node_modules/[4m@vitest[24m/runner/dist/chunk-hooks.js:1863:10)
    at runTest (file:///Users/poonjohnny/Desktop/ProjectApp/Journo/node_modules/[4m@vitest[24m/runner/dist/chunk-hooks.js:1574:12)
[90m    at processTicksAndRejections (node:internal/process/task_queues:105:5)[39m

stderr | src/services/__tests__/storageSizeManager.test.ts > StorageSizeManagerService > evictCache > should evict completed sync queue items first
Error evicting expired Quick Plan cache: TypeError: Cannot read properties of undefined (reading 'getItem')
    at StorageSizeManagerService.evictExpiredQuickPlanCache [90m(/Users/poonjohnny/Desktop/ProjectApp/Journo/frontend/[39msrc/services/storageSizeManager.ts:292:51[90m)[39m
    at StorageSizeManagerService.evictCache [90m(/Users/poonjohnny/Desktop/ProjectApp/Journo/frontend/[39msrc/services/storageSizeManager.ts:209:48[90m)[39m
[90m    at processTicksAndRejections (node:internal/process/task_queues:105:5)[39m
    at [90m/Users/poonjohnny/Desktop/ProjectApp/Journo/frontend/[39msrc/services/__tests__/storageSizeManager.test.ts:174:22
    at file:///Users/poonjohnny/Desktop/ProjectApp/Journo/node_modules/[4m@vitest[24m/runner/dist/chunk-hooks.js:752:20

stderr | src/services/__tests__/storageSizeManager.test.ts > StorageSizeManagerService > evictCache > should evict completed sync queue items first
Error evicting oldest Quick Plan cache: TypeError: Cannot read properties of undefined (reading 'getItem')
    at StorageSizeManagerService.evictOldestQuickPlanCache [90m(/Users/poonjohnny/Desktop/ProjectApp/Journo/frontend/[39msrc/services/storageSizeManager.ts:328:51[90m)[39m
    at StorageSizeManagerService.evictCache [90m(/Users/poonjohnny/Desktop/ProjectApp/Journo/frontend/[39msrc/services/storageSizeManager.ts:219:44[90m)[39m
[90m    at processTicksAndRejections (node:internal/process/task_queues:105:5)[39m
    at [90m/Users/poonjohnny/Desktop/ProjectApp/Journo/frontend/[39msrc/services/__tests__/storageSizeManager.test.ts:174:22
    at file:///Users/poonjohnny/Desktop/ProjectApp/Journo/node_modules/[4m@vitest[24m/runner/dist/chunk-hooks.js:752:20

stderr | src/services/__tests__/storageSizeManager.test.ts > StorageSizeManagerService > evictCache > should evict completed sync queue items first
Error evicting oldest story items: TypeError: Cannot read properties of undefined (reading 'iterate')
    at StorageSizeManagerService.evictOldestStoryItems [90m(/Users/poonjohnny/Desktop/ProjectApp/Journo/frontend/[39msrc/services/storageSizeManager.ts:372:29[90m)[39m
    at StorageSizeManagerService.evictCache [90m(/Users/poonjohnny/Desktop/ProjectApp/Journo/frontend/[39msrc/services/storageSizeManager.ts:229:42[90m)[39m
[90m    at processTicksAndRejections (node:internal/process/task_queues:105:5)[39m
    at [90m/Users/poonjohnny/Desktop/ProjectApp/Journo/frontend/[39msrc/services/__tests__/storageSizeManager.test.ts:174:22
    at file:///Users/poonjohnny/Desktop/ProjectApp/Journo/node_modules/[4m@vitest[24m/runner/dist/chunk-hooks.js:752:20

stderr | src/services/__tests__/storageSizeManager.test.ts > StorageSizeManagerService > evictCache > should evict completed sync queue items first
Error evicting oldest trips: TypeError: Cannot read properties of undefined (reading 'iterate')
    at StorageSizeManagerService.evictOldestTrips [90m(/Users/poonjohnny/Desktop/ProjectApp/Journo/frontend/[39msrc/services/storageSizeManager.ts:412:28[90m)[39m
    at StorageSizeManagerService.evictCache [90m(/Users/poonjohnny/Desktop/ProjectApp/Journo/frontend/[39msrc/services/storageSizeManager.ts:239:37[90m)[39m
[90m    at processTicksAndRejections (node:internal/process/task_queues:105:5)[39m
    at [90m/Users/poonjohnny/Desktop/ProjectApp/Journo/frontend/[39msrc/services/__tests__/storageSizeManager.test.ts:174:22
    at file:///Users/poonjohnny/Desktop/ProjectApp/Journo/node_modules/[4m@vitest[24m/runner/dist/chunk-hooks.js:752:20

stderr | src/services/__tests__/storageSizeManager.test.ts > StorageSizeManagerService > evictCache > should evict expired Quick Plan cache
Error evicting completed sync items: TypeError: Cannot read properties of undefined (reading 'iterate')
    at StorageSizeManagerService.evictCompletedSyncItems [90m(/Users/poonjohnny/Desktop/ProjectApp/Journo/frontend/[39msrc/services/storageSizeManager.ts:263:28[90m)[39m
    at StorageSizeManagerService.evictCache [90m(/Users/poonjohnny/Desktop/ProjectApp/Journo/frontend/[39msrc/services/storageSizeManager.ts:199:41[90m)[39m
    at [90m/Users/poonjohnny/Desktop/ProjectApp/Journo/frontend/[39msrc/services/__tests__/storageSizeManager.test.ts:199:47
    at file:///Users/poonjohnny/Desktop/ProjectApp/Journo/node_modules/[4m@vitest[24m/runner/dist/chunk-hooks.js:155:11
    at file:///Users/poonjohnny/Desktop/ProjectApp/Journo/node_modules/[4m@vitest[24m/runner/dist/chunk-hooks.js:752:26
    at file:///Users/poonjohnny/Desktop/ProjectApp/Journo/node_modules/[4m@vitest[24m/runner/dist/chunk-hooks.js:1897:20
    at new Promise (<anonymous>)
    at runWithTimeout (file:///Users/poonjohnny/Desktop/ProjectApp/Journo/node_modules/[4m@vitest[24m/runner/dist/chunk-hooks.js:1863:10)
    at runTest (file:///Users/poonjohnny/Desktop/ProjectApp/Journo/node_modules/[4m@vitest[24m/runner/dist/chunk-hooks.js:1574:12)
[90m    at processTicksAndRejections (node:internal/process/task_queues:105:5)[39m

stderr | src/services/__tests__/storageSizeManager.test.ts > StorageSizeManagerService > evictCache > should evict expired Quick Plan cache
Error evicting expired Quick Plan cache: TypeError: Cannot read properties of undefined (reading 'getItem')
    at StorageSizeManagerService.evictExpiredQuickPlanCache [90m(/Users/poonjohnny/Desktop/ProjectApp/Journo/frontend/[39msrc/services/storageSizeManager.ts:292:51[90m)[39m
    at StorageSizeManagerService.evictCache [90m(/Users/poonjohnny/Desktop/ProjectApp/Journo/frontend/[39msrc/services/storageSizeManager.ts:209:48[90m)[39m
[90m    at processTicksAndRejections (node:internal/process/task_queues:105:5)[39m
    at [90m/Users/poonjohnny/Desktop/ProjectApp/Journo/frontend/[39msrc/services/__tests__/storageSizeManager.test.ts:199:22
    at file:///Users/poonjohnny/Desktop/ProjectApp/Journo/node_modules/[4m@vitest[24m/runner/dist/chunk-hooks.js:752:20

stderr | src/services/__tests__/storageSizeManager.test.ts > StorageSizeManagerService > evictCache > should evict expired Quick Plan cache
Error evicting oldest Quick Plan cache: TypeError: Cannot read properties of undefined (reading 'getItem')
    at StorageSizeManagerService.evictOldestQuickPlanCache [90m(/Users/poonjohnny/Desktop/ProjectApp/Journo/frontend/[39msrc/services/storageSizeManager.ts:328:51[90m)[39m
    at StorageSizeManagerService.evictCache [90m(/Users/poonjohnny/Desktop/ProjectApp/Journo/frontend/[39msrc/services/storageSizeManager.ts:219:44[90m)[39m
[90m    at processTicksAndRejections (node:internal/process/task_queues:105:5)[39m
    at [90m/Users/poonjohnny/Desktop/ProjectApp/Journo/frontend/[39msrc/services/__tests__/storageSizeManager.test.ts:199:22
    at file:///Users/poonjohnny/Desktop/ProjectApp/Journo/node_modules/[4m@vitest[24m/runner/dist/chunk-hooks.js:752:20

stderr | src/services/__tests__/storageSizeManager.test.ts > StorageSizeManagerService > evictCache > should evict expired Quick Plan cache
Error evicting oldest story items: TypeError: Cannot read properties of undefined (reading 'iterate')
    at StorageSizeManagerService.evictOldestStoryItems [90m(/Users/poonjohnny/Desktop/ProjectApp/Journo/frontend/[39msrc/services/storageSizeManager.ts:372:29[90m)[39m
    at StorageSizeManagerService.evictCache [90m(/Users/poonjohnny/Desktop/ProjectApp/Journo/frontend/[39msrc/services/storageSizeManager.ts:229:42[90m)[39m
[90m    at processTicksAndRejections (node:internal/process/task_queues:105:5)[39m
    at [90m/Users/poonjohnny/Desktop/ProjectApp/Journo/frontend/[39msrc/services/__tests__/storageSizeManager.test.ts:199:22
    at file:///Users/poonjohnny/Desktop/ProjectApp/Journo/node_modules/[4m@vitest[24m/runner/dist/chunk-hooks.js:752:20

stderr | src/services/__tests__/storageSizeManager.test.ts > StorageSizeManagerService > evictCache > should evict expired Quick Plan cache
Error evicting oldest trips: TypeError: Cannot read properties of undefined (reading 'iterate')
    at StorageSizeManagerService.evictOldestTrips [90m(/Users/poonjohnny/Desktop/ProjectApp/Journo/frontend/[39msrc/services/storageSizeManager.ts:412:28[90m)[39m
    at StorageSizeManagerService.evictCache [90m(/Users/poonjohnny/Desktop/ProjectApp/Journo/frontend/[39msrc/services/storageSizeManager.ts:239:37[90m)[39m
[90m    at processTicksAndRejections (node:internal/process/task_queues:105:5)[39m
    at [90m/Users/poonjohnny/Desktop/ProjectApp/Journo/frontend/[39msrc/services/__tests__/storageSizeManager.test.ts:199:22
    at file:///Users/poonjohnny/Desktop/ProjectApp/Journo/node_modules/[4m@vitest[24m/runner/dist/chunk-hooks.js:752:20

stderr | src/services/__tests__/storageSizeManager.test.ts > StorageSizeManagerService > evictCache > should evict oldest Quick Plan cache when needed
Error evicting completed sync items: TypeError: Cannot read properties of undefined (reading 'iterate')
    at StorageSizeManagerService.evictCompletedSyncItems [90m(/Users/poonjohnny/Desktop/ProjectApp/Journo/frontend/[39msrc/services/storageSizeManager.ts:263:28[90m)[39m
    at StorageSizeManagerService.evictCache [90m(/Users/poonjohnny/Desktop/ProjectApp/Journo/frontend/[39msrc/services/storageSizeManager.ts:199:41[90m)[39m
    at [90m/Users/poonjohnny/Desktop/ProjectApp/Journo/frontend/[39msrc/services/__tests__/storageSizeManager.test.ts:230:47
    at file:///Users/poonjohnny/Desktop/ProjectApp/Journo/node_modules/[4m@vitest[24m/runner/dist/chunk-hooks.js:155:11
    at file:///Users/poonjohnny/Desktop/ProjectApp/Journo/node_modules/[4m@vitest[24m/runner/dist/chunk-hooks.js:752:26
    at file:///Users/poonjohnny/Desktop/ProjectApp/Journo/node_modules/[4m@vitest[24m/runner/dist/chunk-hooks.js:1897:20
    at new Promise (<anonymous>)
    at runWithTimeout (file:///Users/poonjohnny/Desktop/ProjectApp/Journo/node_modules/[4m@vitest[24m/runner/dist/chunk-hooks.js:1863:10)
    at runTest (file:///Users/poonjohnny/Desktop/ProjectApp/Journo/node_modules/[4m@vitest[24m/runner/dist/chunk-hooks.js:1574:12)
[90m    at processTicksAndRejections (node:internal/process/task_queues:105:5)[39m

stderr | src/services/__tests__/storageSizeManager.test.ts > StorageSizeManagerService > evictCache > should evict oldest Quick Plan cache when needed
Error evicting expired Quick Plan cache: TypeError: Cannot read properties of undefined (reading 'getItem')
    at StorageSizeManagerService.evictExpiredQuickPlanCache [90m(/Users/poonjohnny/Desktop/ProjectApp/Journo/frontend/[39msrc/services/storageSizeManager.ts:292:51[90m)[39m
    at StorageSizeManagerService.evictCache [90m(/Users/poonjohnny/Desktop/ProjectApp/Journo/frontend/[39msrc/services/storageSizeManager.ts:209:48[90m)[39m
[90m    at processTicksAndRejections (node:internal/process/task_queues:105:5)[39m
    at [90m/Users/poonjohnny/Desktop/ProjectApp/Journo/frontend/[39msrc/services/__tests__/storageSizeManager.test.ts:230:22
    at file:///Users/poonjohnny/Desktop/ProjectApp/Journo/node_modules/[4m@vitest[24m/runner/dist/chunk-hooks.js:752:20

stderr | src/services/__tests__/storageSizeManager.test.ts > StorageSizeManagerService > evictCache > should evict oldest Quick Plan cache when needed
Error evicting oldest Quick Plan cache: TypeError: Cannot read properties of undefined (reading 'getItem')
    at StorageSizeManagerService.evictOldestQuickPlanCache [90m(/Users/poonjohnny/Desktop/ProjectApp/Journo/frontend/[39msrc/services/storageSizeManager.ts:328:51[90m)[39m
    at StorageSizeManagerService.evictCache [90m(/Users/poonjohnny/Desktop/ProjectApp/Journo/frontend/[39msrc/services/storageSizeManager.ts:219:44[90m)[39m
[90m    at processTicksAndRejections (node:internal/process/task_queues:105:5)[39m
    at [90m/Users/poonjohnny/Desktop/ProjectApp/Journo/frontend/[39msrc/services/__tests__/storageSizeManager.test.ts:230:22
    at file:///Users/poonjohnny/Desktop/ProjectApp/Journo/node_modules/[4m@vitest[24m/runner/dist/chunk-hooks.js:752:20

stderr | src/services/__tests__/storageSizeManager.test.ts > StorageSizeManagerService > evictCache > should evict oldest Quick Plan cache when needed
Error evicting oldest story items: TypeError: Cannot read properties of undefined (reading 'iterate')
    at StorageSizeManagerService.evictOldestStoryItems [90m(/Users/poonjohnny/Desktop/ProjectApp/Journo/frontend/[39msrc/services/storageSizeManager.ts:372:29[90m)[39m
    at StorageSizeManagerService.evictCache [90m(/Users/poonjohnny/Desktop/ProjectApp/Journo/frontend/[39msrc/services/storageSizeManager.ts:229:42[90m)[39m
[90m    at processTicksAndRejections (node:internal/process/task_queues:105:5)[39m
    at [90m/Users/poonjohnny/Desktop/ProjectApp/Journo/frontend/[39msrc/services/__tests__/storageSizeManager.test.ts:230:22
    at file:///Users/poonjohnny/Desktop/ProjectApp/Journo/node_modules/[4m@vitest[24m/runner/dist/chunk-hooks.js:752:20

stderr | src/services/__tests__/storageSizeManager.test.ts > StorageSizeManagerService > evictCache > should evict oldest Quick Plan cache when needed
Error evicting oldest trips: TypeError: Cannot read properties of undefined (reading 'iterate')
    at StorageSizeManagerService.evictOldestTrips [90m(/Users/poonjohnny/Desktop/ProjectApp/Journo/frontend/[39msrc/services/storageSizeManager.ts:412:28[90m)[39m
    at StorageSizeManagerService.evictCache [90m(/Users/poonjohnny/Desktop/ProjectApp/Journo/frontend/[39msrc/services/storageSizeManager.ts:239:37[90m)[39m
[90m    at processTicksAndRejections (node:internal/process/task_queues:105:5)[39m
    at [90m/Users/poonjohnny/Desktop/ProjectApp/Journo/frontend/[39msrc/services/__tests__/storageSizeManager.test.ts:230:22
    at file:///Users/poonjohnny/Desktop/ProjectApp/Journo/node_modules/[4m@vitest[24m/runner/dist/chunk-hooks.js:752:20

stderr | src/services/__tests__/storageSizeManager.test.ts > StorageSizeManagerService > evictCache > should evict oldest story items when other methods insufficient
Error evicting completed sync items: TypeError: Cannot read properties of undefined (reading 'iterate')
    at StorageSizeManagerService.evictCompletedSyncItems [90m(/Users/poonjohnny/Desktop/ProjectApp/Journo/frontend/[39msrc/services/storageSizeManager.ts:263:28[90m)[39m
    at StorageSizeManagerService.evictCache [90m(/Users/poonjohnny/Desktop/ProjectApp/Journo/frontend/[39msrc/services/storageSizeManager.ts:199:41[90m)[39m
    at [90m/Users/poonjohnny/Desktop/ProjectApp/Journo/frontend/[39msrc/services/__tests__/storageSizeManager.test.ts:253:47
    at file:///Users/poonjohnny/Desktop/ProjectApp/Journo/node_modules/[4m@vitest[24m/runner/dist/chunk-hooks.js:155:11
    at file:///Users/poonjohnny/Desktop/ProjectApp/Journo/node_modules/[4m@vitest[24m/runner/dist/chunk-hooks.js:752:26
    at file:///Users/poonjohnny/Desktop/ProjectApp/Journo/node_modules/[4m@vitest[24m/runner/dist/chunk-hooks.js:1897:20
    at new Promise (<anonymous>)
    at runWithTimeout (file:///Users/poonjohnny/Desktop/ProjectApp/Journo/node_modules/[4m@vitest[24m/runner/dist/chunk-hooks.js:1863:10)
    at runTest (file:///Users/poonjohnny/Desktop/ProjectApp/Journo/node_modules/[4m@vitest[24m/runner/dist/chunk-hooks.js:1574:12)
[90m    at processTicksAndRejections (node:internal/process/task_queues:105:5)[39m

stderr | src/services/__tests__/storageSizeManager.test.ts > StorageSizeManagerService > evictCache > should evict oldest story items when other methods insufficient
Error evicting expired Quick Plan cache: TypeError: Cannot read properties of undefined (reading 'getItem')
    at StorageSizeManagerService.evictExpiredQuickPlanCache [90m(/Users/poonjohnny/Desktop/ProjectApp/Journo/frontend/[39msrc/services/storageSizeManager.ts:292:51[90m)[39m
    at StorageSizeManagerService.evictCache [90m(/Users/poonjohnny/Desktop/ProjectApp/Journo/frontend/[39msrc/services/storageSizeManager.ts:209:48[90m)[39m
[90m    at processTicksAndRejections (node:internal/process/task_queues:105:5)[39m
    at [90m/Users/poonjohnny/Desktop/ProjectApp/Journo/frontend/[39msrc/services/__tests__/storageSizeManager.test.ts:253:22
    at file:///Users/poonjohnny/Desktop/ProjectApp/Journo/node_modules/[4m@vitest[24m/runner/dist/chunk-hooks.js:752:20

stderr | src/services/__tests__/storageSizeManager.test.ts > StorageSizeManagerService > evictCache > should evict oldest story items when other methods insufficient
Error evicting oldest Quick Plan cache: TypeError: Cannot read properties of undefined (reading 'getItem')
    at StorageSizeManagerService.evictOldestQuickPlanCache [90m(/Users/poonjohnny/Desktop/ProjectApp/Journo/frontend/[39msrc/services/storageSizeManager.ts:328:51[90m)[39m
    at StorageSizeManagerService.evictCache [90m(/Users/poonjohnny/Desktop/ProjectApp/Journo/frontend/[39msrc/services/storageSizeManager.ts:219:44[90m)[39m
[90m    at processTicksAndRejections (node:internal/process/task_queues:105:5)[39m
    at [90m/Users/poonjohnny/Desktop/ProjectApp/Journo/frontend/[39msrc/services/__tests__/storageSizeManager.test.ts:253:22
    at file:///Users/poonjohnny/Desktop/ProjectApp/Journo/node_modules/[4m@vitest[24m/runner/dist/chunk-hooks.js:752:20

stderr | src/services/__tests__/storageSizeManager.test.ts > StorageSizeManagerService > evictCache > should evict oldest story items when other methods insufficient
Error evicting oldest story items: TypeError: Cannot read properties of undefined (reading 'iterate')
    at StorageSizeManagerService.evictOldestStoryItems [90m(/Users/poonjohnny/Desktop/ProjectApp/Journo/frontend/[39msrc/services/storageSizeManager.ts:372:29[90m)[39m
    at StorageSizeManagerService.evictCache [90m(/Users/poonjohnny/Desktop/ProjectApp/Journo/frontend/[39msrc/services/storageSizeManager.ts:229:42[90m)[39m
[90m    at processTicksAndRejections (node:internal/process/task_queues:105:5)[39m
    at [90m/Users/poonjohnny/Desktop/ProjectApp/Journo/frontend/[39msrc/services/__tests__/storageSizeManager.test.ts:253:22
    at file:///Users/poonjohnny/Desktop/ProjectApp/Journo/node_modules/[4m@vitest[24m/runner/dist/chunk-hooks.js:752:20

stderr | src/services/__tests__/storageSizeManager.test.ts > StorageSizeManagerService > evictCache > should evict oldest story items when other methods insufficient
Error evicting oldest trips: TypeError: Cannot read properties of undefined (reading 'iterate')
    at StorageSizeManagerService.evictOldestTrips [90m(/Users/poonjohnny/Desktop/ProjectApp/Journo/frontend/[39msrc/services/storageSizeManager.ts:412:28[90m)[39m
    at StorageSizeManagerService.evictCache [90m(/Users/poonjohnny/Desktop/ProjectApp/Journo/frontend/[39msrc/services/storageSizeManager.ts:239:37[90m)[39m
[90m    at processTicksAndRejections (node:internal/process/task_queues:105:5)[39m
    at [90m/Users/poonjohnny/Desktop/ProjectApp/Journo/frontend/[39msrc/services/__tests__/storageSizeManager.test.ts:253:22
    at file:///Users/poonjohnny/Desktop/ProjectApp/Journo/node_modules/[4m@vitest[24m/runner/dist/chunk-hooks.js:752:20

stderr | src/services/__tests__/storageSizeManager.test.ts > StorageSizeManagerService > evictCache > should not evict trips with pending sync
Error evicting completed sync items: TypeError: Cannot read properties of undefined (reading 'iterate')
    at StorageSizeManagerService.evictCompletedSyncItems [90m(/Users/poonjohnny/Desktop/ProjectApp/Journo/frontend/[39msrc/services/storageSizeManager.ts:263:28[90m)[39m
    at StorageSizeManagerService.evictCache [90m(/Users/poonjohnny/Desktop/ProjectApp/Journo/frontend/[39msrc/services/storageSizeManager.ts:199:41[90m)[39m
    at [90m/Users/poonjohnny/Desktop/ProjectApp/Journo/frontend/[39msrc/services/__tests__/storageSizeManager.test.ts:274:47
    at file:///Users/poonjohnny/Desktop/ProjectApp/Journo/node_modules/[4m@vitest[24m/runner/dist/chunk-hooks.js:155:11
    at file:///Users/poonjohnny/Desktop/ProjectApp/Journo/node_modules/[4m@vitest[24m/runner/dist/chunk-hooks.js:752:26
    at file:///Users/poonjohnny/Desktop/ProjectApp/Journo/node_modules/[4m@vitest[24m/runner/dist/chunk-hooks.js:1897:20
    at new Promise (<anonymous>)
    at runWithTimeout (file:///Users/poonjohnny/Desktop/ProjectApp/Journo/node_modules/[4m@vitest[24m/runner/dist/chunk-hooks.js:1863:10)
    at runTest (file:///Users/poonjohnny/Desktop/ProjectApp/Journo/node_modules/[4m@vitest[24m/runner/dist/chunk-hooks.js:1574:12)
[90m    at processTicksAndRejections (node:internal/process/task_queues:105:5)[39m

stderr | src/services/__tests__/storageSizeManager.test.ts > StorageSizeManagerService > evictCache > should not evict trips with pending sync
Error evicting expired Quick Plan cache: TypeError: Cannot read properties of undefined (reading 'getItem')
    at StorageSizeManagerService.evictExpiredQuickPlanCache [90m(/Users/poonjohnny/Desktop/ProjectApp/Journo/frontend/[39msrc/services/storageSizeManager.ts:292:51[90m)[39m
    at StorageSizeManagerService.evictCache [90m(/Users/poonjohnny/Desktop/ProjectApp/Journo/frontend/[39msrc/services/storageSizeManager.ts:209:48[90m)[39m
[90m    at processTicksAndRejections (node:internal/process/task_queues:105:5)[39m
    at [90m/Users/poonjohnny/Desktop/ProjectApp/Journo/frontend/[39msrc/services/__tests__/storageSizeManager.test.ts:274:22
    at file:///Users/poonjohnny/Desktop/ProjectApp/Journo/node_modules/[4m@vitest[24m/runner/dist/chunk-hooks.js:752:20

stderr | src/services/__tests__/storageSizeManager.test.ts > StorageSizeManagerService > evictCache > should not evict trips with pending sync
Error evicting oldest Quick Plan cache: TypeError: Cannot read properties of undefined (reading 'getItem')
    at StorageSizeManagerService.evictOldestQuickPlanCache [90m(/Users/poonjohnny/Desktop/ProjectApp/Journo/frontend/[39msrc/services/storageSizeManager.ts:328:51[90m)[39m
    at StorageSizeManagerService.evictCache [90m(/Users/poonjohnny/Desktop/ProjectApp/Journo/frontend/[39msrc/services/storageSizeManager.ts:219:44[90m)[39m
[90m    at processTicksAndRejections (node:internal/process/task_queues:105:5)[39m
    at [90m/Users/poonjohnny/Desktop/ProjectApp/Journo/frontend/[39msrc/services/__tests__/storageSizeManager.test.ts:274:22
    at file:///Users/poonjohnny/Desktop/ProjectApp/Journo/node_modules/[4m@vitest[24m/runner/dist/chunk-hooks.js:752:20

stderr | src/services/__tests__/storageSizeManager.test.ts > StorageSizeManagerService > evictCache > should not evict trips with pending sync
Error evicting oldest story items: TypeError: Cannot read properties of undefined (reading 'iterate')
    at StorageSizeManagerService.evictOldestStoryItems [90m(/Users/poonjohnny/Desktop/ProjectApp/Journo/frontend/[39msrc/services/storageSizeManager.ts:372:29[90m)[39m
    at StorageSizeManagerService.evictCache [90m(/Users/poonjohnny/Desktop/ProjectApp/Journo/frontend/[39msrc/services/storageSizeManager.ts:229:42[90m)[39m
[90m    at processTicksAndRejections (node:internal/process/task_queues:105:5)[39m
    at [90m/Users/poonjohnny/Desktop/ProjectApp/Journo/frontend/[39msrc/services/__tests__/storageSizeManager.test.ts:274:22
    at file:///Users/poonjohnny/Desktop/ProjectApp/Journo/node_modules/[4m@vitest[24m/runner/dist/chunk-hooks.js:752:20

stderr | src/services/__tests__/storageSizeManager.test.ts > StorageSizeManagerService > evictCache > should not evict trips with pending sync
Error evicting oldest trips: TypeError: Cannot read properties of undefined (reading 'iterate')
    at StorageSizeManagerService.evictOldestTrips [90m(/Users/poonjohnny/Desktop/ProjectApp/Journo/frontend/[39msrc/services/storageSizeManager.ts:412:28[90m)[39m
    at StorageSizeManagerService.evictCache [90m(/Users/poonjohnny/Desktop/ProjectApp/Journo/frontend/[39msrc/services/storageSizeManager.ts:239:37[90m)[39m
[90m    at processTicksAndRejections (node:internal/process/task_queues:105:5)[39m
    at [90m/Users/poonjohnny/Desktop/ProjectApp/Journo/frontend/[39msrc/services/__tests__/storageSizeManager.test.ts:274:22
    at file:///Users/poonjohnny/Desktop/ProjectApp/Journo/node_modules/[4m@vitest[24m/runner/dist/chunk-hooks.js:752:20

stderr | src/services/__tests__/storageSizeManager.test.ts > StorageSizeManagerService > evictCache > should return success false when unable to free enough space
Error evicting completed sync items: TypeError: Cannot read properties of undefined (reading 'iterate')
    at StorageSizeManagerService.evictCompletedSyncItems [90m(/Users/poonjohnny/Desktop/ProjectApp/Journo/frontend/[39msrc/services/storageSizeManager.ts:263:28[90m)[39m
    at StorageSizeManagerService.evictCache [90m(/Users/poonjohnny/Desktop/ProjectApp/Journo/frontend/[39msrc/services/storageSizeManager.ts:199:41[90m)[39m
    at [90m/Users/poonjohnny/Desktop/ProjectApp/Journo/frontend/[39msrc/services/__tests__/storageSizeManager.test.ts:288:47
    at file:///Users/poonjohnny/Desktop/ProjectApp/Journo/node_modules/[4m@vitest[24m/runner/dist/chunk-hooks.js:155:11
    at file:///Users/poonjohnny/Desktop/ProjectApp/Journo/node_modules/[4m@vitest[24m/runner/dist/chunk-hooks.js:752:26
    at file:///Users/poonjohnny/Desktop/ProjectApp/Journo/node_modules/[4m@vitest[24m/runner/dist/chunk-hooks.js:1897:20
    at new Promise (<anonymous>)
    at runWithTimeout (file:///Users/poonjohnny/Desktop/ProjectApp/Journo/node_modules/[4m@vitest[24m/runner/dist/chunk-hooks.js:1863:10)
    at runTest (file:///Users/poonjohnny/Desktop/ProjectApp/Journo/node_modules/[4m@vitest[24m/runner/dist/chunk-hooks.js:1574:12)
[90m    at processTicksAndRejections (node:internal/process/task_queues:105:5)[39m

stderr | src/services/__tests__/storageSizeManager.test.ts > StorageSizeManagerService > evictCache > should return success false when unable to free enough space
Error evicting expired Quick Plan cache: TypeError: Cannot read properties of undefined (reading 'getItem')
    at StorageSizeManagerService.evictExpiredQuickPlanCache [90m(/Users/poonjohnny/Desktop/ProjectApp/Journo/frontend/[39msrc/services/storageSizeManager.ts:292:51[90m)[39m
    at StorageSizeManagerService.evictCache [90m(/Users/poonjohnny/Desktop/ProjectApp/Journo/frontend/[39msrc/services/storageSizeManager.ts:209:48[90m)[39m
[90m    at processTicksAndRejections (node:internal/process/task_queues:105:5)[39m
    at [90m/Users/poonjohnny/Desktop/ProjectApp/Journo/frontend/[39msrc/services/__tests__/storageSizeManager.test.ts:288:22
    at file:///Users/poonjohnny/Desktop/ProjectApp/Journo/node_modules/[4m@vitest[24m/runner/dist/chunk-hooks.js:752:20

stderr | src/services/__tests__/storageSizeManager.test.ts > StorageSizeManagerService > evictCache > should return success false when unable to free enough space
Error evicting oldest Quick Plan cache: TypeError: Cannot read properties of undefined (reading 'getItem')
    at StorageSizeManagerService.evictOldestQuickPlanCache [90m(/Users/poonjohnny/Desktop/ProjectApp/Journo/frontend/[39msrc/services/storageSizeManager.ts:328:51[90m)[39m
    at StorageSizeManagerService.evictCache [90m(/Users/poonjohnny/Desktop/ProjectApp/Journo/frontend/[39msrc/services/storageSizeManager.ts:219:44[90m)[39m
[90m    at processTicksAndRejections (node:internal/process/task_queues:105:5)[39m
    at [90m/Users/poonjohnny/Desktop/ProjectApp/Journo/frontend/[39msrc/services/__tests__/storageSizeManager.test.ts:288:22
    at file:///Users/poonjohnny/Desktop/ProjectApp/Journo/node_modules/[4m@vitest[24m/runner/dist/chunk-hooks.js:752:20

stderr | src/services/__tests__/storageSizeManager.test.ts > StorageSizeManagerService > evictCache > should return success false when unable to free enough space
Error evicting oldest story items: TypeError: Cannot read properties of undefined (reading 'iterate')
    at StorageSizeManagerService.evictOldestStoryItems [90m(/Users/poonjohnny/Desktop/ProjectApp/Journo/frontend/[39msrc/services/storageSizeManager.ts:372:29[90m)[39m
    at StorageSizeManagerService.evictCache [90m(/Users/poonjohnny/Desktop/ProjectApp/Journo/frontend/[39msrc/services/storageSizeManager.ts:229:42[90m)[39m
[90m    at processTicksAndRejections (node:internal/process/task_queues:105:5)[39m
    at [90m/Users/poonjohnny/Desktop/ProjectApp/Journo/frontend/[39msrc/services/__tests__/storageSizeManager.test.ts:288:22
    at file:///Users/poonjohnny/Desktop/ProjectApp/Journo/node_modules/[4m@vitest[24m/runner/dist/chunk-hooks.js:752:20

stderr | src/services/__tests__/storageSizeManager.test.ts > StorageSizeManagerService > evictCache > should return success false when unable to free enough space
Error evicting oldest trips: TypeError: Cannot read properties of undefined (reading 'iterate')
    at StorageSizeManagerService.evictOldestTrips [90m(/Users/poonjohnny/Desktop/ProjectApp/Journo/frontend/[39msrc/services/storageSizeManager.ts:412:28[90m)[39m
    at StorageSizeManagerService.evictCache [90m(/Users/poonjohnny/Desktop/ProjectApp/Journo/frontend/[39msrc/services/storageSizeManager.ts:239:37[90m)[39m
[90m    at processTicksAndRejections (node:internal/process/task_queues:105:5)[39m
    at [90m/Users/poonjohnny/Desktop/ProjectApp/Journo/frontend/[39msrc/services/__tests__/storageSizeManager.test.ts:288:22
    at file:///Users/poonjohnny/Desktop/ProjectApp/Journo/node_modules/[4m@vitest[24m/runner/dist/chunk-hooks.js:752:20

stderr | src/services/__tests__/storageSizeManager.test.ts > StorageSizeManagerService > ensureSpaceAvailable > should return true when space is available
Error calculating store size: TypeError: Cannot read properties of undefined (reading 'iterate')
    at StorageSizeManagerService.calculateStoreSize [90m(/Users/poonjohnny/Desktop/ProjectApp/Journo/frontend/[39msrc/services/storageSizeManager.ts:110:19[90m)[39m
    at StorageSizeManagerService.getStorageStats [90m(/Users/poonjohnny/Desktop/ProjectApp/Journo/frontend/[39msrc/services/storageSizeManager.ts:83:31[90m)[39m
    at StorageSizeManagerService.ensureSpaceAvailable [90m(/Users/poonjohnny/Desktop/ProjectApp/Journo/frontend/[39msrc/services/storageSizeManager.ts:507:30[90m)[39m
    at [90m/Users/poonjohnny/Desktop/ProjectApp/Journo/frontend/[39msrc/services/__tests__/storageSizeManager.test.ts:296:47
    at file:///Users/poonjohnny/Desktop/ProjectApp/Journo/node_modules/[4m@vitest[24m/runner/dist/chunk-hooks.js:155:11
    at file:///Users/poonjohnny/Desktop/ProjectApp/Journo/node_modules/[4m@vitest[24m/runner/dist/chunk-hooks.js:752:26
    at file:///Users/poonjohnny/Desktop/ProjectApp/Journo/node_modules/[4m@vitest[24m/runner/dist/chunk-hooks.js:1897:20
    at new Promise (<anonymous>)
    at runWithTimeout (file:///Users/poonjohnny/Desktop/ProjectApp/Journo/node_modules/[4m@vitest[24m/runner/dist/chunk-hooks.js:1863:10)
    at runTest (file:///Users/poonjohnny/Desktop/ProjectApp/Journo/node_modules/[4m@vitest[24m/runner/dist/chunk-hooks.js:1574:12)

stderr | src/services/__tests__/storageSizeManager.test.ts > StorageSizeManagerService > ensureSpaceAvailable > should return true when space is available
Error calculating store size: TypeError: Cannot read properties of undefined (reading 'iterate')
    at StorageSizeManagerService.calculateStoreSize [90m(/Users/poonjohnny/Desktop/ProjectApp/Journo/frontend/[39msrc/services/storageSizeManager.ts:110:19[90m)[39m
    at StorageSizeManagerService.getStorageStats [90m(/Users/poonjohnny/Desktop/ProjectApp/Journo/frontend/[39msrc/services/storageSizeManager.ts:83:31[90m)[39m
[90m    at processTicksAndRejections (node:internal/process/task_queues:105:5)[39m
    at StorageSizeManagerService.ensureSpaceAvailable [90m(/Users/poonjohnny/Desktop/ProjectApp/Journo/frontend/[39msrc/services/storageSizeManager.ts:507:19[90m)[39m
    at [90m/Users/poonjohnny/Desktop/ProjectApp/Journo/frontend/[39msrc/services/__tests__/storageSizeManager.test.ts:296:22
    at file:///Users/poonjohnny/Desktop/ProjectApp/Journo/node_modules/[4m@vitest[24m/runner/dist/chunk-hooks.js:752:20

stderr | src/services/__tests__/storageSizeManager.test.ts > StorageSizeManagerService > ensureSpaceAvailable > should return true when space is available
Error calculating store size: TypeError: Cannot read properties of undefined (reading 'iterate')
    at StorageSizeManagerService.calculateStoreSize [90m(/Users/poonjohnny/Desktop/ProjectApp/Journo/frontend/[39msrc/services/storageSizeManager.ts:110:19[90m)[39m
    at StorageSizeManagerService.getStorageStats [90m(/Users/poonjohnny/Desktop/ProjectApp/Journo/frontend/[39msrc/services/storageSizeManager.ts:83:31[90m)[39m
[90m    at processTicksAndRejections (node:internal/process/task_queues:105:5)[39m
    at StorageSizeManagerService.ensureSpaceAvailable [90m(/Users/poonjohnny/Desktop/ProjectApp/Journo/frontend/[39msrc/services/storageSizeManager.ts:507:19[90m)[39m
    at [90m/Users/poonjohnny/Desktop/ProjectApp/Journo/frontend/[39msrc/services/__tests__/storageSizeManager.test.ts:296:22
    at file:///Users/poonjohnny/Desktop/ProjectApp/Journo/node_modules/[4m@vitest[24m/runner/dist/chunk-hooks.js:752:20

stderr | src/services/__tests__/storageSizeManager.test.ts > StorageSizeManagerService > ensureSpaceAvailable > should return true when space is available
Error calculating store size: TypeError: Cannot read properties of undefined (reading 'iterate')
    at StorageSizeManagerService.calculateStoreSize [90m(/Users/poonjohnny/Desktop/ProjectApp/Journo/frontend/[39msrc/services/storageSizeManager.ts:110:19[90m)[39m
    at StorageSizeManagerService.getStorageStats [90m(/Users/poonjohnny/Desktop/ProjectApp/Journo/frontend/[39msrc/services/storageSizeManager.ts:83:31[90m)[39m
[90m    at processTicksAndRejections (node:internal/process/task_queues:105:5)[39m
    at StorageSizeManagerService.ensureSpaceAvailable [90m(/Users/poonjohnny/Desktop/ProjectApp/Journo/frontend/[39msrc/services/storageSizeManager.ts:507:19[90m)[39m
    at [90m/Users/poonjohnny/Desktop/ProjectApp/Journo/frontend/[39msrc/services/__tests__/storageSizeManager.test.ts:296:22
    at file:///Users/poonjohnny/Desktop/ProjectApp/Journo/node_modules/[4m@vitest[24m/runner/dist/chunk-hooks.js:752:20

stderr | src/services/__tests__/storageSizeManager.test.ts > StorageSizeManagerService > ensureSpaceAvailable > should return true when space is available
Error calculating store size: TypeError: Cannot read properties of undefined (reading 'iterate')
    at StorageSizeManagerService.calculateStoreSize [90m(/Users/poonjohnny/Desktop/ProjectApp/Journo/frontend/[39msrc/services/storageSizeManager.ts:110:19[90m)[39m
    at StorageSizeManagerService.getStorageStats [90m(/Users/poonjohnny/Desktop/ProjectApp/Journo/frontend/[39msrc/services/storageSizeManager.ts:83:31[90m)[39m
[90m    at processTicksAndRejections (node:internal/process/task_queues:105:5)[39m
    at StorageSizeManagerService.ensureSpaceAvailable [90m(/Users/poonjohnny/Desktop/ProjectApp/Journo/frontend/[39msrc/services/storageSizeManager.ts:507:19[90m)[39m
    at [90m/Users/poonjohnny/Desktop/ProjectApp/Journo/frontend/[39msrc/services/__tests__/storageSizeManager.test.ts:296:22
    at file:///Users/poonjohnny/Desktop/ProjectApp/Journo/node_modules/[4m@vitest[24m/runner/dist/chunk-hooks.js:752:20

stderr | src/services/__tests__/storageSizeManager.test.ts > StorageSizeManagerService > ensureSpaceAvailable > should return true when space is available
Error calculating store size: TypeError: Cannot read properties of undefined (reading 'iterate')
    at StorageSizeManagerService.calculateStoreSize [90m(/Users/poonjohnny/Desktop/ProjectApp/Journo/frontend/[39msrc/services/storageSizeManager.ts:110:19[90m)[39m
    at StorageSizeManagerService.getStorageStats [90m(/Users/poonjohnny/Desktop/ProjectApp/Journo/frontend/[39msrc/services/storageSizeManager.ts:83:31[90m)[39m
[90m    at processTicksAndRejections (node:internal/process/task_queues:105:5)[39m
    at StorageSizeManagerService.ensureSpaceAvailable [90m(/Users/poonjohnny/Desktop/ProjectApp/Journo/frontend/[39msrc/services/storageSizeManager.ts:507:19[90m)[39m
    at [90m/Users/poonjohnny/Desktop/ProjectApp/Journo/frontend/[39msrc/services/__tests__/storageSizeManager.test.ts:296:22
    at file:///Users/poonjohnny/Desktop/ProjectApp/Journo/node_modules/[4m@vitest[24m/runner/dist/chunk-hooks.js:752:20

stderr | src/services/__tests__/storageSizeManager.test.ts > StorageSizeManagerService > ensureSpaceAvailable > should return true when space is available
Error calculating store size: TypeError: Cannot read properties of undefined (reading 'iterate')
    at StorageSizeManagerService.calculateStoreSize [90m(/Users/poonjohnny/Desktop/ProjectApp/Journo/frontend/[39msrc/services/storageSizeManager.ts:110:19[90m)[39m
    at StorageSizeManagerService.getStorageStats [90m(/Users/poonjohnny/Desktop/ProjectApp/Journo/frontend/[39msrc/services/storageSizeManager.ts:83:31[90m)[39m
[90m    at processTicksAndRejections (node:internal/process/task_queues:105:5)[39m
    at StorageSizeManagerService.ensureSpaceAvailable [90m(/Users/poonjohnny/Desktop/ProjectApp/Journo/frontend/[39msrc/services/storageSizeManager.ts:507:19[90m)[39m
    at [90m/Users/poonjohnny/Desktop/ProjectApp/Journo/frontend/[39msrc/services/__tests__/storageSizeManager.test.ts:296:22
    at file:///Users/poonjohnny/Desktop/ProjectApp/Journo/node_modules/[4m@vitest[24m/runner/dist/chunk-hooks.js:752:20

stderr | src/services/__tests__/storageSizeManager.test.ts > StorageSizeManagerService > ensureSpaceAvailable > should return true when space is available
Error calculating store size: TypeError: Cannot read properties of undefined (reading 'iterate')
    at StorageSizeManagerService.calculateStoreSize [90m(/Users/poonjohnny/Desktop/ProjectApp/Journo/frontend/[39msrc/services/storageSizeManager.ts:110:19[90m)[39m
    at StorageSizeManagerService.getStorageStats [90m(/Users/poonjohnny/Desktop/ProjectApp/Journo/frontend/[39msrc/services/storageSizeManager.ts:83:31[90m)[39m
[90m    at processTicksAndRejections (node:internal/process/task_queues:105:5)[39m
    at StorageSizeManagerService.ensureSpaceAvailable [90m(/Users/poonjohnny/Desktop/ProjectApp/Journo/frontend/[39msrc/services/storageSizeManager.ts:507:19[90m)[39m
    at [90m/Users/poonjohnny/Desktop/ProjectApp/Journo/frontend/[39msrc/services/__tests__/storageSizeManager.test.ts:296:22
    at file:///Users/poonjohnny/Desktop/ProjectApp/Journo/node_modules/[4m@vitest[24m/runner/dist/chunk-hooks.js:752:20

stderr | src/services/__tests__/storageSizeManager.test.ts > StorageSizeManagerService > ensureSpaceAvailable > should return true when space is available
Error calculating store size: TypeError: Cannot read properties of undefined (reading 'iterate')
    at StorageSizeManagerService.calculateStoreSize [90m(/Users/poonjohnny/Desktop/ProjectApp/Journo/frontend/[39msrc/services/storageSizeManager.ts:110:19[90m)[39m
    at StorageSizeManagerService.getStorageStats [90m(/Users/poonjohnny/Desktop/ProjectApp/Journo/frontend/[39msrc/services/storageSizeManager.ts:83:31[90m)[39m
[90m    at processTicksAndRejections (node:internal/process/task_queues:105:5)[39m
    at StorageSizeManagerService.ensureSpaceAvailable [90m(/Users/poonjohnny/Desktop/ProjectApp/Journo/frontend/[39msrc/services/storageSizeManager.ts:507:19[90m)[39m
    at [90m/Users/poonjohnny/Desktop/ProjectApp/Journo/frontend/[39msrc/services/__tests__/storageSizeManager.test.ts:296:22
    at file:///Users/poonjohnny/Desktop/ProjectApp/Journo/node_modules/[4m@vitest[24m/runner/dist/chunk-hooks.js:752:20

stderr | src/services/__tests__/storageSizeManager.test.ts > StorageSizeManagerService > ensureSpaceAvailable > should return true when space is available
Error calculating Quick Plan size: TypeError: Cannot read properties of undefined (reading 'getItem')
    at StorageSizeManagerService.calculateQuickPlanSize [90m(/Users/poonjohnny/Desktop/ProjectApp/Journo/frontend/[39msrc/services/storageSizeManager.ts:138:43[90m)[39m
    at StorageSizeManagerService.getStorageStats [90m(/Users/poonjohnny/Desktop/ProjectApp/Journo/frontend/[39msrc/services/storageSizeManager.ts:88:38[90m)[39m
[90m    at processTicksAndRejections (node:internal/process/task_queues:105:5)[39m
    at StorageSizeManagerService.ensureSpaceAvailable [90m(/Users/poonjohnny/Desktop/ProjectApp/Journo/frontend/[39msrc/services/storageSizeManager.ts:507:19[90m)[39m
    at [90m/Users/poonjohnny/Desktop/ProjectApp/Journo/frontend/[39msrc/services/__tests__/storageSizeManager.test.ts:296:22
    at file:///Users/poonjohnny/Desktop/ProjectApp/Journo/node_modules/[4m@vitest[24m/runner/dist/chunk-hooks.js:752:20

stderr | src/services/__tests__/storageSizeManager.test.ts > StorageSizeManagerService > ensureSpaceAvailable > should attempt eviction when space is not available
Error calculating store size: TypeError: Cannot read properties of undefined (reading 'iterate')
    at StorageSizeManagerService.calculateStoreSize [90m(/Users/poonjohnny/Desktop/ProjectApp/Journo/frontend/[39msrc/services/storageSizeManager.ts:110:19[90m)[39m
    at StorageSizeManagerService.getStorageStats [90m(/Users/poonjohnny/Desktop/ProjectApp/Journo/frontend/[39msrc/services/storageSizeManager.ts:83:31[90m)[39m
    at StorageSizeManagerService.ensureSpaceAvailable [90m(/Users/poonjohnny/Desktop/ProjectApp/Journo/frontend/[39msrc/services/storageSizeManager.ts:507:30[90m)[39m
    at [90m/Users/poonjohnny/Desktop/ProjectApp/Journo/frontend/[39msrc/services/__tests__/storageSizeManager.test.ts:314:47
    at file:///Users/poonjohnny/Desktop/ProjectApp/Journo/node_modules/[4m@vitest[24m/runner/dist/chunk-hooks.js:155:11
    at file:///Users/poonjohnny/Desktop/ProjectApp/Journo/node_modules/[4m@vitest[24m/runner/dist/chunk-hooks.js:752:26
    at file:///Users/poonjohnny/Desktop/ProjectApp/Journo/node_modules/[4m@vitest[24m/runner/dist/chunk-hooks.js:1897:20
    at new Promise (<anonymous>)
    at runWithTimeout (file:///Users/poonjohnny/Desktop/ProjectApp/Journo/node_modules/[4m@vitest[24m/runner/dist/chunk-hooks.js:1863:10)
    at runTest (file:///Users/poonjohnny/Desktop/ProjectApp/Journo/node_modules/[4m@vitest[24m/runner/dist/chunk-hooks.js:1574:12)

stderr | src/services/__tests__/storageSizeManager.test.ts > StorageSizeManagerService > ensureSpaceAvailable > should attempt eviction when space is not available
Error calculating store size: TypeError: Cannot read properties of undefined (reading 'iterate')
    at StorageSizeManagerService.calculateStoreSize [90m(/Users/poonjohnny/Desktop/ProjectApp/Journo/frontend/[39msrc/services/storageSizeManager.ts:110:19[90m)[39m
    at StorageSizeManagerService.getStorageStats [90m(/Users/poonjohnny/Desktop/ProjectApp/Journo/frontend/[39msrc/services/storageSizeManager.ts:83:31[90m)[39m
[90m    at processTicksAndRejections (node:internal/process/task_queues:105:5)[39m
    at StorageSizeManagerService.ensureSpaceAvailable [90m(/Users/poonjohnny/Desktop/ProjectApp/Journo/frontend/[39msrc/services/storageSizeManager.ts:507:19[90m)[39m
    at [90m/Users/poonjohnny/Desktop/ProjectApp/Journo/frontend/[39msrc/services/__tests__/storageSizeManager.test.ts:314:22
    at file:///Users/poonjohnny/Desktop/ProjectApp/Journo/node_modules/[4m@vitest[24m/runner/dist/chunk-hooks.js:752:20

stderr | src/services/__tests__/storageSizeManager.test.ts > StorageSizeManagerService > ensureSpaceAvailable > should attempt eviction when space is not available
Error calculating store size: TypeError: Cannot read properties of undefined (reading 'iterate')
    at StorageSizeManagerService.calculateStoreSize [90m(/Users/poonjohnny/Desktop/ProjectApp/Journo/frontend/[39msrc/services/storageSizeManager.ts:110:19[90m)[39m
    at StorageSizeManagerService.getStorageStats [90m(/Users/poonjohnny/Desktop/ProjectApp/Journo/frontend/[39msrc/services/storageSizeManager.ts:83:31[90m)[39m
[90m    at processTicksAndRejections (node:internal/process/task_queues:105:5)[39m
    at StorageSizeManagerService.ensureSpaceAvailable [90m(/Users/poonjohnny/Desktop/ProjectApp/Journo/frontend/[39msrc/services/storageSizeManager.ts:507:19[90m)[39m
    at [90m/Users/poonjohnny/Desktop/ProjectApp/Journo/frontend/[39msrc/services/__tests__/storageSizeManager.test.ts:314:22
    at file:///Users/poonjohnny/Desktop/ProjectApp/Journo/node_modules/[4m@vitest[24m/runner/dist/chunk-hooks.js:752:20

stderr | src/services/__tests__/storageSizeManager.test.ts > StorageSizeManagerService > ensureSpaceAvailable > should attempt eviction when space is not available
Error calculating store size: TypeError: Cannot read properties of undefined (reading 'iterate')
    at StorageSizeManagerService.calculateStoreSize [90m(/Users/poonjohnny/Desktop/ProjectApp/Journo/frontend/[39msrc/services/storageSizeManager.ts:110:19[90m)[39m
    at StorageSizeManagerService.getStorageStats [90m(/Users/poonjohnny/Desktop/ProjectApp/Journo/frontend/[39msrc/services/storageSizeManager.ts:83:31[90m)[39m
[90m    at processTicksAndRejections (node:internal/process/task_queues:105:5)[39m
    at StorageSizeManagerService.ensureSpaceAvailable [90m(/Users/poonjohnny/Desktop/ProjectApp/Journo/frontend/[39msrc/services/storageSizeManager.ts:507:19[90m)[39m
    at [90m/Users/poonjohnny/Desktop/ProjectApp/Journo/frontend/[39msrc/services/__tests__/storageSizeManager.test.ts:314:22
    at file:///Users/poonjohnny/Desktop/ProjectApp/Journo/node_modules/[4m@vitest[24m/runner/dist/chunk-hooks.js:752:20

stderr | src/services/__tests__/storageSizeManager.test.ts > StorageSizeManagerService > ensureSpaceAvailable > should attempt eviction when space is not available
Error calculating store size: TypeError: Cannot read properties of undefined (reading 'iterate')
    at StorageSizeManagerService.calculateStoreSize [90m(/Users/poonjohnny/Desktop/ProjectApp/Journo/frontend/[39msrc/services/storageSizeManager.ts:110:19[90m)[39m
    at StorageSizeManagerService.getStorageStats [90m(/Users/poonjohnny/Desktop/ProjectApp/Journo/frontend/[39msrc/services/storageSizeManager.ts:83:31[90m)[39m
[90m    at processTicksAndRejections (node:internal/process/task_queues:105:5)[39m
    at StorageSizeManagerService.ensureSpaceAvailable [90m(/Users/poonjohnny/Desktop/ProjectApp/Journo/frontend/[39msrc/services/storageSizeManager.ts:507:19[90m)[39m
    at [90m/Users/poonjohnny/Desktop/ProjectApp/Journo/frontend/[39msrc/services/__tests__/storageSizeManager.test.ts:314:22
    at file:///Users/poonjohnny/Desktop/ProjectApp/Journo/node_modules/[4m@vitest[24m/runner/dist/chunk-hooks.js:752:20

stderr | src/services/__tests__/storageSizeManager.test.ts > StorageSizeManagerService > ensureSpaceAvailable > should attempt eviction when space is not available
Error calculating store size: TypeError: Cannot read properties of undefined (reading 'iterate')
    at StorageSizeManagerService.calculateStoreSize [90m(/Users/poonjohnny/Desktop/ProjectApp/Journo/frontend/[39msrc/services/storageSizeManager.ts:110:19[90m)[39m
    at StorageSizeManagerService.getStorageStats [90m(/Users/poonjohnny/Desktop/ProjectApp/Journo/frontend/[39msrc/services/storageSizeManager.ts:83:31[90m)[39m
[90m    at processTicksAndRejections (node:internal/process/task_queues:105:5)[39m
    at StorageSizeManagerService.ensureSpaceAvailable [90m(/Users/poonjohnny/Desktop/ProjectApp/Journo/frontend/[39msrc/services/storageSizeManager.ts:507:19[90m)[39m
    at [90m/Users/poonjohnny/Desktop/ProjectApp/Journo/frontend/[39msrc/services/__tests__/storageSizeManager.test.ts:314:22
    at file:///Users/poonjohnny/Desktop/ProjectApp/Journo/node_modules/[4m@vitest[24m/runner/dist/chunk-hooks.js:752:20

stderr | src/services/__tests__/storageSizeManager.test.ts > StorageSizeManagerService > ensureSpaceAvailable > should attempt eviction when space is not available
Error calculating store size: TypeError: Cannot read properties of undefined (reading 'iterate')
    at StorageSizeManagerService.calculateStoreSize [90m(/Users/poonjohnny/Desktop/ProjectApp/Journo/frontend/[39msrc/services/storageSizeManager.ts:110:19[90m)[39m
    at StorageSizeManagerService.getStorageStats [90m(/Users/poonjohnny/Desktop/ProjectApp/Journo/frontend/[39msrc/services/storageSizeManager.ts:83:31[90m)[39m
[90m    at processTicksAndRejections (node:internal/process/task_queues:105:5)[39m
    at StorageSizeManagerService.ensureSpaceAvailable [90m(/Users/poonjohnny/Desktop/ProjectApp/Journo/frontend/[39msrc/services/storageSizeManager.ts:507:19[90m)[39m
    at [90m/Users/poonjohnny/Desktop/ProjectApp/Journo/frontend/[39msrc/services/__tests__/storageSizeManager.test.ts:314:22
    at file:///Users/poonjohnny/Desktop/ProjectApp/Journo/node_modules/[4m@vitest[24m/runner/dist/chunk-hooks.js:752:20

stderr | src/services/__tests__/storageSizeManager.test.ts > StorageSizeManagerService > ensureSpaceAvailable > should attempt eviction when space is not available
Error calculating store size: TypeError: Cannot read properties of undefined (reading 'iterate')
    at StorageSizeManagerService.calculateStoreSize [90m(/Users/poonjohnny/Desktop/ProjectApp/Journo/frontend/[39msrc/services/storageSizeManager.ts:110:19[90m)[39m
    at StorageSizeManagerService.getStorageStats [90m(/Users/poonjohnny/Desktop/ProjectApp/Journo/frontend/[39msrc/services/storageSizeManager.ts:83:31[90m)[39m
[90m    at processTicksAndRejections (node:internal/process/task_queues:105:5)[39m
    at StorageSizeManagerService.ensureSpaceAvailable [90m(/Users/poonjohnny/Desktop/ProjectApp/Journo/frontend/[39msrc/services/storageSizeManager.ts:507:19[90m)[39m
    at [90m/Users/poonjohnny/Desktop/ProjectApp/Journo/frontend/[39msrc/services/__tests__/storageSizeManager.test.ts:314:22
    at file:///Users/poonjohnny/Desktop/ProjectApp/Journo/node_modules/[4m@vitest[24m/runner/dist/chunk-hooks.js:752:20

stderr | src/services/__tests__/storageSizeManager.test.ts > StorageSizeManagerService > ensureSpaceAvailable > should attempt eviction when space is not available
Error calculating store size: TypeError: Cannot read properties of undefined (reading 'iterate')
    at StorageSizeManagerService.calculateStoreSize [90m(/Users/poonjohnny/Desktop/ProjectApp/Journo/frontend/[39msrc/services/storageSizeManager.ts:110:19[90m)[39m
    at StorageSizeManagerService.getStorageStats [90m(/Users/poonjohnny/Desktop/ProjectApp/Journo/frontend/[39msrc/services/storageSizeManager.ts:83:31[90m)[39m
[90m    at processTicksAndRejections (node:internal/process/task_queues:105:5)[39m
    at StorageSizeManagerService.ensureSpaceAvailable [90m(/Users/poonjohnny/Desktop/ProjectApp/Journo/frontend/[39msrc/services/storageSizeManager.ts:507:19[90m)[39m
    at [90m/Users/poonjohnny/Desktop/ProjectApp/Journo/frontend/[39msrc/services/__tests__/storageSizeManager.test.ts:314:22
    at file:///Users/poonjohnny/Desktop/ProjectApp/Journo/node_modules/[4m@vitest[24m/runner/dist/chunk-hooks.js:752:20

stderr | src/services/__tests__/storageSizeManager.test.ts > StorageSizeManagerService > ensureSpaceAvailable > should attempt eviction when space is not available
Error calculating Quick Plan size: TypeError: Cannot read properties of undefined (reading 'getItem')
    at StorageSizeManagerService.calculateQuickPlanSize [90m(/Users/poonjohnny/Desktop/ProjectApp/Journo/frontend/[39msrc/services/storageSizeManager.ts:138:43[90m)[39m
    at StorageSizeManagerService.getStorageStats [90m(/Users/poonjohnny/Desktop/ProjectApp/Journo/frontend/[39msrc/services/storageSizeManager.ts:88:38[90m)[39m
[90m    at processTicksAndRejections (node:internal/process/task_queues:105:5)[39m
    at StorageSizeManagerService.ensureSpaceAvailable [90m(/Users/poonjohnny/Desktop/ProjectApp/Journo/frontend/[39msrc/services/storageSizeManager.ts:507:19[90m)[39m
    at [90m/Users/poonjohnny/Desktop/ProjectApp/Journo/frontend/[39msrc/services/__tests__/storageSizeManager.test.ts:314:22
    at file:///Users/poonjohnny/Desktop/ProjectApp/Journo/node_modules/[4m@vitest[24m/runner/dist/chunk-hooks.js:752:20

stderr | src/services/__tests__/storageSizeManager.test.ts > StorageSizeManagerService > ensureSpaceAvailable > should return false when eviction cannot free enough space
Error calculating store size: TypeError: Cannot read properties of undefined (reading 'iterate')
    at StorageSizeManagerService.calculateStoreSize [90m(/Users/poonjohnny/Desktop/ProjectApp/Journo/frontend/[39msrc/services/storageSizeManager.ts:110:19[90m)[39m
    at StorageSizeManagerService.getStorageStats [90m(/Users/poonjohnny/Desktop/ProjectApp/Journo/frontend/[39msrc/services/storageSizeManager.ts:83:31[90m)[39m
    at StorageSizeManagerService.ensureSpaceAvailable [90m(/Users/poonjohnny/Desktop/ProjectApp/Journo/frontend/[39msrc/services/storageSizeManager.ts:507:30[90m)[39m
    at [90m/Users/poonjohnny/Desktop/ProjectApp/Journo/frontend/[39msrc/services/__tests__/storageSizeManager.test.ts:333:47
    at file:///Users/poonjohnny/Desktop/ProjectApp/Journo/node_modules/[4m@vitest[24m/runner/dist/chunk-hooks.js:155:11
    at file:///Users/poonjohnny/Desktop/ProjectApp/Journo/node_modules/[4m@vitest[24m/runner/dist/chunk-hooks.js:752:26
    at file:///Users/poonjohnny/Desktop/ProjectApp/Journo/node_modules/[4m@vitest[24m/runner/dist/chunk-hooks.js:1897:20
    at new Promise (<anonymous>)
    at runWithTimeout (file:///Users/poonjohnny/Desktop/ProjectApp/Journo/node_modules/[4m@vitest[24m/runner/dist/chunk-hooks.js:1863:10)
    at runTest (file:///Users/poonjohnny/Desktop/ProjectApp/Journo/node_modules/[4m@vitest[24m/runner/dist/chunk-hooks.js:1574:12)

stderr | src/services/__tests__/storageSizeManager.test.ts > StorageSizeManagerService > ensureSpaceAvailable > should return false when eviction cannot free enough space
Error calculating store size: TypeError: Cannot read properties of undefined (reading 'iterate')
    at StorageSizeManagerService.calculateStoreSize [90m(/Users/poonjohnny/Desktop/ProjectApp/Journo/frontend/[39msrc/services/storageSizeManager.ts:110:19[90m)[39m
    at StorageSizeManagerService.getStorageStats [90m(/Users/poonjohnny/Desktop/ProjectApp/Journo/frontend/[39msrc/services/storageSizeManager.ts:83:31[90m)[39m
[90m    at processTicksAndRejections (node:internal/process/task_queues:105:5)[39m
    at StorageSizeManagerService.ensureSpaceAvailable [90m(/Users/poonjohnny/Desktop/ProjectApp/Journo/frontend/[39msrc/services/storageSizeManager.ts:507:19[90m)[39m
    at [90m/Users/poonjohnny/Desktop/ProjectApp/Journo/frontend/[39msrc/services/__tests__/storageSizeManager.test.ts:333:22
    at file:///Users/poonjohnny/Desktop/ProjectApp/Journo/node_modules/[4m@vitest[24m/runner/dist/chunk-hooks.js:752:20

stderr | src/services/__tests__/storageSizeManager.test.ts > StorageSizeManagerService > ensureSpaceAvailable > should return false when eviction cannot free enough space
Error calculating store size: TypeError: Cannot read properties of undefined (reading 'iterate')
    at StorageSizeManagerService.calculateStoreSize [90m(/Users/poonjohnny/Desktop/ProjectApp/Journo/frontend/[39msrc/services/storageSizeManager.ts:110:19[90m)[39m
    at StorageSizeManagerService.getStorageStats [90m(/Users/poonjohnny/Desktop/ProjectApp/Journo/frontend/[39msrc/services/storageSizeManager.ts:83:31[90m)[39m
[90m    at processTicksAndRejections (node:internal/process/task_queues:105:5)[39m
    at StorageSizeManagerService.ensureSpaceAvailable [90m(/Users/poonjohnny/Desktop/ProjectApp/Journo/frontend/[39msrc/services/storageSizeManager.ts:507:19[90m)[39m
    at [90m/Users/poonjohnny/Desktop/ProjectApp/Journo/frontend/[39msrc/services/__tests__/storageSizeManager.test.ts:333:22
    at file:///Users/poonjohnny/Desktop/ProjectApp/Journo/node_modules/[4m@vitest[24m/runner/dist/chunk-hooks.js:752:20

stderr | src/services/__tests__/storageSizeManager.test.ts > StorageSizeManagerService > ensureSpaceAvailable > should return false when eviction cannot free enough space
Error calculating store size: TypeError: Cannot read properties of undefined (reading 'iterate')
    at StorageSizeManagerService.calculateStoreSize [90m(/Users/poonjohnny/Desktop/ProjectApp/Journo/frontend/[39msrc/services/storageSizeManager.ts:110:19[90m)[39m
    at StorageSizeManagerService.getStorageStats [90m(/Users/poonjohnny/Desktop/ProjectApp/Journo/frontend/[39msrc/services/storageSizeManager.ts:83:31[90m)[39m
[90m    at processTicksAndRejections (node:internal/process/task_queues:105:5)[39m
    at StorageSizeManagerService.ensureSpaceAvailable [90m(/Users/poonjohnny/Desktop/ProjectApp/Journo/frontend/[39msrc/services/storageSizeManager.ts:507:19[90m)[39m
    at [90m/Users/poonjohnny/Desktop/ProjectApp/Journo/frontend/[39msrc/services/__tests__/storageSizeManager.test.ts:333:22
    at file:///Users/poonjohnny/Desktop/ProjectApp/Journo/node_modules/[4m@vitest[24m/runner/dist/chunk-hooks.js:752:20

stderr | src/services/__tests__/storageSizeManager.test.ts > StorageSizeManagerService > ensureSpaceAvailable > should return false when eviction cannot free enough space
Error calculating store size: TypeError: Cannot read properties of undefined (reading 'iterate')
    at StorageSizeManagerService.calculateStoreSize [90m(/Users/poonjohnny/Desktop/ProjectApp/Journo/frontend/[39msrc/services/storageSizeManager.ts:110:19[90m)[39m
    at StorageSizeManagerService.getStorageStats [90m(/Users/poonjohnny/Desktop/ProjectApp/Journo/frontend/[39msrc/services/storageSizeManager.ts:83:31[90m)[39m
[90m    at processTicksAndRejections (node:internal/process/task_queues:105:5)[39m
    at StorageSizeManagerService.ensureSpaceAvailable [90m(/Users/poonjohnny/Desktop/ProjectApp/Journo/frontend/[39msrc/services/storageSizeManager.ts:507:19[90m)[39m
    at [90m/Users/poonjohnny/Desktop/ProjectApp/Journo/frontend/[39msrc/services/__tests__/storageSizeManager.test.ts:333:22
    at file:///Users/poonjohnny/Desktop/ProjectApp/Journo/node_modules/[4m@vitest[24m/runner/dist/chunk-hooks.js:752:20

stderr | src/services/__tests__/storageSizeManager.test.ts > StorageSizeManagerService > ensureSpaceAvailable > should return false when eviction cannot free enough space
Error calculating store size: TypeError: Cannot read properties of undefined (reading 'iterate')
    at StorageSizeManagerService.calculateStoreSize [90m(/Users/poonjohnny/Desktop/ProjectApp/Journo/frontend/[39msrc/services/storageSizeManager.ts:110:19[90m)[39m
    at StorageSizeManagerService.getStorageStats [90m(/Users/poonjohnny/Desktop/ProjectApp/Journo/frontend/[39msrc/services/storageSizeManager.ts:83:31[90m)[39m
[90m    at processTicksAndRejections (node:internal/process/task_queues:105:5)[39m
    at StorageSizeManagerService.ensureSpaceAvailable [90m(/Users/poonjohnny/Desktop/ProjectApp/Journo/frontend/[39msrc/services/storageSizeManager.ts:507:19[90m)[39m
    at [90m/Users/poonjohnny/Desktop/ProjectApp/Journo/frontend/[39msrc/services/__tests__/storageSizeManager.test.ts:333:22
    at file:///Users/poonjohnny/Desktop/ProjectApp/Journo/node_modules/[4m@vitest[24m/runner/dist/chunk-hooks.js:752:20

stderr | src/services/__tests__/storageSizeManager.test.ts > StorageSizeManagerService > ensureSpaceAvailable > should return false when eviction cannot free enough space
Error calculating store size: TypeError: Cannot read properties of undefined (reading 'iterate')
    at StorageSizeManagerService.calculateStoreSize [90m(/Users/poonjohnny/Desktop/ProjectApp/Journo/frontend/[39msrc/services/storageSizeManager.ts:110:19[90m)[39m
    at StorageSizeManagerService.getStorageStats [90m(/Users/poonjohnny/Desktop/ProjectApp/Journo/frontend/[39msrc/services/storageSizeManager.ts:83:31[90m)[39m
[90m    at processTicksAndRejections (node:internal/process/task_queues:105:5)[39m
    at StorageSizeManagerService.ensureSpaceAvailable [90m(/Users/poonjohnny/Desktop/ProjectApp/Journo/frontend/[39msrc/services/storageSizeManager.ts:507:19[90m)[39m
    at [90m/Users/poonjohnny/Desktop/ProjectApp/Journo/frontend/[39msrc/services/__tests__/storageSizeManager.test.ts:333:22
    at file:///Users/poonjohnny/Desktop/ProjectApp/Journo/node_modules/[4m@vitest[24m/runner/dist/chunk-hooks.js:752:20

stderr | src/services/__tests__/storageSizeManager.test.ts > StorageSizeManagerService > ensureSpaceAvailable > should return false when eviction cannot free enough space
Error calculating store size: TypeError: Cannot read properties of undefined (reading 'iterate')
    at StorageSizeManagerService.calculateStoreSize [90m(/Users/poonjohnny/Desktop/ProjectApp/Journo/frontend/[39msrc/services/storageSizeManager.ts:110:19[90m)[39m
    at StorageSizeManagerService.getStorageStats [90m(/Users/poonjohnny/Desktop/ProjectApp/Journo/frontend/[39msrc/services/storageSizeManager.ts:83:31[90m)[39m
[90m    at processTicksAndRejections (node:internal/process/task_queues:105:5)[39m
    at StorageSizeManagerService.ensureSpaceAvailable [90m(/Users/poonjohnny/Desktop/ProjectApp/Journo/frontend/[39msrc/services/storageSizeManager.ts:507:19[90m)[39m
    at [90m/Users/poonjohnny/Desktop/ProjectApp/Journo/frontend/[39msrc/services/__tests__/storageSizeManager.test.ts:333:22
    at file:///Users/poonjohnny/Desktop/ProjectApp/Journo/node_modules/[4m@vitest[24m/runner/dist/chunk-hooks.js:752:20

stderr | src/services/__tests__/storageSizeManager.test.ts > StorageSizeManagerService > ensureSpaceAvailable > should return false when eviction cannot free enough space
Error calculating store size: TypeError: Cannot read properties of undefined (reading 'iterate')
    at StorageSizeManagerService.calculateStoreSize [90m(/Users/poonjohnny/Desktop/ProjectApp/Journo/frontend/[39msrc/services/storageSizeManager.ts:110:19[90m)[39m
    at StorageSizeManagerService.getStorageStats [90m(/Users/poonjohnny/Desktop/ProjectApp/Journo/frontend/[39msrc/services/storageSizeManager.ts:83:31[90m)[39m
[90m    at processTicksAndRejections (node:internal/process/task_queues:105:5)[39m
    at StorageSizeManagerService.ensureSpaceAvailable [90m(/Users/poonjohnny/Desktop/ProjectApp/Journo/frontend/[39msrc/services/storageSizeManager.ts:507:19[90m)[39m
    at [90m/Users/poonjohnny/Desktop/ProjectApp/Journo/frontend/[39msrc/services/__tests__/storageSizeManager.test.ts:333:22
    at file:///Users/poonjohnny/Desktop/ProjectApp/Journo/node_modules/[4m@vitest[24m/runner/dist/chunk-hooks.js:752:20

stderr | src/services/__tests__/storageSizeManager.test.ts > StorageSizeManagerService > ensureSpaceAvailable > should return false when eviction cannot free enough space
Error calculating Quick Plan size: TypeError: Cannot read properties of undefined (reading 'getItem')
    at StorageSizeManagerService.calculateQuickPlanSize [90m(/Users/poonjohnny/Desktop/ProjectApp/Journo/frontend/[39msrc/services/storageSizeManager.ts:138:43[90m)[39m
    at StorageSizeManagerService.getStorageStats [90m(/Users/poonjohnny/Desktop/ProjectApp/Journo/frontend/[39msrc/services/storageSizeManager.ts:88:38[90m)[39m
[90m    at processTicksAndRejections (node:internal/process/task_queues:105:5)[39m
    at StorageSizeManagerService.ensureSpaceAvailable [90m(/Users/poonjohnny/Desktop/ProjectApp/Journo/frontend/[39msrc/services/storageSizeManager.ts:507:19[90m)[39m
    at [90m/Users/poonjohnny/Desktop/ProjectApp/Journo/frontend/[39msrc/services/__tests__/storageSizeManager.test.ts:333:22
    at file:///Users/poonjohnny/Desktop/ProjectApp/Journo/node_modules/[4m@vitest[24m/runner/dist/chunk-hooks.js:752:20

stderr | src/services/__tests__/storageSizeManager.test.ts > StorageSizeManagerService > Storage limit enforcement > should enforce 50MB limit
Error calculating store size: TypeError: Cannot read properties of undefined (reading 'iterate')
    at StorageSizeManagerService.calculateStoreSize [90m(/Users/poonjohnny/Desktop/ProjectApp/Journo/frontend/[39msrc/services/storageSizeManager.ts:110:19[90m)[39m
    at StorageSizeManagerService.getStorageStats [90m(/Users/poonjohnny/Desktop/ProjectApp/Journo/frontend/[39msrc/services/storageSizeManager.ts:83:31[90m)[39m
    at [90m/Users/poonjohnny/Desktop/ProjectApp/Journo/frontend/[39msrc/services/__tests__/storageSizeManager.test.ts:351:46
    at file:///Users/poonjohnny/Desktop/ProjectApp/Journo/node_modules/[4m@vitest[24m/runner/dist/chunk-hooks.js:155:11
    at file:///Users/poonjohnny/Desktop/ProjectApp/Journo/node_modules/[4m@vitest[24m/runner/dist/chunk-hooks.js:752:26
    at file:///Users/poonjohnny/Desktop/ProjectApp/Journo/node_modules/[4m@vitest[24m/runner/dist/chunk-hooks.js:1897:20
    at new Promise (<anonymous>)
    at runWithTimeout (file:///Users/poonjohnny/Desktop/ProjectApp/Journo/node_modules/[4m@vitest[24m/runner/dist/chunk-hooks.js:1863:10)
    at runTest (file:///Users/poonjohnny/Desktop/ProjectApp/Journo/node_modules/[4m@vitest[24m/runner/dist/chunk-hooks.js:1574:12)
[90m    at processTicksAndRejections (node:internal/process/task_queues:105:5)[39m

stderr | src/services/__tests__/storageSizeManager.test.ts > StorageSizeManagerService > Storage limit enforcement > should enforce 50MB limit
Error calculating store size: TypeError: Cannot read properties of undefined (reading 'iterate')
    at StorageSizeManagerService.calculateStoreSize [90m(/Users/poonjohnny/Desktop/ProjectApp/Journo/frontend/[39msrc/services/storageSizeManager.ts:110:19[90m)[39m
    at StorageSizeManagerService.getStorageStats [90m(/Users/poonjohnny/Desktop/ProjectApp/Journo/frontend/[39msrc/services/storageSizeManager.ts:83:31[90m)[39m
[90m    at processTicksAndRejections (node:internal/process/task_queues:105:5)[39m
    at [90m/Users/poonjohnny/Desktop/ProjectApp/Journo/frontend/[39msrc/services/__tests__/storageSizeManager.test.ts:351:21
    at file:///Users/poonjohnny/Desktop/ProjectApp/Journo/node_modules/[4m@vitest[24m/runner/dist/chunk-hooks.js:752:20

stderr | src/services/__tests__/storageSizeManager.test.ts > StorageSizeManagerService > Storage limit enforcement > should enforce 50MB limit
Error calculating store size: TypeError: Cannot read properties of undefined (reading 'iterate')
    at StorageSizeManagerService.calculateStoreSize [90m(/Users/poonjohnny/Desktop/ProjectApp/Journo/frontend/[39msrc/services/storageSizeManager.ts:110:19[90m)[39m
    at StorageSizeManagerService.getStorageStats [90m(/Users/poonjohnny/Desktop/ProjectApp/Journo/frontend/[39msrc/services/storageSizeManager.ts:83:31[90m)[39m
[90m    at processTicksAndRejections (node:internal/process/task_queues:105:5)[39m
    at [90m/Users/poonjohnny/Desktop/ProjectApp/Journo/frontend/[39msrc/services/__tests__/storageSizeManager.test.ts:351:21
    at file:///Users/poonjohnny/Desktop/ProjectApp/Journo/node_modules/[4m@vitest[24m/runner/dist/chunk-hooks.js:752:20

stderr | src/services/__tests__/storageSizeManager.test.ts > StorageSizeManagerService > Storage limit enforcement > should enforce 50MB limit
Error calculating store size: TypeError: Cannot read properties of undefined (reading 'iterate')
    at StorageSizeManagerService.calculateStoreSize [90m(/Users/poonjohnny/Desktop/ProjectApp/Journo/frontend/[39msrc/services/storageSizeManager.ts:110:19[90m)[39m
    at StorageSizeManagerService.getStorageStats [90m(/Users/poonjohnny/Desktop/ProjectApp/Journo/frontend/[39msrc/services/storageSizeManager.ts:83:31[90m)[39m
[90m    at processTicksAndRejections (node:internal/process/task_queues:105:5)[39m
    at [90m/Users/poonjohnny/Desktop/ProjectApp/Journo/frontend/[39msrc/services/__tests__/storageSizeManager.test.ts:351:21
    at file:///Users/poonjohnny/Desktop/ProjectApp/Journo/node_modules/[4m@vitest[24m/runner/dist/chunk-hooks.js:752:20

stderr | src/services/__tests__/storageSizeManager.test.ts > StorageSizeManagerService > Storage limit enforcement > should enforce 50MB limit
Error calculating store size: TypeError: Cannot read properties of undefined (reading 'iterate')
    at StorageSizeManagerService.calculateStoreSize [90m(/Users/poonjohnny/Desktop/ProjectApp/Journo/frontend/[39msrc/services/storageSizeManager.ts:110:19[90m)[39m
    at StorageSizeManagerService.getStorageStats [90m(/Users/poonjohnny/Desktop/ProjectApp/Journo/frontend/[39msrc/services/storageSizeManager.ts:83:31[90m)[39m
[90m    at processTicksAndRejections (node:internal/process/task_queues:105:5)[39m
    at [90m/Users/poonjohnny/Desktop/ProjectApp/Journo/frontend/[39msrc/services/__tests__/storageSizeManager.test.ts:351:21
    at file:///Users/poonjohnny/Desktop/ProjectApp/Journo/node_modules/[4m@vitest[24m/runner/dist/chunk-hooks.js:752:20

stderr | src/services/__tests__/storageSizeManager.test.ts > StorageSizeManagerService > Storage limit enforcement > should enforce 50MB limit
Error calculating store size: TypeError: Cannot read properties of undefined (reading 'iterate')
    at StorageSizeManagerService.calculateStoreSize [90m(/Users/poonjohnny/Desktop/ProjectApp/Journo/frontend/[39msrc/services/storageSizeManager.ts:110:19[90m)[39m
    at StorageSizeManagerService.getStorageStats [90m(/Users/poonjohnny/Desktop/ProjectApp/Journo/frontend/[39msrc/services/storageSizeManager.ts:83:31[90m)[39m
[90m    at processTicksAndRejections (node:internal/process/task_queues:105:5)[39m
    at [90m/Users/poonjohnny/Desktop/ProjectApp/Journo/frontend/[39msrc/services/__tests__/storageSizeManager.test.ts:351:21
    at file:///Users/poonjohnny/Desktop/ProjectApp/Journo/node_modules/[4m@vitest[24m/runner/dist/chunk-hooks.js:752:20

stderr | src/services/__tests__/storageSizeManager.test.ts > StorageSizeManagerService > Storage limit enforcement > should enforce 50MB limit
Error calculating store size: TypeError: Cannot read properties of undefined (reading 'iterate')
    at StorageSizeManagerService.calculateStoreSize [90m(/Users/poonjohnny/Desktop/ProjectApp/Journo/frontend/[39msrc/services/storageSizeManager.ts:110:19[90m)[39m
    at StorageSizeManagerService.getStorageStats [90m(/Users/poonjohnny/Desktop/ProjectApp/Journo/frontend/[39msrc/services/storageSizeManager.ts:83:31[90m)[39m
[90m    at processTicksAndRejections (node:internal/process/task_queues:105:5)[39m
    at [90m/Users/poonjohnny/Desktop/ProjectApp/Journo/frontend/[39msrc/services/__tests__/storageSizeManager.test.ts:351:21
    at file:///Users/poonjohnny/Desktop/ProjectApp/Journo/node_modules/[4m@vitest[24m/runner/dist/chunk-hooks.js:752:20

stderr | src/services/__tests__/storageSizeManager.test.ts > StorageSizeManagerService > Storage limit enforcement > should enforce 50MB limit
Error calculating store size: TypeError: Cannot read properties of undefined (reading 'iterate')
    at StorageSizeManagerService.calculateStoreSize [90m(/Users/poonjohnny/Desktop/ProjectApp/Journo/frontend/[39msrc/services/storageSizeManager.ts:110:19[90m)[39m
    at StorageSizeManagerService.getStorageStats [90m(/Users/poonjohnny/Desktop/ProjectApp/Journo/frontend/[39msrc/services/storageSizeManager.ts:83:31[90m)[39m
[90m    at processTicksAndRejections (node:internal/process/task_queues:105:5)[39m
    at [90m/Users/poonjohnny/Desktop/ProjectApp/Journo/frontend/[39msrc/services/__tests__/storageSizeManager.test.ts:351:21
    at file:///Users/poonjohnny/Desktop/ProjectApp/Journo/node_modules/[4m@vitest[24m/runner/dist/chunk-hooks.js:752:20

stderr | src/services/__tests__/storageSizeManager.test.ts > StorageSizeManagerService > Storage limit enforcement > should enforce 50MB limit
Error calculating store size: TypeError: Cannot read properties of undefined (reading 'iterate')
    at StorageSizeManagerService.calculateStoreSize [90m(/Users/poonjohnny/Desktop/ProjectApp/Journo/frontend/[39msrc/services/storageSizeManager.ts:110:19[90m)[39m
    at StorageSizeManagerService.getStorageStats [90m(/Users/poonjohnny/Desktop/ProjectApp/Journo/frontend/[39msrc/services/storageSizeManager.ts:83:31[90m)[39m
[90m    at processTicksAndRejections (node:internal/process/task_queues:105:5)[39m
    at [90m/Users/poonjohnny/Desktop/ProjectApp/Journo/frontend/[39msrc/services/__tests__/storageSizeManager.test.ts:351:21
    at file:///Users/poonjohnny/Desktop/ProjectApp/Journo/node_modules/[4m@vitest[24m/runner/dist/chunk-hooks.js:752:20

stderr | src/services/__tests__/storageSizeManager.test.ts > StorageSizeManagerService > Storage limit enforcement > should enforce 50MB limit
Error calculating Quick Plan size: TypeError: Cannot read properties of undefined (reading 'getItem')
    at StorageSizeManagerService.calculateQuickPlanSize [90m(/Users/poonjohnny/Desktop/ProjectApp/Journo/frontend/[39msrc/services/storageSizeManager.ts:138:43[90m)[39m
    at StorageSizeManagerService.getStorageStats [90m(/Users/poonjohnny/Desktop/ProjectApp/Journo/frontend/[39msrc/services/storageSizeManager.ts:88:38[90m)[39m
[90m    at processTicksAndRejections (node:internal/process/task_queues:105:5)[39m
    at [90m/Users/poonjohnny/Desktop/ProjectApp/Journo/frontend/[39msrc/services/__tests__/storageSizeManager.test.ts:351:21
    at file:///Users/poonjohnny/Desktop/ProjectApp/Journo/node_modules/[4m@vitest[24m/runner/dist/chunk-hooks.js:752:20

stderr | src/services/__tests__/storageSizeManager.test.ts > StorageSizeManagerService > Storage limit enforcement > should detect when at 80% threshold
Error calculating store size: TypeError: Cannot read properties of undefined (reading 'iterate')
    at StorageSizeManagerService.calculateStoreSize [90m(/Users/poonjohnny/Desktop/ProjectApp/Journo/frontend/[39msrc/services/storageSizeManager.ts:110:19[90m)[39m
    at StorageSizeManagerService.getStorageStats [90m(/Users/poonjohnny/Desktop/ProjectApp/Journo/frontend/[39msrc/services/storageSizeManager.ts:83:31[90m)[39m
    at [90m/Users/poonjohnny/Desktop/ProjectApp/Journo/frontend/[39msrc/services/__tests__/storageSizeManager.test.ts:360:46
    at file:///Users/poonjohnny/Desktop/ProjectApp/Journo/node_modules/[4m@vitest[24m/runner/dist/chunk-hooks.js:155:11
    at file:///Users/poonjohnny/Desktop/ProjectApp/Journo/node_modules/[4m@vitest[24m/runner/dist/chunk-hooks.js:752:26
    at file:///Users/poonjohnny/Desktop/ProjectApp/Journo/node_modules/[4m@vitest[24m/runner/dist/chunk-hooks.js:1897:20
    at new Promise (<anonymous>)
    at runWithTimeout (file:///Users/poonjohnny/Desktop/ProjectApp/Journo/node_modules/[4m@vitest[24m/runner/dist/chunk-hooks.js:1863:10)
    at runTest (file:///Users/poonjohnny/Desktop/ProjectApp/Journo/node_modules/[4m@vitest[24m/runner/dist/chunk-hooks.js:1574:12)
[90m    at processTicksAndRejections (node:internal/process/task_queues:105:5)[39m

stderr | src/services/__tests__/storageSizeManager.test.ts > StorageSizeManagerService > Storage limit enforcement > should detect when at 80% threshold
Error calculating store size: TypeError: Cannot read properties of undefined (reading 'iterate')
    at StorageSizeManagerService.calculateStoreSize [90m(/Users/poonjohnny/Desktop/ProjectApp/Journo/frontend/[39msrc/services/storageSizeManager.ts:110:19[90m)[39m
    at StorageSizeManagerService.getStorageStats [90m(/Users/poonjohnny/Desktop/ProjectApp/Journo/frontend/[39msrc/services/storageSizeManager.ts:83:31[90m)[39m
[90m    at processTicksAndRejections (node:internal/process/task_queues:105:5)[39m
    at [90m/Users/poonjohnny/Desktop/ProjectApp/Journo/frontend/[39msrc/services/__tests__/storageSizeManager.test.ts:360:21
    at file:///Users/poonjohnny/Desktop/ProjectApp/Journo/node_modules/[4m@vitest[24m/runner/dist/chunk-hooks.js:752:20

stderr | src/services/__tests__/storageSizeManager.test.ts > StorageSizeManagerService > Storage limit enforcement > should detect when at 80% threshold
Error calculating store size: TypeError: Cannot read properties of undefined (reading 'iterate')
    at StorageSizeManagerService.calculateStoreSize [90m(/Users/poonjohnny/Desktop/ProjectApp/Journo/frontend/[39msrc/services/storageSizeManager.ts:110:19[90m)[39m
    at StorageSizeManagerService.getStorageStats [90m(/Users/poonjohnny/Desktop/ProjectApp/Journo/frontend/[39msrc/services/storageSizeManager.ts:83:31[90m)[39m
[90m    at processTicksAndRejections (node:internal/process/task_queues:105:5)[39m
    at [90m/Users/poonjohnny/Desktop/ProjectApp/Journo/frontend/[39msrc/services/__tests__/storageSizeManager.test.ts:360:21
    at file:///Users/poonjohnny/Desktop/ProjectApp/Journo/node_modules/[4m@vitest[24m/runner/dist/chunk-hooks.js:752:20

stderr | src/services/__tests__/storageSizeManager.test.ts > StorageSizeManagerService > Storage limit enforcement > should detect when at 80% threshold
Error calculating store size: TypeError: Cannot read properties of undefined (reading 'iterate')
    at StorageSizeManagerService.calculateStoreSize [90m(/Users/poonjohnny/Desktop/ProjectApp/Journo/frontend/[39msrc/services/storageSizeManager.ts:110:19[90m)[39m
    at StorageSizeManagerService.getStorageStats [90m(/Users/poonjohnny/Desktop/ProjectApp/Journo/frontend/[39msrc/services/storageSizeManager.ts:83:31[90m)[39m
[90m    at processTicksAndRejections (node:internal/process/task_queues:105:5)[39m
    at [90m/Users/poonjohnny/Desktop/ProjectApp/Journo/frontend/[39msrc/services/__tests__/storageSizeManager.test.ts:360:21
    at file:///Users/poonjohnny/Desktop/ProjectApp/Journo/node_modules/[4m@vitest[24m/runner/dist/chunk-hooks.js:752:20

stderr | src/services/__tests__/storageSizeManager.test.ts > StorageSizeManagerService > Storage limit enforcement > should detect when at 80% threshold
Error calculating store size: TypeError: Cannot read properties of undefined (reading 'iterate')
    at StorageSizeManagerService.calculateStoreSize [90m(/Users/poonjohnny/Desktop/ProjectApp/Journo/frontend/[39msrc/services/storageSizeManager.ts:110:19[90m)[39m
    at StorageSizeManagerService.getStorageStats [90m(/Users/poonjohnny/Desktop/ProjectApp/Journo/frontend/[39msrc/services/storageSizeManager.ts:83:31[90m)[39m
[90m    at processTicksAndRejections (node:internal/process/task_queues:105:5)[39m
    at [90m/Users/poonjohnny/Desktop/ProjectApp/Journo/frontend/[39msrc/services/__tests__/storageSizeManager.test.ts:360:21
    at file:///Users/poonjohnny/Desktop/ProjectApp/Journo/node_modules/[4m@vitest[24m/runner/dist/chunk-hooks.js:752:20

stderr | src/services/__tests__/storageSizeManager.test.ts > StorageSizeManagerService > Storage limit enforcement > should detect when at 80% threshold
Error calculating store size: TypeError: Cannot read properties of undefined (reading 'iterate')
    at StorageSizeManagerService.calculateStoreSize [90m(/Users/poonjohnny/Desktop/ProjectApp/Journo/frontend/[39msrc/services/storageSizeManager.ts:110:19[90m)[39m
    at StorageSizeManagerService.getStorageStats [90m(/Users/poonjohnny/Desktop/ProjectApp/Journo/frontend/[39msrc/services/storageSizeManager.ts:83:31[90m)[39m
[90m    at processTicksAndRejections (node:internal/process/task_queues:105:5)[39m
    at [90m/Users/poonjohnny/Desktop/ProjectApp/Journo/frontend/[39msrc/services/__tests__/storageSizeManager.test.ts:360:21
    at file:///Users/poonjohnny/Desktop/ProjectApp/Journo/node_modules/[4m@vitest[24m/runner/dist/chunk-hooks.js:752:20

stderr | src/services/__tests__/storageSizeManager.test.ts > StorageSizeManagerService > Storage limit enforcement > should detect when at 80% threshold
Error calculating store size: TypeError: Cannot read properties of undefined (reading 'iterate')
    at StorageSizeManagerService.calculateStoreSize [90m(/Users/poonjohnny/Desktop/ProjectApp/Journo/frontend/[39msrc/services/storageSizeManager.ts:110:19[90m)[39m
    at StorageSizeManagerService.getStorageStats [90m(/Users/poonjohnny/Desktop/ProjectApp/Journo/frontend/[39msrc/services/storageSizeManager.ts:83:31[90m)[39m
[90m    at processTicksAndRejections (node:internal/process/task_queues:105:5)[39m
    at [90m/Users/poonjohnny/Desktop/ProjectApp/Journo/frontend/[39msrc/services/__tests__/storageSizeManager.test.ts:360:21
    at file:///Users/poonjohnny/Desktop/ProjectApp/Journo/node_modules/[4m@vitest[24m/runner/dist/chunk-hooks.js:752:20

stderr | src/services/__tests__/storageSizeManager.test.ts > StorageSizeManagerService > Storage limit enforcement > should detect when at 80% threshold
Error calculating store size: TypeError: Cannot read properties of undefined (reading 'iterate')
    at StorageSizeManagerService.calculateStoreSize [90m(/Users/poonjohnny/Desktop/ProjectApp/Journo/frontend/[39msrc/services/storageSizeManager.ts:110:19[90m)[39m
    at StorageSizeManagerService.getStorageStats [90m(/Users/poonjohnny/Desktop/ProjectApp/Journo/frontend/[39msrc/services/storageSizeManager.ts:83:31[90m)[39m
[90m    at processTicksAndRejections (node:internal/process/task_queues:105:5)[39m
    at [90m/Users/poonjohnny/Desktop/ProjectApp/Journo/frontend/[39msrc/services/__tests__/storageSizeManager.test.ts:360:21
    at file:///Users/poonjohnny/Desktop/ProjectApp/Journo/node_modules/[4m@vitest[24m/runner/dist/chunk-hooks.js:752:20

stderr | src/services/__tests__/storageSizeManager.test.ts > StorageSizeManagerService > Storage limit enforcement > should detect when at 80% threshold
Error calculating store size: TypeError: Cannot read properties of undefined (reading 'iterate')
    at StorageSizeManagerService.calculateStoreSize [90m(/Users/poonjohnny/Desktop/ProjectApp/Journo/frontend/[39msrc/services/storageSizeManager.ts:110:19[90m)[39m
    at StorageSizeManagerService.getStorageStats [90m(/Users/poonjohnny/Desktop/ProjectApp/Journo/frontend/[39msrc/services/storageSizeManager.ts:83:31[90m)[39m
[90m    at processTicksAndRejections (node:internal/process/task_queues:105:5)[39m
    at [90m/Users/poonjohnny/Desktop/ProjectApp/Journo/frontend/[39msrc/services/__tests__/storageSizeManager.test.ts:360:21
    at file:///Users/poonjohnny/Desktop/ProjectApp/Journo/node_modules/[4m@vitest[24m/runner/dist/chunk-hooks.js:752:20

stderr | src/services/__tests__/storageSizeManager.test.ts > StorageSizeManagerService > Storage limit enforcement > should detect when at 80% threshold
Error calculating Quick Plan size: TypeError: Cannot read properties of undefined (reading 'getItem')
    at StorageSizeManagerService.calculateQuickPlanSize [90m(/Users/poonjohnny/Desktop/ProjectApp/Journo/frontend/[39msrc/services/storageSizeManager.ts:138:43[90m)[39m
    at StorageSizeManagerService.getStorageStats [90m(/Users/poonjohnny/Desktop/ProjectApp/Journo/frontend/[39msrc/services/storageSizeManager.ts:88:38[90m)[39m
[90m    at processTicksAndRejections (node:internal/process/task_queues:105:5)[39m
    at [90m/Users/poonjohnny/Desktop/ProjectApp/Journo/frontend/[39msrc/services/__tests__/storageSizeManager.test.ts:360:21
    at file:///Users/poonjohnny/Desktop/ProjectApp/Journo/node_modules/[4m@vitest[24m/runner/dist/chunk-hooks.js:752:20

stderr | src/services/__tests__/storageSizeManager.test.ts > StorageSizeManagerService > Storage limit enforcement > should track total size across all stores
Error calculating store size: TypeError: Cannot read properties of undefined (reading 'iterate')
    at StorageSizeManagerService.calculateStoreSize [90m(/Users/poonjohnny/Desktop/ProjectApp/Journo/frontend/[39msrc/services/storageSizeManager.ts:110:19[90m)[39m
    at StorageSizeManagerService.getStorageStats [90m(/Users/poonjohnny/Desktop/ProjectApp/Journo/frontend/[39msrc/services/storageSizeManager.ts:83:31[90m)[39m
    at [90m/Users/poonjohnny/Desktop/ProjectApp/Journo/frontend/[39msrc/services/__tests__/storageSizeManager.test.ts:370:46
    at file:///Users/poonjohnny/Desktop/ProjectApp/Journo/node_modules/[4m@vitest[24m/runner/dist/chunk-hooks.js:155:11
    at file:///Users/poonjohnny/Desktop/ProjectApp/Journo/node_modules/[4m@vitest[24m/runner/dist/chunk-hooks.js:752:26
    at file:///Users/poonjohnny/Desktop/ProjectApp/Journo/node_modules/[4m@vitest[24m/runner/dist/chunk-hooks.js:1897:20
    at new Promise (<anonymous>)
    at runWithTimeout (file:///Users/poonjohnny/Desktop/ProjectApp/Journo/node_modules/[4m@vitest[24m/runner/dist/chunk-hooks.js:1863:10)
    at runTest (file:///Users/poonjohnny/Desktop/ProjectApp/Journo/node_modules/[4m@vitest[24m/runner/dist/chunk-hooks.js:1574:12)
[90m    at processTicksAndRejections (node:internal/process/task_queues:105:5)[39m

stderr | src/services/__tests__/storageSizeManager.test.ts > StorageSizeManagerService > Storage limit enforcement > should track total size across all stores
Error calculating store size: TypeError: Cannot read properties of undefined (reading 'iterate')
    at StorageSizeManagerService.calculateStoreSize [90m(/Users/poonjohnny/Desktop/ProjectApp/Journo/frontend/[39msrc/services/storageSizeManager.ts:110:19[90m)[39m
    at StorageSizeManagerService.getStorageStats [90m(/Users/poonjohnny/Desktop/ProjectApp/Journo/frontend/[39msrc/services/storageSizeManager.ts:83:31[90m)[39m
[90m    at processTicksAndRejections (node:internal/process/task_queues:105:5)[39m
    at [90m/Users/poonjohnny/Desktop/ProjectApp/Journo/frontend/[39msrc/services/__tests__/storageSizeManager.test.ts:370:21
    at file:///Users/poonjohnny/Desktop/ProjectApp/Journo/node_modules/[4m@vitest[24m/runner/dist/chunk-hooks.js:752:20

stderr | src/services/__tests__/storageSizeManager.test.ts > StorageSizeManagerService > Storage limit enforcement > should track total size across all stores
Error calculating store size: TypeError: Cannot read properties of undefined (reading 'iterate')
    at StorageSizeManagerService.calculateStoreSize [90m(/Users/poonjohnny/Desktop/ProjectApp/Journo/frontend/[39msrc/services/storageSizeManager.ts:110:19[90m)[39m
    at StorageSizeManagerService.getStorageStats [90m(/Users/poonjohnny/Desktop/ProjectApp/Journo/frontend/[39msrc/services/storageSizeManager.ts:83:31[90m)[39m
[90m    at processTicksAndRejections (node:internal/process/task_queues:105:5)[39m
    at [90m/Users/poonjohnny/Desktop/ProjectApp/Journo/frontend/[39msrc/services/__tests__/storageSizeManager.test.ts:370:21
    at file:///Users/poonjohnny/Desktop/ProjectApp/Journo/node_modules/[4m@vitest[24m/runner/dist/chunk-hooks.js:752:20

stderr | src/services/__tests__/storageSizeManager.test.ts > StorageSizeManagerService > Storage limit enforcement > should track total size across all stores
Error calculating store size: TypeError: Cannot read properties of undefined (reading 'iterate')
    at StorageSizeManagerService.calculateStoreSize [90m(/Users/poonjohnny/Desktop/ProjectApp/Journo/frontend/[39msrc/services/storageSizeManager.ts:110:19[90m)[39m
    at StorageSizeManagerService.getStorageStats [90m(/Users/poonjohnny/Desktop/ProjectApp/Journo/frontend/[39msrc/services/storageSizeManager.ts:83:31[90m)[39m
[90m    at processTicksAndRejections (node:internal/process/task_queues:105:5)[39m
    at [90m/Users/poonjohnny/Desktop/ProjectApp/Journo/frontend/[39msrc/services/__tests__/storageSizeManager.test.ts:370:21
    at file:///Users/poonjohnny/Desktop/ProjectApp/Journo/node_modules/[4m@vitest[24m/runner/dist/chunk-hooks.js:752:20

stderr | src/services/__tests__/storageSizeManager.test.ts > StorageSizeManagerService > Storage limit enforcement > should track total size across all stores
Error calculating store size: TypeError: Cannot read properties of undefined (reading 'iterate')
    at StorageSizeManagerService.calculateStoreSize [90m(/Users/poonjohnny/Desktop/ProjectApp/Journo/frontend/[39msrc/services/storageSizeManager.ts:110:19[90m)[39m
    at StorageSizeManagerService.getStorageStats [90m(/Users/poonjohnny/Desktop/ProjectApp/Journo/frontend/[39msrc/services/storageSizeManager.ts:83:31[90m)[39m
[90m    at processTicksAndRejections (node:internal/process/task_queues:105:5)[39m
    at [90m/Users/poonjohnny/Desktop/ProjectApp/Journo/frontend/[39msrc/services/__tests__/storageSizeManager.test.ts:370:21
    at file:///Users/poonjohnny/Desktop/ProjectApp/Journo/node_modules/[4m@vitest[24m/runner/dist/chunk-hooks.js:752:20

stderr | src/services/__tests__/storageSizeManager.test.ts > StorageSizeManagerService > Storage limit enforcement > should track total size across all stores
Error calculating store size: TypeError: Cannot read properties of undefined (reading 'iterate')
    at StorageSizeManagerService.calculateStoreSize [90m(/Users/poonjohnny/Desktop/ProjectApp/Journo/frontend/[39msrc/services/storageSizeManager.ts:110:19[90m)[39m
    at StorageSizeManagerService.getStorageStats [90m(/Users/poonjohnny/Desktop/ProjectApp/Journo/frontend/[39msrc/services/storageSizeManager.ts:83:31[90m)[39m
[90m    at processTicksAndRejections (node:internal/process/task_queues:105:5)[39m
    at [90m/Users/poonjohnny/Desktop/ProjectApp/Journo/frontend/[39msrc/services/__tests__/storageSizeManager.test.ts:370:21
    at file:///Users/poonjohnny/Desktop/ProjectApp/Journo/node_modules/[4m@vitest[24m/runner/dist/chunk-hooks.js:752:20

stderr | src/services/__tests__/storageSizeManager.test.ts > StorageSizeManagerService > Storage limit enforcement > should track total size across all stores
Error calculating store size: TypeError: Cannot read properties of undefined (reading 'iterate')
    at StorageSizeManagerService.calculateStoreSize [90m(/Users/poonjohnny/Desktop/ProjectApp/Journo/frontend/[39msrc/services/storageSizeManager.ts:110:19[90m)[39m
    at StorageSizeManagerService.getStorageStats [90m(/Users/poonjohnny/Desktop/ProjectApp/Journo/frontend/[39msrc/services/storageSizeManager.ts:83:31[90m)[39m
[90m    at processTicksAndRejections (node:internal/process/task_queues:105:5)[39m
    at [90m/Users/poonjohnny/Desktop/ProjectApp/Journo/frontend/[39msrc/services/__tests__/storageSizeManager.test.ts:370:21
    at file:///Users/poonjohnny/Desktop/ProjectApp/Journo/node_modules/[4m@vitest[24m/runner/dist/chunk-hooks.js:752:20

stderr | src/services/__tests__/storageSizeManager.test.ts > StorageSizeManagerService > Storage limit enforcement > should track total size across all stores
Error calculating store size: TypeError: Cannot read properties of undefined (reading 'iterate')
    at StorageSizeManagerService.calculateStoreSize [90m(/Users/poonjohnny/Desktop/ProjectApp/Journo/frontend/[39msrc/services/storageSizeManager.ts:110:19[90m)[39m
    at StorageSizeManagerService.getStorageStats [90m(/Users/poonjohnny/Desktop/ProjectApp/Journo/frontend/[39msrc/services/storageSizeManager.ts:83:31[90m)[39m
[90m    at processTicksAndRejections (node:internal/process/task_queues:105:5)[39m
    at [90m/Users/poonjohnny/Desktop/ProjectApp/Journo/frontend/[39msrc/services/__tests__/storageSizeManager.test.ts:370:21
    at file:///Users/poonjohnny/Desktop/ProjectApp/Journo/node_modules/[4m@vitest[24m/runner/dist/chunk-hooks.js:752:20

stderr | src/services/__tests__/storageSizeManager.test.ts > StorageSizeManagerService > Storage limit enforcement > should track total size across all stores
Error calculating store size: TypeError: Cannot read properties of undefined (reading 'iterate')
    at StorageSizeManagerService.calculateStoreSize [90m(/Users/poonjohnny/Desktop/ProjectApp/Journo/frontend/[39msrc/services/storageSizeManager.ts:110:19[90m)[39m
    at StorageSizeManagerService.getStorageStats [90m(/Users/poonjohnny/Desktop/ProjectApp/Journo/frontend/[39msrc/services/storageSizeManager.ts:83:31[90m)[39m
[90m    at processTicksAndRejections (node:internal/process/task_queues:105:5)[39m
    at [90m/Users/poonjohnny/Desktop/ProjectApp/Journo/frontend/[39msrc/services/__tests__/storageSizeManager.test.ts:370:21
    at file:///Users/poonjohnny/Desktop/ProjectApp/Journo/node_modules/[4m@vitest[24m/runner/dist/chunk-hooks.js:752:20

stderr | src/services/__tests__/storageSizeManager.test.ts > StorageSizeManagerService > Storage limit enforcement > should track total size across all stores
Error calculating Quick Plan size: TypeError: Cannot read properties of undefined (reading 'getItem')
    at StorageSizeManagerService.calculateQuickPlanSize [90m(/Users/poonjohnny/Desktop/ProjectApp/Journo/frontend/[39msrc/services/storageSizeManager.ts:138:43[90m)[39m
    at StorageSizeManagerService.getStorageStats [90m(/Users/poonjohnny/Desktop/ProjectApp/Journo/frontend/[39msrc/services/storageSizeManager.ts:88:38[90m)[39m
[90m    at processTicksAndRejections (node:internal/process/task_queues:105:5)[39m
    at [90m/Users/poonjohnny/Desktop/ProjectApp/Journo/frontend/[39msrc/services/__tests__/storageSizeManager.test.ts:370:21
    at file:///Users/poonjohnny/Desktop/ProjectApp/Journo/node_modules/[4m@vitest[24m/runner/dist/chunk-hooks.js:752:20

 ❯ src/services/__tests__/storageSizeManager.test.ts (19 tests | 12 failed) 215ms
   × StorageSizeManagerService > getStorageStats > should calculate storage statistics correctly 35ms
     → expected 0 to be greater than 0
   × StorageSizeManagerService > getStorageStats > should detect when storage is near limit 22ms
     → expected false to be true // Object.is equality
   × StorageSizeManagerService > getStorageStats > should detect when storage is over limit 13ms
     → expected false to be true // Object.is equality
   × StorageSizeManagerService > getStorageStats > should provide breakdown by store type 9ms
     → expected 0 to be greater than 0
   ✓ StorageSizeManagerService > wouldExceedLimit > should return false when operation would not exceed limit 10ms
   × StorageSizeManagerService > wouldExceedLimit > should return true when operation would exceed limit 11ms
     → expected false to be true // Object.is equality
   × StorageSizeManagerService > evictCache > should evict completed sync queue items first 6ms
     → expected false to be true // Object.is equality
   × StorageSizeManagerService > evictCache > should evict expired Quick Plan cache 5ms
     → expected 0 to be greater than 0
   × StorageSizeManagerService > evictCache > should evict oldest Quick Plan cache when needed 6ms
     → expected 0 to be greater than 0
   × StorageSizeManagerService > evictCache > should evict oldest story items when other methods insufficient 7ms
     → expected 0 to be greater than 0
   ✓ StorageSizeManagerService > evictCache > should not evict trips with pending sync 10ms
   ✓ StorageSizeManagerService > evictCache > should return success false when unable to free enough space 3ms
   ✓ StorageSizeManagerService > ensureSpaceAvailable > should return true when space is available 10ms
   ✓ StorageSizeManagerService > ensureSpaceAvailable > should attempt eviction when space is not available 9ms
   × StorageSizeManagerService > ensureSpaceAvailable > should return false when eviction cannot free enough space 11ms
     → expected true to be false // Object.is equality
   ✓ StorageSizeManagerService > formatBytes > should format bytes correctly 1ms
   ✓ StorageSizeManagerService > Storage limit enforcement > should enforce 50MB limit 15ms
   × StorageSizeManagerService > Storage limit enforcement > should detect when at 80% threshold 7ms
     → expected false to be true // Object.is equality
   × StorageSizeManagerService > Storage limit enforcement > should track total size across all stores 18ms
     → expected 0 to be greater than 3072
 ❯ src/components/kawaii/__tests__/CollaborationComponents.test.tsx (12 tests | 4 failed) 466ms
   ✓ Collaboration Components > PresenceIndicator > should not render when no viewers 66ms
   × Collaboration Components > PresenceIndicator > should render viewer count 161ms
     → Unable to find an element with the text: /2 viewers/i. This could be because the text is broken up by multiple elements. In this case, you can provide a function for your text matcher to make your matcher more flexible.

Ignored nodes: comments, script, style
[36m<body>[39m
  [36m<div>[39m
    [36m<div[39m
      [33mclass[39m=[32m"flex items-center gap-2 "[39m
      [33mstyle[39m=[32m"opacity: 0; transform: scale(0.9);"[39m
    [36m>[39m
      [36m<div[39m
        [33mclass[39m=[32m"flex -space-x-2"[39m
      [36m>[39m
        [36m<div[39m
          [33mclass[39m=[32m"w-10 h-10 rounded-full bg-pink-500 flex items-center justify-center text-white text-xs font-bold border-2 border-white dark:border-gray-800 shadow-sm"[39m
          [33mstyle[39m=[32m"transform: scale(0);"[39m
          [33mtitle[39m=[32m"user1@example.com"[39m
        [36m>[39m
          [0mUS[0m
        [36m</div>[39m
        [36m<div[39m
          [33mclass[39m=[32m"w-10 h-10 rounded-full bg-purple-500 flex items-center justify-center text-white text-xs font-bold border-2 border-white dark:border-gray-800 shadow-sm"[39m
          [33mstyle[39m=[32m"transform: scale(0);"[39m
          [33mtitle[39m=[32m"user2@example.com"[39m
        [36m>[39m
          [0mUS[0m
        [36m</div>[39m
      [36m</div>[39m
      [36m<span[39m
        [33mclass[39m=[32m"text-sm text-gray-600 dark:text-gray-400"[39m
      [36m>[39m
        [0mpresence.multipleViewers[0m
      [36m</span>[39m
    [36m</div>[39m
  [36m</div>[39m
[36m</body>[39m
   × Collaboration Components > PresenceIndicator > should render single viewer text 25ms
     → Unable to find an element with the text: /1 viewer/i. This could be because the text is broken up by multiple elements. In this case, you can provide a function for your text matcher to make your matcher more flexible.

Ignored nodes: comments, script, style
[36m<body>[39m
  [36m<div>[39m
    [36m<div[39m
      [33mclass[39m=[32m"flex items-center gap-2 "[39m
      [33mstyle[39m=[32m"opacity: 0; transform: scale(0.9);"[39m
    [36m>[39m
      [36m<div[39m
        [33mclass[39m=[32m"flex -space-x-2"[39m
      [36m>[39m
        [36m<div[39m
          [33mclass[39m=[32m"w-10 h-10 rounded-full bg-pink-500 flex items-center justify-center text-white text-xs font-bold border-2 border-white dark:border-gray-800 shadow-sm"[39m
          [33mstyle[39m=[32m"transform: scale(0);"[39m
          [33mtitle[39m=[32m"user1@example.com"[39m
        [36m>[39m
          [0mUS[0m
        [36m</div>[39m
      [36m</div>[39m
      [36m<span[39m
        [33mclass[39m=[32m"text-sm text-gray-600 dark:text-gray-400"[39m
      [36m>[39m
        [0mpresence.oneViewer[0m
      [36m</span>[39m
    [36m</div>[39m
  [36m</div>[39m
[36m</body>[39m
   ✓ Collaboration Components > PresenceIndicator > should show viewer initials 14ms
   ✓ Collaboration Components > EditingIndicator > should not render when no one is editing 8ms
   × Collaboration Components > EditingIndicator > should render when someone is editing 23ms
     → Unable to find an element with the text: /John Doe is editing/i. This could be because the text is broken up by multiple elements. In this case, you can provide a function for your text matcher to make your matcher more flexible.

Ignored nodes: comments, script, style
[36m<body>[39m
  [36m<div>[39m
    [36m<div[39m
      [33mclass[39m=[32m"inline-flex items-center gap-1.5 px-2 py-1 rounded-full bg-amber-100 dark:bg-amber-900/30 text-amber-800 dark:text-amber-200 "[39m
      [33mstyle[39m=[32m"opacity: 0; transform: translateX(-10px);"[39m
    [36m>[39m
      [36m<div>[39m
        [36m<svg[39m
          [33maria-hidden[39m=[32m"true"[39m
          [33mclass[39m=[32m"w-3 h-3"[39m
          [33mdata-slot[39m=[32m"icon"[39m
          [33mfill[39m=[32m"none"[39m
          [33mstroke[39m=[32m"currentColor"[39m
          [33mstroke-width[39m=[32m"1.5"[39m
          [33mviewBox[39m=[32m"0 0 24 24"[39m
          [33mxmlns[39m=[32m"http://www.w3.org/2000/svg"[39m
        [36m>[39m
          [36m<path[39m
            [33md[39m=[32m"m16.862 4.487 1.687-1.688a1.875 1.875 0 1 1 2.652 2.652L6.832 19.82a4.5 4.5 0 0 1-1.897 1.13l-2.685.8.8-2.685a4.5 4.5 0 0 1 1.13-1.897L16.863 4.487Zm0 0L19.5 7.125"[39m
            [33mstroke-linecap[39m=[32m"round"[39m
            [33mstroke-linejoin[39m=[32m"round"[39m
          [36m/>[39m
        [36m</svg>[39m
      [36m</div>[39m
      [36m<span[39m
        [33mclass[39m=[32m"text-xs font-medium"[39m
      [36m>[39m
        [0mediting.userEditing[0m
      [36m</span>[39m
    [36m</div>[39m
  [36m</div>[39m
[36m</body>[39m
   × Collaboration Components > EditingIndicator > should use email as fallback for name 19ms
     → Unable to find an element with the text: /john\.doe is editing/i. This could be because the text is broken up by multiple elements. In this case, you can provide a function for your text matcher to make your matcher more flexible.

Ignored nodes: comments, script, style
[36m<body>[39m
  [36m<div>[39m
    [36m<div[39m
      [33mclass[39m=[32m"inline-flex items-center gap-1.5 px-2 py-1 rounded-full bg-amber-100 dark:bg-amber-900/30 text-amber-800 dark:text-amber-200 "[39m
      [33mstyle[39m=[32m"opacity: 0; transform: translateX(-10px);"[39m
    [36m>[39m
      [36m<div>[39m
        [36m<svg[39m
          [33maria-hidden[39m=[32m"true"[39m
          [33mclass[39m=[32m"w-3 h-3"[39m
          [33mdata-slot[39m=[32m"icon"[39m
          [33mfill[39m=[32m"none"[39m
          [33mstroke[39m=[32m"currentColor"[39m
          [33mstroke-width[39m=[32m"1.5"[39m
          [33mviewBox[39m=[32m"0 0 24 24"[39m
          [33mxmlns[39m=[32m"http://www.w3.org/2000/svg"[39m
        [36m>[39m
          [36m<path[39m
            [33md[39m=[32m"m16.862 4.487 1.687-1.688a1.875 1.875 0 1 1 2.652 2.652L6.832 19.82a4.5 4.5 0 0 1-1.897 1.13l-2.685.8.8-2.685a4.5 4.5 0 0 1 1.13-1.897L16.863 4.487Zm0 0L19.5 7.125"[39m
            [33mstroke-linecap[39m=[32m"round"[39m
            [33mstroke-linejoin[39m=[32m"round"[39m
          [36m/>[39m
        [36m</svg>[39m
      [36m</div>[39m
      [36m<span[39m
        [33mclass[39m=[32m"text-xs font-medium"[39m
      [36m>[39m
        [0mediting.userEditing[0m
      [36m</span>[39m
    [36m</div>[39m
  [36m</div>[39m
[36m</body>[39m
   ✓ Collaboration Components > ConnectionStatusIndicator > should not render when connected by default 3ms
   ✓ Collaboration Components > ConnectionStatusIndicator > should render when connected if showWhenConnected is true 23ms
   ✓ Collaboration Components > ConnectionStatusIndicator > should render connecting state 59ms
   ✓ Collaboration Components > ConnectionStatusIndicator > should render reconnecting state with retry button 51ms
   ✓ Collaboration Components > ConnectionStatusIndicator > should render disconnected state with retry button 9ms
 ❯ src/hooks/__tests__/useFormHandler.test.tsx (19 tests | 4 failed) 176ms
   ✓ useFormHandler > Initialization > should initialize with default values 46ms
   ✓ useFormHandler > Initialization > should initialize with empty values 8ms
   ✓ useFormHandler > Value Management > should update single value 7ms
   ✓ useFormHandler > Value Management > should update all values 7ms
   ✓ useFormHandler > Value Management > should handle change events 7ms
   ✓ useFormHandler > Value Management > should handle checkbox change events 10ms
   ✓ useFormHandler > Value Management > should handle number input change events 4ms
   ✓ useFormHandler > Validation > should validate field on change 6ms
   ✓ useFormHandler > Validation > should validate field on blur 5ms
   ✓ useFormHandler > Validation > should validate entire form 2ms
   ✓ useFormHandler > Validation > should clear field error 2ms
   ✓ useFormHandler > Validation > should clear all errors 3ms
   × useFormHandler > Form Submission > should submit form successfully 28ms
     → expected false to be true // Object.is equality
   ✓ useFormHandler > Form Submission > should handle submission error 4ms
   ✓ useFormHandler > Form Submission > should prevent submission with validation errors 7ms
   × useFormHandler > Form Submission > should track submission state 5ms
     → expected false to be true // Object.is equality
   × useFormHandler > Form Submission > should increment submit count 4ms
     → expected +0 to be 1 // Object.is equality
   ✓ useFormHandler > Reset > should reset form to initial values 5ms
   × useFormHandler > Integration > should handle complete form flow 10ms
     → expected "spy" to be called with arguments: [ { id: '123', title: 'My Trip' } ][90m

Number of calls: [1m0[22m
[39m
 ❯ src/components/kawaii/__tests__/WeatherWidget.test.tsx (4 tests | 3 failed) 346ms
   × WeatherWidget > renders weather information correctly 264ms
     → Unable to find an element with the text: 12°C. This could be because the text is broken up by multiple elements. In this case, you can provide a function for your text matcher to make your matcher more flexible.

Ignored nodes: comments, script, style
[36m<body>[39m
  [36m<div>[39m
    [36m<div[39m
      [33mclass[39m=[32m"bg-white dark:bg-neutral-800 rounded-2xl sm:rounded-3xl shadow-lg border border-neutral-200 dark:border-neutral-700 relative overflow-hidden"[39m
      [33mstyle[39m=[32m"opacity: 0; transform: translateY(20px);"[39m
    [36m>[39m
      [36m<div[39m
        [33mclass[39m=[32m"p-4"[39m
      [36m>[39m
        [36m<div[39m
          [33mclass[39m=[32m"flex items-start justify-between mb-2"[39m
        [36m>[39m
          [36m<div[39m
            [33mclass[39m=[32m"flex items-center gap-1.5"[39m
          [36m>[39m
            [36m<span[39m
              [33mclass[39m=[32m"text-base sm:text-lg font-medium text-neutral-900 dark:text-neutral-100"[39m
            [36m>[39m
              [0m大阪[0m
            [36m</span>[39m
          [36m</div>[39m
          [36m<button[39m
            [33maria-label[39m=[32m"weather.refresh"[39m
            [33mclass[39m=[32m"min-w-[44px] min-h-[44px] p-2 rounded-lg hover:bg-neutral-100 dark:hover:bg-neutral-700 transition-colors flex items-center justify-center"[39m
            [33mtabindex[39m=[32m"0"[39m
          [36m>[39m
            [36m<svg[39m
              [33mclass[39m=[32m"w-4 h-4 text-neutral-400 dark:text-neutral-500"[39m
              [33mfill[39m=[32m"none"[39m
              [33mstroke[39m=[32m"currentColor"[39m
              [33mviewBox[39m=[32m"0 0 24 24"[39m
            [36m>[39m
              [36m<path[39m
                [33md[39m=[32m"M4 4v5h.582m15.356 2A8.001 8.001 0 004.582 9m0 0H9m11 11v-5h-.581m0 0a8.003 8.003 0 01-15.357-2m15.357 2H15"[39m
                [33mstroke-linecap[39m=[32m"round"[39m
                [33mstroke-linejoin[39m=[32m"round"[39m
                [33mstroke-width[39m=[32m"2"[39m
              [36m/>[39m
            [36m</svg>[39m
          [36m</button>[39m
        [36m</div>[39m
        [36m<div[39m
          [33mclass[39m=[32m"flex items-center justify-between"[39m
        [36m>[39m
          [36m<div[39m
            [33mclass[39m=[32m"flex-1"[39m
          [36m>[39m
            [36m<div[39m
              [33mclass[39m=[32m"flex items-baseline gap-1 mb-1"[39m
            [36m>[39m
              [36m<span[39m
                [33mclass[39m=[32m"text-6xl sm:text-7xl font-light text-neutral-900 dark:text-neutral-100 leading-none"[39m
              [36m>[39m
                [0mNaN[0m
                [0m°[0m
              [36m</span>[39m
            [36m</div>[39m
            [36m<div[39m
              [33mclass[39m=[32m"flex items-center gap-2 text-neutral-700 dark:text-neutral-300"[39m
            [36m>[39m
              [36m<span[39m
                [33mclass[39m=[32m"text-lg font-medium"[39m
              [36m>[39m
                [0mPartly Cloudy[0m
              [36m</span>[39m
            [36m</div>[39m
            [36m<div[39m
              [33mclass[39m=[32m"flex items-center gap-3 mt-1 text-sm text-neutral-500 dark:text-neutral-400"[39m
            [36m>[39m
              [36m<span>[39m
                [0mH:[0m
                [0mNaN[0m
                [0m°[0m
              [36m</span>[39m
              [36m<span>[39m
                [0mL:[0m
                [0mNaN[0m
                [0m°[0m
              [36m</span>[39m
            [36m</div>[39m
          [36m</div>[39m
          [36m<div[39m
            [33mclass[39m=[32m"flex-shrink-0"[39m
          [36m>[39m
            [36m<div[39m
              [33mclass[39m=[32m"text-7xl sm:text-8xl"[39m
            [36m>[39m
              [0m☁️[0m
            [36m</div>[39m
          [36m</div>[39m
        [36m</div>[39m
      [36m</div>[39m
    [36m</div>[39m
  [36m</div>[39m
[36m</body>[39m
   × WeatherWidget > renders compact version 23ms
     → Unable to find an element with the text: 12°C. This could be because the text is broken up by multiple elements. In this case, you can provide a function for your text matcher to make your matcher more flexible.

Ignored nodes: comments, script, style
[36m<body>[39m
  [36m<div>[39m
    [36m<div[39m
      [33mclass[39m=[32m"bg-white dark:bg-neutral-800 rounded-2xl sm:rounded-3xl shadow-lg border border-neutral-200 dark:border-neutral-700 relative overflow-hidden"[39m
      [33mstyle[39m=[32m"opacity: 0; transform: translateY(20px);"[39m
    [36m>[39m
      [36m<div[39m
        [33mclass[39m=[32m"p-4"[39m
      [36m>[39m
        [36m<div[39m
          [33mclass[39m=[32m"flex items-start justify-between mb-2"[39m
        [36m>[39m
          [36m<div[39m
            [33mclass[39m=[32m"flex items-center gap-1.5"[39m
          [36m>[39m
            [36m<span[39m
              [33mclass[39m=[32m"text-base sm:text-lg font-medium text-neutral-900 dark:text-neutral-100"[39m
            [36m>[39m
              [0m大阪[0m
            [36m</span>[39m
          [36m</div>[39m
          [36m<button[39m
            [33maria-label[39m=[32m"weather.refresh"[39m
            [33mclass[39m=[32m"min-w-[44px] min-h-[44px] p-2 rounded-lg hover:bg-neutral-100 dark:hover:bg-neutral-700 transition-colors flex items-center justify-center"[39m
            [33mtabindex[39m=[32m"0"[39m
          [36m>[39m
            [36m<svg[39m
              [33mclass[39m=[32m"w-4 h-4 text-neutral-400 dark:text-neutral-500"[39m
              [33mfill[39m=[32m"none"[39m
              [33mstroke[39m=[32m"currentColor"[39m
              [33mviewBox[39m=[32m"0 0 24 24"[39m
            [36m>[39m
              [36m<path[39m
                [33md[39m=[32m"M4 4v5h.582m15.356 2A8.001 8.001 0 004.582 9m0 0H9m11 11v-5h-.581m0 0a8.003 8.003 0 01-15.357-2m15.357 2H15"[39m
                [33mstroke-linecap[39m=[32m"round"[39m
                [33mstroke-linejoin[39m=[32m"round"[39m
                [33mstroke-width[39m=[32m"2"[39m
              [36m/>[39m
            [36m</svg>[39m
          [36m</button>[39m
        [36m</div>[39m
        [36m<div[39m
          [33mclass[39m=[32m"flex items-center justify-between"[39m
        [36m>[39m
          [36m<div[39m
            [33mclass[39m=[32m"flex-1"[39m
          [36m>[39m
            [36m<div[39m
              [33mclass[39m=[32m"flex items-baseline gap-1 mb-1"[39m
            [36m>[39m
              [36m<span[39m
                [33mclass[39m=[32m"text-6xl sm:text-7xl font-light text-neutral-900 dark:text-neutral-100 leading-none"[39m
              [36m>[39m
                [0mNaN[0m
                [0m°[0m
              [36m</span>[39m
            [36m</div>[39m
            [36m<div[39m
              [33mclass[39m=[32m"flex items-center gap-2 text-neutral-700 dark:text-neutral-300"[39m
            [36m>[39m
              [36m<span[39m
                [33mclass[39m=[32m"text-lg font-medium"[39m
              [36m>[39m
                [0mPartly Cloudy[0m
              [36m</span>[39m
            [36m</div>[39m
            [36m<div[39m
              [33mclass[39m=[32m"flex items-center gap-3 mt-1 text-sm text-neutral-500 dark:text-neutral-400"[39m
            [36m>[39m
              [36m<span>[39m
                [0mH:[0m
                [0mNaN[0m
                [0m°[0m
              [36m</span>[39m
              [36m<span>[39m
                [0mL:[0m
                [0mNaN[0m
                [0m°[0m
              [36m</span>[39m
            [36m</div>[39m
          [36m</div>[39m
          [36m<div[39m
            [33mclass[39m=[32m"flex-shrink-0"[39m
          [36m>[39m
            [36m<div[39m
              [33mclass[39m=[32m"text-7xl sm:text-8xl"[39m
            [36m>[39m
              [0m☁️[0m
            [36m</div>[39m
          [36m</div>[39m
        [36m</div>[39m
      [36m</div>[39m
    [36m</div>[39m
  [36m</div>[39m
[36m</body>[39m
   ✓ WeatherWidget > shows no data message when forecast is missing 18ms
   × WeatherWidget > displays precipitation chance when available 35ms
     → Unable to find an element with the text: /20%/. This could be because the text is broken up by multiple elements. In this case, you can provide a function for your text matcher to make your matcher more flexible.

Ignored nodes: comments, script, style
[36m<body>[39m
  [36m<div>[39m
    [36m<div[39m
      [33mclass[39m=[32m"bg-white dark:bg-neutral-800 rounded-2xl sm:rounded-3xl shadow-lg border border-neutral-200 dark:border-neutral-700 relative overflow-hidden"[39m
      [33mstyle[39m=[32m"opacity: 0; transform: translateY(20px);"[39m
    [36m>[39m
      [36m<div[39m
        [33mclass[39m=[32m"p-4"[39m
      [36m>[39m
        [36m<div[39m
          [33mclass[39m=[32m"flex items-start justify-between mb-2"[39m
        [36m>[39m
          [36m<div[39m
            [33mclass[39m=[32m"flex items-center gap-1.5"[39m
          [36m>[39m
            [36m<span[39m
              [33mclass[39m=[32m"text-base sm:text-lg font-medium text-neutral-900 dark:text-neutral-100"[39m
            [36m>[39m
              [0m大阪[0m
            [36m</span>[39m
          [36m</div>[39m
          [36m<button[39m
            [33maria-label[39m=[32m"weather.refresh"[39m
            [33mclass[39m=[32m"min-w-[44px] min-h-[44px] p-2 rounded-lg hover:bg-neutral-100 dark:hover:bg-neutral-700 transition-colors flex items-center justify-center"[39m
            [33mtabindex[39m=[32m"0"[39m
          [36m>[39m
            [36m<svg[39m
              [33mclass[39m=[32m"w-4 h-4 text-neutral-400 dark:text-neutral-500"[39m
              [33mfill[39m=[32m"none"[39m
              [33mstroke[39m=[32m"currentColor"[39m
              [33mviewBox[39m=[32m"0 0 24 24"[39m
            [36m>[39m
              [36m<path[39m
                [33md[39m=[32m"M4 4v5h.582m15.356 2A8.001 8.001 0 004.582 9m0 0H9m11 11v-5h-.581m0 0a8.003 8.003 0 01-15.357-2m15.357 2H15"[39m
                [33mstroke-linecap[39m=[32m"round"[39m
                [33mstroke-linejoin[39m=[32m"round"[39m
                [33mstroke-width[39m=[32m"2"[39m
              [36m/>[39m
            [36m</svg>[39m
          [36m</button>[39m
        [36m</div>[39m
        [36m<div[39m
          [33mclass[39m=[32m"flex items-center justify-between"[39m
        [36m>[39m
          [36m<div[39m
            [33mclass[39m=[32m"flex-1"[39m
          [36m>[39m
            [36m<div[39m
              [33mclass[39m=[32m"flex items-baseline gap-1 mb-1"[39m
            [36m>[39m
              [36m<span[39m
                [33mclass[39m=[32m"text-6xl sm:text-7xl font-light text-neutral-900 dark:text-neutral-100 leading-none"[39m
              [36m>[39m
                [0mNaN[0m
                [0m°[0m
              [36m</span>[39m
            [36m</div>[39m
            [36m<div[39m
              [33mclass[39m=[32m"flex items-center gap-2 text-neutral-700 dark:text-neutral-300"[39m
            [36m>[39m
              [36m<span[39m
                [33mclass[39m=[32m"text-lg font-medium"[39m
              [36m>[39m
                [0mPartly Cloudy[0m
              [36m</span>[39m
            [36m</div>[39m
            [36m<div[39m
              [33mclass[39m=[32m"flex items-center gap-3 mt-1 text-sm text-neutral-500 dark:text-neutral-400"[39m
            [36m>[39m
              [36m<span>[39m
                [0mH:[0m
                [0mNaN[0m
                [0m°[0m
              [36m</span>[39m
              [36m<span>[39m
                [0mL:[0m
                [0mNaN[0m
                [0m°[0m
              [36m</span>[39m
            [36m</div>[39m
          [36m</div>[39m
          [36m<div[39m
            [33mclass[39m=[32m"flex-shrink-0"[39m
          [36m>[39m
            [36m<div[39m
              [33mclass[39m=[32m"text-7xl sm:text-8xl"[39m
            [36m>[39m
              [0m☁️[0m
            [36m</div>[39m
          [36m</div>[39m
        [36m</div>[39m
      [36m</div>[39m
    [36m</div>[39m
  [36m</div>[39m
[36m</body>[39m
stderr | src/services/__tests__/invitationLinkService.test.ts > invitationLinkService > generateInvitationLink > should generate an invitation link successfully
Failed to generate invitation link: RangeError: Maximum call stack size exceeded
    at getAuthToken [90m(/Users/poonjohnny/Desktop/ProjectApp/Journo/frontend/[39msrc/services/invitationLinkService.ts:25:17[90m)[39m
    at getAuthToken [90m(/Users/poonjohnny/Desktop/ProjectApp/Journo/frontend/[39msrc/services/invitationLinkService.ts:25:17[90m)[39m
    at getAuthToken [90m(/Users/poonjohnny/Desktop/ProjectApp/Journo/frontend/[39msrc/services/invitationLinkService.ts:25:17[90m)[39m
    at getAuthToken [90m(/Users/poonjohnny/Desktop/ProjectApp/Journo/frontend/[39msrc/services/invitationLinkService.ts:25:17[90m)[39m
    at getAuthToken [90m(/Users/poonjohnny/Desktop/ProjectApp/Journo/frontend/[39msrc/services/invitationLinkService.ts:25:17[90m)[39m
    at getAuthToken [90m(/Users/poonjohnny/Desktop/ProjectApp/Journo/frontend/[39msrc/services/invitationLinkService.ts:25:17[90m)[39m
    at getAuthToken [90m(/Users/poonjohnny/Desktop/ProjectApp/Journo/frontend/[39msrc/services/invitationLinkService.ts:25:17[90m)[39m
    at getAuthToken [90m(/Users/poonjohnny/Desktop/ProjectApp/Journo/frontend/[39msrc/services/invitationLinkService.ts:25:17[90m)[39m
    at getAuthToken [90m(/Users/poonjohnny/Desktop/ProjectApp/Journo/frontend/[39msrc/services/invitationLinkService.ts:25:17[90m)[39m
    at getAuthToken [90m(/Users/poonjohnny/Desktop/ProjectApp/Journo/frontend/[39msrc/services/invitationLinkService.ts:25:17[90m)[39m

stderr | src/services/__tests__/invitationLinkService.test.ts > invitationLinkService > generateInvitationLink > should generate a link with max uses
Failed to generate invitation link: RangeError: Maximum call stack size exceeded
    at getAuthToken [90m(/Users/poonjohnny/Desktop/ProjectApp/Journo/frontend/[39msrc/services/invitationLinkService.ts:25:17[90m)[39m
    at getAuthToken [90m(/Users/poonjohnny/Desktop/ProjectApp/Journo/frontend/[39msrc/services/invitationLinkService.ts:25:17[90m)[39m
    at getAuthToken [90m(/Users/poonjohnny/Desktop/ProjectApp/Journo/frontend/[39msrc/services/invitationLinkService.ts:25:17[90m)[39m
    at getAuthToken [90m(/Users/poonjohnny/Desktop/ProjectApp/Journo/frontend/[39msrc/services/invitationLinkService.ts:25:17[90m)[39m
    at getAuthToken [90m(/Users/poonjohnny/Desktop/ProjectApp/Journo/frontend/[39msrc/services/invitationLinkService.ts:25:17[90m)[39m
    at getAuthToken [90m(/Users/poonjohnny/Desktop/ProjectApp/Journo/frontend/[39msrc/services/invitationLinkService.ts:25:17[90m)[39m
    at getAuthToken [90m(/Users/poonjohnny/Desktop/ProjectApp/Journo/frontend/[39msrc/services/invitationLinkService.ts:25:17[90m)[39m
    at getAuthToken [90m(/Users/poonjohnny/Desktop/ProjectApp/Journo/frontend/[39msrc/services/invitationLinkService.ts:25:17[90m)[39m
    at getAuthToken [90m(/Users/poonjohnny/Desktop/ProjectApp/Journo/frontend/[39msrc/services/invitationLinkService.ts:25:17[90m)[39m
    at getAuthToken [90m(/Users/poonjohnny/Desktop/ProjectApp/Journo/frontend/[39msrc/services/invitationLinkService.ts:25:17[90m)[39m

stderr | src/services/__tests__/invitationLinkService.test.ts > invitationLinkService > generateInvitationLink > should throw error when user is not authorized
Failed to generate invitation link: RangeError: Maximum call stack size exceeded
    at getAuthToken [90m(/Users/poonjohnny/Desktop/ProjectApp/Journo/frontend/[39msrc/services/invitationLinkService.ts:25:17[90m)[39m
    at getAuthToken [90m(/Users/poonjohnny/Desktop/ProjectApp/Journo/frontend/[39msrc/services/invitationLinkService.ts:25:17[90m)[39m
    at getAuthToken [90m(/Users/poonjohnny/Desktop/ProjectApp/Journo/frontend/[39msrc/services/invitationLinkService.ts:25:17[90m)[39m
    at getAuthToken [90m(/Users/poonjohnny/Desktop/ProjectApp/Journo/frontend/[39msrc/services/invitationLinkService.ts:25:17[90m)[39m
    at getAuthToken [90m(/Users/poonjohnny/Desktop/ProjectApp/Journo/frontend/[39msrc/services/invitationLinkService.ts:25:17[90m)[39m
    at getAuthToken [90m(/Users/poonjohnny/Desktop/ProjectApp/Journo/frontend/[39msrc/services/invitationLinkService.ts:25:17[90m)[39m
    at getAuthToken [90m(/Users/poonjohnny/Desktop/ProjectApp/Journo/frontend/[39msrc/services/invitationLinkService.ts:25:17[90m)[39m
    at getAuthToken [90m(/Users/poonjohnny/Desktop/ProjectApp/Journo/frontend/[39msrc/services/invitationLinkService.ts:25:17[90m)[39m
    at getAuthToken [90m(/Users/poonjohnny/Desktop/ProjectApp/Journo/frontend/[39msrc/services/invitationLinkService.ts:25:17[90m)[39m
    at getAuthToken [90m(/Users/poonjohnny/Desktop/ProjectApp/Journo/frontend/[39msrc/services/invitationLinkService.ts:25:17[90m)[39m

stderr | src/services/__tests__/invitationLinkService.test.ts > invitationLinkService > generateInvitationLink > should throw error when user is not authenticated
Failed to generate invitation link: RangeError: Maximum call stack size exceeded
    at getAuthToken [90m(/Users/poonjohnny/Desktop/ProjectApp/Journo/frontend/[39msrc/services/invitationLinkService.ts:25:17[90m)[39m
    at getAuthToken [90m(/Users/poonjohnny/Desktop/ProjectApp/Journo/frontend/[39msrc/services/invitationLinkService.ts:25:17[90m)[39m
    at getAuthToken [90m(/Users/poonjohnny/Desktop/ProjectApp/Journo/frontend/[39msrc/services/invitationLinkService.ts:25:17[90m)[39m
    at getAuthToken [90m(/Users/poonjohnny/Desktop/ProjectApp/Journo/frontend/[39msrc/services/invitationLinkService.ts:25:17[90m)[39m
    at getAuthToken [90m(/Users/poonjohnny/Desktop/ProjectApp/Journo/frontend/[39msrc/services/invitationLinkService.ts:25:17[90m)[39m
    at getAuthToken [90m(/Users/poonjohnny/Desktop/ProjectApp/Journo/frontend/[39msrc/services/invitationLinkService.ts:25:17[90m)[39m
    at getAuthToken [90m(/Users/poonjohnny/Desktop/ProjectApp/Journo/frontend/[39msrc/services/invitationLinkService.ts:25:17[90m)[39m
    at getAuthToken [90m(/Users/poonjohnny/Desktop/ProjectApp/Journo/frontend/[39msrc/services/invitationLinkService.ts:25:17[90m)[39m
    at getAuthToken [90m(/Users/poonjohnny/Desktop/ProjectApp/Journo/frontend/[39msrc/services/invitationLinkService.ts:25:17[90m)[39m
    at getAuthToken [90m(/Users/poonjohnny/Desktop/ProjectApp/Journo/frontend/[39msrc/services/invitationLinkService.ts:25:17[90m)[39m

stderr | src/services/__tests__/invitationLinkService.test.ts > invitationLinkService > getInvitationLinks > should fetch all invitation links for a trip
Failed to fetch invitation links: RangeError: Maximum call stack size exceeded
    at getAuthToken [90m(/Users/poonjohnny/Desktop/ProjectApp/Journo/frontend/[39msrc/services/invitationLinkService.ts:25:17[90m)[39m
    at getAuthToken [90m(/Users/poonjohnny/Desktop/ProjectApp/Journo/frontend/[39msrc/services/invitationLinkService.ts:25:17[90m)[39m
    at getAuthToken [90m(/Users/poonjohnny/Desktop/ProjectApp/Journo/frontend/[39msrc/services/invitationLinkService.ts:25:17[90m)[39m
    at getAuthToken [90m(/Users/poonjohnny/Desktop/ProjectApp/Journo/frontend/[39msrc/services/invitationLinkService.ts:25:17[90m)[39m
    at getAuthToken [90m(/Users/poonjohnny/Desktop/ProjectApp/Journo/frontend/[39msrc/services/invitationLinkService.ts:25:17[90m)[39m
    at getAuthToken [90m(/Users/poonjohnny/Desktop/ProjectApp/Journo/frontend/[39msrc/services/invitationLinkService.ts:25:17[90m)[39m
    at getAuthToken [90m(/Users/poonjohnny/Desktop/ProjectApp/Journo/frontend/[39msrc/services/invitationLinkService.ts:25:17[90m)[39m
    at getAuthToken [90m(/Users/poonjohnny/Desktop/ProjectApp/Journo/frontend/[39msrc/services/invitationLinkService.ts:25:17[90m)[39m
    at getAuthToken [90m(/Users/poonjohnny/Desktop/ProjectApp/Journo/frontend/[39msrc/services/invitationLinkService.ts:25:17[90m)[39m
    at getAuthToken [90m(/Users/poonjohnny/Desktop/ProjectApp/Journo/frontend/[39msrc/services/invitationLinkService.ts:25:17[90m)[39m

stderr | src/services/__tests__/invitationLinkService.test.ts > invitationLinkService > getInvitationLinks > should return empty array when no links exist
Failed to fetch invitation links: RangeError: Maximum call stack size exceeded
    at getAuthToken [90m(/Users/poonjohnny/Desktop/ProjectApp/Journo/frontend/[39msrc/services/invitationLinkService.ts:25:17[90m)[39m
    at getAuthToken [90m(/Users/poonjohnny/Desktop/ProjectApp/Journo/frontend/[39msrc/services/invitationLinkService.ts:25:17[90m)[39m
    at getAuthToken [90m(/Users/poonjohnny/Desktop/ProjectApp/Journo/frontend/[39msrc/services/invitationLinkService.ts:25:17[90m)[39m
    at getAuthToken [90m(/Users/poonjohnny/Desktop/ProjectApp/Journo/frontend/[39msrc/services/invitationLinkService.ts:25:17[90m)[39m
    at getAuthToken [90m(/Users/poonjohnny/Desktop/ProjectApp/Journo/frontend/[39msrc/services/invitationLinkService.ts:25:17[90m)[39m
    at getAuthToken [90m(/Users/poonjohnny/Desktop/ProjectApp/Journo/frontend/[39msrc/services/invitationLinkService.ts:25:17[90m)[39m
    at getAuthToken [90m(/Users/poonjohnny/Desktop/ProjectApp/Journo/frontend/[39msrc/services/invitationLinkService.ts:25:17[90m)[39m
    at getAuthToken [90m(/Users/poonjohnny/Desktop/ProjectApp/Journo/frontend/[39msrc/services/invitationLinkService.ts:25:17[90m)[39m
    at getAuthToken [90m(/Users/poonjohnny/Desktop/ProjectApp/Journo/frontend/[39msrc/services/invitationLinkService.ts:25:17[90m)[39m
    at getAuthToken [90m(/Users/poonjohnny/Desktop/ProjectApp/Journo/frontend/[39msrc/services/invitationLinkService.ts:25:17[90m)[39m

stderr | src/services/__tests__/invitationLinkService.test.ts > invitationLinkService > getInvitationLinks > should throw error when user is not authorized
Failed to fetch invitation links: RangeError: Maximum call stack size exceeded
    at getAuthToken [90m(/Users/poonjohnny/Desktop/ProjectApp/Journo/frontend/[39msrc/services/invitationLinkService.ts:25:17[90m)[39m
    at getAuthToken [90m(/Users/poonjohnny/Desktop/ProjectApp/Journo/frontend/[39msrc/services/invitationLinkService.ts:25:17[90m)[39m
    at getAuthToken [90m(/Users/poonjohnny/Desktop/ProjectApp/Journo/frontend/[39msrc/services/invitationLinkService.ts:25:17[90m)[39m
    at getAuthToken [90m(/Users/poonjohnny/Desktop/ProjectApp/Journo/frontend/[39msrc/services/invitationLinkService.ts:25:17[90m)[39m
    at getAuthToken [90m(/Users/poonjohnny/Desktop/ProjectApp/Journo/frontend/[39msrc/services/invitationLinkService.ts:25:17[90m)[39m
    at getAuthToken [90m(/Users/poonjohnny/Desktop/ProjectApp/Journo/frontend/[39msrc/services/invitationLinkService.ts:25:17[90m)[39m
    at getAuthToken [90m(/Users/poonjohnny/Desktop/ProjectApp/Journo/frontend/[39msrc/services/invitationLinkService.ts:25:17[90m)[39m
    at getAuthToken [90m(/Users/poonjohnny/Desktop/ProjectApp/Journo/frontend/[39msrc/services/invitationLinkService.ts:25:17[90m)[39m
    at getAuthToken [90m(/Users/poonjohnny/Desktop/ProjectApp/Journo/frontend/[39msrc/services/invitationLinkService.ts:25:17[90m)[39m
    at getAuthToken [90m(/Users/poonjohnny/Desktop/ProjectApp/Journo/frontend/[39msrc/services/invitationLinkService.ts:25:17[90m)[39m

stderr | src/services/__tests__/invitationLinkService.test.ts > invitationLinkService > revokeInvitationLink > should revoke an invitation link successfully
Failed to revoke invitation link: RangeError: Maximum call stack size exceeded
    at getAuthToken [90m(/Users/poonjohnny/Desktop/ProjectApp/Journo/frontend/[39msrc/services/invitationLinkService.ts:25:17[90m)[39m
    at getAuthToken [90m(/Users/poonjohnny/Desktop/ProjectApp/Journo/frontend/[39msrc/services/invitationLinkService.ts:25:17[90m)[39m
    at getAuthToken [90m(/Users/poonjohnny/Desktop/ProjectApp/Journo/frontend/[39msrc/services/invitationLinkService.ts:25:17[90m)[39m
    at getAuthToken [90m(/Users/poonjohnny/Desktop/ProjectApp/Journo/frontend/[39msrc/services/invitationLinkService.ts:25:17[90m)[39m
    at getAuthToken [90m(/Users/poonjohnny/Desktop/ProjectApp/Journo/frontend/[39msrc/services/invitationLinkService.ts:25:17[90m)[39m
    at getAuthToken [90m(/Users/poonjohnny/Desktop/ProjectApp/Journo/frontend/[39msrc/services/invitationLinkService.ts:25:17[90m)[39m
    at getAuthToken [90m(/Users/poonjohnny/Desktop/ProjectApp/Journo/frontend/[39msrc/services/invitationLinkService.ts:25:17[90m)[39m
    at getAuthToken [90m(/Users/poonjohnny/Desktop/ProjectApp/Journo/frontend/[39msrc/services/invitationLinkService.ts:25:17[90m)[39m
    at getAuthToken [90m(/Users/poonjohnny/Desktop/ProjectApp/Journo/frontend/[39msrc/services/invitationLinkService.ts:25:17[90m)[39m
    at getAuthToken [90m(/Users/poonjohnny/Desktop/ProjectApp/Journo/frontend/[39msrc/services/invitationLinkService.ts:25:17[90m)[39m

stderr | src/services/__tests__/invitationLinkService.test.ts > invitationLinkService > revokeInvitationLink > should throw error when link not found
Failed to revoke invitation link: RangeError: Maximum call stack size exceeded
    at getAuthToken [90m(/Users/poonjohnny/Desktop/ProjectApp/Journo/frontend/[39msrc/services/invitationLinkService.ts:25:17[90m)[39m
    at getAuthToken [90m(/Users/poonjohnny/Desktop/ProjectApp/Journo/frontend/[39msrc/services/invitationLinkService.ts:25:17[90m)[39m
    at getAuthToken [90m(/Users/poonjohnny/Desktop/ProjectApp/Journo/frontend/[39msrc/services/invitationLinkService.ts:25:17[90m)[39m
    at getAuthToken [90m(/Users/poonjohnny/Desktop/ProjectApp/Journo/frontend/[39msrc/services/invitationLinkService.ts:25:17[90m)[39m
    at getAuthToken [90m(/Users/poonjohnny/Desktop/ProjectApp/Journo/frontend/[39msrc/services/invitationLinkService.ts:25:17[90m)[39m
    at getAuthToken [90m(/Users/poonjohnny/Desktop/ProjectApp/Journo/frontend/[39msrc/services/invitationLinkService.ts:25:17[90m)[39m
    at getAuthToken [90m(/Users/poonjohnny/Desktop/ProjectApp/Journo/frontend/[39msrc/services/invitationLinkService.ts:25:17[90m)[39m
    at getAuthToken [90m(/Users/poonjohnny/Desktop/ProjectApp/Journo/frontend/[39msrc/services/invitationLinkService.ts:25:17[90m)[39m
    at getAuthToken [90m(/Users/poonjohnny/Desktop/ProjectApp/Journo/frontend/[39msrc/services/invitationLinkService.ts:25:17[90m)[39m
    at getAuthToken [90m(/Users/poonjohnny/Desktop/ProjectApp/Journo/frontend/[39msrc/services/invitationLinkService.ts:25:17[90m)[39m

stderr | src/services/__tests__/invitationLinkService.test.ts > invitationLinkService > revokeInvitationLink > should throw error when user is not authorized
Failed to revoke invitation link: RangeError: Maximum call stack size exceeded
    at getAuthToken [90m(/Users/poonjohnny/Desktop/ProjectApp/Journo/frontend/[39msrc/services/invitationLinkService.ts:25:17[90m)[39m
    at getAuthToken [90m(/Users/poonjohnny/Desktop/ProjectApp/Journo/frontend/[39msrc/services/invitationLinkService.ts:25:17[90m)[39m
    at getAuthToken [90m(/Users/poonjohnny/Desktop/ProjectApp/Journo/frontend/[39msrc/services/invitationLinkService.ts:25:17[90m)[39m
    at getAuthToken [90m(/Users/poonjohnny/Desktop/ProjectApp/Journo/frontend/[39msrc/services/invitationLinkService.ts:25:17[90m)[39m
    at getAuthToken [90m(/Users/poonjohnny/Desktop/ProjectApp/Journo/frontend/[39msrc/services/invitationLinkService.ts:25:17[90m)[39m
    at getAuthToken [90m(/Users/poonjohnny/Desktop/ProjectApp/Journo/frontend/[39msrc/services/invitationLinkService.ts:25:17[90m)[39m
    at getAuthToken [90m(/Users/poonjohnny/Desktop/ProjectApp/Journo/frontend/[39msrc/services/invitationLinkService.ts:25:17[90m)[39m
    at getAuthToken [90m(/Users/poonjohnny/Desktop/ProjectApp/Journo/frontend/[39msrc/services/invitationLinkService.ts:25:17[90m)[39m
    at getAuthToken [90m(/Users/poonjohnny/Desktop/ProjectApp/Journo/frontend/[39msrc/services/invitationLinkService.ts:25:17[90m)[39m
    at getAuthToken [90m(/Users/poonjohnny/Desktop/ProjectApp/Journo/frontend/[39msrc/services/invitationLinkService.ts:25:17[90m)[39m

stderr | src/services/__tests__/invitationLinkService.test.ts > invitationLinkService > acceptInvitation > should accept an invitation successfully
Failed to accept invitation: RangeError: Maximum call stack size exceeded
    at getAuthToken [90m(/Users/poonjohnny/Desktop/ProjectApp/Journo/frontend/[39msrc/services/invitationLinkService.ts:25:17[90m)[39m
    at getAuthToken [90m(/Users/poonjohnny/Desktop/ProjectApp/Journo/frontend/[39msrc/services/invitationLinkService.ts:25:17[90m)[39m
    at getAuthToken [90m(/Users/poonjohnny/Desktop/ProjectApp/Journo/frontend/[39msrc/services/invitationLinkService.ts:25:17[90m)[39m
    at getAuthToken [90m(/Users/poonjohnny/Desktop/ProjectApp/Journo/frontend/[39msrc/services/invitationLinkService.ts:25:17[90m)[39m
    at getAuthToken [90m(/Users/poonjohnny/Desktop/ProjectApp/Journo/frontend/[39msrc/services/invitationLinkService.ts:25:17[90m)[39m
    at getAuthToken [90m(/Users/poonjohnny/Desktop/ProjectApp/Journo/frontend/[39msrc/services/invitationLinkService.ts:25:17[90m)[39m
    at getAuthToken [90m(/Users/poonjohnny/Desktop/ProjectApp/Journo/frontend/[39msrc/services/invitationLinkService.ts:25:17[90m)[39m
    at getAuthToken [90m(/Users/poonjohnny/Desktop/ProjectApp/Journo/frontend/[39msrc/services/invitationLinkService.ts:25:17[90m)[39m
    at getAuthToken [90m(/Users/poonjohnny/Desktop/ProjectApp/Journo/frontend/[39msrc/services/invitationLinkService.ts:25:17[90m)[39m
    at getAuthToken [90m(/Users/poonjohnny/Desktop/ProjectApp/Journo/frontend/[39msrc/services/invitationLinkService.ts:25:17[90m)[39m

stderr | src/services/__tests__/invitationLinkService.test.ts > invitationLinkService > acceptInvitation > should throw error when link is expired
Failed to accept invitation: RangeError: Maximum call stack size exceeded
    at getAuthToken [90m(/Users/poonjohnny/Desktop/ProjectApp/Journo/frontend/[39msrc/services/invitationLinkService.ts:25:17[90m)[39m
    at getAuthToken [90m(/Users/poonjohnny/Desktop/ProjectApp/Journo/frontend/[39msrc/services/invitationLinkService.ts:25:17[90m)[39m
    at getAuthToken [90m(/Users/poonjohnny/Desktop/ProjectApp/Journo/frontend/[39msrc/services/invitationLinkService.ts:25:17[90m)[39m
    at getAuthToken [90m(/Users/poonjohnny/Desktop/ProjectApp/Journo/frontend/[39msrc/services/invitationLinkService.ts:25:17[90m)[39m
    at getAuthToken [90m(/Users/poonjohnny/Desktop/ProjectApp/Journo/frontend/[39msrc/services/invitationLinkService.ts:25:17[90m)[39m
    at getAuthToken [90m(/Users/poonjohnny/Desktop/ProjectApp/Journo/frontend/[39msrc/services/invitationLinkService.ts:25:17[90m)[39m
    at getAuthToken [90m(/Users/poonjohnny/Desktop/ProjectApp/Journo/frontend/[39msrc/services/invitationLinkService.ts:25:17[90m)[39m
    at getAuthToken [90m(/Users/poonjohnny/Desktop/ProjectApp/Journo/frontend/[39msrc/services/invitationLinkService.ts:25:17[90m)[39m
    at getAuthToken [90m(/Users/poonjohnny/Desktop/ProjectApp/Journo/frontend/[39msrc/services/invitationLinkService.ts:25:17[90m)[39m
    at getAuthToken [90m(/Users/poonjohnny/Desktop/ProjectApp/Journo/frontend/[39msrc/services/invitationLinkService.ts:25:17[90m)[39m

stderr | src/services/__tests__/invitationLinkService.test.ts > invitationLinkService > acceptInvitation > should throw error when link is revoked
Failed to accept invitation: RangeError: Maximum call stack size exceeded
    at getAuthToken [90m(/Users/poonjohnny/Desktop/ProjectApp/Journo/frontend/[39msrc/services/invitationLinkService.ts:25:17[90m)[39m
    at getAuthToken [90m(/Users/poonjohnny/Desktop/ProjectApp/Journo/frontend/[39msrc/services/invitationLinkService.ts:25:17[90m)[39m
    at getAuthToken [90m(/Users/poonjohnny/Desktop/ProjectApp/Journo/frontend/[39msrc/services/invitationLinkService.ts:25:17[90m)[39m
    at getAuthToken [90m(/Users/poonjohnny/Desktop/ProjectApp/Journo/frontend/[39msrc/services/invitationLinkService.ts:25:17[90m)[39m
    at getAuthToken [90m(/Users/poonjohnny/Desktop/ProjectApp/Journo/frontend/[39msrc/services/invitationLinkService.ts:25:17[90m)[39m
    at getAuthToken [90m(/Users/poonjohnny/Desktop/ProjectApp/Journo/frontend/[39msrc/services/invitationLinkService.ts:25:17[90m)[39m
    at getAuthToken [90m(/Users/poonjohnny/Desktop/ProjectApp/Journo/frontend/[39msrc/services/invitationLinkService.ts:25:17[90m)[39m
    at getAuthToken [90m(/Users/poonjohnny/Desktop/ProjectApp/Journo/frontend/[39msrc/services/invitationLinkService.ts:25:17[90m)[39m
    at getAuthToken [90m(/Users/poonjohnny/Desktop/ProjectApp/Journo/frontend/[39msrc/services/invitationLinkService.ts:25:17[90m)[39m
    at getAuthToken [90m(/Users/poonjohnny/Desktop/ProjectApp/Journo/frontend/[39msrc/services/invitationLinkService.ts:25:17[90m)[39m

stderr | src/services/__tests__/invitationLinkService.test.ts > invitationLinkService > acceptInvitation > should throw error when max uses reached
Failed to accept invitation: RangeError: Maximum call stack size exceeded
    at getAuthToken [90m(/Users/poonjohnny/Desktop/ProjectApp/Journo/frontend/[39msrc/services/invitationLinkService.ts:25:17[90m)[39m
    at getAuthToken [90m(/Users/poonjohnny/Desktop/ProjectApp/Journo/frontend/[39msrc/services/invitationLinkService.ts:25:17[90m)[39m
    at getAuthToken [90m(/Users/poonjohnny/Desktop/ProjectApp/Journo/frontend/[39msrc/services/invitationLinkService.ts:25:17[90m)[39m
    at getAuthToken [90m(/Users/poonjohnny/Desktop/ProjectApp/Journo/frontend/[39msrc/services/invitationLinkService.ts:25:17[90m)[39m
    at getAuthToken [90m(/Users/poonjohnny/Desktop/ProjectApp/Journo/frontend/[39msrc/services/invitationLinkService.ts:25:17[90m)[39m
    at getAuthToken [90m(/Users/poonjohnny/Desktop/ProjectApp/Journo/frontend/[39msrc/services/invitationLinkService.ts:25:17[90m)[39m
    at getAuthToken [90m(/Users/poonjohnny/Desktop/ProjectApp/Journo/frontend/[39msrc/services/invitationLinkService.ts:25:17[90m)[39m
    at getAuthToken [90m(/Users/poonjohnny/Desktop/ProjectApp/Journo/frontend/[39msrc/services/invitationLinkService.ts:25:17[90m)[39m
    at getAuthToken [90m(/Users/poonjohnny/Desktop/ProjectApp/Journo/frontend/[39msrc/services/invitationLinkService.ts:25:17[90m)[39m
    at getAuthToken [90m(/Users/poonjohnny/Desktop/ProjectApp/Journo/frontend/[39msrc/services/invitationLinkService.ts:25:17[90m)[39m

stderr | src/services/__tests__/invitationLinkService.test.ts > invitationLinkService > acceptInvitation > should throw error when user is already a member
Failed to accept invitation: RangeError: Maximum call stack size exceeded
    at getAuthToken [90m(/Users/poonjohnny/Desktop/ProjectApp/Journo/frontend/[39msrc/services/invitationLinkService.ts:25:17[90m)[39m
    at getAuthToken [90m(/Users/poonjohnny/Desktop/ProjectApp/Journo/frontend/[39msrc/services/invitationLinkService.ts:25:17[90m)[39m
    at getAuthToken [90m(/Users/poonjohnny/Desktop/ProjectApp/Journo/frontend/[39msrc/services/invitationLinkService.ts:25:17[90m)[39m
    at getAuthToken [90m(/Users/poonjohnny/Desktop/ProjectApp/Journo/frontend/[39msrc/services/invitationLinkService.ts:25:17[90m)[39m
    at getAuthToken [90m(/Users/poonjohnny/Desktop/ProjectApp/Journo/frontend/[39msrc/services/invitationLinkService.ts:25:17[90m)[39m
    at getAuthToken [90m(/Users/poonjohnny/Desktop/ProjectApp/Journo/frontend/[39msrc/services/invitationLinkService.ts:25:17[90m)[39m
    at getAuthToken [90m(/Users/poonjohnny/Desktop/ProjectApp/Journo/frontend/[39msrc/services/invitationLinkService.ts:25:17[90m)[39m
    at getAuthToken [90m(/Users/poonjohnny/Desktop/ProjectApp/Journo/frontend/[39msrc/services/invitationLinkService.ts:25:17[90m)[39m
    at getAuthToken [90m(/Users/poonjohnny/Desktop/ProjectApp/Journo/frontend/[39msrc/services/invitationLinkService.ts:25:17[90m)[39m
    at getAuthToken [90m(/Users/poonjohnny/Desktop/ProjectApp/Journo/frontend/[39msrc/services/invitationLinkService.ts:25:17[90m)[39m

stderr | src/services/__tests__/invitationLinkService.test.ts > invitationLinkService > acceptInvitation > should throw error when link not found
Failed to accept invitation: RangeError: Maximum call stack size exceeded
    at getAuthToken [90m(/Users/poonjohnny/Desktop/ProjectApp/Journo/frontend/[39msrc/services/invitationLinkService.ts:25:17[90m)[39m
    at getAuthToken [90m(/Users/poonjohnny/Desktop/ProjectApp/Journo/frontend/[39msrc/services/invitationLinkService.ts:25:17[90m)[39m
    at getAuthToken [90m(/Users/poonjohnny/Desktop/ProjectApp/Journo/frontend/[39msrc/services/invitationLinkService.ts:25:17[90m)[39m
    at getAuthToken [90m(/Users/poonjohnny/Desktop/ProjectApp/Journo/frontend/[39msrc/services/invitationLinkService.ts:25:17[90m)[39m
    at getAuthToken [90m(/Users/poonjohnny/Desktop/ProjectApp/Journo/frontend/[39msrc/services/invitationLinkService.ts:25:17[90m)[39m
    at getAuthToken [90m(/Users/poonjohnny/Desktop/ProjectApp/Journo/frontend/[39msrc/services/invitationLinkService.ts:25:17[90m)[39m
    at getAuthToken [90m(/Users/poonjohnny/Desktop/ProjectApp/Journo/frontend/[39msrc/services/invitationLinkService.ts:25:17[90m)[39m
    at getAuthToken [90m(/Users/poonjohnny/Desktop/ProjectApp/Journo/frontend/[39msrc/services/invitationLinkService.ts:25:17[90m)[39m
    at getAuthToken [90m(/Users/poonjohnny/Desktop/ProjectApp/Journo/frontend/[39msrc/services/invitationLinkService.ts:25:17[90m)[39m
    at getAuthToken [90m(/Users/poonjohnny/Desktop/ProjectApp/Journo/frontend/[39msrc/services/invitationLinkService.ts:25:17[90m)[39m

stderr | src/services/__tests__/invitationLinkService.test.ts > invitationLinkService > getInvitationDetails > should throw error when link not found
Failed to fetch invitation details: { status: [33m404[39m, message: [32m'Not found'[39m }

stdout | src/services/__tests__/invitationLinkService.test.ts > invitationLinkService > utility methods > copyToClipboard > should copy URL to clipboard using modern API
Invitation link copied to clipboard

stdout | src/services/__tests__/invitationLinkService.test.ts > invitationLinkService > utility methods > copyToClipboard > should use fallback method when clipboard API not available
Invitation link copied to clipboard (fallback)

 ❯ src/services/__tests__/invitationLinkService.test.ts (31 tests | 16 failed) 167ms
   × invitationLinkService > generateInvitationLink > should generate an invitation link successfully 20ms
     → Maximum call stack size exceeded
   × invitationLinkService > generateInvitationLink > should generate a link with max uses 4ms
     → Maximum call stack size exceeded
   × invitationLinkService > generateInvitationLink > should throw error when user is not authorized 34ms
     → expected RangeError: Maximum call stack size excee… to match object { code: 'UNAUTHORIZED', status: 403 }
   × invitationLinkService > generateInvitationLink > should throw error when user is not authenticated 11ms
     → expected RangeError: Maximum call stack size excee… to match object { code: 'UNAUTHORIZED', status: 401 }
   × invitationLinkService > getInvitationLinks > should fetch all invitation links for a trip 4ms
     → Maximum call stack size exceeded
   × invitationLinkService > getInvitationLinks > should return empty array when no links exist 4ms
     → Maximum call stack size exceeded
   × invitationLinkService > getInvitationLinks > should throw error when user is not authorized 8ms
     → expected RangeError: Maximum call stack size excee… to match object { code: 'UNAUTHORIZED', status: 403 }
   × invitationLinkService > revokeInvitationLink > should revoke an invitation link successfully 4ms
     → Maximum call stack size exceeded
   × invitationLinkService > revokeInvitationLink > should throw error when link not found 8ms
     → expected RangeError: Maximum call stack size excee… to match object { code: 'INVITATION_NOT_FOUND', …(1) }
   × invitationLinkService > revokeInvitationLink > should throw error when user is not authorized 8ms
     → expected RangeError: Maximum call stack size excee… to match object { code: 'UNAUTHORIZED', status: 403 }
   × invitationLinkService > acceptInvitation > should accept an invitation successfully 5ms
     → Maximum call stack size exceeded
   × invitationLinkService > acceptInvitation > should throw error when link is expired 10ms
     → expected RangeError: Maximum call stack size excee… to match object { code: 'INVITATION_EXPIRED', …(1) }
   × invitationLinkService > acceptInvitation > should throw error when link is revoked 4ms
     → expected RangeError: Maximum call stack size excee… to match object { code: 'INVITATION_REVOKED', …(1) }
   × invitationLinkService > acceptInvitation > should throw error when max uses reached 7ms
     → expected RangeError: Maximum call stack size excee… to match object { …(2) }
   × invitationLinkService > acceptInvitation > should throw error when user is already a member 5ms
     → expected RangeError: Maximum call stack size excee… to match object { code: 'ALREADY_MEMBER', status: 409 }
   × invitationLinkService > acceptInvitation > should throw error when link not found 5ms
     → expected RangeError: Maximum call stack size excee… to match object { code: 'INVITATION_NOT_FOUND', …(1) }
   ✓ invitationLinkService > getInvitationDetails > should fetch invitation details successfully 2ms
   ✓ invitationLinkService > getInvitationDetails > should return invalid status for expired link 1ms
   ✓ invitationLinkService > getInvitationDetails > should throw error when link not found 2ms
   ✓ invitationLinkService > utility methods > isExpired > should return true for expired date 1ms
   ✓ invitationLinkService > utility methods > isExpired > should return false for future date 1ms
   ✓ invitationLinkService > utility methods > hasReachedMaxUses > should return false for unlimited uses 1ms
   ✓ invitationLinkService > utility methods > hasReachedMaxUses > should return true when max uses reached 1ms
   ✓ invitationLinkService > utility methods > hasReachedMaxUses > should return false when under max uses 1ms
   ✓ invitationLinkService > utility methods > formatExpiration > should format future expiration in days 2ms
   ✓ invitationLinkService > utility methods > formatExpiration > should format past expiration 1ms
   ✓ invitationLinkService > utility methods > formatExpiration > should handle expiration in hours 1ms
   ✓ invitationLinkService > utility methods > formatUsage > should format unlimited usage 2ms
   ✓ invitationLinkService > utility methods > formatUsage > should format limited usage 1ms
   ✓ invitationLinkService > utility methods > copyToClipboard > should copy URL to clipboard using modern API 3ms
   ✓ invitationLinkService > utility methods > copyToClipboard > should use fallback method when clipboard API not available 3ms
stderr | src/components/kawaii/__tests__/DayCard.test.tsx > DayCard > renders day number and date
Error: [vitest] No "Reorder" export is defined on the "framer-motion" mock. Did you forget to return it from "vi.mock"?
If you need to partially mock a module, you can use "importOriginal" helper inside:

    at VitestMocker.createError (file:///Users/poonjohnny/Desktop/ProjectApp/Journo/node_modules/vitest/dist/chunks/execute.B7h3T_Hc.js:284:17)
    at Object.get (file:///Users/poonjohnny/Desktop/ProjectApp/Journo/node_modules/vitest/dist/chunks/execute.B7h3T_Hc.js:330:16)
    at DayCard (/Users/poonjohnny/Desktop/ProjectApp/Journo/frontend/src/components/kawaii/DayCard.tsx:182:10)
    at renderWithHooks (/Users/poonjohnny/Desktop/ProjectApp/Journo/node_modules/react-dom/cjs/react-dom.development.js:15486:18)
    at mountIndeterminateComponent (/Users/poonjohnny/Desktop/ProjectApp/Journo/node_modules/react-dom/cjs/react-dom.development.js:20103:13)
    at beginWork (/Users/poonjohnny/Desktop/ProjectApp/Journo/node_modules/react-dom/cjs/react-dom.development.js:21626:16)
    at HTMLUnknownElement.callCallback (/Users/poonjohnny/Desktop/ProjectApp/Journo/node_modules/react-dom/cjs/react-dom.development.js:4164:14)
    at HTMLUnknownElement.callTheUserObjectsOperation (/Users/poonjohnny/Desktop/ProjectApp/Journo/node_modules/jsdom/lib/jsdom/living/generated/EventListener.js:26:30)
    at innerInvokeEventListeners (/Users/poonjohnny/Desktop/ProjectApp/Journo/node_modules/jsdom/lib/jsdom/living/events/EventTarget-impl.js:360:16)
    at invokeEventListeners (/Users/poonjohnny/Desktop/ProjectApp/Journo/node_modules/jsdom/lib/jsdom/living/events/EventTarget-impl.js:296:3)
Error: [vitest] No "Reorder" export is defined on the "framer-motion" mock. Did you forget to return it from "vi.mock"?
If you need to partially mock a module, you can use "importOriginal" helper inside:

    at VitestMocker.createError (file:///Users/poonjohnny/Desktop/ProjectApp/Journo/node_modules/vitest/dist/chunks/execute.B7h3T_Hc.js:284:17)
    at Object.get (file:///Users/poonjohnny/Desktop/ProjectApp/Journo/node_modules/vitest/dist/chunks/execute.B7h3T_Hc.js:330:16)
    at DayCard (/Users/poonjohnny/Desktop/ProjectApp/Journo/frontend/src/components/kawaii/DayCard.tsx:182:10)
    at renderWithHooks (/Users/poonjohnny/Desktop/ProjectApp/Journo/node_modules/react-dom/cjs/react-dom.development.js:15486:18)
    at mountIndeterminateComponent (/Users/poonjohnny/Desktop/ProjectApp/Journo/node_modules/react-dom/cjs/react-dom.development.js:20103:13)
    at beginWork (/Users/poonjohnny/Desktop/ProjectApp/Journo/node_modules/react-dom/cjs/react-dom.development.js:21626:16)
    at HTMLUnknownElement.callCallback (/Users/poonjohnny/Desktop/ProjectApp/Journo/node_modules/react-dom/cjs/react-dom.development.js:4164:14)
    at HTMLUnknownElement.callTheUserObjectsOperation (/Users/poonjohnny/Desktop/ProjectApp/Journo/node_modules/jsdom/lib/jsdom/living/generated/EventListener.js:26:30)
    at innerInvokeEventListeners (/Users/poonjohnny/Desktop/ProjectApp/Journo/node_modules/jsdom/lib/jsdom/living/events/EventTarget-impl.js:360:16)
    at invokeEventListeners (/Users/poonjohnny/Desktop/ProjectApp/Journo/node_modules/jsdom/lib/jsdom/living/events/EventTarget-impl.js:296:3)
The above error occurred in the <DayCard> component:

    at DayCard (/Users/poonjohnny/Desktop/ProjectApp/Journo/frontend/src/components/kawaii/DayCard.tsx:16:3)

Consider adding an error boundary to your tree to customize error handling behavior.
Visit https://reactjs.org/link/error-boundaries to learn more about error boundaries.

stderr | src/components/kawaii/__tests__/DayCard.test.tsx > DayCard > does not render weather widget when forecast is not provided
Error: [vitest] No "Reorder" export is defined on the "framer-motion" mock. Did you forget to return it from "vi.mock"?
If you need to partially mock a module, you can use "importOriginal" helper inside:

    at VitestMocker.createError (file:///Users/poonjohnny/Desktop/ProjectApp/Journo/node_modules/vitest/dist/chunks/execute.B7h3T_Hc.js:284:17)
    at Object.get (file:///Users/poonjohnny/Desktop/ProjectApp/Journo/node_modules/vitest/dist/chunks/execute.B7h3T_Hc.js:330:16)
    at DayCard (/Users/poonjohnny/Desktop/ProjectApp/Journo/frontend/src/components/kawaii/DayCard.tsx:182:10)
    at renderWithHooks (/Users/poonjohnny/Desktop/ProjectApp/Journo/node_modules/react-dom/cjs/react-dom.development.js:15486:18)
    at mountIndeterminateComponent (/Users/poonjohnny/Desktop/ProjectApp/Journo/node_modules/react-dom/cjs/react-dom.development.js:20103:13)
    at beginWork (/Users/poonjohnny/Desktop/ProjectApp/Journo/node_modules/react-dom/cjs/react-dom.development.js:21626:16)
    at HTMLUnknownElement.callCallback (/Users/poonjohnny/Desktop/ProjectApp/Journo/node_modules/react-dom/cjs/react-dom.development.js:4164:14)
    at HTMLUnknownElement.callTheUserObjectsOperation (/Users/poonjohnny/Desktop/ProjectApp/Journo/node_modules/jsdom/lib/jsdom/living/generated/EventListener.js:26:30)
    at innerInvokeEventListeners (/Users/poonjohnny/Desktop/ProjectApp/Journo/node_modules/jsdom/lib/jsdom/living/events/EventTarget-impl.js:360:16)
    at invokeEventListeners (/Users/poonjohnny/Desktop/ProjectApp/Journo/node_modules/jsdom/lib/jsdom/living/events/EventTarget-impl.js:296:3)
Error: [vitest] No "Reorder" export is defined on the "framer-motion" mock. Did you forget to return it from "vi.mock"?
If you need to partially mock a module, you can use "importOriginal" helper inside:

    at VitestMocker.createError (file:///Users/poonjohnny/Desktop/ProjectApp/Journo/node_modules/vitest/dist/chunks/execute.B7h3T_Hc.js:284:17)
    at Object.get (file:///Users/poonjohnny/Desktop/ProjectApp/Journo/node_modules/vitest/dist/chunks/execute.B7h3T_Hc.js:330:16)
    at DayCard (/Users/poonjohnny/Desktop/ProjectApp/Journo/frontend/src/components/kawaii/DayCard.tsx:182:10)
    at renderWithHooks (/Users/poonjohnny/Desktop/ProjectApp/Journo/node_modules/react-dom/cjs/react-dom.development.js:15486:18)
    at mountIndeterminateComponent (/Users/poonjohnny/Desktop/ProjectApp/Journo/node_modules/react-dom/cjs/react-dom.development.js:20103:13)
    at beginWork (/Users/poonjohnny/Desktop/ProjectApp/Journo/node_modules/react-dom/cjs/react-dom.development.js:21626:16)
    at HTMLUnknownElement.callCallback (/Users/poonjohnny/Desktop/ProjectApp/Journo/node_modules/react-dom/cjs/react-dom.development.js:4164:14)
    at HTMLUnknownElement.callTheUserObjectsOperation (/Users/poonjohnny/Desktop/ProjectApp/Journo/node_modules/jsdom/lib/jsdom/living/generated/EventListener.js:26:30)
    at innerInvokeEventListeners (/Users/poonjohnny/Desktop/ProjectApp/Journo/node_modules/jsdom/lib/jsdom/living/events/EventTarget-impl.js:360:16)
    at invokeEventListeners (/Users/poonjohnny/Desktop/ProjectApp/Journo/node_modules/jsdom/lib/jsdom/living/events/EventTarget-impl.js:296:3)
The above error occurred in the <DayCard> component:

    at DayCard (/Users/poonjohnny/Desktop/ProjectApp/Journo/frontend/src/components/kawaii/DayCard.tsx:16:3)

Consider adding an error boundary to your tree to customize error handling behavior.
Visit https://reactjs.org/link/error-boundaries to learn more about error boundaries.

stderr | src/components/kawaii/__tests__/DayCard.test.tsx > DayCard > renders hotel section when hotel place exists
Error: [vitest] No "Reorder" export is defined on the "framer-motion" mock. Did you forget to return it from "vi.mock"?
If you need to partially mock a module, you can use "importOriginal" helper inside:

    at VitestMocker.createError (file:///Users/poonjohnny/Desktop/ProjectApp/Journo/node_modules/vitest/dist/chunks/execute.B7h3T_Hc.js:284:17)
    at Object.get (file:///Users/poonjohnny/Desktop/ProjectApp/Journo/node_modules/vitest/dist/chunks/execute.B7h3T_Hc.js:330:16)
    at DayCard (/Users/poonjohnny/Desktop/ProjectApp/Journo/frontend/src/components/kawaii/DayCard.tsx:182:10)
    at renderWithHooks (/Users/poonjohnny/Desktop/ProjectApp/Journo/node_modules/react-dom/cjs/react-dom.development.js:15486:18)
    at mountIndeterminateComponent (/Users/poonjohnny/Desktop/ProjectApp/Journo/node_modules/react-dom/cjs/react-dom.development.js:20103:13)
    at beginWork (/Users/poonjohnny/Desktop/ProjectApp/Journo/node_modules/react-dom/cjs/react-dom.development.js:21626:16)
    at HTMLUnknownElement.callCallback (/Users/poonjohnny/Desktop/ProjectApp/Journo/node_modules/react-dom/cjs/react-dom.development.js:4164:14)
    at HTMLUnknownElement.callTheUserObjectsOperation (/Users/poonjohnny/Desktop/ProjectApp/Journo/node_modules/jsdom/lib/jsdom/living/generated/EventListener.js:26:30)
    at innerInvokeEventListeners (/Users/poonjohnny/Desktop/ProjectApp/Journo/node_modules/jsdom/lib/jsdom/living/events/EventTarget-impl.js:360:16)
    at invokeEventListeners (/Users/poonjohnny/Desktop/ProjectApp/Journo/node_modules/jsdom/lib/jsdom/living/events/EventTarget-impl.js:296:3)
Error: [vitest] No "Reorder" export is defined on the "framer-motion" mock. Did you forget to return it from "vi.mock"?
If you need to partially mock a module, you can use "importOriginal" helper inside:

    at VitestMocker.createError (file:///Users/poonjohnny/Desktop/ProjectApp/Journo/node_modules/vitest/dist/chunks/execute.B7h3T_Hc.js:284:17)
    at Object.get (file:///Users/poonjohnny/Desktop/ProjectApp/Journo/node_modules/vitest/dist/chunks/execute.B7h3T_Hc.js:330:16)
    at DayCard (/Users/poonjohnny/Desktop/ProjectApp/Journo/frontend/src/components/kawaii/DayCard.tsx:182:10)
    at renderWithHooks (/Users/poonjohnny/Desktop/ProjectApp/Journo/node_modules/react-dom/cjs/react-dom.development.js:15486:18)
    at mountIndeterminateComponent (/Users/poonjohnny/Desktop/ProjectApp/Journo/node_modules/react-dom/cjs/react-dom.development.js:20103:13)
    at beginWork (/Users/poonjohnny/Desktop/ProjectApp/Journo/node_modules/react-dom/cjs/react-dom.development.js:21626:16)
    at HTMLUnknownElement.callCallback (/Users/poonjohnny/Desktop/ProjectApp/Journo/node_modules/react-dom/cjs/react-dom.development.js:4164:14)
    at HTMLUnknownElement.callTheUserObjectsOperation (/Users/poonjohnny/Desktop/ProjectApp/Journo/node_modules/jsdom/lib/jsdom/living/generated/EventListener.js:26:30)
    at innerInvokeEventListeners (/Users/poonjohnny/Desktop/ProjectApp/Journo/node_modules/jsdom/lib/jsdom/living/events/EventTarget-impl.js:360:16)
    at invokeEventListeners (/Users/poonjohnny/Desktop/ProjectApp/Journo/node_modules/jsdom/lib/jsdom/living/events/EventTarget-impl.js:296:3)
The above error occurred in the <DayCard> component:

    at DayCard (/Users/poonjohnny/Desktop/ProjectApp/Journo/frontend/src/components/kawaii/DayCard.tsx:16:3)

Consider adding an error boundary to your tree to customize error handling behavior.
Visit https://reactjs.org/link/error-boundaries to learn more about error boundaries.

stderr | src/components/kawaii/__tests__/DayCard.test.tsx > DayCard > expands hotel section when clicked
Error: [vitest] No "Reorder" export is defined on the "framer-motion" mock. Did you forget to return it from "vi.mock"?
If you need to partially mock a module, you can use "importOriginal" helper inside:

    at VitestMocker.createError (file:///Users/poonjohnny/Desktop/ProjectApp/Journo/node_modules/vitest/dist/chunks/execute.B7h3T_Hc.js:284:17)
    at Object.get (file:///Users/poonjohnny/Desktop/ProjectApp/Journo/node_modules/vitest/dist/chunks/execute.B7h3T_Hc.js:330:16)
    at DayCard (/Users/poonjohnny/Desktop/ProjectApp/Journo/frontend/src/components/kawaii/DayCard.tsx:182:10)
    at renderWithHooks (/Users/poonjohnny/Desktop/ProjectApp/Journo/node_modules/react-dom/cjs/react-dom.development.js:15486:18)
    at mountIndeterminateComponent (/Users/poonjohnny/Desktop/ProjectApp/Journo/node_modules/react-dom/cjs/react-dom.development.js:20103:13)
    at beginWork (/Users/poonjohnny/Desktop/ProjectApp/Journo/node_modules/react-dom/cjs/react-dom.development.js:21626:16)
    at HTMLUnknownElement.callCallback (/Users/poonjohnny/Desktop/ProjectApp/Journo/node_modules/react-dom/cjs/react-dom.development.js:4164:14)
    at HTMLUnknownElement.callTheUserObjectsOperation (/Users/poonjohnny/Desktop/ProjectApp/Journo/node_modules/jsdom/lib/jsdom/living/generated/EventListener.js:26:30)
    at innerInvokeEventListeners (/Users/poonjohnny/Desktop/ProjectApp/Journo/node_modules/jsdom/lib/jsdom/living/events/EventTarget-impl.js:360:16)
    at invokeEventListeners (/Users/poonjohnny/Desktop/ProjectApp/Journo/node_modules/jsdom/lib/jsdom/living/events/EventTarget-impl.js:296:3)
Error: [vitest] No "Reorder" export is defined on the "framer-motion" mock. Did you forget to return it from "vi.mock"?
If you need to partially mock a module, you can use "importOriginal" helper inside:

    at VitestMocker.createError (file:///Users/poonjohnny/Desktop/ProjectApp/Journo/node_modules/vitest/dist/chunks/execute.B7h3T_Hc.js:284:17)
    at Object.get (file:///Users/poonjohnny/Desktop/ProjectApp/Journo/node_modules/vitest/dist/chunks/execute.B7h3T_Hc.js:330:16)
    at DayCard (/Users/poonjohnny/Desktop/ProjectApp/Journo/frontend/src/components/kawaii/DayCard.tsx:182:10)
    at renderWithHooks (/Users/poonjohnny/Desktop/ProjectApp/Journo/node_modules/react-dom/cjs/react-dom.development.js:15486:18)
    at mountIndeterminateComponent (/Users/poonjohnny/Desktop/ProjectApp/Journo/node_modules/react-dom/cjs/react-dom.development.js:20103:13)
    at beginWork (/Users/poonjohnny/Desktop/ProjectApp/Journo/node_modules/react-dom/cjs/react-dom.development.js:21626:16)
    at HTMLUnknownElement.callCallback (/Users/poonjohnny/Desktop/ProjectApp/Journo/node_modules/react-dom/cjs/react-dom.development.js:4164:14)
    at HTMLUnknownElement.callTheUserObjectsOperation (/Users/poonjohnny/Desktop/ProjectApp/Journo/node_modules/jsdom/lib/jsdom/living/generated/EventListener.js:26:30)
    at innerInvokeEventListeners (/Users/poonjohnny/Desktop/ProjectApp/Journo/node_modules/jsdom/lib/jsdom/living/events/EventTarget-impl.js:360:16)
    at invokeEventListeners (/Users/poonjohnny/Desktop/ProjectApp/Journo/node_modules/jsdom/lib/jsdom/living/events/EventTarget-impl.js:296:3)
The above error occurred in the <DayCard> component:

    at DayCard (/Users/poonjohnny/Desktop/ProjectApp/Journo/frontend/src/components/kawaii/DayCard.tsx:16:3)

Consider adding an error boundary to your tree to customize error handling behavior.
Visit https://reactjs.org/link/error-boundaries to learn more about error boundaries.

stderr | src/components/kawaii/__tests__/DayCard.test.tsx > DayCard > renders flights section when flight places exist
Error: [vitest] No "Reorder" export is defined on the "framer-motion" mock. Did you forget to return it from "vi.mock"?
If you need to partially mock a module, you can use "importOriginal" helper inside:

    at VitestMocker.createError (file:///Users/poonjohnny/Desktop/ProjectApp/Journo/node_modules/vitest/dist/chunks/execute.B7h3T_Hc.js:284:17)
    at Object.get (file:///Users/poonjohnny/Desktop/ProjectApp/Journo/node_modules/vitest/dist/chunks/execute.B7h3T_Hc.js:330:16)
    at DayCard (/Users/poonjohnny/Desktop/ProjectApp/Journo/frontend/src/components/kawaii/DayCard.tsx:182:10)
    at renderWithHooks (/Users/poonjohnny/Desktop/ProjectApp/Journo/node_modules/react-dom/cjs/react-dom.development.js:15486:18)
    at mountIndeterminateComponent (/Users/poonjohnny/Desktop/ProjectApp/Journo/node_modules/react-dom/cjs/react-dom.development.js:20103:13)
    at beginWork (/Users/poonjohnny/Desktop/ProjectApp/Journo/node_modules/react-dom/cjs/react-dom.development.js:21626:16)
    at HTMLUnknownElement.callCallback (/Users/poonjohnny/Desktop/ProjectApp/Journo/node_modules/react-dom/cjs/react-dom.development.js:4164:14)
    at HTMLUnknownElement.callTheUserObjectsOperation (/Users/poonjohnny/Desktop/ProjectApp/Journo/node_modules/jsdom/lib/jsdom/living/generated/EventListener.js:26:30)
    at innerInvokeEventListeners (/Users/poonjohnny/Desktop/ProjectApp/Journo/node_modules/jsdom/lib/jsdom/living/events/EventTarget-impl.js:360:16)
    at invokeEventListeners (/Users/poonjohnny/Desktop/ProjectApp/Journo/node_modules/jsdom/lib/jsdom/living/events/EventTarget-impl.js:296:3)
Error: [vitest] No "Reorder" export is defined on the "framer-motion" mock. Did you forget to return it from "vi.mock"?
If you need to partially mock a module, you can use "importOriginal" helper inside:

    at VitestMocker.createError (file:///Users/poonjohnny/Desktop/ProjectApp/Journo/node_modules/vitest/dist/chunks/execute.B7h3T_Hc.js:284:17)
    at Object.get (file:///Users/poonjohnny/Desktop/ProjectApp/Journo/node_modules/vitest/dist/chunks/execute.B7h3T_Hc.js:330:16)
    at DayCard (/Users/poonjohnny/Desktop/ProjectApp/Journo/frontend/src/components/kawaii/DayCard.tsx:182:10)
    at renderWithHooks (/Users/poonjohnny/Desktop/ProjectApp/Journo/node_modules/react-dom/cjs/react-dom.development.js:15486:18)
    at mountIndeterminateComponent (/Users/poonjohnny/Desktop/ProjectApp/Journo/node_modules/react-dom/cjs/react-dom.development.js:20103:13)
    at beginWork (/Users/poonjohnny/Desktop/ProjectApp/Journo/node_modules/react-dom/cjs/react-dom.development.js:21626:16)
    at HTMLUnknownElement.callCallback (/Users/poonjohnny/Desktop/ProjectApp/Journo/node_modules/react-dom/cjs/react-dom.development.js:4164:14)
    at HTMLUnknownElement.callTheUserObjectsOperation (/Users/poonjohnny/Desktop/ProjectApp/Journo/node_modules/jsdom/lib/jsdom/living/generated/EventListener.js:26:30)
    at innerInvokeEventListeners (/Users/poonjohnny/Desktop/ProjectApp/Journo/node_modules/jsdom/lib/jsdom/living/events/EventTarget-impl.js:360:16)
    at invokeEventListeners (/Users/poonjohnny/Desktop/ProjectApp/Journo/node_modules/jsdom/lib/jsdom/living/events/EventTarget-impl.js:296:3)
The above error occurred in the <DayCard> component:

    at DayCard (/Users/poonjohnny/Desktop/ProjectApp/Journo/frontend/src/components/kawaii/DayCard.tsx:16:3)

Consider adding an error boundary to your tree to customize error handling behavior.
Visit https://reactjs.org/link/error-boundaries to learn more about error boundaries.

stderr | src/components/kawaii/__tests__/DayCard.test.tsx > DayCard > renders activities section when activity places exist
Error: [vitest] No "Reorder" export is defined on the "framer-motion" mock. Did you forget to return it from "vi.mock"?
If you need to partially mock a module, you can use "importOriginal" helper inside:

    at VitestMocker.createError (file:///Users/poonjohnny/Desktop/ProjectApp/Journo/node_modules/vitest/dist/chunks/execute.B7h3T_Hc.js:284:17)
    at Object.get (file:///Users/poonjohnny/Desktop/ProjectApp/Journo/node_modules/vitest/dist/chunks/execute.B7h3T_Hc.js:330:16)
    at DayCard (/Users/poonjohnny/Desktop/ProjectApp/Journo/frontend/src/components/kawaii/DayCard.tsx:182:10)
    at renderWithHooks (/Users/poonjohnny/Desktop/ProjectApp/Journo/node_modules/react-dom/cjs/react-dom.development.js:15486:18)
    at mountIndeterminateComponent (/Users/poonjohnny/Desktop/ProjectApp/Journo/node_modules/react-dom/cjs/react-dom.development.js:20103:13)
    at beginWork (/Users/poonjohnny/Desktop/ProjectApp/Journo/node_modules/react-dom/cjs/react-dom.development.js:21626:16)
    at HTMLUnknownElement.callCallback (/Users/poonjohnny/Desktop/ProjectApp/Journo/node_modules/react-dom/cjs/react-dom.development.js:4164:14)
    at HTMLUnknownElement.callTheUserObjectsOperation (/Users/poonjohnny/Desktop/ProjectApp/Journo/node_modules/jsdom/lib/jsdom/living/generated/EventListener.js:26:30)
    at innerInvokeEventListeners (/Users/poonjohnny/Desktop/ProjectApp/Journo/node_modules/jsdom/lib/jsdom/living/events/EventTarget-impl.js:360:16)
    at invokeEventListeners (/Users/poonjohnny/Desktop/ProjectApp/Journo/node_modules/jsdom/lib/jsdom/living/events/EventTarget-impl.js:296:3)
Error: [vitest] No "Reorder" export is defined on the "framer-motion" mock. Did you forget to return it from "vi.mock"?
If you need to partially mock a module, you can use "importOriginal" helper inside:

    at VitestMocker.createError (file:///Users/poonjohnny/Desktop/ProjectApp/Journo/node_modules/vitest/dist/chunks/execute.B7h3T_Hc.js:284:17)
    at Object.get (file:///Users/poonjohnny/Desktop/ProjectApp/Journo/node_modules/vitest/dist/chunks/execute.B7h3T_Hc.js:330:16)
    at DayCard (/Users/poonjohnny/Desktop/ProjectApp/Journo/frontend/src/components/kawaii/DayCard.tsx:182:10)
    at renderWithHooks (/Users/poonjohnny/Desktop/ProjectApp/Journo/node_modules/react-dom/cjs/react-dom.development.js:15486:18)
    at mountIndeterminateComponent (/Users/poonjohnny/Desktop/ProjectApp/Journo/node_modules/react-dom/cjs/react-dom.development.js:20103:13)
    at beginWork (/Users/poonjohnny/Desktop/ProjectApp/Journo/node_modules/react-dom/cjs/react-dom.development.js:21626:16)
    at HTMLUnknownElement.callCallback (/Users/poonjohnny/Desktop/ProjectApp/Journo/node_modules/react-dom/cjs/react-dom.development.js:4164:14)
    at HTMLUnknownElement.callTheUserObjectsOperation (/Users/poonjohnny/Desktop/ProjectApp/Journo/node_modules/jsdom/lib/jsdom/living/generated/EventListener.js:26:30)
    at innerInvokeEventListeners (/Users/poonjohnny/Desktop/ProjectApp/Journo/node_modules/jsdom/lib/jsdom/living/events/EventTarget-impl.js:360:16)
    at invokeEventListeners (/Users/poonjohnny/Desktop/ProjectApp/Journo/node_modules/jsdom/lib/jsdom/living/events/EventTarget-impl.js:296:3)
The above error occurred in the <DayCard> component:

    at DayCard (/Users/poonjohnny/Desktop/ProjectApp/Journo/frontend/src/components/kawaii/DayCard.tsx:16:3)

Consider adding an error boundary to your tree to customize error handling behavior.
Visit https://reactjs.org/link/error-boundaries to learn more about error boundaries.

stderr | src/components/kawaii/__tests__/DayCard.test.tsx > DayCard > renders activity details in expanded activities section
Error: [vitest] No "Reorder" export is defined on the "framer-motion" mock. Did you forget to return it from "vi.mock"?
If you need to partially mock a module, you can use "importOriginal" helper inside:

    at VitestMocker.createError (file:///Users/poonjohnny/Desktop/ProjectApp/Journo/node_modules/vitest/dist/chunks/execute.B7h3T_Hc.js:284:17)
    at Object.get (file:///Users/poonjohnny/Desktop/ProjectApp/Journo/node_modules/vitest/dist/chunks/execute.B7h3T_Hc.js:330:16)
    at DayCard (/Users/poonjohnny/Desktop/ProjectApp/Journo/frontend/src/components/kawaii/DayCard.tsx:182:10)
    at renderWithHooks (/Users/poonjohnny/Desktop/ProjectApp/Journo/node_modules/react-dom/cjs/react-dom.development.js:15486:18)
    at mountIndeterminateComponent (/Users/poonjohnny/Desktop/ProjectApp/Journo/node_modules/react-dom/cjs/react-dom.development.js:20103:13)
    at beginWork (/Users/poonjohnny/Desktop/ProjectApp/Journo/node_modules/react-dom/cjs/react-dom.development.js:21626:16)
    at HTMLUnknownElement.callCallback (/Users/poonjohnny/Desktop/ProjectApp/Journo/node_modules/react-dom/cjs/react-dom.development.js:4164:14)
    at HTMLUnknownElement.callTheUserObjectsOperation (/Users/poonjohnny/Desktop/ProjectApp/Journo/node_modules/jsdom/lib/jsdom/living/generated/EventListener.js:26:30)
    at innerInvokeEventListeners (/Users/poonjohnny/Desktop/ProjectApp/Journo/node_modules/jsdom/lib/jsdom/living/events/EventTarget-impl.js:360:16)
    at invokeEventListeners (/Users/poonjohnny/Desktop/ProjectApp/Journo/node_modules/jsdom/lib/jsdom/living/events/EventTarget-impl.js:296:3)
Error: [vitest] No "Reorder" export is defined on the "framer-motion" mock. Did you forget to return it from "vi.mock"?
If you need to partially mock a module, you can use "importOriginal" helper inside:

    at VitestMocker.createError (file:///Users/poonjohnny/Desktop/ProjectApp/Journo/node_modules/vitest/dist/chunks/execute.B7h3T_Hc.js:284:17)
    at Object.get (file:///Users/poonjohnny/Desktop/ProjectApp/Journo/node_modules/vitest/dist/chunks/execute.B7h3T_Hc.js:330:16)
    at DayCard (/Users/poonjohnny/Desktop/ProjectApp/Journo/frontend/src/components/kawaii/DayCard.tsx:182:10)
    at renderWithHooks (/Users/poonjohnny/Desktop/ProjectApp/Journo/node_modules/react-dom/cjs/react-dom.development.js:15486:18)
    at mountIndeterminateComponent (/Users/poonjohnny/Desktop/ProjectApp/Journo/node_modules/react-dom/cjs/react-dom.development.js:20103:13)
    at beginWork (/Users/poonjohnny/Desktop/ProjectApp/Journo/node_modules/react-dom/cjs/react-dom.development.js:21626:16)
    at HTMLUnknownElement.callCallback (/Users/poonjohnny/Desktop/ProjectApp/Journo/node_modules/react-dom/cjs/react-dom.development.js:4164:14)
    at HTMLUnknownElement.callTheUserObjectsOperation (/Users/poonjohnny/Desktop/ProjectApp/Journo/node_modules/jsdom/lib/jsdom/living/generated/EventListener.js:26:30)
    at innerInvokeEventListeners (/Users/poonjohnny/Desktop/ProjectApp/Journo/node_modules/jsdom/lib/jsdom/living/events/EventTarget-impl.js:360:16)
    at invokeEventListeners (/Users/poonjohnny/Desktop/ProjectApp/Journo/node_modules/jsdom/lib/jsdom/living/events/EventTarget-impl.js:296:3)
The above error occurred in the <DayCard> component:

    at DayCard (/Users/poonjohnny/Desktop/ProjectApp/Journo/frontend/src/components/kawaii/DayCard.tsx:16:3)

Consider adding an error boundary to your tree to customize error handling behavior.
Visit https://reactjs.org/link/error-boundaries to learn more about error boundaries.

stderr | src/components/kawaii/__tests__/DayCard.test.tsx > DayCard > calls onActivityClick when activity is clicked
Error: [vitest] No "Reorder" export is defined on the "framer-motion" mock. Did you forget to return it from "vi.mock"?
If you need to partially mock a module, you can use "importOriginal" helper inside:

    at VitestMocker.createError (file:///Users/poonjohnny/Desktop/ProjectApp/Journo/node_modules/vitest/dist/chunks/execute.B7h3T_Hc.js:284:17)
    at Object.get (file:///Users/poonjohnny/Desktop/ProjectApp/Journo/node_modules/vitest/dist/chunks/execute.B7h3T_Hc.js:330:16)
    at DayCard (/Users/poonjohnny/Desktop/ProjectApp/Journo/frontend/src/components/kawaii/DayCard.tsx:182:10)
    at renderWithHooks (/Users/poonjohnny/Desktop/ProjectApp/Journo/node_modules/react-dom/cjs/react-dom.development.js:15486:18)
    at mountIndeterminateComponent (/Users/poonjohnny/Desktop/ProjectApp/Journo/node_modules/react-dom/cjs/react-dom.development.js:20103:13)
    at beginWork (/Users/poonjohnny/Desktop/ProjectApp/Journo/node_modules/react-dom/cjs/react-dom.development.js:21626:16)
    at HTMLUnknownElement.callCallback (/Users/poonjohnny/Desktop/ProjectApp/Journo/node_modules/react-dom/cjs/react-dom.development.js:4164:14)
    at HTMLUnknownElement.callTheUserObjectsOperation (/Users/poonjohnny/Desktop/ProjectApp/Journo/node_modules/jsdom/lib/jsdom/living/generated/EventListener.js:26:30)
    at innerInvokeEventListeners (/Users/poonjohnny/Desktop/ProjectApp/Journo/node_modules/jsdom/lib/jsdom/living/events/EventTarget-impl.js:360:16)
    at invokeEventListeners (/Users/poonjohnny/Desktop/ProjectApp/Journo/node_modules/jsdom/lib/jsdom/living/events/EventTarget-impl.js:296:3)
Error: [vitest] No "Reorder" export is defined on the "framer-motion" mock. Did you forget to return it from "vi.mock"?
If you need to partially mock a module, you can use "importOriginal" helper inside:

    at VitestMocker.createError (file:///Users/poonjohnny/Desktop/ProjectApp/Journo/node_modules/vitest/dist/chunks/execute.B7h3T_Hc.js:284:17)
    at Object.get (file:///Users/poonjohnny/Desktop/ProjectApp/Journo/node_modules/vitest/dist/chunks/execute.B7h3T_Hc.js:330:16)
    at DayCard (/Users/poonjohnny/Desktop/ProjectApp/Journo/frontend/src/components/kawaii/DayCard.tsx:182:10)
    at renderWithHooks (/Users/poonjohnny/Desktop/ProjectApp/Journo/node_modules/react-dom/cjs/react-dom.development.js:15486:18)
    at mountIndeterminateComponent (/Users/poonjohnny/Desktop/ProjectApp/Journo/node_modules/react-dom/cjs/react-dom.development.js:20103:13)
    at beginWork (/Users/poonjohnny/Desktop/ProjectApp/Journo/node_modules/react-dom/cjs/react-dom.development.js:21626:16)
    at HTMLUnknownElement.callCallback (/Users/poonjohnny/Desktop/ProjectApp/Journo/node_modules/react-dom/cjs/react-dom.development.js:4164:14)
    at HTMLUnknownElement.callTheUserObjectsOperation (/Users/poonjohnny/Desktop/ProjectApp/Journo/node_modules/jsdom/lib/jsdom/living/generated/EventListener.js:26:30)
    at innerInvokeEventListeners (/Users/poonjohnny/Desktop/ProjectApp/Journo/node_modules/jsdom/lib/jsdom/living/events/EventTarget-impl.js:360:16)
    at invokeEventListeners (/Users/poonjohnny/Desktop/ProjectApp/Journo/node_modules/jsdom/lib/jsdom/living/events/EventTarget-impl.js:296:3)
The above error occurred in the <DayCard> component:

    at DayCard (/Users/poonjohnny/Desktop/ProjectApp/Journo/frontend/src/components/kawaii/DayCard.tsx:16:3)

Consider adding an error boundary to your tree to customize error handling behavior.
Visit https://reactjs.org/link/error-boundaries to learn more about error boundaries.

stderr | src/components/kawaii/__tests__/DayCard.test.tsx > DayCard > renders empty state when no places exist
Error: [vitest] No "Reorder" export is defined on the "framer-motion" mock. Did you forget to return it from "vi.mock"?
If you need to partially mock a module, you can use "importOriginal" helper inside:

    at VitestMocker.createError (file:///Users/poonjohnny/Desktop/ProjectApp/Journo/node_modules/vitest/dist/chunks/execute.B7h3T_Hc.js:284:17)
    at Object.get (file:///Users/poonjohnny/Desktop/ProjectApp/Journo/node_modules/vitest/dist/chunks/execute.B7h3T_Hc.js:330:16)
    at DayCard (/Users/poonjohnny/Desktop/ProjectApp/Journo/frontend/src/components/kawaii/DayCard.tsx:182:10)
    at renderWithHooks (/Users/poonjohnny/Desktop/ProjectApp/Journo/node_modules/react-dom/cjs/react-dom.development.js:15486:18)
    at mountIndeterminateComponent (/Users/poonjohnny/Desktop/ProjectApp/Journo/node_modules/react-dom/cjs/react-dom.development.js:20103:13)
    at beginWork (/Users/poonjohnny/Desktop/ProjectApp/Journo/node_modules/react-dom/cjs/react-dom.development.js:21626:16)
    at HTMLUnknownElement.callCallback (/Users/poonjohnny/Desktop/ProjectApp/Journo/node_modules/react-dom/cjs/react-dom.development.js:4164:14)
    at HTMLUnknownElement.callTheUserObjectsOperation (/Users/poonjohnny/Desktop/ProjectApp/Journo/node_modules/jsdom/lib/jsdom/living/generated/EventListener.js:26:30)
    at innerInvokeEventListeners (/Users/poonjohnny/Desktop/ProjectApp/Journo/node_modules/jsdom/lib/jsdom/living/events/EventTarget-impl.js:360:16)
    at invokeEventListeners (/Users/poonjohnny/Desktop/ProjectApp/Journo/node_modules/jsdom/lib/jsdom/living/events/EventTarget-impl.js:296:3)
Error: [vitest] No "Reorder" export is defined on the "framer-motion" mock. Did you forget to return it from "vi.mock"?
If you need to partially mock a module, you can use "importOriginal" helper inside:

    at VitestMocker.createError (file:///Users/poonjohnny/Desktop/ProjectApp/Journo/node_modules/vitest/dist/chunks/execute.B7h3T_Hc.js:284:17)
    at Object.get (file:///Users/poonjohnny/Desktop/ProjectApp/Journo/node_modules/vitest/dist/chunks/execute.B7h3T_Hc.js:330:16)
    at DayCard (/Users/poonjohnny/Desktop/ProjectApp/Journo/frontend/src/components/kawaii/DayCard.tsx:182:10)
    at renderWithHooks (/Users/poonjohnny/Desktop/ProjectApp/Journo/node_modules/react-dom/cjs/react-dom.development.js:15486:18)
    at mountIndeterminateComponent (/Users/poonjohnny/Desktop/ProjectApp/Journo/node_modules/react-dom/cjs/react-dom.development.js:20103:13)
    at beginWork (/Users/poonjohnny/Desktop/ProjectApp/Journo/node_modules/react-dom/cjs/react-dom.development.js:21626:16)
    at HTMLUnknownElement.callCallback (/Users/poonjohnny/Desktop/ProjectApp/Journo/node_modules/react-dom/cjs/react-dom.development.js:4164:14)
    at HTMLUnknownElement.callTheUserObjectsOperation (/Users/poonjohnny/Desktop/ProjectApp/Journo/node_modules/jsdom/lib/jsdom/living/generated/EventListener.js:26:30)
    at innerInvokeEventListeners (/Users/poonjohnny/Desktop/ProjectApp/Journo/node_modules/jsdom/lib/jsdom/living/events/EventTarget-impl.js:360:16)
    at invokeEventListeners (/Users/poonjohnny/Desktop/ProjectApp/Journo/node_modules/jsdom/lib/jsdom/living/events/EventTarget-impl.js:296:3)
The above error occurred in the <DayCard> component:

    at DayCard (/Users/poonjohnny/Desktop/ProjectApp/Journo/frontend/src/components/kawaii/DayCard.tsx:16:3)

Consider adding an error boundary to your tree to customize error handling behavior.
Visit https://reactjs.org/link/error-boundaries to learn more about error boundaries.

stderr | src/components/kawaii/__tests__/DayCard.test.tsx > DayCard > separates hotel, flights, and activities correctly
Error: [vitest] No "Reorder" export is defined on the "framer-motion" mock. Did you forget to return it from "vi.mock"?
If you need to partially mock a module, you can use "importOriginal" helper inside:

    at VitestMocker.createError (file:///Users/poonjohnny/Desktop/ProjectApp/Journo/node_modules/vitest/dist/chunks/execute.B7h3T_Hc.js:284:17)
    at Object.get (file:///Users/poonjohnny/Desktop/ProjectApp/Journo/node_modules/vitest/dist/chunks/execute.B7h3T_Hc.js:330:16)
    at DayCard (/Users/poonjohnny/Desktop/ProjectApp/Journo/frontend/src/components/kawaii/DayCard.tsx:182:10)
    at renderWithHooks (/Users/poonjohnny/Desktop/ProjectApp/Journo/node_modules/react-dom/cjs/react-dom.development.js:15486:18)
    at mountIndeterminateComponent (/Users/poonjohnny/Desktop/ProjectApp/Journo/node_modules/react-dom/cjs/react-dom.development.js:20103:13)
    at beginWork (/Users/poonjohnny/Desktop/ProjectApp/Journo/node_modules/react-dom/cjs/react-dom.development.js:21626:16)
    at HTMLUnknownElement.callCallback (/Users/poonjohnny/Desktop/ProjectApp/Journo/node_modules/react-dom/cjs/react-dom.development.js:4164:14)
    at HTMLUnknownElement.callTheUserObjectsOperation (/Users/poonjohnny/Desktop/ProjectApp/Journo/node_modules/jsdom/lib/jsdom/living/generated/EventListener.js:26:30)
    at innerInvokeEventListeners (/Users/poonjohnny/Desktop/ProjectApp/Journo/node_modules/jsdom/lib/jsdom/living/events/EventTarget-impl.js:360:16)
    at invokeEventListeners (/Users/poonjohnny/Desktop/ProjectApp/Journo/node_modules/jsdom/lib/jsdom/living/events/EventTarget-impl.js:296:3)
Error: [vitest] No "Reorder" export is defined on the "framer-motion" mock. Did you forget to return it from "vi.mock"?
If you need to partially mock a module, you can use "importOriginal" helper inside:

    at VitestMocker.createError (file:///Users/poonjohnny/Desktop/ProjectApp/Journo/node_modules/vitest/dist/chunks/execute.B7h3T_Hc.js:284:17)
    at Object.get (file:///Users/poonjohnny/Desktop/ProjectApp/Journo/node_modules/vitest/dist/chunks/execute.B7h3T_Hc.js:330:16)
    at DayCard (/Users/poonjohnny/Desktop/ProjectApp/Journo/frontend/src/components/kawaii/DayCard.tsx:182:10)
    at renderWithHooks (/Users/poonjohnny/Desktop/ProjectApp/Journo/node_modules/react-dom/cjs/react-dom.development.js:15486:18)
    at mountIndeterminateComponent (/Users/poonjohnny/Desktop/ProjectApp/Journo/node_modules/react-dom/cjs/react-dom.development.js:20103:13)
    at beginWork (/Users/poonjohnny/Desktop/ProjectApp/Journo/node_modules/react-dom/cjs/react-dom.development.js:21626:16)
    at HTMLUnknownElement.callCallback (/Users/poonjohnny/Desktop/ProjectApp/Journo/node_modules/react-dom/cjs/react-dom.development.js:4164:14)
    at HTMLUnknownElement.callTheUserObjectsOperation (/Users/poonjohnny/Desktop/ProjectApp/Journo/node_modules/jsdom/lib/jsdom/living/generated/EventListener.js:26:30)
    at innerInvokeEventListeners (/Users/poonjohnny/Desktop/ProjectApp/Journo/node_modules/jsdom/lib/jsdom/living/events/EventTarget-impl.js:360:16)
    at invokeEventListeners (/Users/poonjohnny/Desktop/ProjectApp/Journo/node_modules/jsdom/lib/jsdom/living/events/EventTarget-impl.js:296:3)
The above error occurred in the <DayCard> component:

    at DayCard (/Users/poonjohnny/Desktop/ProjectApp/Journo/frontend/src/components/kawaii/DayCard.tsx:16:3)

Consider adding an error boundary to your tree to customize error handling behavior.
Visit https://reactjs.org/link/error-boundaries to learn more about error boundaries.

stderr | src/components/kawaii/__tests__/DayCard.test.tsx > DayCard > opens Google Maps when hotel address is clicked
Error: [vitest] No "Reorder" export is defined on the "framer-motion" mock. Did you forget to return it from "vi.mock"?
If you need to partially mock a module, you can use "importOriginal" helper inside:

    at VitestMocker.createError (file:///Users/poonjohnny/Desktop/ProjectApp/Journo/node_modules/vitest/dist/chunks/execute.B7h3T_Hc.js:284:17)
    at Object.get (file:///Users/poonjohnny/Desktop/ProjectApp/Journo/node_modules/vitest/dist/chunks/execute.B7h3T_Hc.js:330:16)
    at DayCard (/Users/poonjohnny/Desktop/ProjectApp/Journo/frontend/src/components/kawaii/DayCard.tsx:182:10)
    at renderWithHooks (/Users/poonjohnny/Desktop/ProjectApp/Journo/node_modules/react-dom/cjs/react-dom.development.js:15486:18)
    at mountIndeterminateComponent (/Users/poonjohnny/Desktop/ProjectApp/Journo/node_modules/react-dom/cjs/react-dom.development.js:20103:13)
    at beginWork (/Users/poonjohnny/Desktop/ProjectApp/Journo/node_modules/react-dom/cjs/react-dom.development.js:21626:16)
    at HTMLUnknownElement.callCallback (/Users/poonjohnny/Desktop/ProjectApp/Journo/node_modules/react-dom/cjs/react-dom.development.js:4164:14)
    at HTMLUnknownElement.callTheUserObjectsOperation (/Users/poonjohnny/Desktop/ProjectApp/Journo/node_modules/jsdom/lib/jsdom/living/generated/EventListener.js:26:30)
    at innerInvokeEventListeners (/Users/poonjohnny/Desktop/ProjectApp/Journo/node_modules/jsdom/lib/jsdom/living/events/EventTarget-impl.js:360:16)
    at invokeEventListeners (/Users/poonjohnny/Desktop/ProjectApp/Journo/node_modules/jsdom/lib/jsdom/living/events/EventTarget-impl.js:296:3)
Error: [vitest] No "Reorder" export is defined on the "framer-motion" mock. Did you forget to return it from "vi.mock"?
If you need to partially mock a module, you can use "importOriginal" helper inside:

    at VitestMocker.createError (file:///Users/poonjohnny/Desktop/ProjectApp/Journo/node_modules/vitest/dist/chunks/execute.B7h3T_Hc.js:284:17)
    at Object.get (file:///Users/poonjohnny/Desktop/ProjectApp/Journo/node_modules/vitest/dist/chunks/execute.B7h3T_Hc.js:330:16)
    at DayCard (/Users/poonjohnny/Desktop/ProjectApp/Journo/frontend/src/components/kawaii/DayCard.tsx:182:10)
    at renderWithHooks (/Users/poonjohnny/Desktop/ProjectApp/Journo/node_modules/react-dom/cjs/react-dom.development.js:15486:18)
    at mountIndeterminateComponent (/Users/poonjohnny/Desktop/ProjectApp/Journo/node_modules/react-dom/cjs/react-dom.development.js:20103:13)
    at beginWork (/Users/poonjohnny/Desktop/ProjectApp/Journo/node_modules/react-dom/cjs/react-dom.development.js:21626:16)
    at HTMLUnknownElement.callCallback (/Users/poonjohnny/Desktop/ProjectApp/Journo/node_modules/react-dom/cjs/react-dom.development.js:4164:14)
    at HTMLUnknownElement.callTheUserObjectsOperation (/Users/poonjohnny/Desktop/ProjectApp/Journo/node_modules/jsdom/lib/jsdom/living/generated/EventListener.js:26:30)
    at innerInvokeEventListeners (/Users/poonjohnny/Desktop/ProjectApp/Journo/node_modules/jsdom/lib/jsdom/living/events/EventTarget-impl.js:360:16)
    at invokeEventListeners (/Users/poonjohnny/Desktop/ProjectApp/Journo/node_modules/jsdom/lib/jsdom/living/events/EventTarget-impl.js:296:3)
The above error occurred in the <DayCard> component:

    at DayCard (/Users/poonjohnny/Desktop/ProjectApp/Journo/frontend/src/components/kawaii/DayCard.tsx:16:3)

Consider adding an error boundary to your tree to customize error handling behavior.
Visit https://reactjs.org/link/error-boundaries to learn more about error boundaries.

stderr | src/components/kawaii/__tests__/DayCard.test.tsx > DayCard > opens Google Maps when activity address is clicked
Error: [vitest] No "Reorder" export is defined on the "framer-motion" mock. Did you forget to return it from "vi.mock"?
If you need to partially mock a module, you can use "importOriginal" helper inside:

    at VitestMocker.createError (file:///Users/poonjohnny/Desktop/ProjectApp/Journo/node_modules/vitest/dist/chunks/execute.B7h3T_Hc.js:284:17)
    at Object.get (file:///Users/poonjohnny/Desktop/ProjectApp/Journo/node_modules/vitest/dist/chunks/execute.B7h3T_Hc.js:330:16)
    at DayCard (/Users/poonjohnny/Desktop/ProjectApp/Journo/frontend/src/components/kawaii/DayCard.tsx:182:10)
    at renderWithHooks (/Users/poonjohnny/Desktop/ProjectApp/Journo/node_modules/react-dom/cjs/react-dom.development.js:15486:18)
    at mountIndeterminateComponent (/Users/poonjohnny/Desktop/ProjectApp/Journo/node_modules/react-dom/cjs/react-dom.development.js:20103:13)
    at beginWork (/Users/poonjohnny/Desktop/ProjectApp/Journo/node_modules/react-dom/cjs/react-dom.development.js:21626:16)
    at HTMLUnknownElement.callCallback (/Users/poonjohnny/Desktop/ProjectApp/Journo/node_modules/react-dom/cjs/react-dom.development.js:4164:14)
    at HTMLUnknownElement.callTheUserObjectsOperation (/Users/poonjohnny/Desktop/ProjectApp/Journo/node_modules/jsdom/lib/jsdom/living/generated/EventListener.js:26:30)
    at innerInvokeEventListeners (/Users/poonjohnny/Desktop/ProjectApp/Journo/node_modules/jsdom/lib/jsdom/living/events/EventTarget-impl.js:360:16)
    at invokeEventListeners (/Users/poonjohnny/Desktop/ProjectApp/Journo/node_modules/jsdom/lib/jsdom/living/events/EventTarget-impl.js:296:3)
Error: [vitest] No "Reorder" export is defined on the "framer-motion" mock. Did you forget to return it from "vi.mock"?
If you need to partially mock a module, you can use "importOriginal" helper inside:

    at VitestMocker.createError (file:///Users/poonjohnny/Desktop/ProjectApp/Journo/node_modules/vitest/dist/chunks/execute.B7h3T_Hc.js:284:17)
    at Object.get (file:///Users/poonjohnny/Desktop/ProjectApp/Journo/node_modules/vitest/dist/chunks/execute.B7h3T_Hc.js:330:16)
    at DayCard (/Users/poonjohnny/Desktop/ProjectApp/Journo/frontend/src/components/kawaii/DayCard.tsx:182:10)
    at renderWithHooks (/Users/poonjohnny/Desktop/ProjectApp/Journo/node_modules/react-dom/cjs/react-dom.development.js:15486:18)
    at mountIndeterminateComponent (/Users/poonjohnny/Desktop/ProjectApp/Journo/node_modules/react-dom/cjs/react-dom.development.js:20103:13)
    at beginWork (/Users/poonjohnny/Desktop/ProjectApp/Journo/node_modules/react-dom/cjs/react-dom.development.js:21626:16)
    at HTMLUnknownElement.callCallback (/Users/poonjohnny/Desktop/ProjectApp/Journo/node_modules/react-dom/cjs/react-dom.development.js:4164:14)
    at HTMLUnknownElement.callTheUserObjectsOperation (/Users/poonjohnny/Desktop/ProjectApp/Journo/node_modules/jsdom/lib/jsdom/living/generated/EventListener.js:26:30)
    at innerInvokeEventListeners (/Users/poonjohnny/Desktop/ProjectApp/Journo/node_modules/jsdom/lib/jsdom/living/events/EventTarget-impl.js:360:16)
    at invokeEventListeners (/Users/poonjohnny/Desktop/ProjectApp/Journo/node_modules/jsdom/lib/jsdom/living/events/EventTarget-impl.js:296:3)
The above error occurred in the <DayCard> component:

    at DayCard (/Users/poonjohnny/Desktop/ProjectApp/Journo/frontend/src/components/kawaii/DayCard.tsx:16:3)

Consider adding an error boundary to your tree to customize error handling behavior.
Visit https://reactjs.org/link/error-boundaries to learn more about error boundaries.

stderr | src/components/kawaii/__tests__/DayCard.test.tsx > DayCard > displays activity time when available
Error: [vitest] No "Reorder" export is defined on the "framer-motion" mock. Did you forget to return it from "vi.mock"?
If you need to partially mock a module, you can use "importOriginal" helper inside:

    at VitestMocker.createError (file:///Users/poonjohnny/Desktop/ProjectApp/Journo/node_modules/vitest/dist/chunks/execute.B7h3T_Hc.js:284:17)
    at Object.get (file:///Users/poonjohnny/Desktop/ProjectApp/Journo/node_modules/vitest/dist/chunks/execute.B7h3T_Hc.js:330:16)
    at DayCard (/Users/poonjohnny/Desktop/ProjectApp/Journo/frontend/src/components/kawaii/DayCard.tsx:182:10)
    at renderWithHooks (/Users/poonjohnny/Desktop/ProjectApp/Journo/node_modules/react-dom/cjs/react-dom.development.js:15486:18)
    at mountIndeterminateComponent (/Users/poonjohnny/Desktop/ProjectApp/Journo/node_modules/react-dom/cjs/react-dom.development.js:20103:13)
    at beginWork (/Users/poonjohnny/Desktop/ProjectApp/Journo/node_modules/react-dom/cjs/react-dom.development.js:21626:16)
    at HTMLUnknownElement.callCallback (/Users/poonjohnny/Desktop/ProjectApp/Journo/node_modules/react-dom/cjs/react-dom.development.js:4164:14)
    at HTMLUnknownElement.callTheUserObjectsOperation (/Users/poonjohnny/Desktop/ProjectApp/Journo/node_modules/jsdom/lib/jsdom/living/generated/EventListener.js:26:30)
    at innerInvokeEventListeners (/Users/poonjohnny/Desktop/ProjectApp/Journo/node_modules/jsdom/lib/jsdom/living/events/EventTarget-impl.js:360:16)
    at invokeEventListeners (/Users/poonjohnny/Desktop/ProjectApp/Journo/node_modules/jsdom/lib/jsdom/living/events/EventTarget-impl.js:296:3)
Error: [vitest] No "Reorder" export is defined on the "framer-motion" mock. Did you forget to return it from "vi.mock"?
If you need to partially mock a module, you can use "importOriginal" helper inside:

    at VitestMocker.createError (file:///Users/poonjohnny/Desktop/ProjectApp/Journo/node_modules/vitest/dist/chunks/execute.B7h3T_Hc.js:284:17)
    at Object.get (file:///Users/poonjohnny/Desktop/ProjectApp/Journo/node_modules/vitest/dist/chunks/execute.B7h3T_Hc.js:330:16)
    at DayCard (/Users/poonjohnny/Desktop/ProjectApp/Journo/frontend/src/components/kawaii/DayCard.tsx:182:10)
    at renderWithHooks (/Users/poonjohnny/Desktop/ProjectApp/Journo/node_modules/react-dom/cjs/react-dom.development.js:15486:18)
    at mountIndeterminateComponent (/Users/poonjohnny/Desktop/ProjectApp/Journo/node_modules/react-dom/cjs/react-dom.development.js:20103:13)
    at beginWork (/Users/poonjohnny/Desktop/ProjectApp/Journo/node_modules/react-dom/cjs/react-dom.development.js:21626:16)
    at HTMLUnknownElement.callCallback (/Users/poonjohnny/Desktop/ProjectApp/Journo/node_modules/react-dom/cjs/react-dom.development.js:4164:14)
    at HTMLUnknownElement.callTheUserObjectsOperation (/Users/poonjohnny/Desktop/ProjectApp/Journo/node_modules/jsdom/lib/jsdom/living/generated/EventListener.js:26:30)
    at innerInvokeEventListeners (/Users/poonjohnny/Desktop/ProjectApp/Journo/node_modules/jsdom/lib/jsdom/living/events/EventTarget-impl.js:360:16)
    at invokeEventListeners (/Users/poonjohnny/Desktop/ProjectApp/Journo/node_modules/jsdom/lib/jsdom/living/events/EventTarget-impl.js:296:3)
The above error occurred in the <DayCard> component:

    at DayCard (/Users/poonjohnny/Desktop/ProjectApp/Journo/frontend/src/components/kawaii/DayCard.tsx:16:3)

Consider adding an error boundary to your tree to customize error handling behavior.
Visit https://reactjs.org/link/error-boundaries to learn more about error boundaries.

stderr | src/components/kawaii/__tests__/DayCard.test.tsx > DayCard > displays activity notes when available
Error: [vitest] No "Reorder" export is defined on the "framer-motion" mock. Did you forget to return it from "vi.mock"?
If you need to partially mock a module, you can use "importOriginal" helper inside:

    at VitestMocker.createError (file:///Users/poonjohnny/Desktop/ProjectApp/Journo/node_modules/vitest/dist/chunks/execute.B7h3T_Hc.js:284:17)
    at Object.get (file:///Users/poonjohnny/Desktop/ProjectApp/Journo/node_modules/vitest/dist/chunks/execute.B7h3T_Hc.js:330:16)
    at DayCard (/Users/poonjohnny/Desktop/ProjectApp/Journo/frontend/src/components/kawaii/DayCard.tsx:182:10)
    at renderWithHooks (/Users/poonjohnny/Desktop/ProjectApp/Journo/node_modules/react-dom/cjs/react-dom.development.js:15486:18)
    at mountIndeterminateComponent (/Users/poonjohnny/Desktop/ProjectApp/Journo/node_modules/react-dom/cjs/react-dom.development.js:20103:13)
    at beginWork (/Users/poonjohnny/Desktop/ProjectApp/Journo/node_modules/react-dom/cjs/react-dom.development.js:21626:16)
    at HTMLUnknownElement.callCallback (/Users/poonjohnny/Desktop/ProjectApp/Journo/node_modules/react-dom/cjs/react-dom.development.js:4164:14)
    at HTMLUnknownElement.callTheUserObjectsOperation (/Users/poonjohnny/Desktop/ProjectApp/Journo/node_modules/jsdom/lib/jsdom/living/generated/EventListener.js:26:30)
    at innerInvokeEventListeners (/Users/poonjohnny/Desktop/ProjectApp/Journo/node_modules/jsdom/lib/jsdom/living/events/EventTarget-impl.js:360:16)
    at invokeEventListeners (/Users/poonjohnny/Desktop/ProjectApp/Journo/node_modules/jsdom/lib/jsdom/living/events/EventTarget-impl.js:296:3)
Error: [vitest] No "Reorder" export is defined on the "framer-motion" mock. Did you forget to return it from "vi.mock"?
If you need to partially mock a module, you can use "importOriginal" helper inside:

    at VitestMocker.createError (file:///Users/poonjohnny/Desktop/ProjectApp/Journo/node_modules/vitest/dist/chunks/execute.B7h3T_Hc.js:284:17)
    at Object.get (file:///Users/poonjohnny/Desktop/ProjectApp/Journo/node_modules/vitest/dist/chunks/execute.B7h3T_Hc.js:330:16)
    at DayCard (/Users/poonjohnny/Desktop/ProjectApp/Journo/frontend/src/components/kawaii/DayCard.tsx:182:10)
    at renderWithHooks (/Users/poonjohnny/Desktop/ProjectApp/Journo/node_modules/react-dom/cjs/react-dom.development.js:15486:18)
    at mountIndeterminateComponent (/Users/poonjohnny/Desktop/ProjectApp/Journo/node_modules/react-dom/cjs/react-dom.development.js:20103:13)
    at beginWork (/Users/poonjohnny/Desktop/ProjectApp/Journo/node_modules/react-dom/cjs/react-dom.development.js:21626:16)
    at HTMLUnknownElement.callCallback (/Users/poonjohnny/Desktop/ProjectApp/Journo/node_modules/react-dom/cjs/react-dom.development.js:4164:14)
    at HTMLUnknownElement.callTheUserObjectsOperation (/Users/poonjohnny/Desktop/ProjectApp/Journo/node_modules/jsdom/lib/jsdom/living/generated/EventListener.js:26:30)
    at innerInvokeEventListeners (/Users/poonjohnny/Desktop/ProjectApp/Journo/node_modules/jsdom/lib/jsdom/living/events/EventTarget-impl.js:360:16)
    at invokeEventListeners (/Users/poonjohnny/Desktop/ProjectApp/Journo/node_modules/jsdom/lib/jsdom/living/events/EventTarget-impl.js:296:3)
The above error occurred in the <DayCard> component:

    at DayCard (/Users/poonjohnny/Desktop/ProjectApp/Journo/frontend/src/components/kawaii/DayCard.tsx:16:3)

Consider adding an error boundary to your tree to customize error handling behavior.
Visit https://reactjs.org/link/error-boundaries to learn more about error boundaries.

stderr | src/components/kawaii/__tests__/DayCard.test.tsx > DayCard > applies custom className
Error: [vitest] No "Reorder" export is defined on the "framer-motion" mock. Did you forget to return it from "vi.mock"?
If you need to partially mock a module, you can use "importOriginal" helper inside:

    at VitestMocker.createError (file:///Users/poonjohnny/Desktop/ProjectApp/Journo/node_modules/vitest/dist/chunks/execute.B7h3T_Hc.js:284:17)
    at Object.get (file:///Users/poonjohnny/Desktop/ProjectApp/Journo/node_modules/vitest/dist/chunks/execute.B7h3T_Hc.js:330:16)
    at DayCard (/Users/poonjohnny/Desktop/ProjectApp/Journo/frontend/src/components/kawaii/DayCard.tsx:182:10)
    at renderWithHooks (/Users/poonjohnny/Desktop/ProjectApp/Journo/node_modules/react-dom/cjs/react-dom.development.js:15486:18)
    at mountIndeterminateComponent (/Users/poonjohnny/Desktop/ProjectApp/Journo/node_modules/react-dom/cjs/react-dom.development.js:20103:13)
    at beginWork (/Users/poonjohnny/Desktop/ProjectApp/Journo/node_modules/react-dom/cjs/react-dom.development.js:21626:16)
    at HTMLUnknownElement.callCallback (/Users/poonjohnny/Desktop/ProjectApp/Journo/node_modules/react-dom/cjs/react-dom.development.js:4164:14)
    at HTMLUnknownElement.callTheUserObjectsOperation (/Users/poonjohnny/Desktop/ProjectApp/Journo/node_modules/jsdom/lib/jsdom/living/generated/EventListener.js:26:30)
    at innerInvokeEventListeners (/Users/poonjohnny/Desktop/ProjectApp/Journo/node_modules/jsdom/lib/jsdom/living/events/EventTarget-impl.js:360:16)
    at invokeEventListeners (/Users/poonjohnny/Desktop/ProjectApp/Journo/node_modules/jsdom/lib/jsdom/living/events/EventTarget-impl.js:296:3)
Error: [vitest] No "Reorder" export is defined on the "framer-motion" mock. Did you forget to return it from "vi.mock"?
If you need to partially mock a module, you can use "importOriginal" helper inside:

    at VitestMocker.createError (file:///Users/poonjohnny/Desktop/ProjectApp/Journo/node_modules/vitest/dist/chunks/execute.B7h3T_Hc.js:284:17)
    at Object.get (file:///Users/poonjohnny/Desktop/ProjectApp/Journo/node_modules/vitest/dist/chunks/execute.B7h3T_Hc.js:330:16)
    at DayCard (/Users/poonjohnny/Desktop/ProjectApp/Journo/frontend/src/components/kawaii/DayCard.tsx:182:10)
    at renderWithHooks (/Users/poonjohnny/Desktop/ProjectApp/Journo/node_modules/react-dom/cjs/react-dom.development.js:15486:18)
    at mountIndeterminateComponent (/Users/poonjohnny/Desktop/ProjectApp/Journo/node_modules/react-dom/cjs/react-dom.development.js:20103:13)
    at beginWork (/Users/poonjohnny/Desktop/ProjectApp/Journo/node_modules/react-dom/cjs/react-dom.development.js:21626:16)
    at HTMLUnknownElement.callCallback (/Users/poonjohnny/Desktop/ProjectApp/Journo/node_modules/react-dom/cjs/react-dom.development.js:4164:14)
    at HTMLUnknownElement.callTheUserObjectsOperation (/Users/poonjohnny/Desktop/ProjectApp/Journo/node_modules/jsdom/lib/jsdom/living/generated/EventListener.js:26:30)
    at innerInvokeEventListeners (/Users/poonjohnny/Desktop/ProjectApp/Journo/node_modules/jsdom/lib/jsdom/living/events/EventTarget-impl.js:360:16)
    at invokeEventListeners (/Users/poonjohnny/Desktop/ProjectApp/Journo/node_modules/jsdom/lib/jsdom/living/events/EventTarget-impl.js:296:3)
The above error occurred in the <DayCard> component:

    at DayCard (/Users/poonjohnny/Desktop/ProjectApp/Journo/frontend/src/components/kawaii/DayCard.tsx:16:3)

Consider adding an error boundary to your tree to customize error handling behavior.
Visit https://reactjs.org/link/error-boundaries to learn more about error boundaries.

 ❯ src/components/kawaii/__tests__/DayCard.test.tsx (16 tests | 15 failed | 1 skipped) 259ms
   × DayCard > renders day number and date 126ms
     → [vitest] No "Reorder" export is defined on the "framer-motion" mock. Did you forget to return it from "vi.mock"?
If you need to partially mock a module, you can use "importOriginal" helper inside:

   ↓ DayCard > renders weather widget when forecast is provided
   × DayCard > does not render weather widget when forecast is not provided 15ms
     → [vitest] No "Reorder" export is defined on the "framer-motion" mock. Did you forget to return it from "vi.mock"?
If you need to partially mock a module, you can use "importOriginal" helper inside:

   × DayCard > renders hotel section when hotel place exists 11ms
     → [vitest] No "Reorder" export is defined on the "framer-motion" mock. Did you forget to return it from "vi.mock"?
If you need to partially mock a module, you can use "importOriginal" helper inside:

   × DayCard > expands hotel section when clicked 11ms
     → [vitest] No "Reorder" export is defined on the "framer-motion" mock. Did you forget to return it from "vi.mock"?
If you need to partially mock a module, you can use "importOriginal" helper inside:

   × DayCard > renders flights section when flight places exist 12ms
     → [vitest] No "Reorder" export is defined on the "framer-motion" mock. Did you forget to return it from "vi.mock"?
If you need to partially mock a module, you can use "importOriginal" helper inside:

   × DayCard > renders activities section when activity places exist 7ms
     → [vitest] No "Reorder" export is defined on the "framer-motion" mock. Did you forget to return it from "vi.mock"?
If you need to partially mock a module, you can use "importOriginal" helper inside:

   × DayCard > renders activity details in expanded activities section 7ms
     → [vitest] No "Reorder" export is defined on the "framer-motion" mock. Did you forget to return it from "vi.mock"?
If you need to partially mock a module, you can use "importOriginal" helper inside:

   × DayCard > calls onActivityClick when activity is clicked 9ms
     → [vitest] No "Reorder" export is defined on the "framer-motion" mock. Did you forget to return it from "vi.mock"?
If you need to partially mock a module, you can use "importOriginal" helper inside:

   × DayCard > renders empty state when no places exist 9ms
     → [vitest] No "Reorder" export is defined on the "framer-motion" mock. Did you forget to return it from "vi.mock"?
If you need to partially mock a module, you can use "importOriginal" helper inside:

   × DayCard > separates hotel, flights, and activities correctly 9ms
     → [vitest] No "Reorder" export is defined on the "framer-motion" mock. Did you forget to return it from "vi.mock"?
If you need to partially mock a module, you can use "importOriginal" helper inside:

   × DayCard > opens Google Maps when hotel address is clicked 7ms
     → [vitest] No "Reorder" export is defined on the "framer-motion" mock. Did you forget to return it from "vi.mock"?
If you need to partially mock a module, you can use "importOriginal" helper inside:

   × DayCard > opens Google Maps when activity address is clicked 7ms
     → [vitest] No "Reorder" export is defined on the "framer-motion" mock. Did you forget to return it from "vi.mock"?
If you need to partially mock a module, you can use "importOriginal" helper inside:

   × DayCard > displays activity time when available 6ms
     → [vitest] No "Reorder" export is defined on the "framer-motion" mock. Did you forget to return it from "vi.mock"?
If you need to partially mock a module, you can use "importOriginal" helper inside:

   × DayCard > displays activity notes when available 14ms
     → [vitest] No "Reorder" export is defined on the "framer-motion" mock. Did you forget to return it from "vi.mock"?
If you need to partially mock a module, you can use "importOriginal" helper inside:

   × DayCard > applies custom className 6ms
     → [vitest] No "Reorder" export is defined on the "framer-motion" mock. Did you forget to return it from "vi.mock"?
If you need to partially mock a module, you can use "importOriginal" helper inside:

stderr | src/components/kawaii/__tests__/BookingComponents.test.tsx > BoardingPassCard > renders flight booking information
Warning: React does not recognize the `dragConstraints` prop on a DOM element. If you intentionally want it to appear in the DOM as a custom attribute, spell it as lowercase `dragconstraints` instead. If you accidentally passed it from a parent component, remove it from the DOM element.
    at div
    at /Users/poonjohnny/Desktop/ProjectApp/Journo/frontend/src/components/kawaii/__tests__/BookingComponents.test.tsx:4:48
    at div
    at BoardingPassCard (/Users/poonjohnny/Desktop/ProjectApp/Journo/frontend/src/components/kawaii/BoardingPassCard.tsx:12:3)
Warning: React does not recognize the `dragElastic` prop on a DOM element. If you intentionally want it to appear in the DOM as a custom attribute, spell it as lowercase `dragelastic` instead. If you accidentally passed it from a parent component, remove it from the DOM element.
    at div
    at /Users/poonjohnny/Desktop/ProjectApp/Journo/frontend/src/components/kawaii/__tests__/BookingComponents.test.tsx:4:48
    at div
    at BoardingPassCard (/Users/poonjohnny/Desktop/ProjectApp/Journo/frontend/src/components/kawaii/BoardingPassCard.tsx:12:3)

stderr | src/components/kawaii/__tests__/BookingComponents.test.tsx > BookingTabs > renders both tabs with labels
Warning: Received `false` for a non-boolean attribute `initial`.

If you want to write it to the DOM, pass a string instead: initial="false" or initial={value.toString()}.

If you used to conditionally omit it with initial={condition && value}, pass initial={condition ? value : undefined} instead.
    at div
    at /Users/poonjohnny/Desktop/ProjectApp/Journo/frontend/src/components/kawaii/__tests__/BookingComponents.test.tsx:4:48
    at button
    at div
    at BookingTabs (/Users/poonjohnny/Desktop/ProjectApp/Journo/frontend/src/components/kawaii/BookingTabs.tsx:10:3)

 ❯ src/components/kawaii/__tests__/BookingComponents.test.tsx (18 tests | 2 failed) 852ms
   ✓ BoardingPassCard > renders flight booking information 210ms
   ✓ BoardingPassCard > displays flight number correctly 25ms
   × BoardingPassCard > shows route information when provided 48ms
     → Unable to find an element with the text: Direct. This could be because the text is broken up by multiple elements. In this case, you can provide a function for your text matcher to make your matcher more flexible.

Ignored nodes: comments, script, style
[36m<body>[39m
  [36m<div>[39m
    [36m<div[39m
      [33mclass[39m=[32m"relative"[39m
    [36m>[39m
      [36m<div[39m
        [33mclass[39m=[32m"absolute inset-0 flex items-center justify-end px-6 bg-red-500 rounded-2xl"[39m
        [33mstyle[39m=[32m"opacity: 1;"[39m
      [36m>[39m
        [36m<svg[39m
          [33maria-hidden[39m=[32m"true"[39m
          [33mclass[39m=[32m"w-6 h-6 text-white"[39m
          [33mdata-slot[39m=[32m"icon"[39m
          [33mfill[39m=[32m"none"[39m
          [33mstroke[39m=[32m"currentColor"[39m
          [33mstroke-width[39m=[32m"1.5"[39m
          [33mviewBox[39m=[32m"0 0 24 24"[39m
          [33mxmlns[39m=[32m"http://www.w3.org/2000/svg"[39m
        [36m>[39m
          [36m<path[39m
            [33md[39m=[32m"m14.74 9-.346 9m-4.788 0L9.26 9m9.968-3.21c.342.052.682.107 1.022.166m-1.022-.165L18.16 19.673a2.25 2.25 0 0 1-2.244 2.077H8.084a2.25 2.25 0 0 1-2.244-2.077L4.772 5.79m14.456 0a48.108 48.108 0 0 0-3.478-.397m-12 .562c.34-.059.68-.114 1.022-.165m0 0a48.11 48.11 0 0 1 3.478-.397m7.5 0v-.916c0-1.18-.91-2.164-2.09-2.201a51.964 51.964 0 0 0-3.32 0c-1.18.037-2.09 1.022-2.09 2.201v.916m7.5 0a48.667 48.667 0 0 0-7.5 0"[39m
            [33mstroke-linecap[39m=[32m"round"[39m
            [33mstroke-linejoin[39m=[32m"round"[39m
          [36m/>[39m
        [36m</svg>[39m
      [36m</div>[39m
      [36m<div[39m
        [33manimate[39m=[32m"[object Object]"[39m
        [33mclass[39m=[32m"relative overflow-hidden rounded-2xl shadow-lg touch-manipulation"[39m
        [33mdrag[39m=[32m"x"[39m
        [33mdragconstraints[39m=[32m"[object Object]"[39m
        [33mdragelastic[39m=[32m"0.2"[39m
        [33mstyle[39m=[32m"opacity: 1;"[39m
        [33mtransition[39m=[32m"[object Object]"[39m
      [36m>[39m
        [36m<div[39m
          [33mclass[39m=[32m"relative bg-gradient-to-br from-[#FFB5B5] via-[#FFA5A5] to-[#FF9999] dark:from-pink-600 dark:via-pink-700 dark:to-rose-700 p-6 pb-8"[39m
        [36m>[39m
          [36m<div[39m
            [33mclass[39m=[32m"absolute top-0 right-0 w-32 h-32 bg-white/10 rounded-full -mr-16 -mt-16"[39m
          [36m/>[39m
          [36m<div[39m
            [33mclass[39m=[32m"absolute bottom-0 left-0 w-24 h-24 bg-white/10 rounded-full -ml-12 -mb-12"[39m
          [36m/>[39m
          [36m<div[39m
            [33mclass[39m=[32m"relative flex items-center justify-between mb-4"[39m
          [36m>[39m
            [36m<div[39m
              [33mclass[39m=[32m"flex items-center gap-2"[39m
            [36m>[39m
              [36m<span[39m
                [33mclass[39m=[32m"text-white/90 text-sm font-medium uppercase tracking-wide"[39m
              [36m>[39m
                [0mBOARDING PASS[0m
              [36m</span>[39m
            [36m</div>[39m
            [36m<div[39m
              [33mclass[39m=[32m"relative"[39m
            [36m>[39m
              [36m<button[39m
                [33maria-label[39m=[32m"Menu"[39m
                [33mclass[39m=[32m"p-2 rounded-lg text-white hover:bg-white/20 transition-colors duration-200 focus:outline-none focus:ring-2 focus:ring-white/50 min-w-[44px] min-h-[44px] flex items-center justify-center"[39m
              [36m>[39m
                [36m<svg[39m
                  [33maria-hidden[39m=[32m"true"[39m
                  [33mclass[39m=[32m"w-5 h-5"[39m
                  [33mdata-slot[39m=[32m"icon"[39m
                  [33mfill[39m=[32m"none"[39m
                  [33mstroke[39m=[32m"currentColor"[39m
                  [33mstroke-width[39m=[32m"1.5"[39m
                  [33mviewBox[39m=[32m"0 0 24 24"[39m
                  [33mxmlns[39m=[32m"http://www.w3.org/2000/svg"[39m
                [36m>[39m
                  [36m<path[39m
                    [33md[39m=[32m"M12 6.75a.75.75 0 1 1 0-1.5.75.75 0 0 1 0 1.5ZM12 12.75a.75.75 0 1 1 0-1.5.75.75 0 0 1 0 1.5ZM12 18.75a.75.75 0 1 1 0-1.5.75.75 0 0 1 0 1.5Z"[39m
                    [33mstroke-linecap[39m=[32m"round"[39m
                    [33mstroke-linejoin[39m=[32m"round"[39m
                  [36m/>[39m
                [36m</svg>[39m
              [36m</button>[39m
            [36m</div>[39m
          [36m</div>[39m
          [36m<div[39m
            [33mclass[39m=[32m"relative text-white text-xl font-bold mb-6"[39m
          [36m>[39m
            [0mLos Angeles[0m
            [0m → [0m
            [0mTokyo Narita[0m
          [36m</div>[39m
          [36m<div[39m
            [33mclass[39m=[32m"relative flex items-center justify-between"[39m
          [36m>[39m
            [36m<div[39m
              [33mclass[39m=[32m"flex-1"[39m
            [36m>[39m
              [36m<div[39m
                [33mclass[39m=[32m"text-white text-4xl font-bold mb-1"[39m
              [36m>[39m
                [0mLAX[0m
              [36m</div>[39m
              [36m<div[39m
                [33mclass[39m=[32m"text-white/80 text-xs mb-2"[39m
              [36m>[39m
                [0m出發[0m
              [36m</div>[39m
              [36m<div[39m
                [33mclass[39m=[32m"text-white text-2xl font-semibold"[39m
              [36m>[39m
                [0m10:30 AM[0m
              [36m</div>[39m
            [36m</div>[39m
            [36m<div[39m
              [33mclass[39m=[32m"flex-1 flex flex-col items-center px-4"[39m
            [36m>[39m
              [36m<div[39m
                [33mclass[39m=[32m"text-white text-3xl"[39m
              [36m>[39m
                [0m✈️[0m
              [36m</div>[39m
            [36m</div>[39m
            [36m<div[39m
              [33mclass[39m=[32m"flex-1 text-right"[39m
            [36m>[39m
              [36m<div[39m
                [33mclass[39m=[32m"text-white text-4xl font-bold mb-1"[39m
              [36m>[39m
                [0mNRT[0m
              [36m</div>[39m
              [36m<div[39m
                [33mclass[39m=[32m"text-white/80 text-xs mb-2"[39m
              [36m>[39m
                [0m抵達[0m
              [36m</div>[39m
              [36m<div[39m
                [33mclass[39m=[32m"text-white text-2xl font-semibold"[39m
              [36m>[39m
                [0m3:45 PM[0m
              [36m</div>[39m
            [36m</div>[39m
          [36m</div>[39m
          [36m<div[39m
            [33mclass[39m=[32m"absolute bottom-0 left-0 right-0 h-4 flex items-center justify-center gap-2"[39m
          [36m>[39m
            [36m<div[39m
              [33mclass[39m=[32m"w-1 h-1 rounded-full bg-white/30"[39m
            [36m/>[39m
            [36m<div[39m
              [33mclass[39m=[32m"w-1 h-1 rounded-full bg-white/30"[39m
            [36m/>[39m
            [36m<div[39m
              [33mclass[39m=[32m"w-1 h-1 rounded-full bg-white/30"[39m
            [36m/>[39m
            [36m<div[39m
              [33mclass[39m=[32m"w-1 h-1 rounded-full bg-white/30"[39m
            [36m/>[39m
            [36m<div[39m
              [33mclass[39m=[32m"w-1 h-1 rounded-full bg-white/30"[39m
            [36m/>[39m
            [36m<div[39m
              [33mclass[39m=[32m"w-1 h-1 rounded-full bg-white/30"[39m
            [36m/>[39m
            [36m<div[39m
              [33mclass[39m=[32m"w-1 h-1 rounded-full bg-white/30"[39m
            [36m/>[39m
            [36m<div[39m
              [33mclass[39m=[32m"w-1 h-1 rounded-full bg-white/30"[39m
            [36m/>[39m
            [36m<div[39m
              [33mclass[39m=[32m"w-1 h-1 rounded-full bg-white/30"[39m
            [36m/>[39m
            [36m<div[39m
              [33mclass[39m=[32m"w-1 h-1 rounded-full bg-white/30"[39m
            [36m/>[39m
            [36m<div[39m
              [33mclass[39m=[32m"w-1 h-1 rounded-full bg-white/30"[39m
            [36m/>[39m
            [36m<div[39m
              [33mclass[39m=[32m"w-1 h-1 rounded-full bg-white/30"[39m
            [36m/>[39m
            [36m<div[39m
              [33mclass[39m=[32m"w-1 h-1 rounded-full bg-white/30"[39m
            [36m/>[39m
            [36m<div[39m
              [33mclass[39m=[32m"w-1 h-1 rounded-full bg-white/30"[39m
            [36m/>[39m
            [36m<div[39m
              [33mclass[39m=[32m"w-1 h-1 rounded-full bg-white/30"[39m
            [36m/>[39m
            [36m<div[39m
              [33mclass[39m=[32m"w-1 h-1 rounded-full bg-white/30"[39m
            [36m/>[39m
            [36m<div[39m
              [33mclass[39m=[32m"w-1 h-1 rounded-full bg-white/30"[39m
            [36m/>[39m
            [36m<div[39m
              [33mclass[39m=[32m"w-1 h-1 rounded-full bg-white/30"[39m
            [36m/>[39m
            [36m<div[39m
              [33mclass[39m=[32m"w-1 h-1 rounded-full bg-white/30"[39m
            [36m/>[39m
            [36m<div[39m
              [33mclass[39m=[32m"w-1 h-1 rounded-full bg-white/30"[39m
            [36m/>[39m
          [36m</div>[39m
        [36m</div>[39m
        [36m<div[39m
          [33mclass[39m=[32m"relative bg-[#FFF5E6] dark:bg-kawaii-neutral-800 px-6 py-4"[39m
        [36m>[39m
          [36m<div[39m
            [33mclass[39m=[32m"flex items-center justify-between"[39m
          [36m>[39m
            [36m<div>[39m
              [36m<div[39m
                [33mclass[39m=[32m"text-[#8B7355] dark:text-kawaii-neutral-400 text-xs mb-1"[39m
              [36m>[39m
                [0m航班編號[0m
              [36m</div>[39m
              [36m<div[39m
                [33mclass[39m=[32m"text-[#4A4A4A] dark:text-kawaii-neutral-100 text-lg font-bold"[39m
              [36m>[39m
                [0mNH175[0m
              [36m</div>[39m
            [36m</div>[39m
            [36m<div[39m
              [33mclass[39m=[32m"text-right"[39m
            [36m>[39m
              [36m<div[39m
                [33mclass[39m=[32m"text-[#8B7355] dark:text-kawaii-neutral-400 text-xs mb-1"[39m
              [36m>[39m
                [0m日期[0m
              [36m</div>[39m
              [36m<div[39m
                [33mclass[39m=[32m"text-[#4A4A4A] dark:text-kawaii-neutral-100 text-lg font-bold"[39m
              [36m>[39m
                [0mMarch 15, 2024[0m
              [36m</div>[39m
            [36m</div>[39m
          [36m</div>[39m
        [36m</div>[39m
      [36m</div>[39m
    [36m</div>[39m
  [36m</div>[39m
[36m</body>[39m
   ✓ BoardingPassCard > calls onEdit when edit button is clicked 89ms
   ✓ BoardingPassCard > calls onDelete when delete button is clicked 77ms
   ✓ BoardingPassCard > renders train booking with correct type 64ms
   ✓ AccommodationCard > renders hotel information 57ms
   × AccommodationCard > displays confirmation number when provided 127ms
     → Unable to find an element with the text: /ABC123456/. This could be because the text is broken up by multiple elements. In this case, you can provide a function for your text matcher to make your matcher more flexible.

Ignored nodes: comments, script, style
[36m<body>[39m
  [36m<div>[39m
    [36m<div[39m
      [33mclass[39m=[32m"relative"[39m
    [36m>[39m
      [36m<div[39m
        [33mclass[39m=[32m"absolute inset-0 flex items-center justify-end px-6 bg-red-500 rounded-2xl"[39m
        [33mstyle[39m=[32m"opacity: 1;"[39m
      [36m>[39m
        [36m<svg[39m
          [33maria-hidden[39m=[32m"true"[39m
          [33mclass[39m=[32m"w-6 h-6 text-white"[39m
          [33mdata-slot[39m=[32m"icon"[39m
          [33mfill[39m=[32m"none"[39m
          [33mstroke[39m=[32m"currentColor"[39m
          [33mstroke-width[39m=[32m"1.5"[39m
          [33mviewBox[39m=[32m"0 0 24 24"[39m
          [33mxmlns[39m=[32m"http://www.w3.org/2000/svg"[39m
        [36m>[39m
          [36m<path[39m
            [33md[39m=[32m"m14.74 9-.346 9m-4.788 0L9.26 9m9.968-3.21c.342.052.682.107 1.022.166m-1.022-.165L18.16 19.673a2.25 2.25 0 0 1-2.244 2.077H8.084a2.25 2.25 0 0 1-2.244-2.077L4.772 5.79m14.456 0a48.108 48.108 0 0 0-3.478-.397m-12 .562c.34-.059.68-.114 1.022-.165m0 0a48.11 48.11 0 0 1 3.478-.397m7.5 0v-.916c0-1.18-.91-2.164-2.09-2.201a51.964 51.964 0 0 0-3.32 0c-1.18.037-2.09 1.022-2.09 2.201v.916m7.5 0a48.667 48.667 0 0 0-7.5 0"[39m
            [33mstroke-linecap[39m=[32m"round"[39m
            [33mstroke-linejoin[39m=[32m"round"[39m
          [36m/>[39m
        [36m</svg>[39m
      [36m</div>[39m
      [36m<div[39m
        [33manimate[39m=[32m"[object Object]"[39m
        [33mclass[39m=[32m"relative overflow-hidden bg-white dark:bg-kawaii-neutral-800 rounded-2xl shadow-lg touch-manipulation"[39m
        [33mdrag[39m=[32m"x"[39m
        [33mdragconstraints[39m=[32m"[object Object]"[39m
        [33mdragelastic[39m=[32m"0.2"[39m
        [33mstyle[39m=[32m"opacity: 1;"[39m
        [33mtransition[39m=[32m"[object Object]"[39m
      [36m>[39m
        [36m<div[39m
          [33mclass[39m=[32m"relative h-48 overflow-hidden"[39m
        [36m>[39m
          [36m<img[39m
            [33malt[39m=[32m"Map of 1-1-1 Marunouchi, Chiyoda-ku, Tokyo"[39m
            [33mclass[39m=[32m"w-full h-full object-cover"[39m
            [33msrc[39m=[32m"https://maps.googleapis.com/maps/api/staticmap?center=1-1-1%20Marunouchi%2C%20Chiyoda-ku%2C%20Tokyo&zoom=15&size=600x300&markers=color:red%7C1-1-1%20Marunouchi%2C%20Chiyoda-ku%2C%20Tokyo&key=AIzaSyBmFCy71VLlgNcbvEQNu2azuSM5flgArE4"[39m
          [36m/>[39m
          [36m<div[39m
            [33mclass[39m=[32m"absolute inset-0 bg-gradient-to-t from-black/40 to-transparent"[39m
          [36m/>[39m
          [36m<div[39m
            [33mclass[39m=[32m"absolute top-3 right-3 bg-white/90 dark:bg-kawaii-neutral-800/90 backdrop-blur-sm px-3 py-1.5 rounded-full flex items-center gap-1.5 shadow-md"[39m
          [36m>[39m
            [36m<svg[39m
              [33maria-hidden[39m=[32m"true"[39m
              [33mclass[39m=[32m"w-4 h-4 text-kawaii-primary-600 dark:text-kawaii-primary-400"[39m
              [33mdata-slot[39m=[32m"icon"[39m
              [33mfill[39m=[32m"none"[39m
              [33mstroke[39m=[32m"currentColor"[39m
              [33mstroke-width[39m=[32m"1.5"[39m
              [33mviewBox[39m=[32m"0 0 24 24"[39m
              [33mxmlns[39m=[32m"http://www.w3.org/2000/svg"[39m
            [36m>[39m
              [36m<path[39m
                [33md[39m=[32m"M15 10.5a3 3 0 1 1-6 0 3 3 0 0 1 6 0Z"[39m
                [33mstroke-linecap[39m=[32m"round"[39m
                [33mstroke-linejoin[39m=[32m"round"[39m
              [36m/>[39m
              [36m<path[39m
                [33md[39m=[32m"M19.5 10.5c0 7.142-7.5 11.25-7.5 11.25S4.5 17.642 4.5 10.5a7.5 7.5 0 1 1 15 0Z"[39m
                [33mstroke-linecap[39m=[32m"round"[39m
                [33mstroke-linejoin[39m=[32m"round"[39m
              [36m/>[39m
            [36m</svg>[39m
            [36m<span[39m
              [33mclass[39m=[32m"text-xs font-medium text-kawaii-neutral-700 dark:text-kawaii-neutral-300"[39m
            [36m>[39m
              [0mMap View[0m
            [36m</span>[39m
          [36m</div>[39m
        [36m</div>[39m
        [36m<div[39m
          [33mclass[39m=[32m"p-5"[39m
        [36m>[39m
          [36m<div[39m
            [33mclass[39m=[32m"flex items-start justify-between gap-3 mb-4"[39m
          [36m>[39m
            [36m<div[39m
              [33mclass[39m=[32m"flex-1 min-w-0"[39m
            [36m>[39m
              [36m<h3[39m
                [33mclass[39m=[32m"text-lg font-bold text-kawaii-neutral-900 dark:text-kawaii-neutral-100 truncate"[39m
              [36m>[39m
                [0mGrand Hotel Tokyo[0m
              [36m</h3>[39m
              [36m<p[39m
                [33mclass[39m=[32m"text-xs text-kawaii-neutral-500 dark:text-kawaii-neutral-400 mt-1"[39m
              [36m>[39m
                [0mbooking.confirmationNumber[0m
              [36m</p>[39m
            [36m</div>[39m
            [36m<div[39m
              [33mclass[39m=[32m"relative flex-shrink-0"[39m
            [36m>[39m
              [36m<button[39m
                [33maria-label[39m=[32m"Menu"[39m
                [33mclass[39m=[32m"p-2 rounded-lg text-kawaii-neutral-600 dark:text-kawaii-neutral-400 hover:bg-kawaii-neutral-100 dark:hover:bg-kawaii-neutral-700 transition-colors duration-200 focus:outline-none focus:ring-2 focus:ring-kawaii-primary-500 min-w-[44px] min-h-[44px] flex items-center justify-center"[39m
              [36m>[39m
                [36m<svg[39m
                  [33maria-hidden[39m=[32m"true"[39m
                  [33mclass[39m=[32m"w-5 h-5"[39m
                  [33mdata-slot[39m=[32m"icon"[39m
                  [33mfill[39m=[32m"none"[39m
                  [33mstroke[39m=[32m"currentColor"[39m
                  [33mstroke-width[39m=[32m"1.5"[39m
                  [33mviewBox[39m=[32m"0 0 24 24"[39m
                  [33mxmlns[39m=[32m"http://www.w3.org/2000/svg"[39m
                [36m>[39m
                  [36m<path[39m
                    [33md[39m=[32m"M12 6.75a.75.75 0 1 1 0-1.5.75.75 0 0 1 0 1.5ZM12 12.75a.75.75 0 1 1 0-1.5.75.75 0 0 1 0 1.5ZM12 18.75a.75.75 0 1 1 0-1.5.75.75 0 0 1 0 1.5Z"[39m
                    [33mstroke-linecap[39m=[32m"round"[39m
                    [33mstroke-linejoin[39m=[32m"round"[39m
                  [36m/>[39m
                [36m</svg>[39m
              [36m</button>[39m
            [36m</div>[39m
          [36m</div>[39m
          [36m<div[39m
            [33mclass[39m=[32m"flex items-start gap-2 mb-4"[39m
          [36m>[39m
            [36m<svg[39m
              [33maria-hidden[39m=[32m"true"[39m
              [33mclass[39m=[32m"w-5 h-5 text-kawaii-neutral-400 dark:text-kawaii-neutral-500 flex-shrink-0 mt-0.5"[39m
              [33mdata-slot[39m=[32m"icon"[39m
              [33mfill[39m=[32m"none"[39m
              [33mstroke[39m=[32m"currentColor"[39m
              [33mstroke-width[39m=[32m"1.5"[39m
              [33mviewBox[39m=[32m"0 0 24 24"[39m
              [33mxmlns[39m=[32m"http://www.w3.org/2000/svg"[39m
            [36m>[39m
              [36m<path[39m
                [33md[39m=[32m"M15 10.5a3 3 0 1 1-6 0 3 3 0 0 1 6 0Z"[39m
                [33mstroke-linecap[39m=[32m"round"[39m
                [33mstroke-linejoin[39m=[32m"round"[39m
              [36m/>[39m
              [36m<path[39m
                [33md[39m=[32m"M19.5 10.5c0 7.142-7.5 11.25-7.5 11.25S4.5 17.642 4.5 10.5a7.5 7.5 0 1 1 15 0Z"[39m
                [33mstroke-linecap[39m=[32m"round"[39m
                [33mstroke-linejoin[39m=[32m"round"[39m
              [36m/>[39m
            [36m</svg>[39m
            [36m<p[39m
              [33mclass[39m=[32m"text-sm text-kawaii-neutral-600 dark:text-kawaii-neutral-300 line-clamp-2"[39m
            [36m>[39m
              [0m1-1-1 Marunouchi, Chiyoda-ku, Tokyo[0m
            [36m</p>[39m
          [36m</div>[39m
          [36m<div[39m
            [33mclass[39m=[32m"flex items-center gap-4"[39m
          [36m>[39m
            [36m<div[39m
              [33mclass[39m=[32m"flex-1"[39m
            [36m>[39m
              [36m<div[39m
                [33mclass[39m=[32m"flex items-center gap-2 mb-1"[39m
              [36m>[39m
                [36m<svg[39m
                  [33maria-hidden[39m=[32m"true"[39m
                  [33mclass[39m=[32m"w-4 h-4 text-kawaii-neutral-400 dark:text-kawaii-neutral-500"[39m
                  [33mdata-slot[39m=[32m"icon"[39m
                  [33mfill[39m=[32m"none"[39m
                  [33mstroke[39m=[32m"currentColor"[39m
                  [33mstroke-width[39m=[32m"1.5"[39m
                  [33mviewBox[39m=[32m"0 0 24 24"[39m
                  [33mxmlns[39m=[32m"http://www.w3.org/2000/svg"[39m
                [36m>[39m
                  [36m<path[39m
                    [33md[39m=[32m"M6.75 3v2.25M17.25 3v2.25M3 18.75V7.5a2.25 2.25 0 0 1 2.25-2.25h13.5A2.25 2.25 0 0 1 21 7.5v11.25m-18 0A2.25 2.25 0 0 0 5.25 21h13.5A2.25 2.25 0 0 0 21 18.75m-18 0v-7.5A2.25 2.25 0 0 1 5.25 9h13.5A2.25 2.25 0 0 1 21 11.25v7.5"[39m
                    [33mstroke-linecap[39m=[32m"round"[39m
                    [33mstroke-linejoin[39m=[32m"round"[39m
                  [36m/>[39m
                [36m</svg>[39m
                [36m<span[39m
                  [33mclass[39m=[32m"text-xs text-kawaii-neutral-500 dark:text-kawaii-neutral-400"[39m
                [36m>[39m
                  [0mbooking.checkIn[0m
                [36m</span>[39m
              [36m</div>[39m
              [36m<p[39m
                [33mclass[39m=[32m"text-sm font-semibold text-kawaii-neutral-900 dark:text-kawaii-neutral-100"[39m
              [36m>[39m
                [0mMarch 15, 2024[0m
              [36m</p>[39m
            [36m</div>[39m
            [36m<div[39m
              [33mclass[39m=[32m"flex-shrink-0 text-kawaii-neutral-300 dark:text-kawaii-neutral-600"[39m
            [36m>[39m
              [36m<svg[39m
                [33mfill[39m=[32m"none"[39m
                [33mheight[39m=[32m"24"[39m
                [33mstroke[39m=[32m"currentColor"[39m
                [33mstroke-linecap[39m=[32m"round"[39m
                [33mstroke-linejoin[39m=[32m"round"[39m
                [33mstroke-width[39m=[32m"2"[39m
                [33mviewBox[39m=[32m"0 0 24 24"[39m
                [33mwidth[39m=[32m"24"[39m
              [36m>[39m
                [36m<path[39m
                  [33md[39m=[32m"M5 12h14M12 5l7 7-7 7"[39m
                [36m/>[39m
              [36m</svg>[39m
            [36m</div>[39m
            [36m<div[39m
              [33mclass[39m=[32m"flex-1"[39m
            [36m>[39m
              [36m<div[39m
                [33mclass[39m=[32m"flex items-center gap-2 mb-1"[39m
              [36m>[39m
                [36m<svg[39m
                  [33maria-hidden[39m=[32m"true"[39m
                  [33mclass[39m=[32m"w-4 h-4 text-kawaii-neutral-400 dark:text-kawaii-neutral-500"[39m
                  [33mdata-slot[39m=[32m"icon"[39m
                  [33mfill[39m=[32m"none"[39m
                  [33mstroke[39m=[32m"currentColor"[39m
                  [33mstroke-width[39m=[32m"1.5"[39m
                  [33mviewBox[39m=[32m"0 0 24 24"[39m
                  [33mxmlns[39m=[32m"http://www.w3.org/2000/svg"[39m
                [36m>[39m
                  [36m<path[39m
                    [33md[39m=[32m"M6.75 3v2.25M17.25 3v2.25M3 18.75V7.5a2.25 2.25 0 0 1 2.25-2.25h13.5A2.25 2.25 0 0 1 21 7.5v11.25m-18 0A2.25 2.25 0 0 0 5.25 21h13.5A2.25 2.25 0 0 0 21 18.75m-18 0v-7.5A2.25 2.25 0 0 1 5.25 9h13.5A2.25 2.25 0 0 1 21 11.25v7.5"[39m
                    [33mstroke-linecap[39m=[32m"round"[39m
                    [33mstroke-linejoin[39m=[32m"round"[39m
                  [36m/>[39m
                [36m</svg>[39m
                [36m<span[39m
                  [33mclass[39m=[32m"text-xs text-kawaii-neutral-500 dark:text-kawaii-neutral-400"[39m
                [36m>[39m
                  [0mbooking.checkOut[0m
                [36m</span>[39m
              [36m</div>[39m
              [36m<p[39m
                [33mclass[39m=[32m"text-sm font-semibold text-kawaii-neutral-900 dark:text-kawaii-neutral-100"[39m
              [36m>[39m
                [0mMarch 20, 2024[0m
              [36m</p>[39m
            [36m</div>[39m
          [36m</div>[39m
          [36m<div[39m
            [33mclass[39m=[32m"mt-4 pt-4 border-t border-kawaii-neutral-200 dark:border-kawaii-neutral-700"[39m
          [36m>[39m
            [36m<p[39m
              [33mclass[39m=[32m"text-sm text-kawaii-neutral-600 dark:text-kawaii-neutral-300 line-clamp-2"[39m
            [36m>[39m
              [0mRoom with city view[0m
            [36m</p>[39m
          [36m</div>[39m
        [36m</div>[39m
      [36m</div>[39m
    [36m</div>[39m
  [36m</div>[39m
[36m</body>[39m
   ✓ AccommodationCard > displays notes when provided 21ms
   ✓ AccommodationCard > calls onEdit when edit button is clicked 31ms
   ✓ AccommodationCard > calls onDelete when delete button is clicked 28ms
   ✓ AccommodationCard > renders without image when not provided 22ms
   ✓ BookingTabs > renders both tabs with labels 11ms
   ✓ BookingTabs > displays count badges 9ms
   ✓ BookingTabs > calls onTabChange when tab is clicked 14ms
   ✓ BookingTabs > highlights active tab 5ms
   ✓ BookingTabs > does not display badge when count is 0 5ms
   ✓ BookingTabs > displays 99+ for counts over 99 5ms
stdout | src/i18n/__tests__/translations.test.ts
🌐 Using default language: en

 ❯ src/i18n/__tests__/translations.test.ts (17 tests | 6 failed) 91ms
   ✓ i18n Translations > English translations > should translate common navigation items 15ms
   × i18n Translations > English translations > should translate countdown timer 28ms
     → expected 'countdown.days' to be '1 day' // Object.is equality
   × i18n Translations > English translations > should translate weather conditions 3ms
     → expected 'weather.conditions.sunny' to be 'Sunny' // Object.is equality
   × i18n Translations > English translations > should translate theme colors 13ms
     → expected 'theme.colors.pink' to be 'Pink' // Object.is equality
   × i18n Translations > English translations > should translate animation types 2ms
     → expected 'theme.animationTypes.none' to be 'None' // Object.is equality
   ✓ i18n Translations > Traditional Chinese translations > should translate common navigation items 2ms
   ✓ i18n Translations > Traditional Chinese translations > should translate countdown timer 6ms
   ✓ i18n Translations > Traditional Chinese translations > should translate weather conditions 2ms
   ✓ i18n Translations > Simplified Chinese translations > should translate common navigation items 2ms
   ✓ i18n Translations > Simplified Chinese translations > should translate theme colors 1ms
   ✓ i18n Translations > Japanese translations > should translate common navigation items 1ms
   ✓ i18n Translations > Japanese translations > should translate countdown timer 3ms
   ✓ i18n Translations > Japanese translations > should translate weather conditions 1ms
   ✓ i18n Translations > Japanese translations > should translate animation types 1ms
   × i18n Translations > Sticker categories > should translate sticker categories in all languages 2ms
     → expected 'stickers.categories.characters' to be 'Characters' // Object.is equality
   × i18n Translations > Shopping tags > should translate shopping tags in all languages 3ms
     → expected 'shopping.tags.food' to be 'Food' // Object.is equality
   ✓ i18n Translations > Language settings > should have Japanese language option in settings 1ms
stdout | src/stores/__tests__/notificationStore.test.ts > NotificationStore > fetchNotifications > should set loading state while fetching
⏭️ Skipping notification fetch - too soon since last fetch ( [33m2[39m ms)

stdout | src/stores/__tests__/notificationStore.test.ts > NotificationStore > fetchNotifications > should handle fetch errors
⏭️ Skipping notification fetch - too soon since last fetch ( [33m25[39m ms)

stdout | src/stores/__tests__/notificationStore.test.ts > NotificationStore > fetchNotifications > should merge filters when fetching
⏭️ Skipping notification fetch - too soon since last fetch ( [33m35[39m ms)

stderr | src/services/__tests__/activityLogService.test.ts > activityLogService > getActivityLog > should fetch activity log without filters
Failed to fetch activity log: RangeError: Maximum call stack size exceeded
    at getAuthToken [90m(/Users/poonjohnny/Desktop/ProjectApp/Journo/frontend/[39msrc/services/activityLogService.ts:22:17[90m)[39m
    at getAuthToken [90m(/Users/poonjohnny/Desktop/ProjectApp/Journo/frontend/[39msrc/services/activityLogService.ts:22:17[90m)[39m
    at getAuthToken [90m(/Users/poonjohnny/Desktop/ProjectApp/Journo/frontend/[39msrc/services/activityLogService.ts:22:17[90m)[39m
    at getAuthToken [90m(/Users/poonjohnny/Desktop/ProjectApp/Journo/frontend/[39msrc/services/activityLogService.ts:22:17[90m)[39m
    at getAuthToken [90m(/Users/poonjohnny/Desktop/ProjectApp/Journo/frontend/[39msrc/services/activityLogService.ts:22:17[90m)[39m
    at getAuthToken [90m(/Users/poonjohnny/Desktop/ProjectApp/Journo/frontend/[39msrc/services/activityLogService.ts:22:17[90m)[39m
    at getAuthToken [90m(/Users/poonjohnny/Desktop/ProjectApp/Journo/frontend/[39msrc/services/activityLogService.ts:22:17[90m)[39m
    at getAuthToken [90m(/Users/poonjohnny/Desktop/ProjectApp/Journo/frontend/[39msrc/services/activityLogService.ts:22:17[90m)[39m
    at getAuthToken [90m(/Users/poonjohnny/Desktop/ProjectApp/Journo/frontend/[39msrc/services/activityLogService.ts:22:17[90m)[39m
    at getAuthToken [90m(/Users/poonjohnny/Desktop/ProjectApp/Journo/frontend/[39msrc/services/activityLogService.ts:22:17[90m)[39m

stderr | src/services/__tests__/activityLogService.test.ts > activityLogService > getActivityLog > should fetch activity log with filters
Failed to fetch activity log: RangeError: Maximum call stack size exceeded
    at getAuthToken [90m(/Users/poonjohnny/Desktop/ProjectApp/Journo/frontend/[39msrc/services/activityLogService.ts:22:17[90m)[39m
    at getAuthToken [90m(/Users/poonjohnny/Desktop/ProjectApp/Journo/frontend/[39msrc/services/activityLogService.ts:22:17[90m)[39m
    at getAuthToken [90m(/Users/poonjohnny/Desktop/ProjectApp/Journo/frontend/[39msrc/services/activityLogService.ts:22:17[90m)[39m
    at getAuthToken [90m(/Users/poonjohnny/Desktop/ProjectApp/Journo/frontend/[39msrc/services/activityLogService.ts:22:17[90m)[39m
    at getAuthToken [90m(/Users/poonjohnny/Desktop/ProjectApp/Journo/frontend/[39msrc/services/activityLogService.ts:22:17[90m)[39m
    at getAuthToken [90m(/Users/poonjohnny/Desktop/ProjectApp/Journo/frontend/[39msrc/services/activityLogService.ts:22:17[90m)[39m
    at getAuthToken [90m(/Users/poonjohnny/Desktop/ProjectApp/Journo/frontend/[39msrc/services/activityLogService.ts:22:17[90m)[39m
    at getAuthToken [90m(/Users/poonjohnny/Desktop/ProjectApp/Journo/frontend/[39msrc/services/activityLogService.ts:22:17[90m)[39m
    at getAuthToken [90m(/Users/poonjohnny/Desktop/ProjectApp/Journo/frontend/[39msrc/services/activityLogService.ts:22:17[90m)[39m
    at getAuthToken [90m(/Users/poonjohnny/Desktop/ProjectApp/Journo/frontend/[39msrc/services/activityLogService.ts:22:17[90m)[39m

stderr | src/stores/__tests__/notificationStore.test.ts > NotificationStore > markAsRead > should revert optimistic update on error
Failed to mark notification as read: Error: Failed to mark as read
    at [90m/Users/poonjohnny/Desktop/ProjectApp/Journo/frontend/[39msrc/stores/__tests__/notificationStore.test.ts:243:9
    at file:///Users/poonjohnny/Desktop/ProjectApp/Journo/node_modules/[4m@vitest[24m/runner/dist/chunk-hooks.js:155:11
    at file:///Users/poonjohnny/Desktop/ProjectApp/Journo/node_modules/[4m@vitest[24m/runner/dist/chunk-hooks.js:752:26
    at file:///Users/poonjohnny/Desktop/ProjectApp/Journo/node_modules/[4m@vitest[24m/runner/dist/chunk-hooks.js:1897:20
    at new Promise (<anonymous>)
    at runWithTimeout (file:///Users/poonjohnny/Desktop/ProjectApp/Journo/node_modules/[4m@vitest[24m/runner/dist/chunk-hooks.js:1863:10)
    at runTest (file:///Users/poonjohnny/Desktop/ProjectApp/Journo/node_modules/[4m@vitest[24m/runner/dist/chunk-hooks.js:1574:12)
[90m    at processTicksAndRejections (node:internal/process/task_queues:105:5)[39m
    at runSuite (file:///Users/poonjohnny/Desktop/ProjectApp/Journo/node_modules/[4m@vitest[24m/runner/dist/chunk-hooks.js:1729:8)
    at runSuite (file:///Users/poonjohnny/Desktop/ProjectApp/Journo/node_modules/[4m@vitest[24m/runner/dist/chunk-hooks.js:1729:8)

stderr | src/services/__tests__/activityLogService.test.ts > activityLogService > getActivityLog > should handle errors when fetching activity log
Failed to fetch activity log: RangeError: Maximum call stack size exceeded
    at getAuthToken [90m(/Users/poonjohnny/Desktop/ProjectApp/Journo/frontend/[39msrc/services/activityLogService.ts:22:17[90m)[39m
    at getAuthToken [90m(/Users/poonjohnny/Desktop/ProjectApp/Journo/frontend/[39msrc/services/activityLogService.ts:22:17[90m)[39m
    at getAuthToken [90m(/Users/poonjohnny/Desktop/ProjectApp/Journo/frontend/[39msrc/services/activityLogService.ts:22:17[90m)[39m
    at getAuthToken [90m(/Users/poonjohnny/Desktop/ProjectApp/Journo/frontend/[39msrc/services/activityLogService.ts:22:17[90m)[39m
    at getAuthToken [90m(/Users/poonjohnny/Desktop/ProjectApp/Journo/frontend/[39msrc/services/activityLogService.ts:22:17[90m)[39m
    at getAuthToken [90m(/Users/poonjohnny/Desktop/ProjectApp/Journo/frontend/[39msrc/services/activityLogService.ts:22:17[90m)[39m
    at getAuthToken [90m(/Users/poonjohnny/Desktop/ProjectApp/Journo/frontend/[39msrc/services/activityLogService.ts:22:17[90m)[39m
    at getAuthToken [90m(/Users/poonjohnny/Desktop/ProjectApp/Journo/frontend/[39msrc/services/activityLogService.ts:22:17[90m)[39m
    at getAuthToken [90m(/Users/poonjohnny/Desktop/ProjectApp/Journo/frontend/[39msrc/services/activityLogService.ts:22:17[90m)[39m
    at getAuthToken [90m(/Users/poonjohnny/Desktop/ProjectApp/Journo/frontend/[39msrc/services/activityLogService.ts:22:17[90m)[39m

stderr | src/stores/__tests__/notificationStore.test.ts > NotificationStore > markAllAsRead > should revert optimistic update on error
Failed to mark all notifications as read: Error: Failed to mark all as read
    at [90m/Users/poonjohnny/Desktop/ProjectApp/Journo/frontend/[39msrc/stores/__tests__/notificationStore.test.ts:296:9
    at file:///Users/poonjohnny/Desktop/ProjectApp/Journo/node_modules/[4m@vitest[24m/runner/dist/chunk-hooks.js:155:11
    at file:///Users/poonjohnny/Desktop/ProjectApp/Journo/node_modules/[4m@vitest[24m/runner/dist/chunk-hooks.js:752:26
    at file:///Users/poonjohnny/Desktop/ProjectApp/Journo/node_modules/[4m@vitest[24m/runner/dist/chunk-hooks.js:1897:20
    at new Promise (<anonymous>)
    at runWithTimeout (file:///Users/poonjohnny/Desktop/ProjectApp/Journo/node_modules/[4m@vitest[24m/runner/dist/chunk-hooks.js:1863:10)
    at runTest (file:///Users/poonjohnny/Desktop/ProjectApp/Journo/node_modules/[4m@vitest[24m/runner/dist/chunk-hooks.js:1574:12)
[90m    at processTicksAndRejections (node:internal/process/task_queues:105:5)[39m
    at runSuite (file:///Users/poonjohnny/Desktop/ProjectApp/Journo/node_modules/[4m@vitest[24m/runner/dist/chunk-hooks.js:1729:8)
    at runSuite (file:///Users/poonjohnny/Desktop/ProjectApp/Journo/node_modules/[4m@vitest[24m/runner/dist/chunk-hooks.js:1729:8)

stderr | src/stores/__tests__/notificationStore.test.ts > NotificationStore > deleteNotification > should revert optimistic update on error
Failed to delete notification: Error: Failed to delete
    at [90m/Users/poonjohnny/Desktop/ProjectApp/Journo/frontend/[39msrc/stores/__tests__/notificationStore.test.ts:343:9
    at file:///Users/poonjohnny/Desktop/ProjectApp/Journo/node_modules/[4m@vitest[24m/runner/dist/chunk-hooks.js:155:11
    at file:///Users/poonjohnny/Desktop/ProjectApp/Journo/node_modules/[4m@vitest[24m/runner/dist/chunk-hooks.js:752:26
    at file:///Users/poonjohnny/Desktop/ProjectApp/Journo/node_modules/[4m@vitest[24m/runner/dist/chunk-hooks.js:1897:20
    at new Promise (<anonymous>)
    at runWithTimeout (file:///Users/poonjohnny/Desktop/ProjectApp/Journo/node_modules/[4m@vitest[24m/runner/dist/chunk-hooks.js:1863:10)
    at runTest (file:///Users/poonjohnny/Desktop/ProjectApp/Journo/node_modules/[4m@vitest[24m/runner/dist/chunk-hooks.js:1574:12)
[90m    at processTicksAndRejections (node:internal/process/task_queues:105:5)[39m
    at runSuite (file:///Users/poonjohnny/Desktop/ProjectApp/Journo/node_modules/[4m@vitest[24m/runner/dist/chunk-hooks.js:1729:8)
    at runSuite (file:///Users/poonjohnny/Desktop/ProjectApp/Journo/node_modules/[4m@vitest[24m/runner/dist/chunk-hooks.js:1729:8)

stderr | src/services/__tests__/activityLogService.test.ts > activityLogService > getActivitySummary > should fetch activity summary
Failed to fetch activity summary: RangeError: Maximum call stack size exceeded
    at getAuthToken [90m(/Users/poonjohnny/Desktop/ProjectApp/Journo/frontend/[39msrc/services/activityLogService.ts:22:17[90m)[39m
    at getAuthToken [90m(/Users/poonjohnny/Desktop/ProjectApp/Journo/frontend/[39msrc/services/activityLogService.ts:22:17[90m)[39m
    at getAuthToken [90m(/Users/poonjohnny/Desktop/ProjectApp/Journo/frontend/[39msrc/services/activityLogService.ts:22:17[90m)[39m
    at getAuthToken [90m(/Users/poonjohnny/Desktop/ProjectApp/Journo/frontend/[39msrc/services/activityLogService.ts:22:17[90m)[39m
    at getAuthToken [90m(/Users/poonjohnny/Desktop/ProjectApp/Journo/frontend/[39msrc/services/activityLogService.ts:22:17[90m)[39m
    at getAuthToken [90m(/Users/poonjohnny/Desktop/ProjectApp/Journo/frontend/[39msrc/services/activityLogService.ts:22:17[90m)[39m
    at getAuthToken [90m(/Users/poonjohnny/Desktop/ProjectApp/Journo/frontend/[39msrc/services/activityLogService.ts:22:17[90m)[39m
    at getAuthToken [90m(/Users/poonjohnny/Desktop/ProjectApp/Journo/frontend/[39msrc/services/activityLogService.ts:22:17[90m)[39m
    at getAuthToken [90m(/Users/poonjohnny/Desktop/ProjectApp/Journo/frontend/[39msrc/services/activityLogService.ts:22:17[90m)[39m
    at getAuthToken [90m(/Users/poonjohnny/Desktop/ProjectApp/Journo/frontend/[39msrc/services/activityLogService.ts:22:17[90m)[39m

stderr | src/services/__tests__/activityLogService.test.ts > activityLogService > getActivitySummary > should handle errors when fetching summary
Failed to fetch activity summary: RangeError: Maximum call stack size exceeded
    at getAuthToken [90m(/Users/poonjohnny/Desktop/ProjectApp/Journo/frontend/[39msrc/services/activityLogService.ts:22:17[90m)[39m
    at getAuthToken [90m(/Users/poonjohnny/Desktop/ProjectApp/Journo/frontend/[39msrc/services/activityLogService.ts:22:17[90m)[39m
    at getAuthToken [90m(/Users/poonjohnny/Desktop/ProjectApp/Journo/frontend/[39msrc/services/activityLogService.ts:22:17[90m)[39m
    at getAuthToken [90m(/Users/poonjohnny/Desktop/ProjectApp/Journo/frontend/[39msrc/services/activityLogService.ts:22:17[90m)[39m
    at getAuthToken [90m(/Users/poonjohnny/Desktop/ProjectApp/Journo/frontend/[39msrc/services/activityLogService.ts:22:17[90m)[39m
    at getAuthToken [90m(/Users/poonjohnny/Desktop/ProjectApp/Journo/frontend/[39msrc/services/activityLogService.ts:22:17[90m)[39m
    at getAuthToken [90m(/Users/poonjohnny/Desktop/ProjectApp/Journo/frontend/[39msrc/services/activityLogService.ts:22:17[90m)[39m
    at getAuthToken [90m(/Users/poonjohnny/Desktop/ProjectApp/Journo/frontend/[39msrc/services/activityLogService.ts:22:17[90m)[39m
    at getAuthToken [90m(/Users/poonjohnny/Desktop/ProjectApp/Journo/frontend/[39msrc/services/activityLogService.ts:22:17[90m)[39m
    at getAuthToken [90m(/Users/poonjohnny/Desktop/ProjectApp/Journo/frontend/[39msrc/services/activityLogService.ts:22:17[90m)[39m

 ❯ src/stores/__tests__/notificationStore.test.ts (27 tests | 3 failed) 106ms
   ✓ NotificationStore > Initial State > should have correct initial state 8ms
   ✓ NotificationStore > fetchNotifications > should fetch notifications successfully 2ms
   × NotificationStore > fetchNotifications > should set loading state while fetching 23ms
     → expected false to be true // Object.is equality
   × NotificationStore > fetchNotifications > should handle fetch errors 10ms
     → expected null to be 'Network error' // Object.is equality
   × NotificationStore > fetchNotifications > should merge filters when fetching 6ms
     → expected "spy" to be called with arguments: [ { limit: 50, offset: +0, …(2) } ][90m

Number of calls: [1m0[22m
[39m
   ✓ NotificationStore > addNotification > should add a new notification 3ms
   ✓ NotificationStore > addNotification > should add notification to the beginning of the array 2ms
   ✓ NotificationStore > addNotification > should not add duplicate notifications 1ms
   ✓ NotificationStore > addNotification > should not increment unread count for read notifications 2ms
   ✓ NotificationStore > markAsRead > should mark notification as read optimistically 4ms
   ✓ NotificationStore > markAsRead > should not change state if notification is already read 1ms
   ✓ NotificationStore > markAsRead > should revert optimistic update on error 4ms
   ✓ NotificationStore > markAsRead > should not go below 0 for unread count 0ms
   ✓ NotificationStore > markAllAsRead > should mark all notifications as read optimistically 2ms
   ✓ NotificationStore > markAllAsRead > should revert optimistic update on error 2ms
   ✓ NotificationStore > deleteNotification > should delete notification optimistically 7ms
   ✓ NotificationStore > deleteNotification > should not change unread count when deleting read notification 2ms
   ✓ NotificationStore > deleteNotification > should revert optimistic update on error 2ms
   ✓ NotificationStore > setFilters > should update filters 1ms
   ✓ NotificationStore > setFilters > should merge with existing filters 0ms
   ✓ NotificationStore > clearError > should clear error state 0ms
   ✓ NotificationStore > Getters > getNotification > should return notification by id 0ms
   ✓ NotificationStore > Getters > getNotification > should return undefined for non-existent id 0ms
   ✓ NotificationStore > Getters > getUnreadNotifications > should return only unread notifications 1ms
   ✓ NotificationStore > Getters > getUnreadNotifications > should return empty array when all notifications are read 3ms
   ✓ NotificationStore > Getters > getNotificationsByCategory > should return notifications filtered by category 1ms
   ✓ NotificationStore > Getters > getNotificationsByCategory > should return empty array for category with no notifications 1ms
 ❯ src/services/__tests__/activityLogService.test.ts (17 tests | 6 failed) 105ms
   × activityLogService > getActivityLog > should fetch activity log without filters 25ms
     → Maximum call stack size exceeded
   × activityLogService > getActivityLog > should fetch activity log with filters 7ms
     → Maximum call stack size exceeded
   × activityLogService > getActivityLog > should handle errors when fetching activity log 24ms
     → expected [Function] to throw error including 'Network error' but got 'Maximum call stack size exceeded'
   × activityLogService > getActivityLog > should handle missing auth token 4ms
     → vi.mocked(...).mockReturnValue is not a function
   × activityLogService > getActivitySummary > should fetch activity summary 4ms
     → Maximum call stack size exceeded
   × activityLogService > getActivitySummary > should handle errors when fetching summary 22ms
     → expected [Function] to throw error including 'Server error' but got 'Maximum call stack size exceeded'
   ✓ activityLogService > formatActionType > should format action types correctly 1ms
   ✓ activityLogService > getActionIcon > should return correct icon for added actions 1ms
   ✓ activityLogService > getActionIcon > should return correct icon for deleted actions 1ms
   ✓ activityLogService > getActionIcon > should return correct icon for updated actions 1ms
   ✓ activityLogService > getActionIcon > should return correct icon for reordered actions 0ms
   ✓ activityLogService > getActionIcon > should return correct icon for role changed actions 0ms
   ✓ activityLogService > getActionIcon > should return default icon for unknown actions 0ms
   ✓ activityLogService > getActionColor > should return success color for added/created actions 1ms
   ✓ activityLogService > getActionColor > should return error color for deleted/removed actions 0ms
   ✓ activityLogService > getActionColor > should return warning color for updated/changed actions 0ms
   ✓ activityLogService > getActionColor > should return info color for unknown actions 5ms
stderr | src/components/kawaii/__tests__/StickerDisplay.test.tsx > StickerDisplay > renders nothing when no placements exist
TypeError: Cannot read properties of undefined (reading 'length')
    at StickerDisplay (/Users/poonjohnny/Desktop/ProjectApp/Journo/frontend/src/components/kawaii/StickerDisplay.tsx:103:42)
    at renderWithHooks (/Users/poonjohnny/Desktop/ProjectApp/Journo/node_modules/react-dom/cjs/react-dom.development.js:15486:18)
    at mountIndeterminateComponent (/Users/poonjohnny/Desktop/ProjectApp/Journo/node_modules/react-dom/cjs/react-dom.development.js:20103:13)
    at beginWork (/Users/poonjohnny/Desktop/ProjectApp/Journo/node_modules/react-dom/cjs/react-dom.development.js:21626:16)
    at HTMLUnknownElement.callCallback (/Users/poonjohnny/Desktop/ProjectApp/Journo/node_modules/react-dom/cjs/react-dom.development.js:4164:14)
    at HTMLUnknownElement.callTheUserObjectsOperation (/Users/poonjohnny/Desktop/ProjectApp/Journo/node_modules/jsdom/lib/jsdom/living/generated/EventListener.js:26:30)
    at innerInvokeEventListeners (/Users/poonjohnny/Desktop/ProjectApp/Journo/node_modules/jsdom/lib/jsdom/living/events/EventTarget-impl.js:360:16)
    at invokeEventListeners (/Users/poonjohnny/Desktop/ProjectApp/Journo/node_modules/jsdom/lib/jsdom/living/events/EventTarget-impl.js:296:3)
    at HTMLUnknownElementImpl._dispatch (/Users/poonjohnny/Desktop/ProjectApp/Journo/node_modules/jsdom/lib/jsdom/living/events/EventTarget-impl.js:243:9)
    at HTMLUnknownElementImpl.dispatchEvent (/Users/poonjohnny/Desktop/ProjectApp/Journo/node_modules/jsdom/lib/jsdom/living/events/EventTarget-impl.js:114:17)
TypeError: Cannot read properties of undefined (reading 'length')
    at StickerDisplay (/Users/poonjohnny/Desktop/ProjectApp/Journo/frontend/src/components/kawaii/StickerDisplay.tsx:103:42)
    at renderWithHooks (/Users/poonjohnny/Desktop/ProjectApp/Journo/node_modules/react-dom/cjs/react-dom.development.js:15486:18)
    at mountIndeterminateComponent (/Users/poonjohnny/Desktop/ProjectApp/Journo/node_modules/react-dom/cjs/react-dom.development.js:20103:13)
    at beginWork (/Users/poonjohnny/Desktop/ProjectApp/Journo/node_modules/react-dom/cjs/react-dom.development.js:21626:16)
    at HTMLUnknownElement.callCallback (/Users/poonjohnny/Desktop/ProjectApp/Journo/node_modules/react-dom/cjs/react-dom.development.js:4164:14)
    at HTMLUnknownElement.callTheUserObjectsOperation (/Users/poonjohnny/Desktop/ProjectApp/Journo/node_modules/jsdom/lib/jsdom/living/generated/EventListener.js:26:30)
    at innerInvokeEventListeners (/Users/poonjohnny/Desktop/ProjectApp/Journo/node_modules/jsdom/lib/jsdom/living/events/EventTarget-impl.js:360:16)
    at invokeEventListeners (/Users/poonjohnny/Desktop/ProjectApp/Journo/node_modules/jsdom/lib/jsdom/living/events/EventTarget-impl.js:296:3)
    at HTMLUnknownElementImpl._dispatch (/Users/poonjohnny/Desktop/ProjectApp/Journo/node_modules/jsdom/lib/jsdom/living/events/EventTarget-impl.js:243:9)
    at HTMLUnknownElementImpl.dispatchEvent (/Users/poonjohnny/Desktop/ProjectApp/Journo/node_modules/jsdom/lib/jsdom/living/events/EventTarget-impl.js:114:17)
The above error occurred in the <StickerDisplay> component:

    at StickerDisplay (/Users/poonjohnny/Desktop/ProjectApp/Journo/frontend/src/components/kawaii/StickerDisplay.tsx:14:3)

Consider adding an error boundary to your tree to customize error handling behavior.
Visit https://reactjs.org/link/error-boundaries to learn more about error boundaries.

stderr | src/components/kawaii/__tests__/StickerDisplay.test.tsx > StickerDisplay > renders stickers for element
TypeError: Cannot read properties of undefined (reading 'length')
    at StickerDisplay (/Users/poonjohnny/Desktop/ProjectApp/Journo/frontend/src/components/kawaii/StickerDisplay.tsx:103:42)
    at renderWithHooks (/Users/poonjohnny/Desktop/ProjectApp/Journo/node_modules/react-dom/cjs/react-dom.development.js:15486:18)
    at mountIndeterminateComponent (/Users/poonjohnny/Desktop/ProjectApp/Journo/node_modules/react-dom/cjs/react-dom.development.js:20103:13)
    at beginWork (/Users/poonjohnny/Desktop/ProjectApp/Journo/node_modules/react-dom/cjs/react-dom.development.js:21626:16)
    at HTMLUnknownElement.callCallback (/Users/poonjohnny/Desktop/ProjectApp/Journo/node_modules/react-dom/cjs/react-dom.development.js:4164:14)
    at HTMLUnknownElement.callTheUserObjectsOperation (/Users/poonjohnny/Desktop/ProjectApp/Journo/node_modules/jsdom/lib/jsdom/living/generated/EventListener.js:26:30)
    at innerInvokeEventListeners (/Users/poonjohnny/Desktop/ProjectApp/Journo/node_modules/jsdom/lib/jsdom/living/events/EventTarget-impl.js:360:16)
    at invokeEventListeners (/Users/poonjohnny/Desktop/ProjectApp/Journo/node_modules/jsdom/lib/jsdom/living/events/EventTarget-impl.js:296:3)
    at HTMLUnknownElementImpl._dispatch (/Users/poonjohnny/Desktop/ProjectApp/Journo/node_modules/jsdom/lib/jsdom/living/events/EventTarget-impl.js:243:9)
    at HTMLUnknownElementImpl.dispatchEvent (/Users/poonjohnny/Desktop/ProjectApp/Journo/node_modules/jsdom/lib/jsdom/living/events/EventTarget-impl.js:114:17)
TypeError: Cannot read properties of undefined (reading 'length')
    at StickerDisplay (/Users/poonjohnny/Desktop/ProjectApp/Journo/frontend/src/components/kawaii/StickerDisplay.tsx:103:42)
    at renderWithHooks (/Users/poonjohnny/Desktop/ProjectApp/Journo/node_modules/react-dom/cjs/react-dom.development.js:15486:18)
    at mountIndeterminateComponent (/Users/poonjohnny/Desktop/ProjectApp/Journo/node_modules/react-dom/cjs/react-dom.development.js:20103:13)
    at beginWork (/Users/poonjohnny/Desktop/ProjectApp/Journo/node_modules/react-dom/cjs/react-dom.development.js:21626:16)
    at HTMLUnknownElement.callCallback (/Users/poonjohnny/Desktop/ProjectApp/Journo/node_modules/react-dom/cjs/react-dom.development.js:4164:14)
    at HTMLUnknownElement.callTheUserObjectsOperation (/Users/poonjohnny/Desktop/ProjectApp/Journo/node_modules/jsdom/lib/jsdom/living/generated/EventListener.js:26:30)
    at innerInvokeEventListeners (/Users/poonjohnny/Desktop/ProjectApp/Journo/node_modules/jsdom/lib/jsdom/living/events/EventTarget-impl.js:360:16)
    at invokeEventListeners (/Users/poonjohnny/Desktop/ProjectApp/Journo/node_modules/jsdom/lib/jsdom/living/events/EventTarget-impl.js:296:3)
    at HTMLUnknownElementImpl._dispatch (/Users/poonjohnny/Desktop/ProjectApp/Journo/node_modules/jsdom/lib/jsdom/living/events/EventTarget-impl.js:243:9)
    at HTMLUnknownElementImpl.dispatchEvent (/Users/poonjohnny/Desktop/ProjectApp/Journo/node_modules/jsdom/lib/jsdom/living/events/EventTarget-impl.js:114:17)
The above error occurred in the <StickerDisplay> component:

    at StickerDisplay (/Users/poonjohnny/Desktop/ProjectApp/Journo/frontend/src/components/kawaii/StickerDisplay.tsx:14:3)

Consider adding an error boundary to your tree to customize error handling behavior.
Visit https://reactjs.org/link/error-boundaries to learn more about error boundaries.

stderr | src/components/kawaii/__tests__/StickerDisplay.test.tsx > StickerDisplay > calls getElementPlacements with correct elementId
TypeError: Cannot read properties of undefined (reading 'length')
    at StickerDisplay (/Users/poonjohnny/Desktop/ProjectApp/Journo/frontend/src/components/kawaii/StickerDisplay.tsx:103:42)
    at renderWithHooks (/Users/poonjohnny/Desktop/ProjectApp/Journo/node_modules/react-dom/cjs/react-dom.development.js:15486:18)
    at mountIndeterminateComponent (/Users/poonjohnny/Desktop/ProjectApp/Journo/node_modules/react-dom/cjs/react-dom.development.js:20103:13)
    at beginWork (/Users/poonjohnny/Desktop/ProjectApp/Journo/node_modules/react-dom/cjs/react-dom.development.js:21626:16)
    at HTMLUnknownElement.callCallback (/Users/poonjohnny/Desktop/ProjectApp/Journo/node_modules/react-dom/cjs/react-dom.development.js:4164:14)
    at HTMLUnknownElement.callTheUserObjectsOperation (/Users/poonjohnny/Desktop/ProjectApp/Journo/node_modules/jsdom/lib/jsdom/living/generated/EventListener.js:26:30)
    at innerInvokeEventListeners (/Users/poonjohnny/Desktop/ProjectApp/Journo/node_modules/jsdom/lib/jsdom/living/events/EventTarget-impl.js:360:16)
    at invokeEventListeners (/Users/poonjohnny/Desktop/ProjectApp/Journo/node_modules/jsdom/lib/jsdom/living/events/EventTarget-impl.js:296:3)
    at HTMLUnknownElementImpl._dispatch (/Users/poonjohnny/Desktop/ProjectApp/Journo/node_modules/jsdom/lib/jsdom/living/events/EventTarget-impl.js:243:9)
    at HTMLUnknownElementImpl.dispatchEvent (/Users/poonjohnny/Desktop/ProjectApp/Journo/node_modules/jsdom/lib/jsdom/living/events/EventTarget-impl.js:114:17)
TypeError: Cannot read properties of undefined (reading 'length')
    at StickerDisplay (/Users/poonjohnny/Desktop/ProjectApp/Journo/frontend/src/components/kawaii/StickerDisplay.tsx:103:42)
    at renderWithHooks (/Users/poonjohnny/Desktop/ProjectApp/Journo/node_modules/react-dom/cjs/react-dom.development.js:15486:18)
    at mountIndeterminateComponent (/Users/poonjohnny/Desktop/ProjectApp/Journo/node_modules/react-dom/cjs/react-dom.development.js:20103:13)
    at beginWork (/Users/poonjohnny/Desktop/ProjectApp/Journo/node_modules/react-dom/cjs/react-dom.development.js:21626:16)
    at HTMLUnknownElement.callCallback (/Users/poonjohnny/Desktop/ProjectApp/Journo/node_modules/react-dom/cjs/react-dom.development.js:4164:14)
    at HTMLUnknownElement.callTheUserObjectsOperation (/Users/poonjohnny/Desktop/ProjectApp/Journo/node_modules/jsdom/lib/jsdom/living/generated/EventListener.js:26:30)
    at innerInvokeEventListeners (/Users/poonjohnny/Desktop/ProjectApp/Journo/node_modules/jsdom/lib/jsdom/living/events/EventTarget-impl.js:360:16)
    at invokeEventListeners (/Users/poonjohnny/Desktop/ProjectApp/Journo/node_modules/jsdom/lib/jsdom/living/events/EventTarget-impl.js:296:3)
    at HTMLUnknownElementImpl._dispatch (/Users/poonjohnny/Desktop/ProjectApp/Journo/node_modules/jsdom/lib/jsdom/living/events/EventTarget-impl.js:243:9)
    at HTMLUnknownElementImpl.dispatchEvent (/Users/poonjohnny/Desktop/ProjectApp/Journo/node_modules/jsdom/lib/jsdom/living/events/EventTarget-impl.js:114:17)
The above error occurred in the <StickerDisplay> component:

    at StickerDisplay (/Users/poonjohnny/Desktop/ProjectApp/Journo/frontend/src/components/kawaii/StickerDisplay.tsx:14:3)

Consider adding an error boundary to your tree to customize error handling behavior.
Visit https://reactjs.org/link/error-boundaries to learn more about error boundaries.

stderr | src/components/kawaii/__tests__/StickerDisplay.test.tsx > StickerDisplay > shows remove button when editable
TypeError: Cannot read properties of undefined (reading 'length')
    at StickerDisplay (/Users/poonjohnny/Desktop/ProjectApp/Journo/frontend/src/components/kawaii/StickerDisplay.tsx:103:42)
    at renderWithHooks (/Users/poonjohnny/Desktop/ProjectApp/Journo/node_modules/react-dom/cjs/react-dom.development.js:15486:18)
    at mountIndeterminateComponent (/Users/poonjohnny/Desktop/ProjectApp/Journo/node_modules/react-dom/cjs/react-dom.development.js:20103:13)
    at beginWork (/Users/poonjohnny/Desktop/ProjectApp/Journo/node_modules/react-dom/cjs/react-dom.development.js:21626:16)
    at HTMLUnknownElement.callCallback (/Users/poonjohnny/Desktop/ProjectApp/Journo/node_modules/react-dom/cjs/react-dom.development.js:4164:14)
    at HTMLUnknownElement.callTheUserObjectsOperation (/Users/poonjohnny/Desktop/ProjectApp/Journo/node_modules/jsdom/lib/jsdom/living/generated/EventListener.js:26:30)
    at innerInvokeEventListeners (/Users/poonjohnny/Desktop/ProjectApp/Journo/node_modules/jsdom/lib/jsdom/living/events/EventTarget-impl.js:360:16)
    at invokeEventListeners (/Users/poonjohnny/Desktop/ProjectApp/Journo/node_modules/jsdom/lib/jsdom/living/events/EventTarget-impl.js:296:3)
    at HTMLUnknownElementImpl._dispatch (/Users/poonjohnny/Desktop/ProjectApp/Journo/node_modules/jsdom/lib/jsdom/living/events/EventTarget-impl.js:243:9)
    at HTMLUnknownElementImpl.dispatchEvent (/Users/poonjohnny/Desktop/ProjectApp/Journo/node_modules/jsdom/lib/jsdom/living/events/EventTarget-impl.js:114:17)
TypeError: Cannot read properties of undefined (reading 'length')
    at StickerDisplay (/Users/poonjohnny/Desktop/ProjectApp/Journo/frontend/src/components/kawaii/StickerDisplay.tsx:103:42)
    at renderWithHooks (/Users/poonjohnny/Desktop/ProjectApp/Journo/node_modules/react-dom/cjs/react-dom.development.js:15486:18)
    at mountIndeterminateComponent (/Users/poonjohnny/Desktop/ProjectApp/Journo/node_modules/react-dom/cjs/react-dom.development.js:20103:13)
    at beginWork (/Users/poonjohnny/Desktop/ProjectApp/Journo/node_modules/react-dom/cjs/react-dom.development.js:21626:16)
    at HTMLUnknownElement.callCallback (/Users/poonjohnny/Desktop/ProjectApp/Journo/node_modules/react-dom/cjs/react-dom.development.js:4164:14)
    at HTMLUnknownElement.callTheUserObjectsOperation (/Users/poonjohnny/Desktop/ProjectApp/Journo/node_modules/jsdom/lib/jsdom/living/generated/EventListener.js:26:30)
    at innerInvokeEventListeners (/Users/poonjohnny/Desktop/ProjectApp/Journo/node_modules/jsdom/lib/jsdom/living/events/EventTarget-impl.js:360:16)
    at invokeEventListeners (/Users/poonjohnny/Desktop/ProjectApp/Journo/node_modules/jsdom/lib/jsdom/living/events/EventTarget-impl.js:296:3)
    at HTMLUnknownElementImpl._dispatch (/Users/poonjohnny/Desktop/ProjectApp/Journo/node_modules/jsdom/lib/jsdom/living/events/EventTarget-impl.js:243:9)
    at HTMLUnknownElementImpl.dispatchEvent (/Users/poonjohnny/Desktop/ProjectApp/Journo/node_modules/jsdom/lib/jsdom/living/events/EventTarget-impl.js:114:17)
The above error occurred in the <StickerDisplay> component:

    at StickerDisplay (/Users/poonjohnny/Desktop/ProjectApp/Journo/frontend/src/components/kawaii/StickerDisplay.tsx:14:3)

Consider adding an error boundary to your tree to customize error handling behavior.
Visit https://reactjs.org/link/error-boundaries to learn more about error boundaries.

stderr | src/components/kawaii/__tests__/StickerDisplay.test.tsx > StickerDisplay > does not show remove button when not editable
TypeError: Cannot read properties of undefined (reading 'length')
    at StickerDisplay (/Users/poonjohnny/Desktop/ProjectApp/Journo/frontend/src/components/kawaii/StickerDisplay.tsx:103:42)
    at renderWithHooks (/Users/poonjohnny/Desktop/ProjectApp/Journo/node_modules/react-dom/cjs/react-dom.development.js:15486:18)
    at mountIndeterminateComponent (/Users/poonjohnny/Desktop/ProjectApp/Journo/node_modules/react-dom/cjs/react-dom.development.js:20103:13)
    at beginWork (/Users/poonjohnny/Desktop/ProjectApp/Journo/node_modules/react-dom/cjs/react-dom.development.js:21626:16)
    at HTMLUnknownElement.callCallback (/Users/poonjohnny/Desktop/ProjectApp/Journo/node_modules/react-dom/cjs/react-dom.development.js:4164:14)
    at HTMLUnknownElement.callTheUserObjectsOperation (/Users/poonjohnny/Desktop/ProjectApp/Journo/node_modules/jsdom/lib/jsdom/living/generated/EventListener.js:26:30)
    at innerInvokeEventListeners (/Users/poonjohnny/Desktop/ProjectApp/Journo/node_modules/jsdom/lib/jsdom/living/events/EventTarget-impl.js:360:16)
    at invokeEventListeners (/Users/poonjohnny/Desktop/ProjectApp/Journo/node_modules/jsdom/lib/jsdom/living/events/EventTarget-impl.js:296:3)
    at HTMLUnknownElementImpl._dispatch (/Users/poonjohnny/Desktop/ProjectApp/Journo/node_modules/jsdom/lib/jsdom/living/events/EventTarget-impl.js:243:9)
    at HTMLUnknownElementImpl.dispatchEvent (/Users/poonjohnny/Desktop/ProjectApp/Journo/node_modules/jsdom/lib/jsdom/living/events/EventTarget-impl.js:114:17)
TypeError: Cannot read properties of undefined (reading 'length')
    at StickerDisplay (/Users/poonjohnny/Desktop/ProjectApp/Journo/frontend/src/components/kawaii/StickerDisplay.tsx:103:42)
    at renderWithHooks (/Users/poonjohnny/Desktop/ProjectApp/Journo/node_modules/react-dom/cjs/react-dom.development.js:15486:18)
    at mountIndeterminateComponent (/Users/poonjohnny/Desktop/ProjectApp/Journo/node_modules/react-dom/cjs/react-dom.development.js:20103:13)
    at beginWork (/Users/poonjohnny/Desktop/ProjectApp/Journo/node_modules/react-dom/cjs/react-dom.development.js:21626:16)
    at HTMLUnknownElement.callCallback (/Users/poonjohnny/Desktop/ProjectApp/Journo/node_modules/react-dom/cjs/react-dom.development.js:4164:14)
    at HTMLUnknownElement.callTheUserObjectsOperation (/Users/poonjohnny/Desktop/ProjectApp/Journo/node_modules/jsdom/lib/jsdom/living/generated/EventListener.js:26:30)
    at innerInvokeEventListeners (/Users/poonjohnny/Desktop/ProjectApp/Journo/node_modules/jsdom/lib/jsdom/living/events/EventTarget-impl.js:360:16)
    at invokeEventListeners (/Users/poonjohnny/Desktop/ProjectApp/Journo/node_modules/jsdom/lib/jsdom/living/events/EventTarget-impl.js:296:3)
    at HTMLUnknownElementImpl._dispatch (/Users/poonjohnny/Desktop/ProjectApp/Journo/node_modules/jsdom/lib/jsdom/living/events/EventTarget-impl.js:243:9)
    at HTMLUnknownElementImpl.dispatchEvent (/Users/poonjohnny/Desktop/ProjectApp/Journo/node_modules/jsdom/lib/jsdom/living/events/EventTarget-impl.js:114:17)
The above error occurred in the <StickerDisplay> component:

    at StickerDisplay (/Users/poonjohnny/Desktop/ProjectApp/Journo/frontend/src/components/kawaii/StickerDisplay.tsx:14:3)

Consider adding an error boundary to your tree to customize error handling behavior.
Visit https://reactjs.org/link/error-boundaries to learn more about error boundaries.

stderr | src/components/kawaii/__tests__/StickerDisplay.test.tsx > StickerDisplay > calls removePlacement when remove button clicked
TypeError: Cannot read properties of undefined (reading 'length')
    at StickerDisplay (/Users/poonjohnny/Desktop/ProjectApp/Journo/frontend/src/components/kawaii/StickerDisplay.tsx:103:42)
    at renderWithHooks (/Users/poonjohnny/Desktop/ProjectApp/Journo/node_modules/react-dom/cjs/react-dom.development.js:15486:18)
    at mountIndeterminateComponent (/Users/poonjohnny/Desktop/ProjectApp/Journo/node_modules/react-dom/cjs/react-dom.development.js:20103:13)
    at beginWork (/Users/poonjohnny/Desktop/ProjectApp/Journo/node_modules/react-dom/cjs/react-dom.development.js:21626:16)
    at HTMLUnknownElement.callCallback (/Users/poonjohnny/Desktop/ProjectApp/Journo/node_modules/react-dom/cjs/react-dom.development.js:4164:14)
    at HTMLUnknownElement.callTheUserObjectsOperation (/Users/poonjohnny/Desktop/ProjectApp/Journo/node_modules/jsdom/lib/jsdom/living/generated/EventListener.js:26:30)
    at innerInvokeEventListeners (/Users/poonjohnny/Desktop/ProjectApp/Journo/node_modules/jsdom/lib/jsdom/living/events/EventTarget-impl.js:360:16)
    at invokeEventListeners (/Users/poonjohnny/Desktop/ProjectApp/Journo/node_modules/jsdom/lib/jsdom/living/events/EventTarget-impl.js:296:3)
    at HTMLUnknownElementImpl._dispatch (/Users/poonjohnny/Desktop/ProjectApp/Journo/node_modules/jsdom/lib/jsdom/living/events/EventTarget-impl.js:243:9)
    at HTMLUnknownElementImpl.dispatchEvent (/Users/poonjohnny/Desktop/ProjectApp/Journo/node_modules/jsdom/lib/jsdom/living/events/EventTarget-impl.js:114:17)
TypeError: Cannot read properties of undefined (reading 'length')
    at StickerDisplay (/Users/poonjohnny/Desktop/ProjectApp/Journo/frontend/src/components/kawaii/StickerDisplay.tsx:103:42)
    at renderWithHooks (/Users/poonjohnny/Desktop/ProjectApp/Journo/node_modules/react-dom/cjs/react-dom.development.js:15486:18)
    at mountIndeterminateComponent (/Users/poonjohnny/Desktop/ProjectApp/Journo/node_modules/react-dom/cjs/react-dom.development.js:20103:13)
    at beginWork (/Users/poonjohnny/Desktop/ProjectApp/Journo/node_modules/react-dom/cjs/react-dom.development.js:21626:16)
    at HTMLUnknownElement.callCallback (/Users/poonjohnny/Desktop/ProjectApp/Journo/node_modules/react-dom/cjs/react-dom.development.js:4164:14)
    at HTMLUnknownElement.callTheUserObjectsOperation (/Users/poonjohnny/Desktop/ProjectApp/Journo/node_modules/jsdom/lib/jsdom/living/generated/EventListener.js:26:30)
    at innerInvokeEventListeners (/Users/poonjohnny/Desktop/ProjectApp/Journo/node_modules/jsdom/lib/jsdom/living/events/EventTarget-impl.js:360:16)
    at invokeEventListeners (/Users/poonjohnny/Desktop/ProjectApp/Journo/node_modules/jsdom/lib/jsdom/living/events/EventTarget-impl.js:296:3)
    at HTMLUnknownElementImpl._dispatch (/Users/poonjohnny/Desktop/ProjectApp/Journo/node_modules/jsdom/lib/jsdom/living/events/EventTarget-impl.js:243:9)
    at HTMLUnknownElementImpl.dispatchEvent (/Users/poonjohnny/Desktop/ProjectApp/Journo/node_modules/jsdom/lib/jsdom/living/events/EventTarget-impl.js:114:17)
The above error occurred in the <StickerDisplay> component:

    at StickerDisplay (/Users/poonjohnny/Desktop/ProjectApp/Journo/frontend/src/components/kawaii/StickerDisplay.tsx:14:3)

Consider adding an error boundary to your tree to customize error handling behavior.
Visit https://reactjs.org/link/error-boundaries to learn more about error boundaries.

stderr | src/components/kawaii/__tests__/StickerDisplay.test.tsx > StickerDisplay > applies correct positioning styles
TypeError: Cannot read properties of undefined (reading 'length')
    at StickerDisplay (/Users/poonjohnny/Desktop/ProjectApp/Journo/frontend/src/components/kawaii/StickerDisplay.tsx:103:42)
    at renderWithHooks (/Users/poonjohnny/Desktop/ProjectApp/Journo/node_modules/react-dom/cjs/react-dom.development.js:15486:18)
    at mountIndeterminateComponent (/Users/poonjohnny/Desktop/ProjectApp/Journo/node_modules/react-dom/cjs/react-dom.development.js:20103:13)
    at beginWork (/Users/poonjohnny/Desktop/ProjectApp/Journo/node_modules/react-dom/cjs/react-dom.development.js:21626:16)
    at HTMLUnknownElement.callCallback (/Users/poonjohnny/Desktop/ProjectApp/Journo/node_modules/react-dom/cjs/react-dom.development.js:4164:14)
    at HTMLUnknownElement.callTheUserObjectsOperation (/Users/poonjohnny/Desktop/ProjectApp/Journo/node_modules/jsdom/lib/jsdom/living/generated/EventListener.js:26:30)
    at innerInvokeEventListeners (/Users/poonjohnny/Desktop/ProjectApp/Journo/node_modules/jsdom/lib/jsdom/living/events/EventTarget-impl.js:360:16)
    at invokeEventListeners (/Users/poonjohnny/Desktop/ProjectApp/Journo/node_modules/jsdom/lib/jsdom/living/events/EventTarget-impl.js:296:3)
    at HTMLUnknownElementImpl._dispatch (/Users/poonjohnny/Desktop/ProjectApp/Journo/node_modules/jsdom/lib/jsdom/living/events/EventTarget-impl.js:243:9)
    at HTMLUnknownElementImpl.dispatchEvent (/Users/poonjohnny/Desktop/ProjectApp/Journo/node_modules/jsdom/lib/jsdom/living/events/EventTarget-impl.js:114:17)
TypeError: Cannot read properties of undefined (reading 'length')
    at StickerDisplay (/Users/poonjohnny/Desktop/ProjectApp/Journo/frontend/src/components/kawaii/StickerDisplay.tsx:103:42)
    at renderWithHooks (/Users/poonjohnny/Desktop/ProjectApp/Journo/node_modules/react-dom/cjs/react-dom.development.js:15486:18)
    at mountIndeterminateComponent (/Users/poonjohnny/Desktop/ProjectApp/Journo/node_modules/react-dom/cjs/react-dom.development.js:20103:13)
    at beginWork (/Users/poonjohnny/Desktop/ProjectApp/Journo/node_modules/react-dom/cjs/react-dom.development.js:21626:16)
    at HTMLUnknownElement.callCallback (/Users/poonjohnny/Desktop/ProjectApp/Journo/node_modules/react-dom/cjs/react-dom.development.js:4164:14)
    at HTMLUnknownElement.callTheUserObjectsOperation (/Users/poonjohnny/Desktop/ProjectApp/Journo/node_modules/jsdom/lib/jsdom/living/generated/EventListener.js:26:30)
    at innerInvokeEventListeners (/Users/poonjohnny/Desktop/ProjectApp/Journo/node_modules/jsdom/lib/jsdom/living/events/EventTarget-impl.js:360:16)
    at invokeEventListeners (/Users/poonjohnny/Desktop/ProjectApp/Journo/node_modules/jsdom/lib/jsdom/living/events/EventTarget-impl.js:296:3)
    at HTMLUnknownElementImpl._dispatch (/Users/poonjohnny/Desktop/ProjectApp/Journo/node_modules/jsdom/lib/jsdom/living/events/EventTarget-impl.js:243:9)
    at HTMLUnknownElementImpl.dispatchEvent (/Users/poonjohnny/Desktop/ProjectApp/Journo/node_modules/jsdom/lib/jsdom/living/events/EventTarget-impl.js:114:17)
The above error occurred in the <StickerDisplay> component:

    at StickerDisplay (/Users/poonjohnny/Desktop/ProjectApp/Journo/frontend/src/components/kawaii/StickerDisplay.tsx:14:3)

Consider adding an error boundary to your tree to customize error handling behavior.
Visit https://reactjs.org/link/error-boundaries to learn more about error boundaries.

stderr | src/components/kawaii/__tests__/StickerDisplay.test.tsx > StickerDisplay > handles missing sticker gracefully
TypeError: Cannot read properties of undefined (reading 'length')
    at StickerDisplay (/Users/poonjohnny/Desktop/ProjectApp/Journo/frontend/src/components/kawaii/StickerDisplay.tsx:103:42)
    at renderWithHooks (/Users/poonjohnny/Desktop/ProjectApp/Journo/node_modules/react-dom/cjs/react-dom.development.js:15486:18)
    at mountIndeterminateComponent (/Users/poonjohnny/Desktop/ProjectApp/Journo/node_modules/react-dom/cjs/react-dom.development.js:20103:13)
    at beginWork (/Users/poonjohnny/Desktop/ProjectApp/Journo/node_modules/react-dom/cjs/react-dom.development.js:21626:16)
    at HTMLUnknownElement.callCallback (/Users/poonjohnny/Desktop/ProjectApp/Journo/node_modules/react-dom/cjs/react-dom.development.js:4164:14)
    at HTMLUnknownElement.callTheUserObjectsOperation (/Users/poonjohnny/Desktop/ProjectApp/Journo/node_modules/jsdom/lib/jsdom/living/generated/EventListener.js:26:30)
    at innerInvokeEventListeners (/Users/poonjohnny/Desktop/ProjectApp/Journo/node_modules/jsdom/lib/jsdom/living/events/EventTarget-impl.js:360:16)
    at invokeEventListeners (/Users/poonjohnny/Desktop/ProjectApp/Journo/node_modules/jsdom/lib/jsdom/living/events/EventTarget-impl.js:296:3)
    at HTMLUnknownElementImpl._dispatch (/Users/poonjohnny/Desktop/ProjectApp/Journo/node_modules/jsdom/lib/jsdom/living/events/EventTarget-impl.js:243:9)
    at HTMLUnknownElementImpl.dispatchEvent (/Users/poonjohnny/Desktop/ProjectApp/Journo/node_modules/jsdom/lib/jsdom/living/events/EventTarget-impl.js:114:17)
TypeError: Cannot read properties of undefined (reading 'length')
    at StickerDisplay (/Users/poonjohnny/Desktop/ProjectApp/Journo/frontend/src/components/kawaii/StickerDisplay.tsx:103:42)
    at renderWithHooks (/Users/poonjohnny/Desktop/ProjectApp/Journo/node_modules/react-dom/cjs/react-dom.development.js:15486:18)
    at mountIndeterminateComponent (/Users/poonjohnny/Desktop/ProjectApp/Journo/node_modules/react-dom/cjs/react-dom.development.js:20103:13)
    at beginWork (/Users/poonjohnny/Desktop/ProjectApp/Journo/node_modules/react-dom/cjs/react-dom.development.js:21626:16)
    at HTMLUnknownElement.callCallback (/Users/poonjohnny/Desktop/ProjectApp/Journo/node_modules/react-dom/cjs/react-dom.development.js:4164:14)
    at HTMLUnknownElement.callTheUserObjectsOperation (/Users/poonjohnny/Desktop/ProjectApp/Journo/node_modules/jsdom/lib/jsdom/living/generated/EventListener.js:26:30)
    at innerInvokeEventListeners (/Users/poonjohnny/Desktop/ProjectApp/Journo/node_modules/jsdom/lib/jsdom/living/events/EventTarget-impl.js:360:16)
    at invokeEventListeners (/Users/poonjohnny/Desktop/ProjectApp/Journo/node_modules/jsdom/lib/jsdom/living/events/EventTarget-impl.js:296:3)
    at HTMLUnknownElementImpl._dispatch (/Users/poonjohnny/Desktop/ProjectApp/Journo/node_modules/jsdom/lib/jsdom/living/events/EventTarget-impl.js:243:9)
    at HTMLUnknownElementImpl.dispatchEvent (/Users/poonjohnny/Desktop/ProjectApp/Journo/node_modules/jsdom/lib/jsdom/living/events/EventTarget-impl.js:114:17)
The above error occurred in the <StickerDisplay> component:

    at StickerDisplay (/Users/poonjohnny/Desktop/ProjectApp/Journo/frontend/src/components/kawaii/StickerDisplay.tsx:14:3)

Consider adding an error boundary to your tree to customize error handling behavior.
Visit https://reactjs.org/link/error-boundaries to learn more about error boundaries.

stderr | src/components/kawaii/__tests__/StickerDisplay.test.tsx > StickerDisplay > applies custom className
TypeError: Cannot read properties of undefined (reading 'length')
    at StickerDisplay (/Users/poonjohnny/Desktop/ProjectApp/Journo/frontend/src/components/kawaii/StickerDisplay.tsx:103:42)
    at renderWithHooks (/Users/poonjohnny/Desktop/ProjectApp/Journo/node_modules/react-dom/cjs/react-dom.development.js:15486:18)
    at mountIndeterminateComponent (/Users/poonjohnny/Desktop/ProjectApp/Journo/node_modules/react-dom/cjs/react-dom.development.js:20103:13)
    at beginWork (/Users/poonjohnny/Desktop/ProjectApp/Journo/node_modules/react-dom/cjs/react-dom.development.js:21626:16)
    at HTMLUnknownElement.callCallback (/Users/poonjohnny/Desktop/ProjectApp/Journo/node_modules/react-dom/cjs/react-dom.development.js:4164:14)
    at HTMLUnknownElement.callTheUserObjectsOperation (/Users/poonjohnny/Desktop/ProjectApp/Journo/node_modules/jsdom/lib/jsdom/living/generated/EventListener.js:26:30)
    at innerInvokeEventListeners (/Users/poonjohnny/Desktop/ProjectApp/Journo/node_modules/jsdom/lib/jsdom/living/events/EventTarget-impl.js:360:16)
    at invokeEventListeners (/Users/poonjohnny/Desktop/ProjectApp/Journo/node_modules/jsdom/lib/jsdom/living/events/EventTarget-impl.js:296:3)
    at HTMLUnknownElementImpl._dispatch (/Users/poonjohnny/Desktop/ProjectApp/Journo/node_modules/jsdom/lib/jsdom/living/events/EventTarget-impl.js:243:9)
    at HTMLUnknownElementImpl.dispatchEvent (/Users/poonjohnny/Desktop/ProjectApp/Journo/node_modules/jsdom/lib/jsdom/living/events/EventTarget-impl.js:114:17)
TypeError: Cannot read properties of undefined (reading 'length')
    at StickerDisplay (/Users/poonjohnny/Desktop/ProjectApp/Journo/frontend/src/components/kawaii/StickerDisplay.tsx:103:42)
    at renderWithHooks (/Users/poonjohnny/Desktop/ProjectApp/Journo/node_modules/react-dom/cjs/react-dom.development.js:15486:18)
    at mountIndeterminateComponent (/Users/poonjohnny/Desktop/ProjectApp/Journo/node_modules/react-dom/cjs/react-dom.development.js:20103:13)
    at beginWork (/Users/poonjohnny/Desktop/ProjectApp/Journo/node_modules/react-dom/cjs/react-dom.development.js:21626:16)
    at HTMLUnknownElement.callCallback (/Users/poonjohnny/Desktop/ProjectApp/Journo/node_modules/react-dom/cjs/react-dom.development.js:4164:14)
    at HTMLUnknownElement.callTheUserObjectsOperation (/Users/poonjohnny/Desktop/ProjectApp/Journo/node_modules/jsdom/lib/jsdom/living/generated/EventListener.js:26:30)
    at innerInvokeEventListeners (/Users/poonjohnny/Desktop/ProjectApp/Journo/node_modules/jsdom/lib/jsdom/living/events/EventTarget-impl.js:360:16)
    at invokeEventListeners (/Users/poonjohnny/Desktop/ProjectApp/Journo/node_modules/jsdom/lib/jsdom/living/events/EventTarget-impl.js:296:3)
    at HTMLUnknownElementImpl._dispatch (/Users/poonjohnny/Desktop/ProjectApp/Journo/node_modules/jsdom/lib/jsdom/living/events/EventTarget-impl.js:243:9)
    at HTMLUnknownElementImpl.dispatchEvent (/Users/poonjohnny/Desktop/ProjectApp/Journo/node_modules/jsdom/lib/jsdom/living/events/EventTarget-impl.js:114:17)
The above error occurred in the <StickerDisplay> component:

    at StickerDisplay (/Users/poonjohnny/Desktop/ProjectApp/Journo/frontend/src/components/kawaii/StickerDisplay.tsx:14:3)

Consider adding an error boundary to your tree to customize error handling behavior.
Visit https://reactjs.org/link/error-boundaries to learn more about error boundaries.

 ❯ src/components/kawaii/__tests__/StickerDisplay.test.tsx (9 tests | 9 failed) 283ms
   × StickerDisplay > renders nothing when no placements exist 96ms
     → Cannot read properties of undefined (reading 'length')
   × StickerDisplay > renders stickers for element 30ms
     → Cannot read properties of undefined (reading 'length')
   × StickerDisplay > calls getElementPlacements with correct elementId 12ms
     → Cannot read properties of undefined (reading 'length')
   × StickerDisplay > shows remove button when editable 13ms
     → Cannot read properties of undefined (reading 'length')
   × StickerDisplay > does not show remove button when not editable 15ms
     → Cannot read properties of undefined (reading 'length')
   × StickerDisplay > calls removePlacement when remove button clicked 44ms
     → Cannot read properties of undefined (reading 'length')
   × StickerDisplay > applies correct positioning styles 35ms
     → Cannot read properties of undefined (reading 'length')
   × StickerDisplay > handles missing sticker gracefully 8ms
     → Cannot read properties of undefined (reading 'length')
   × StickerDisplay > applies custom className 19ms
     → Cannot read properties of undefined (reading 'length')
 ❯ src/services/__tests__/notificationService.test.ts (21 tests | 21 failed) 40ms
   × notificationService > getNotifications > should fetch notifications without filters 12ms
     → vi.mocked(...).mockReturnValue is not a function
   × notificationService > getNotifications > should fetch notifications with filters 1ms
     → vi.mocked(...).mockReturnValue is not a function
   × notificationService > getNotifications > should handle date filters 1ms
     → vi.mocked(...).mockReturnValue is not a function
   × notificationService > getNotifications > should handle empty filters object 2ms
     → vi.mocked(...).mockReturnValue is not a function
   × notificationService > markAsRead > should mark a notification as read 1ms
     → vi.mocked(...).mockReturnValue is not a function
   × notificationService > markAsRead > should handle errors when marking as read 1ms
     → vi.mocked(...).mockReturnValue is not a function
   × notificationService > markAllAsRead > should mark all notifications as read 1ms
     → vi.mocked(...).mockReturnValue is not a function
   × notificationService > markAllAsRead > should handle zero notifications marked 1ms
     → vi.mocked(...).mockReturnValue is not a function
   × notificationService > deleteNotification > should delete a notification 1ms
     → vi.mocked(...).mockReturnValue is not a function
   × notificationService > deleteNotification > should handle errors when deleting 1ms
     → vi.mocked(...).mockReturnValue is not a function
   × notificationService > getPreferences > should fetch notification preferences 1ms
     → vi.mocked(...).mockReturnValue is not a function
   × notificationService > getPreferences > should handle preferences with quiet hours 1ms
     → vi.mocked(...).mockReturnValue is not a function
   × notificationService > updatePreferences > should update notification preferences 1ms
     → vi.mocked(...).mockReturnValue is not a function
   × notificationService > updatePreferences > should update quiet hours settings 1ms
     → vi.mocked(...).mockReturnValue is not a function
   × notificationService > updatePreferences > should handle partial updates 1ms
     → vi.mocked(...).mockReturnValue is not a function
   × notificationService > resetPreferences > should reset preferences to defaults 1ms
     → vi.mocked(...).mockReturnValue is not a function
   × notificationService > legacy methods > should accept collaboration invite 1ms
     → vi.mocked(...).mockReturnValue is not a function
   × notificationService > legacy methods > should decline collaboration invite 1ms
     → vi.mocked(...).mockReturnValue is not a function
   × notificationService > authentication > should handle missing auth token 1ms
     → vi.mocked(...).mockReturnValue is not a function
   × notificationService > error handling > should propagate API errors 1ms
     → vi.mocked(...).mockReturnValue is not a function
   × notificationService > error handling > should handle network errors 1ms
     → vi.mocked(...).mockReturnValue is not a function
 ❯ src/stores/__tests__/kawaiiThemeStore.darkMode.property.test.ts (5 tests | 5 failed) 47ms
   × Kawaii Theme Store - Dark Mode Property Tests > Property 2: dark mode toggle updates DOM and persists 24ms
     → Property failed after 1 tests
{ seed: 2100250215, path: "0", endOnFailure: true }
Counterexample: [false]
Shrunk 0 time(s)

Hint: Enable verbose mode in order to have the list of all failing values encountered during the run
   × Kawaii Theme Store - Dark Mode Property Tests > Property 2.1: setting dark mode multiple times is idempotent 4ms
     → Property failed after 1 tests
{ seed: 503558265, path: "0:0:0", endOnFailure: true }
Counterexample: [false,1]
Shrunk 2 time(s)

Hint: Enable verbose mode in order to have the list of all failing values encountered during the run
   × Kawaii Theme Store - Dark Mode Property Tests > Property 2.2: dark mode sequence ends with last value 5ms
     → Property failed after 1 tests
{ seed: 1248631060, path: "0", endOnFailure: true }
Counterexample: [[false]]
Shrunk 0 time(s)

Hint: Enable verbose mode in order to have the list of all failing values encountered during the run
   × Kawaii Theme Store - Dark Mode Property Tests > Property 2.3: dark mode persists across simulated reloads 5ms
     → Property failed after 1 tests
{ seed: -799197582, path: "0:0", endOnFailure: true }
Counterexample: [false]
Shrunk 1 time(s)

Hint: Enable verbose mode in order to have the list of all failing values encountered during the run
   × Kawaii Theme Store - Dark Mode Property Tests > Property 2.4: dark mode toggle does not affect other settings 6ms
     → Property failed after 1 tests
{ seed: -554084360, path: "0:0:0:0", endOnFailure: true }
Counterexample: [{"primaryColor":"#FFB3BA","fontSize":12,"animations":"none"},false]
Shrunk 3 time(s)

Hint: Enable verbose mode in order to have the list of all failing values encountered during the run
stderr | src/pages/__tests__/BookingScreen.test.tsx
PostHog key not configured, analytics disabled

stderr | src/pages/__tests__/ShoppingScreen.test.tsx
PostHog key not configured, analytics disabled

stdout | src/components/budget/organisms/__tests__/ExpenseFormModal.test.tsx > ExpenseFormModal > Rendering > should render when isOpen is true
DatePicker - formatDateForInput: {
  isoString: [32m'2026-02-17T15:37:13.440Z'[39m,
  date: [35m2026-02-17T15:37:13.440Z[39m,
  formatted: [32m'2026-02-17'[39m
}

stdout | src/components/budget/organisms/__tests__/ExpenseFormModal.test.tsx > ExpenseFormModal > Rendering > should render with edit title when initialData is provided
DatePicker - formatDateForInput: {
  isoString: [32m'2024-03-15'[39m,
  date: [35m2024-03-15T00:00:00.000Z[39m,
  formatted: [32m'2024-03-15'[39m
}

stdout | src/components/budget/organisms/__tests__/ExpenseFormModal.test.tsx > ExpenseFormModal > Rendering > should render the ExpenseForm component
DatePicker - formatDateForInput: {
  isoString: [32m'2026-02-17T15:37:14.043Z'[39m,
  date: [35m2026-02-17T15:37:14.043Z[39m,
  formatted: [32m'2026-02-17'[39m
}

stdout | src/components/budget/organisms/__tests__/ExpenseFormModal.test.tsx > ExpenseFormModal > Rendering > should render cat emoji in header
DatePicker - formatDateForInput: {
  isoString: [32m'2026-02-17T15:37:14.129Z'[39m,
  date: [35m2026-02-17T15:37:14.129Z[39m,
  formatted: [32m'2026-02-17'[39m
}

stdout | src/components/budget/organisms/__tests__/ExpenseFormModal.test.tsx > ExpenseFormModal > Accessibility > should have proper ARIA attributes
DatePicker - formatDateForInput: {
  isoString: [32m'2026-02-17T15:37:14.210Z'[39m,
  date: [35m2026-02-17T15:37:14.210Z[39m,
  formatted: [32m'2026-02-17'[39m
}

stdout | src/components/budget/organisms/__tests__/ExpenseFormModal.test.tsx > ExpenseFormModal > Accessibility > should have accessible close button
DatePicker - formatDateForInput: {
  isoString: [32m'2026-02-17T15:37:14.365Z'[39m,
  date: [35m2026-02-17T15:37:14.365Z[39m,
  formatted: [32m'2026-02-17'[39m
}

stdout | src/components/budget/organisms/__tests__/ExpenseFormModal.test.tsx > ExpenseFormModal > Accessibility > should prevent body scroll when open
DatePicker - formatDateForInput: {
  isoString: [32m'2026-02-17T15:37:14.400Z'[39m,
  date: [35m2026-02-17T15:37:14.400Z[39m,
  formatted: [32m'2026-02-17'[39m
}

stdout | src/components/budget/organisms/__tests__/ExpenseFormModal.test.tsx > ExpenseFormModal > User Interactions > should call onClose when close button is clicked
DatePicker - formatDateForInput: {
  isoString: [32m'2026-02-17T15:37:14.453Z'[39m,
  date: [35m2026-02-17T15:37:14.453Z[39m,
  formatted: [32m'2026-02-17'[39m
}

stdout | src/components/budget/organisms/__tests__/ExpenseFormModal.test.tsx > ExpenseFormModal > User Interactions > should call onClose when backdrop is clicked
DatePicker - formatDateForInput: {
  isoString: [32m'2026-02-17T15:37:14.504Z'[39m,
  date: [35m2026-02-17T15:37:14.504Z[39m,
  formatted: [32m'2026-02-17'[39m
}

stdout | src/components/budget/organisms/__tests__/ExpenseFormModal.test.tsx > ExpenseFormModal > User Interactions > should not close when clicking inside modal content
DatePicker - formatDateForInput: {
  isoString: [32m'2026-02-17T15:37:14.590Z'[39m,
  date: [35m2026-02-17T15:37:14.590Z[39m,
  formatted: [32m'2026-02-17'[39m
}

 ❯ src/pages/__tests__/BookingScreen.test.tsx (8 tests | 8 failed) 34ms
   × BookingScreen > renders loading state initially 6ms
     → useEnhancedAuthStore.mockReturnValue is not a function
   × BookingScreen > renders trip title and booking tabs 14ms
     → useEnhancedAuthStore.mockReturnValue is not a function
   × BookingScreen > displays flight bookings in tickets tab 2ms
     → useEnhancedAuthStore.mockReturnValue is not a function
   × BookingScreen > switches to accommodation tab and displays hotels 5ms
     → useEnhancedAuthStore.mockReturnValue is not a function
   × BookingScreen > displays empty state when no tickets 1ms
     → useEnhancedAuthStore.mockReturnValue is not a function
   × BookingScreen > displays correct booking counts in tabs 1ms
     → useEnhancedAuthStore.mockReturnValue is not a function
   × BookingScreen > handles booking deletion 1ms
     → useEnhancedAuthStore.mockReturnValue is not a function
   × BookingScreen > handles error state 1ms
     → useEnhancedAuthStore.mockReturnValue is not a function
stdout | src/components/budget/organisms/__tests__/ExpenseFormModal.test.tsx > ExpenseFormModal > User Interactions > should close on Escape key press
DatePicker - formatDateForInput: {
  isoString: [32m'2026-02-17T15:37:14.703Z'[39m,
  date: [35m2026-02-17T15:37:14.703Z[39m,
  formatted: [32m'2026-02-17'[39m
}

stdout | src/components/budget/organisms/__tests__/ExpenseFormModal.test.tsx > ExpenseFormModal > User Interactions > should not close on Escape key when submitting
DatePicker - formatDateForInput: {
  isoString: [32m'2026-02-17T15:37:14.742Z'[39m,
  date: [35m2026-02-17T15:37:14.742Z[39m,
  formatted: [32m'2026-02-17'[39m
}

stdout | src/components/budget/organisms/__tests__/ExpenseFormModal.test.tsx > ExpenseFormModal > User Interactions > should not close on Escape key when submitting
DatePicker - formatDateForInput: {
  isoString: [32m'2026-02-17T15:37:14.742Z'[39m,
  date: [35m2026-02-17T15:37:14.742Z[39m,
  formatted: [32m'2026-02-17'[39m
}

stdout | src/components/budget/organisms/__tests__/ExpenseFormModal.test.tsx > ExpenseFormModal > User Interactions > should not close on Escape key when submitting
DatePicker - formatDateForInput: {
  isoString: [32m'2026-02-17T15:37:14.742Z'[39m,
  date: [35m2026-02-17T15:37:14.742Z[39m,
  formatted: [32m'2026-02-17'[39m
}

 ❯ src/pages/__tests__/ShoppingScreen.test.tsx (8 tests | 8 failed) 30ms
   × ShoppingScreen > renders loading state initially 6ms
     → vi.mocked(...).mockReturnValue is not a function
   × ShoppingScreen > renders shopping screen with trip title and stats 9ms
     → vi.mocked(...).mockReturnValue is not a function
   × ShoppingScreen > renders shopping items list 3ms
     → vi.mocked(...).mockReturnValue is not a function
   × ShoppingScreen > renders filter dropdown 2ms
     → vi.mocked(...).mockReturnValue is not a function
   × ShoppingScreen > renders empty state when no items 2ms
     → vi.mocked(...).mockReturnValue is not a function
   × ShoppingScreen > renders FAB for adding items 1ms
     → vi.mocked(...).mockReturnValue is not a function
   × ShoppingScreen > handles error state 1ms
     → vi.mocked(...).mockReturnValue is not a function
   × ShoppingScreen > renders navigation components 1ms
     → vi.mocked(...).mockReturnValue is not a function
stdout | src/components/budget/organisms/__tests__/ExpenseFormModal.test.tsx > ExpenseFormModal > User Interactions > should not close on Escape key when submitting
DatePicker - formatDateForInput: {
  isoString: [32m'2026-02-17T15:37:14.742Z'[39m,
  date: [35m2026-02-17T15:37:14.742Z[39m,
  formatted: [32m'2026-02-17'[39m
}

stdout | src/components/budget/organisms/__tests__/ExpenseFormModal.test.tsx > ExpenseFormModal > User Interactions > should not close on Escape key when submitting
DatePicker - formatDateForInput: {
  isoString: [32m'2026-02-17T15:37:14.742Z'[39m,
  date: [35m2026-02-17T15:37:14.742Z[39m,
  formatted: [32m'2026-02-17'[39m
}

stdout | src/components/budget/organisms/__tests__/ExpenseFormModal.test.tsx > ExpenseFormModal > Form Submission > should call addExpense when submitting new expense
DatePicker - formatDateForInput: {
  isoString: [32m'2026-02-17T15:37:15.578Z'[39m,
  date: [35m2026-02-17T15:37:15.578Z[39m,
  formatted: [32m'2026-02-17'[39m
}

stdout | src/components/budget/organisms/__tests__/ExpenseFormModal.test.tsx > ExpenseFormModal > Form Submission > should call addExpense when submitting new expense
DatePicker - formatDateForInput: {
  isoString: [32m'2026-02-17T15:37:15.578Z'[39m,
  date: [35m2026-02-17T15:37:15.578Z[39m,
  formatted: [32m'2026-02-17'[39m
}

stdout | src/components/budget/organisms/__tests__/ExpenseFormModal.test.tsx > ExpenseFormModal > Form Submission > should call addExpense when submitting new expense
DatePicker - formatDateForInput: {
  isoString: [32m'2026-02-17T15:37:15.578Z'[39m,
  date: [35m2026-02-17T15:37:15.578Z[39m,
  formatted: [32m'2026-02-17'[39m
}

stdout | src/components/budget/organisms/__tests__/ExpenseFormModal.test.tsx > ExpenseFormModal > Form Submission > should call addExpense when submitting new expense
DatePicker - formatDateForInput: {
  isoString: [32m'2026-02-17T15:37:15.578Z'[39m,
  date: [35m2026-02-17T15:37:15.578Z[39m,
  formatted: [32m'2026-02-17'[39m
}

stdout | src/components/budget/organisms/__tests__/ExpenseFormModal.test.tsx > ExpenseFormModal > Form Submission > should call addExpense when submitting new expense
DatePicker - formatDateForInput: {
  isoString: [32m'2026-02-17T15:37:15.578Z'[39m,
  date: [35m2026-02-17T15:37:15.578Z[39m,
  formatted: [32m'2026-02-17'[39m
}

stdout | src/components/budget/organisms/__tests__/ExpenseFormModal.test.tsx > ExpenseFormModal > Form Submission > should call addExpense when submitting new expense
DatePicker - formatDateForInput: {
  isoString: [32m'2026-02-17T15:37:15.578Z'[39m,
  date: [35m2026-02-17T15:37:15.578Z[39m,
  formatted: [32m'2026-02-17'[39m
}

stdout | src/components/budget/organisms/__tests__/ExpenseFormModal.test.tsx > ExpenseFormModal > Form Submission > should call addExpense when submitting new expense
DatePicker - formatDateForInput: {
  isoString: [32m'2026-02-17T15:37:15.578Z'[39m,
  date: [35m2026-02-17T15:37:15.578Z[39m,
  formatted: [32m'2026-02-17'[39m
}

stdout | src/components/budget/organisms/__tests__/ExpenseFormModal.test.tsx > ExpenseFormModal > Form Submission > should call updateExpense when editing existing expense
DatePicker - formatDateForInput: {
  isoString: [32m'2024-03-15'[39m,
  date: [35m2024-03-15T00:00:00.000Z[39m,
  formatted: [32m'2024-03-15'[39m
}
DatePicker - formatDateForInput: {
  isoString: [32m'2024-03-15'[39m,
  date: [35m2024-03-15T00:00:00.000Z[39m,
  formatted: [32m'2024-03-15'[39m
}

stdout | src/components/budget/organisms/__tests__/ExpenseFormModal.test.tsx > ExpenseFormModal > Form Submission > should call updateExpense when editing existing expense
DatePicker - formatDateForInput: {
  isoString: [32m'2024-03-15'[39m,
  date: [35m2024-03-15T00:00:00.000Z[39m,
  formatted: [32m'2024-03-15'[39m
}

stdout | src/components/budget/organisms/__tests__/ExpenseFormModal.test.tsx > ExpenseFormModal > Form Submission > should call updateExpense when editing existing expense
DatePicker - formatDateForInput: {
  isoString: [32m'2024-03-15'[39m,
  date: [35m2024-03-15T00:00:00.000Z[39m,
  formatted: [32m'2024-03-15'[39m
}

stdout | src/components/budget/organisms/__tests__/ExpenseFormModal.test.tsx > ExpenseFormModal > Form Submission > should call updateExpense when editing existing expense
DatePicker - formatDateForInput: {
  isoString: [32m'2024-03-15'[39m,
  date: [35m2024-03-15T00:00:00.000Z[39m,
  formatted: [32m'2024-03-15'[39m
}

stdout | src/components/budget/organisms/__tests__/ExpenseFormModal.test.tsx > ExpenseFormModal > Form Submission > should call updateExpense when editing existing expense
DatePicker - formatDateForInput: {
  isoString: [32m'2024-03-15'[39m,
  date: [35m2024-03-15T00:00:00.000Z[39m,
  formatted: [32m'2024-03-15'[39m
}

stdout | src/components/budget/organisms/__tests__/ExpenseFormModal.test.tsx > ExpenseFormModal > Form Submission > should call updateExpense when editing existing expense
DatePicker - formatDateForInput: {
  isoString: [32m'2024-03-15'[39m,
  date: [35m2024-03-15T00:00:00.000Z[39m,
  formatted: [32m'2024-03-15'[39m
}

stdout | src/components/budget/organisms/__tests__/ExpenseFormModal.test.tsx > ExpenseFormModal > Form Submission > should call updateExpense when editing existing expense
DatePicker - formatDateForInput: {
  isoString: [32m'2024-03-15'[39m,
  date: [35m2024-03-15T00:00:00.000Z[39m,
  formatted: [32m'2024-03-15'[39m
}

stdout | src/components/budget/organisms/__tests__/ExpenseFormModal.test.tsx > ExpenseFormModal > Form Submission > should close modal and call onSuccess after successful submission
DatePicker - formatDateForInput: {
  isoString: [32m'2026-02-17T15:37:16.541Z'[39m,
  date: [35m2026-02-17T15:37:16.541Z[39m,
  formatted: [32m'2026-02-17'[39m
}

stdout | src/components/budget/organisms/__tests__/ExpenseFormModal.test.tsx > ExpenseFormModal > Form Submission > should close modal and call onSuccess after successful submission
DatePicker - formatDateForInput: {
  isoString: [32m'2026-02-17T15:37:16.541Z'[39m,
  date: [35m2026-02-17T15:37:16.541Z[39m,
  formatted: [32m'2026-02-17'[39m
}

stdout | src/components/budget/organisms/__tests__/ExpenseFormModal.test.tsx > ExpenseFormModal > Form Submission > should close modal and call onSuccess after successful submission
DatePicker - formatDateForInput: {
  isoString: [32m'2026-02-17T15:37:16.541Z'[39m,
  date: [35m2026-02-17T15:37:16.541Z[39m,
  formatted: [32m'2026-02-17'[39m
}

stdout | src/components/budget/organisms/__tests__/ExpenseFormModal.test.tsx > ExpenseFormModal > Form Submission > should close modal and call onSuccess after successful submission
DatePicker - formatDateForInput: {
  isoString: [32m'2026-02-17T15:37:16.541Z'[39m,
  date: [35m2026-02-17T15:37:16.541Z[39m,
  formatted: [32m'2026-02-17'[39m
}

stdout | src/components/budget/organisms/__tests__/ExpenseFormModal.test.tsx > ExpenseFormModal > Form Submission > should close modal and call onSuccess after successful submission
DatePicker - formatDateForInput: {
  isoString: [32m'2026-02-17T15:37:16.541Z'[39m,
  date: [35m2026-02-17T15:37:16.541Z[39m,
  formatted: [32m'2026-02-17'[39m
}

stdout | src/components/budget/organisms/__tests__/ExpenseFormModal.test.tsx > ExpenseFormModal > Form Submission > should close modal and call onSuccess after successful submission
DatePicker - formatDateForInput: {
  isoString: [32m'2026-02-17T15:37:16.541Z'[39m,
  date: [35m2026-02-17T15:37:16.541Z[39m,
  formatted: [32m'2026-02-17'[39m
}

stdout | src/components/budget/organisms/__tests__/ExpenseFormModal.test.tsx > ExpenseFormModal > Form Submission > should close modal and call onSuccess after successful submission
DatePicker - formatDateForInput: {
  isoString: [32m'2026-02-17T15:37:16.541Z'[39m,
  date: [35m2026-02-17T15:37:16.541Z[39m,
  formatted: [32m'2026-02-17'[39m
}

stdout | src/components/budget/organisms/__tests__/ExpenseFormModal.test.tsx > ExpenseFormModal > Loading State > should show loading overlay during submission
DatePicker - formatDateForInput: {
  isoString: [32m'2026-02-17T15:37:17.029Z'[39m,
  date: [35m2026-02-17T15:37:17.029Z[39m,
  formatted: [32m'2026-02-17'[39m
}

stdout | src/components/budget/organisms/__tests__/ExpenseFormModal.test.tsx > ExpenseFormModal > Loading State > should show loading overlay during submission
DatePicker - formatDateForInput: {
  isoString: [32m'2026-02-17T15:37:17.029Z'[39m,
  date: [35m2026-02-17T15:37:17.029Z[39m,
  formatted: [32m'2026-02-17'[39m
}

stdout | src/components/budget/organisms/__tests__/ExpenseFormModal.test.tsx > ExpenseFormModal > Loading State > should show loading overlay during submission
DatePicker - formatDateForInput: {
  isoString: [32m'2026-02-17T15:37:17.029Z'[39m,
  date: [35m2026-02-17T15:37:17.029Z[39m,
  formatted: [32m'2026-02-17'[39m
}

stdout | src/components/budget/organisms/__tests__/ExpenseFormModal.test.tsx > ExpenseFormModal > Loading State > should show loading overlay during submission
DatePicker - formatDateForInput: {
  isoString: [32m'2026-02-17T15:37:17.029Z'[39m,
  date: [35m2026-02-17T15:37:17.029Z[39m,
  formatted: [32m'2026-02-17'[39m
}

stdout | src/components/budget/organisms/__tests__/ExpenseFormModal.test.tsx > ExpenseFormModal > Loading State > should show loading overlay during submission
DatePicker - formatDateForInput: {
  isoString: [32m'2026-02-17T15:37:17.029Z'[39m,
  date: [35m2026-02-17T15:37:17.029Z[39m,
  formatted: [32m'2026-02-17'[39m
}

stdout | src/components/budget/organisms/__tests__/ExpenseFormModal.test.tsx > ExpenseFormModal > Loading State > should disable close button during submission
DatePicker - formatDateForInput: {
  isoString: [32m'2026-02-17T15:37:17.462Z'[39m,
  date: [35m2026-02-17T15:37:17.462Z[39m,
  formatted: [32m'2026-02-17'[39m
}

stdout | src/components/budget/organisms/__tests__/ExpenseFormModal.test.tsx > ExpenseFormModal > Loading State > should disable close button during submission
DatePicker - formatDateForInput: {
  isoString: [32m'2026-02-17T15:37:17.462Z'[39m,
  date: [35m2026-02-17T15:37:17.462Z[39m,
  formatted: [32m'2026-02-17'[39m
}

stdout | src/components/budget/organisms/__tests__/ExpenseFormModal.test.tsx > ExpenseFormModal > Loading State > should disable close button during submission
DatePicker - formatDateForInput: {
  isoString: [32m'2026-02-17T15:37:17.462Z'[39m,
  date: [35m2026-02-17T15:37:17.462Z[39m,
  formatted: [32m'2026-02-17'[39m
}

stdout | src/components/budget/organisms/__tests__/ExpenseFormModal.test.tsx > ExpenseFormModal > Loading State > should disable close button during submission
DatePicker - formatDateForInput: {
  isoString: [32m'2026-02-17T15:37:17.462Z'[39m,
  date: [35m2026-02-17T15:37:17.462Z[39m,
  formatted: [32m'2026-02-17'[39m
}

stdout | src/components/budget/organisms/__tests__/ExpenseFormModal.test.tsx > ExpenseFormModal > Loading State > should disable close button during submission
DatePicker - formatDateForInput: {
  isoString: [32m'2026-02-17T15:37:17.462Z'[39m,
  date: [35m2026-02-17T15:37:17.462Z[39m,
  formatted: [32m'2026-02-17'[39m
}

stdout | src/components/budget/organisms/__tests__/ExpenseFormModal.test.tsx > ExpenseFormModal > Error Handling > should display error message when submission fails
DatePicker - formatDateForInput: {
  isoString: [32m'2026-02-17T15:37:17.822Z'[39m,
  date: [35m2026-02-17T15:37:17.822Z[39m,
  formatted: [32m'2026-02-17'[39m
}

stdout | src/components/budget/organisms/__tests__/ExpenseFormModal.test.tsx > ExpenseFormModal > Error Handling > should display error message when submission fails
DatePicker - formatDateForInput: {
  isoString: [32m'2026-02-17T15:37:17.822Z'[39m,
  date: [35m2026-02-17T15:37:17.822Z[39m,
  formatted: [32m'2026-02-17'[39m
}

stdout | src/components/budget/organisms/__tests__/ExpenseFormModal.test.tsx > ExpenseFormModal > Error Handling > should display error message when submission fails
DatePicker - formatDateForInput: {
  isoString: [32m'2026-02-17T15:37:17.822Z'[39m,
  date: [35m2026-02-17T15:37:17.822Z[39m,
  formatted: [32m'2026-02-17'[39m
}

stdout | src/components/budget/organisms/__tests__/ExpenseFormModal.test.tsx > ExpenseFormModal > Error Handling > should display error message when submission fails
DatePicker - formatDateForInput: {
  isoString: [32m'2026-02-17T15:37:17.822Z'[39m,
  date: [35m2026-02-17T15:37:17.822Z[39m,
  formatted: [32m'2026-02-17'[39m
}

stderr | src/components/budget/organisms/__tests__/ExpenseFormModal.test.tsx > ExpenseFormModal > Error Handling > should display error message when submission fails
Error submitting expense: Error: Network error occurred
    at [90m/Users/poonjohnny/Desktop/ProjectApp/Journo/frontend/[39msrc/components/budget/organisms/__tests__/ExpenseFormModal.test.tsx:492:40
    at file:///Users/poonjohnny/Desktop/ProjectApp/Journo/node_modules/[4m@vitest[24m/runner/dist/chunk-hooks.js:155:11
    at file:///Users/poonjohnny/Desktop/ProjectApp/Journo/node_modules/[4m@vitest[24m/runner/dist/chunk-hooks.js:752:26
    at file:///Users/poonjohnny/Desktop/ProjectApp/Journo/node_modules/[4m@vitest[24m/runner/dist/chunk-hooks.js:1897:20
    at new Promise (<anonymous>)
    at runWithTimeout (file:///Users/poonjohnny/Desktop/ProjectApp/Journo/node_modules/[4m@vitest[24m/runner/dist/chunk-hooks.js:1863:10)
    at runTest (file:///Users/poonjohnny/Desktop/ProjectApp/Journo/node_modules/[4m@vitest[24m/runner/dist/chunk-hooks.js:1574:12)
    at runSuite (file:///Users/poonjohnny/Desktop/ProjectApp/Journo/node_modules/[4m@vitest[24m/runner/dist/chunk-hooks.js:1729:8)
    at runSuite (file:///Users/poonjohnny/Desktop/ProjectApp/Journo/node_modules/[4m@vitest[24m/runner/dist/chunk-hooks.js:1729:8)
    at runSuite (file:///Users/poonjohnny/Desktop/ProjectApp/Journo/node_modules/[4m@vitest[24m/runner/dist/chunk-hooks.js:1729:8)

stdout | src/components/budget/organisms/__tests__/ExpenseFormModal.test.tsx > ExpenseFormModal > Error Handling > should display error message when submission fails
DatePicker - formatDateForInput: {
  isoString: [32m'2026-02-17T15:37:17.822Z'[39m,
  date: [35m2026-02-17T15:37:17.822Z[39m,
  formatted: [32m'2026-02-17'[39m
}

stdout | src/components/budget/organisms/__tests__/ExpenseFormModal.test.tsx > ExpenseFormModal > Error Handling > should display error message when submission fails
DatePicker - formatDateForInput: {
  isoString: [32m'2026-02-17T15:37:17.822Z'[39m,
  date: [35m2026-02-17T15:37:17.822Z[39m,
  formatted: [32m'2026-02-17'[39m
}

stdout | src/components/budget/organisms/__tests__/ExpenseFormModal.test.tsx > ExpenseFormModal > Error Handling > should display error message when submission fails
DatePicker - formatDateForInput: {
  isoString: [32m'2026-02-17T15:37:17.822Z'[39m,
  date: [35m2026-02-17T15:37:17.822Z[39m,
  formatted: [32m'2026-02-17'[39m
}

stdout | src/components/budget/organisms/__tests__/ExpenseFormModal.test.tsx > ExpenseFormModal > Error Handling > should allow dismissing error message
DatePicker - formatDateForInput: {
  isoString: [32m'2026-02-17T15:37:18.422Z'[39m,
  date: [35m2026-02-17T15:37:18.422Z[39m,
  formatted: [32m'2026-02-17'[39m
}

stdout | src/components/budget/organisms/__tests__/ExpenseFormModal.test.tsx > ExpenseFormModal > Error Handling > should allow dismissing error message
DatePicker - formatDateForInput: {
  isoString: [32m'2026-02-17T15:37:18.422Z'[39m,
  date: [35m2026-02-17T15:37:18.422Z[39m,
  formatted: [32m'2026-02-17'[39m
}

stdout | src/components/budget/organisms/__tests__/ExpenseFormModal.test.tsx > ExpenseFormModal > Error Handling > should allow dismissing error message
DatePicker - formatDateForInput: {
  isoString: [32m'2026-02-17T15:37:18.422Z'[39m,
  date: [35m2026-02-17T15:37:18.422Z[39m,
  formatted: [32m'2026-02-17'[39m
}

stdout | src/components/budget/organisms/__tests__/ExpenseFormModal.test.tsx > ExpenseFormModal > Error Handling > should allow dismissing error message
DatePicker - formatDateForInput: {
  isoString: [32m'2026-02-17T15:37:18.422Z'[39m,
  date: [35m2026-02-17T15:37:18.422Z[39m,
  formatted: [32m'2026-02-17'[39m
}

 ✓ src/design-system/molecules/__tests__/TravelCard.test.tsx (43 tests) 3349ms
stdout | src/components/common/__tests__/EnhancedErrorBoundary.test.tsx > EnhancedErrorBoundary > Recovery Options - Requirement 4.4 > should attempt retry when retry button is clicked
Retry attempt 1/2 for error: error_1771342638584_ummmdxl3z

stderr | src/components/budget/organisms/__tests__/ExpenseFormModal.test.tsx > ExpenseFormModal > Error Handling > should allow dismissing error message
Error submitting expense: Error: Test error
    at [90m/Users/poonjohnny/Desktop/ProjectApp/Journo/frontend/[39msrc/components/budget/organisms/__tests__/ExpenseFormModal.test.tsx:527:40
    at file:///Users/poonjohnny/Desktop/ProjectApp/Journo/node_modules/[4m@vitest[24m/runner/dist/chunk-hooks.js:155:11
    at file:///Users/poonjohnny/Desktop/ProjectApp/Journo/node_modules/[4m@vitest[24m/runner/dist/chunk-hooks.js:752:26
    at file:///Users/poonjohnny/Desktop/ProjectApp/Journo/node_modules/[4m@vitest[24m/runner/dist/chunk-hooks.js:1897:20
    at new Promise (<anonymous>)
    at runWithTimeout (file:///Users/poonjohnny/Desktop/ProjectApp/Journo/node_modules/[4m@vitest[24m/runner/dist/chunk-hooks.js:1863:10)
    at runTest (file:///Users/poonjohnny/Desktop/ProjectApp/Journo/node_modules/[4m@vitest[24m/runner/dist/chunk-hooks.js:1574:12)
    at runSuite (file:///Users/poonjohnny/Desktop/ProjectApp/Journo/node_modules/[4m@vitest[24m/runner/dist/chunk-hooks.js:1729:8)
    at runSuite (file:///Users/poonjohnny/Desktop/ProjectApp/Journo/node_modules/[4m@vitest[24m/runner/dist/chunk-hooks.js:1729:8)
    at runSuite (file:///Users/poonjohnny/Desktop/ProjectApp/Journo/node_modules/[4m@vitest[24m/runner/dist/chunk-hooks.js:1729:8)

stdout | src/components/budget/organisms/__tests__/ExpenseFormModal.test.tsx > ExpenseFormModal > Error Handling > should allow dismissing error message
DatePicker - formatDateForInput: {
  isoString: [32m'2026-02-17T15:37:18.422Z'[39m,
  date: [35m2026-02-17T15:37:18.422Z[39m,
  formatted: [32m'2026-02-17'[39m
}

stdout | src/components/budget/organisms/__tests__/ExpenseFormModal.test.tsx > ExpenseFormModal > Error Handling > should allow dismissing error message
DatePicker - formatDateForInput: {
  isoString: [32m'2026-02-17T15:37:18.422Z'[39m,
  date: [35m2026-02-17T15:37:18.422Z[39m,
  formatted: [32m'2026-02-17'[39m
}

stdout | src/components/budget/organisms/__tests__/ExpenseFormModal.test.tsx > ExpenseFormModal > Error Handling > should allow dismissing error message
DatePicker - formatDateForInput: {
  isoString: [32m'2026-02-17T15:37:18.422Z'[39m,
  date: [35m2026-02-17T15:37:18.422Z[39m,
  formatted: [32m'2026-02-17'[39m
}

stdout | src/components/budget/organisms/__tests__/ExpenseFormModal.test.tsx > ExpenseFormModal > Error Handling > should allow dismissing error message
DatePicker - formatDateForInput: {
  isoString: [32m'2026-02-17T15:37:18.422Z'[39m,
  date: [35m2026-02-17T15:37:18.422Z[39m,
  formatted: [32m'2026-02-17'[39m
}

stdout | src/components/budget/molecules/__tests__/molecules.test.tsx > Budget Molecules > DatePicker > renders with initial date
DatePicker - formatDateForInput: {
  isoString: [32m'2024-03-15T00:00:00.000Z'[39m,
  date: [35m2024-03-15T00:00:00.000Z[39m,
  formatted: [32m'2024-03-15'[39m
}

stdout | src/components/budget/molecules/__tests__/molecules.test.tsx > Budget Molecules > DatePicker > calls onChange when date is selected
DatePicker - formatDateForInput: {
  isoString: [32m'2024-03-15T00:00:00.000Z'[39m,
  date: [35m2024-03-15T00:00:00.000Z[39m,
  formatted: [32m'2024-03-15'[39m
}
DatePicker - formatDateToISO: { dateString: [32m'2024-03-20'[39m, isoString: [32m'2024-03-20T00:00:00.000Z'[39m }

stdout | src/components/budget/molecules/__tests__/molecules.test.tsx > Budget Molecules > DatePicker > displays formatted date below input
DatePicker - formatDateForInput: {
  isoString: [32m'2024-03-15T00:00:00.000Z'[39m,
  date: [35m2024-03-15T00:00:00.000Z[39m,
  formatted: [32m'2024-03-15'[39m
}

stdout | src/components/budget/molecules/__tests__/molecules.test.tsx > Budget Molecules > DatePicker > respects min and max date constraints
DatePicker - formatDateForInput: {
  isoString: [32m'2024-06-15T00:00:00.000Z'[39m,
  date: [35m2024-06-15T00:00:00.000Z[39m,
  formatted: [32m'2024-06-15'[39m
}
DatePicker - formatDateForInput: {
  isoString: [32m'2024-01-01T00:00:00.000Z'[39m,
  date: [35m2024-01-01T00:00:00.000Z[39m,
  formatted: [32m'2024-01-01'[39m
}
DatePicker - formatDateForInput: {
  isoString: [32m'2024-12-31T00:00:00.000Z'[39m,
  date: [35m2024-12-31T00:00:00.000Z[39m,
  formatted: [32m'2024-12-31'[39m
}

stdout | src/components/budget/organisms/__tests__/ExpenseFormModal.test.tsx > ExpenseFormModal > Error Handling > should reset error when modal closes
DatePicker - formatDateForInput: {
  isoString: [32m'2026-02-17T15:37:18.993Z'[39m,
  date: [35m2026-02-17T15:37:18.993Z[39m,
  formatted: [32m'2026-02-17'[39m
}

stdout | src/components/budget/organisms/__tests__/ExpenseFormModal.test.tsx > ExpenseFormModal > Error Handling > should reset error when modal closes
DatePicker - formatDateForInput: {
  isoString: [32m'2026-02-17T15:37:18.993Z'[39m,
  date: [35m2026-02-17T15:37:18.993Z[39m,
  formatted: [32m'2026-02-17'[39m
}

stdout | src/components/budget/organisms/__tests__/ExpenseFormModal.test.tsx > ExpenseFormModal > Error Handling > should reset error when modal closes
DatePicker - formatDateForInput: {
  isoString: [32m'2026-02-17T15:37:18.993Z'[39m,
  date: [35m2026-02-17T15:37:18.993Z[39m,
  formatted: [32m'2026-02-17'[39m
}

 ✓ .backup/design-system-old/molecules/__tests__/TravelCard.test.tsx (43 tests) 3571ms
stdout | src/components/budget/organisms/__tests__/ExpenseFormModal.test.tsx > ExpenseFormModal > Error Handling > should reset error when modal closes
DatePicker - formatDateForInput: {
  isoString: [32m'2026-02-17T15:37:18.993Z'[39m,
  date: [35m2026-02-17T15:37:18.993Z[39m,
  formatted: [32m'2026-02-17'[39m
}

stdout | src/components/common/__tests__/EnhancedErrorBoundary.test.tsx > EnhancedErrorBoundary > Recovery Options - Requirement 4.4 > should show clear data option after max retries
Retry attempt 1/2 for error: error_1771342638952_6ub10fosh

stderr | src/components/budget/organisms/__tests__/ExpenseFormModal.test.tsx > ExpenseFormModal > Error Handling > should reset error when modal closes
Error submitting expense: Error: Test error
    at [90m/Users/poonjohnny/Desktop/ProjectApp/Journo/frontend/[39msrc/components/budget/organisms/__tests__/ExpenseFormModal.test.tsx:566:40
    at file:///Users/poonjohnny/Desktop/ProjectApp/Journo/node_modules/[4m@vitest[24m/runner/dist/chunk-hooks.js:155:11
    at file:///Users/poonjohnny/Desktop/ProjectApp/Journo/node_modules/[4m@vitest[24m/runner/dist/chunk-hooks.js:752:26
    at file:///Users/poonjohnny/Desktop/ProjectApp/Journo/node_modules/[4m@vitest[24m/runner/dist/chunk-hooks.js:1897:20
    at new Promise (<anonymous>)
    at runWithTimeout (file:///Users/poonjohnny/Desktop/ProjectApp/Journo/node_modules/[4m@vitest[24m/runner/dist/chunk-hooks.js:1863:10)
    at runTest (file:///Users/poonjohnny/Desktop/ProjectApp/Journo/node_modules/[4m@vitest[24m/runner/dist/chunk-hooks.js:1574:12)
    at runSuite (file:///Users/poonjohnny/Desktop/ProjectApp/Journo/node_modules/[4m@vitest[24m/runner/dist/chunk-hooks.js:1729:8)
    at runSuite (file:///Users/poonjohnny/Desktop/ProjectApp/Journo/node_modules/[4m@vitest[24m/runner/dist/chunk-hooks.js:1729:8)
    at runSuite (file:///Users/poonjohnny/Desktop/ProjectApp/Journo/node_modules/[4m@vitest[24m/runner/dist/chunk-hooks.js:1729:8)

stdout | src/components/budget/organisms/__tests__/ExpenseFormModal.test.tsx > ExpenseFormModal > Error Handling > should reset error when modal closes
DatePicker - formatDateForInput: {
  isoString: [32m'2026-02-17T15:37:18.993Z'[39m,
  date: [35m2026-02-17T15:37:18.993Z[39m,
  formatted: [32m'2026-02-17'[39m
}

stdout | src/components/budget/organisms/__tests__/ExpenseFormModal.test.tsx > ExpenseFormModal > Error Handling > should reset error when modal closes
DatePicker - formatDateForInput: {
  isoString: [32m'2026-02-17T15:37:18.993Z'[39m,
  date: [35m2026-02-17T15:37:18.993Z[39m,
  formatted: [32m'2026-02-17'[39m
}

stdout | src/components/budget/organisms/__tests__/ExpenseFormModal.test.tsx > ExpenseFormModal > Error Handling > should reset error when modal closes
DatePicker - formatDateForInput: {
  isoString: [32m'2026-02-17T15:37:18.993Z'[39m,
  date: [35m2026-02-17T15:37:18.993Z[39m,
  formatted: [32m'2026-02-17'[39m
}

stdout | src/components/budget/organisms/__tests__/ExpenseFormModal.test.tsx > ExpenseFormModal > Error Handling > should reset error when modal closes
DatePicker - formatDateForInput: {
  isoString: [32m'2026-02-17T15:37:19.559Z'[39m,
  date: [35m2026-02-17T15:37:19.559Z[39m,
  formatted: [32m'2026-02-17'[39m
}

stdout | src/components/budget/organisms/__tests__/ExpenseFormModal.test.tsx > ExpenseFormModal > Props Handling > should pass tripId to form
DatePicker - formatDateForInput: {
  isoString: [32m'2026-02-17T15:37:19.599Z'[39m,
  date: [35m2026-02-17T15:37:19.599Z[39m,
  formatted: [32m'2026-02-17'[39m
}

stdout | src/components/budget/organisms/__tests__/ExpenseFormModal.test.tsx > ExpenseFormModal > Props Handling > should pass currency to form
DatePicker - formatDateForInput: {
  isoString: [32m'2026-02-17T15:37:19.642Z'[39m,
  date: [35m2026-02-17T15:37:19.642Z[39m,
  formatted: [32m'2026-02-17'[39m
}

stdout | src/components/budget/organisms/__tests__/ExpenseFormModal.test.tsx > ExpenseFormModal > Props Handling > should pass tripMembers to form for split functionality
DatePicker - formatDateForInput: {
  isoString: [32m'2026-02-17T15:37:19.691Z'[39m,
  date: [35m2026-02-17T15:37:19.691Z[39m,
  formatted: [32m'2026-02-17'[39m
}

 ✓ src/components/budget/organisms/__tests__/ExpenseFormModal.test.tsx (24 tests) 6475ms
   ✓ ExpenseFormModal > Rendering > should render when isOpen is true  497ms
   ✓ ExpenseFormModal > User Interactions > should not close on Escape key when submitting  837ms
   ✓ ExpenseFormModal > Form Submission > should call addExpense when submitting new expense  535ms
   ✓ ExpenseFormModal > Form Submission > should call updateExpense when editing existing expense  426ms
   ✓ ExpenseFormModal > Form Submission > should close modal and call onSuccess after successful submission  488ms
   ✓ ExpenseFormModal > Loading State > should show loading overlay during submission  434ms
   ✓ ExpenseFormModal > Loading State > should disable close button during submission  359ms
   ✓ ExpenseFormModal > Error Handling > should display error message when submission fails  601ms
   ✓ ExpenseFormModal > Error Handling > should allow dismissing error message  568ms
   ✓ ExpenseFormModal > Error Handling > should reset error when modal closes  608ms
stdout | src/components/budget/molecules/__tests__/molecules.test.tsx > Budget Molecules > ExpenseCard > renders expense details correctly
ExpenseCard - formatDate: {
  dateString: [32m'2024-03-15T00:00:00.000Z'[39m,
  date: [35m2024-03-15T00:00:00.000Z[39m,
  formatted: [32m'Mar 15, 2024'[39m
}

stdout | src/components/budget/molecules/__tests__/molecules.test.tsx > Budget Molecules > ExpenseCard > calls onEdit when edit button is clicked
ExpenseCard - formatDate: {
  dateString: [32m'2024-03-15T00:00:00.000Z'[39m,
  date: [35m2024-03-15T00:00:00.000Z[39m,
  formatted: [32m'Mar 15, 2024'[39m
}

stdout | src/components/budget/molecules/__tests__/molecules.test.tsx > Budget Molecules > ExpenseCard > calls onDelete with confirmation when delete button is clicked
ExpenseCard - formatDate: {
  dateString: [32m'2024-03-15T00:00:00.000Z'[39m,
  date: [35m2024-03-15T00:00:00.000Z[39m,
  formatted: [32m'Mar 15, 2024'[39m
}

stdout | src/components/budget/molecules/__tests__/molecules.test.tsx > Budget Molecules > ExpenseCard > displays split information when expense is split
ExpenseCard - formatDate: {
  dateString: [32m'2024-03-15T00:00:00.000Z'[39m,
  date: [35m2024-03-15T00:00:00.000Z[39m,
  formatted: [32m'Mar 15, 2024'[39m
}

stdout | src/components/budget/molecules/__tests__/molecules.test.tsx > Budget Molecules > ExpenseCard > displays settled status for settled expenses
ExpenseCard - formatDate: {
  dateString: [32m'2024-03-15T00:00:00.000Z'[39m,
  date: [35m2024-03-15T00:00:00.000Z[39m,
  formatted: [32m'Mar 15, 2024'[39m
}

stdout | src/components/budget/molecules/__tests__/molecules.test.tsx > Budget Molecules > ExpenseCard > displays sync status when not synced
ExpenseCard - formatDate: {
  dateString: [32m'2024-03-15T00:00:00.000Z'[39m,
  date: [35m2024-03-15T00:00:00.000Z[39m,
  formatted: [32m'Mar 15, 2024'[39m
}

stdout | src/components/budget/molecules/__tests__/molecules.test.tsx > Budget Molecules > ExpenseCard > does not show home currency when same as expense currency
ExpenseCard - formatDate: {
  dateString: [32m'2024-03-15T00:00:00.000Z'[39m,
  date: [35m2024-03-15T00:00:00.000Z[39m,
  formatted: [32m'Mar 15, 2024'[39m
}

stdout | src/components/budget/molecules/__tests__/molecules.test.tsx > Budget Molecules > ExpenseForm > renders all form fields
DatePicker - formatDateForInput: {
  isoString: [32m'2026-02-17T15:37:18.706Z'[39m,
  date: [35m2026-02-17T15:37:18.706Z[39m,
  formatted: [32m'2026-02-17'[39m
}

stdout | src/components/budget/molecules/__tests__/molecules.test.tsx > Budget Molecules > ExpenseForm > validates required fields on submit
DatePicker - formatDateForInput: {
  isoString: [32m'2026-02-17T15:37:18.755Z'[39m,
  date: [35m2026-02-17T15:37:18.755Z[39m,
  formatted: [32m'2026-02-17'[39m
}
DatePicker - formatDateForInput: {
  isoString: [32m'2026-02-17T15:37:18.755Z'[39m,
  date: [35m2026-02-17T15:37:18.755Z[39m,
  formatted: [32m'2026-02-17'[39m
}

stdout | src/components/budget/molecules/__tests__/molecules.test.tsx > Budget Molecules > ExpenseForm > submits form with valid data
DatePicker - formatDateForInput: {
  isoString: [32m'2026-02-17T15:37:18.878Z'[39m,
  date: [35m2026-02-17T15:37:18.878Z[39m,
  formatted: [32m'2026-02-17'[39m
}
DatePicker - formatDateForInput: {
  isoString: [32m'2026-02-17T15:37:18.878Z'[39m,
  date: [35m2026-02-17T15:37:18.878Z[39m,
  formatted: [32m'2026-02-17'[39m
}
DatePicker - formatDateForInput: {
  isoString: [32m'2026-02-17T15:37:18.878Z'[39m,
  date: [35m2026-02-17T15:37:18.878Z[39m,
  formatted: [32m'2026-02-17'[39m
}
DatePicker - formatDateForInput: {
  isoString: [32m'2026-02-17T15:37:18.878Z'[39m,
  date: [35m2026-02-17T15:37:18.878Z[39m,
  formatted: [32m'2026-02-17'[39m
}

stdout | src/components/budget/molecules/__tests__/molecules.test.tsx > Budget Molecules > ExpenseForm > submits form with valid data
DatePicker - formatDateForInput: {
  isoString: [32m'2026-02-17T15:37:18.878Z'[39m,
  date: [35m2026-02-17T15:37:18.878Z[39m,
  formatted: [32m'2026-02-17'[39m
}

stdout | src/components/budget/molecules/__tests__/molecules.test.tsx > Budget Molecules > ExpenseForm > calls onCancel with confirmation when cancel button is clicked
DatePicker - formatDateForInput: {
  isoString: [32m'2026-02-17T15:37:18.989Z'[39m,
  date: [35m2026-02-17T15:37:18.989Z[39m,
  formatted: [32m'2026-02-17'[39m
}

stdout | src/components/budget/molecules/__tests__/molecules.test.tsx > Budget Molecules > ExpenseForm > populates form with initial data when editing
DatePicker - formatDateForInput: {
  isoString: [32m'2024-03-15T00:00:00.000Z'[39m,
  date: [35m2024-03-15T00:00:00.000Z[39m,
  formatted: [32m'2024-03-15'[39m
}

stdout | src/components/budget/molecules/__tests__/molecules.test.tsx > Budget Molecules > ExpenseForm > disables submit button while submitting
DatePicker - formatDateForInput: {
  isoString: [32m'2026-02-17T15:37:19.233Z'[39m,
  date: [35m2026-02-17T15:37:19.233Z[39m,
  formatted: [32m'2026-02-17'[39m
}
DatePicker - formatDateForInput: {
  isoString: [32m'2026-02-17T15:37:19.233Z'[39m,
  date: [35m2026-02-17T15:37:19.233Z[39m,
  formatted: [32m'2026-02-17'[39m
}
DatePicker - formatDateForInput: {
  isoString: [32m'2026-02-17T15:37:19.233Z'[39m,
  date: [35m2026-02-17T15:37:19.233Z[39m,
  formatted: [32m'2026-02-17'[39m
}
DatePicker - formatDateForInput: {
  isoString: [32m'2026-02-17T15:37:19.233Z'[39m,
  date: [35m2026-02-17T15:37:19.233Z[39m,
  formatted: [32m'2026-02-17'[39m
}

 ✓ src/components/budget/molecules/__tests__/molecules.test.tsx (105 tests) 5073ms
   ✓ Budget Molecules > CurrencySelector > renders with selected currency  622ms
   ✓ Budget Molecules > SplitSelector > calls onSplitWithChange when member is selected  366ms
 ✓ src/components/common/__tests__/EnhancedErrorBoundary.test.tsx (23 tests) 3990ms
   ✓ EnhancedErrorBoundary > Error Catching - Requirement 4.1 > should catch JavaScript errors and display user-friendly message  377ms
   ✓ EnhancedErrorBoundary > Recovery Options - Requirement 4.4 > should provide retry button for recoverable errors  550ms
   ✓ EnhancedErrorBoundary > Recovery Options - Requirement 4.4 > should attempt retry when retry button is clicked  371ms
   ✓ EnhancedErrorBoundary > Recovery Options - Requirement 4.4 > should show clear data option after max retries  421ms
stderr | src/components/budget/organisms/__tests__/GroupSplitView.test.tsx > GroupSplitView > Settlement Process > should handle settlement errors gracefully
Failed to settle expenses: Error: Network error
    at [90m/Users/poonjohnny/Desktop/ProjectApp/Journo/frontend/[39msrc/components/budget/organisms/__tests__/GroupSplitView.test.tsx:429:9
    at file:///Users/poonjohnny/Desktop/ProjectApp/Journo/node_modules/[4m@vitest[24m/runner/dist/chunk-hooks.js:155:11
    at file:///Users/poonjohnny/Desktop/ProjectApp/Journo/node_modules/[4m@vitest[24m/runner/dist/chunk-hooks.js:752:26
    at file:///Users/poonjohnny/Desktop/ProjectApp/Journo/node_modules/[4m@vitest[24m/runner/dist/chunk-hooks.js:1897:20
    at new Promise (<anonymous>)
    at runWithTimeout (file:///Users/poonjohnny/Desktop/ProjectApp/Journo/node_modules/[4m@vitest[24m/runner/dist/chunk-hooks.js:1863:10)
    at runTest (file:///Users/poonjohnny/Desktop/ProjectApp/Journo/node_modules/[4m@vitest[24m/runner/dist/chunk-hooks.js:1574:12)
    at runSuite (file:///Users/poonjohnny/Desktop/ProjectApp/Journo/node_modules/[4m@vitest[24m/runner/dist/chunk-hooks.js:1729:8)
    at runSuite (file:///Users/poonjohnny/Desktop/ProjectApp/Journo/node_modules/[4m@vitest[24m/runner/dist/chunk-hooks.js:1729:8)
    at runSuite (file:///Users/poonjohnny/Desktop/ProjectApp/Journo/node_modules/[4m@vitest[24m/runner/dist/chunk-hooks.js:1729:8)

 ✓ src/design-system/organisms/__tests__/CardCarousel.test.tsx (47 tests) 3093ms
   ✓ CardCarousel > Rendering > should render children  454ms
 ✓ src/components/budget/organisms/__tests__/GroupSplitView.test.tsx (22 tests) 3569ms
   ✓ GroupSplitView > Rendering > should render for multi-member trips  329ms
   ✓ GroupSplitView > Settlement Modal > should open confirmation modal when settle button is clicked  730ms
   ✓ GroupSplitView > Settlement Process > should show loading state during settlement  338ms
   ✓ GroupSplitView > Accessibility > should disable buttons during settlement process  342ms
stderr | src/__tests__/accessibility.formLabels.test.tsx > Form Label Association > Login Page > should have properly associated labels for email and password inputs
⚠️ React Router Future Flag Warning: React Router will begin wrapping state updates in `React.startTransition` in v7. You can use the `v7_startTransition` future flag to opt-in early. For more information, see https://reactrouter.com/v6/upgrading/future#v7_starttransition.
⚠️ React Router Future Flag Warning: Relative route resolution within Splat routes is changing in v7. You can use the `v7_relativeSplatPath` future flag to opt-in early. For more information, see https://reactrouter.com/v6/upgrading/future#v7_relativesplatpath.

stderr | src/design-system/organisms/__tests__/CardGrid.test.tsx > CardGrid > Rendering > should render children
Warning: Updating a style property during rerender (animation) when a conflicting property is set (animationDelay) can lead to styling bugs. To avoid this, don't mix shorthand and non-shorthand properties for the same value; instead, replace the shorthand with separate values.
    at div
    at div
    at CardGrid (/Users/poonjohnny/Desktop/ProjectApp/Journo/frontend/src/design-system/organisms/CardGrid.tsx:8:3)
Warning: Updating a style property during rerender (animation) when a conflicting property is set (animationDelay) can lead to styling bugs. To avoid this, don't mix shorthand and non-shorthand properties for the same value; instead, replace the shorthand with separate values.
    at div
    at div
    at CardGrid (/Users/poonjohnny/Desktop/ProjectApp/Journo/frontend/src/design-system/organisms/CardGrid.tsx:8:3)
Warning: Updating a style property during rerender (animation) when a conflicting property is set (animationDelay) can lead to styling bugs. To avoid this, don't mix shorthand and non-shorthand properties for the same value; instead, replace the shorthand with separate values.
    at div
    at div
    at CardGrid (/Users/poonjohnny/Desktop/ProjectApp/Journo/frontend/src/design-system/organisms/CardGrid.tsx:8:3)

stderr | src/design-system/organisms/__tests__/CardGrid.test.tsx > CardGrid > Rendering > should render with data-testid
Warning: Updating a style property during rerender (animation) when a conflicting property is set (animationDelay) can lead to styling bugs. To avoid this, don't mix shorthand and non-shorthand properties for the same value; instead, replace the shorthand with separate values.
    at div
    at div
    at CardGrid (/Users/poonjohnny/Desktop/ProjectApp/Journo/frontend/src/design-system/organisms/CardGrid.tsx:8:3)
Warning: Updating a style property during rerender (animation) when a conflicting property is set (animationDelay) can lead to styling bugs. To avoid this, don't mix shorthand and non-shorthand properties for the same value; instead, replace the shorthand with separate values.
    at div
    at div
    at CardGrid (/Users/poonjohnny/Desktop/ProjectApp/Journo/frontend/src/design-system/organisms/CardGrid.tsx:8:3)
Warning: Updating a style property during rerender (animation) when a conflicting property is set (animationDelay) can lead to styling bugs. To avoid this, don't mix shorthand and non-shorthand properties for the same value; instead, replace the shorthand with separate values.
    at div
    at div
    at CardGrid (/Users/poonjohnny/Desktop/ProjectApp/Journo/frontend/src/design-system/organisms/CardGrid.tsx:8:3)

stderr | src/design-system/organisms/__tests__/CardGrid.test.tsx > CardGrid > Rendering > should apply custom className
Warning: Updating a style property during rerender (animation) when a conflicting property is set (animationDelay) can lead to styling bugs. To avoid this, don't mix shorthand and non-shorthand properties for the same value; instead, replace the shorthand with separate values.
    at div
    at div
    at CardGrid (/Users/poonjohnny/Desktop/ProjectApp/Journo/frontend/src/design-system/organisms/CardGrid.tsx:8:3)
Warning: Updating a style property during rerender (animation) when a conflicting property is set (animationDelay) can lead to styling bugs. To avoid this, don't mix shorthand and non-shorthand properties for the same value; instead, replace the shorthand with separate values.
    at div
    at div
    at CardGrid (/Users/poonjohnny/Desktop/ProjectApp/Journo/frontend/src/design-system/organisms/CardGrid.tsx:8:3)
Warning: Updating a style property during rerender (animation) when a conflicting property is set (animationDelay) can lead to styling bugs. To avoid this, don't mix shorthand and non-shorthand properties for the same value; instead, replace the shorthand with separate values.
    at div
    at div
    at CardGrid (/Users/poonjohnny/Desktop/ProjectApp/Journo/frontend/src/design-system/organisms/CardGrid.tsx:8:3)

stderr | src/design-system/organisms/__tests__/CardGrid.test.tsx > CardGrid > Layout Modes > should render grid layout by default
Warning: Updating a style property during rerender (animation) when a conflicting property is set (animationDelay) can lead to styling bugs. To avoid this, don't mix shorthand and non-shorthand properties for the same value; instead, replace the shorthand with separate values.
    at div
    at div
    at CardGrid (/Users/poonjohnny/Desktop/ProjectApp/Journo/frontend/src/design-system/organisms/CardGrid.tsx:8:3)
Warning: Updating a style property during rerender (animation) when a conflicting property is set (animationDelay) can lead to styling bugs. To avoid this, don't mix shorthand and non-shorthand properties for the same value; instead, replace the shorthand with separate values.
    at div
    at div
    at CardGrid (/Users/poonjohnny/Desktop/ProjectApp/Journo/frontend/src/design-system/organisms/CardGrid.tsx:8:3)
Warning: Updating a style property during rerender (animation) when a conflicting property is set (animationDelay) can lead to styling bugs. To avoid this, don't mix shorthand and non-shorthand properties for the same value; instead, replace the shorthand with separate values.
    at div
    at div
    at CardGrid (/Users/poonjohnny/Desktop/ProjectApp/Journo/frontend/src/design-system/organisms/CardGrid.tsx:8:3)

stderr | src/design-system/organisms/__tests__/CardGrid.test.tsx > CardGrid > Layout Modes > should render grid layout when specified
Warning: Updating a style property during rerender (animation) when a conflicting property is set (animationDelay) can lead to styling bugs. To avoid this, don't mix shorthand and non-shorthand properties for the same value; instead, replace the shorthand with separate values.
    at div
    at div
    at CardGrid (/Users/poonjohnny/Desktop/ProjectApp/Journo/frontend/src/design-system/organisms/CardGrid.tsx:8:3)
Warning: Updating a style property during rerender (animation) when a conflicting property is set (animationDelay) can lead to styling bugs. To avoid this, don't mix shorthand and non-shorthand properties for the same value; instead, replace the shorthand with separate values.
    at div
    at div
    at CardGrid (/Users/poonjohnny/Desktop/ProjectApp/Journo/frontend/src/design-system/organisms/CardGrid.tsx:8:3)
Warning: Updating a style property during rerender (animation) when a conflicting property is set (animationDelay) can lead to styling bugs. To avoid this, don't mix shorthand and non-shorthand properties for the same value; instead, replace the shorthand with separate values.
    at div
    at div
    at CardGrid (/Users/poonjohnny/Desktop/ProjectApp/Journo/frontend/src/design-system/organisms/CardGrid.tsx:8:3)

stderr | src/design-system/organisms/__tests__/CardGrid.test.tsx > CardGrid > Layout Modes > should render masonry layout when specified
Warning: Updating a style property during rerender (animation) when a conflicting property is set (animationDelay) can lead to styling bugs. To avoid this, don't mix shorthand and non-shorthand properties for the same value; instead, replace the shorthand with separate values.
    at div
    at div
    at CardGrid (/Users/poonjohnny/Desktop/ProjectApp/Journo/frontend/src/design-system/organisms/CardGrid.tsx:8:3)
Warning: Updating a style property during rerender (animation) when a conflicting property is set (animationDelay) can lead to styling bugs. To avoid this, don't mix shorthand and non-shorthand properties for the same value; instead, replace the shorthand with separate values.
    at div
    at div
    at CardGrid (/Users/poonjohnny/Desktop/ProjectApp/Journo/frontend/src/design-system/organisms/CardGrid.tsx:8:3)
Warning: Updating a style property during rerender (animation) when a conflicting property is set (animationDelay) can lead to styling bugs. To avoid this, don't mix shorthand and non-shorthand properties for the same value; instead, replace the shorthand with separate values.
    at div
    at div
    at CardGrid (/Users/poonjohnny/Desktop/ProjectApp/Journo/frontend/src/design-system/organisms/CardGrid.tsx:8:3)

stderr | src/design-system/organisms/__tests__/CardGrid.test.tsx > CardGrid > Gap Spacing > should apply small gap
Warning: Updating a style property during rerender (animation) when a conflicting property is set (animationDelay) can lead to styling bugs. To avoid this, don't mix shorthand and non-shorthand properties for the same value; instead, replace the shorthand with separate values.
    at div
    at div
    at CardGrid (/Users/poonjohnny/Desktop/ProjectApp/Journo/frontend/src/design-system/organisms/CardGrid.tsx:8:3)
Warning: Updating a style property during rerender (animation) when a conflicting property is set (animationDelay) can lead to styling bugs. To avoid this, don't mix shorthand and non-shorthand properties for the same value; instead, replace the shorthand with separate values.
    at div
    at div
    at CardGrid (/Users/poonjohnny/Desktop/ProjectApp/Journo/frontend/src/design-system/organisms/CardGrid.tsx:8:3)
Warning: Updating a style property during rerender (animation) when a conflicting property is set (animationDelay) can lead to styling bugs. To avoid this, don't mix shorthand and non-shorthand properties for the same value; instead, replace the shorthand with separate values.
    at div
    at div
    at CardGrid (/Users/poonjohnny/Desktop/ProjectApp/Journo/frontend/src/design-system/organisms/CardGrid.tsx:8:3)

stderr | src/design-system/organisms/__tests__/CardGrid.test.tsx > CardGrid > Gap Spacing > should apply medium gap
Warning: Updating a style property during rerender (animation) when a conflicting property is set (animationDelay) can lead to styling bugs. To avoid this, don't mix shorthand and non-shorthand properties for the same value; instead, replace the shorthand with separate values.
    at div
    at div
    at CardGrid (/Users/poonjohnny/Desktop/ProjectApp/Journo/frontend/src/design-system/organisms/CardGrid.tsx:8:3)
Warning: Updating a style property during rerender (animation) when a conflicting property is set (animationDelay) can lead to styling bugs. To avoid this, don't mix shorthand and non-shorthand properties for the same value; instead, replace the shorthand with separate values.
    at div
    at div
    at CardGrid (/Users/poonjohnny/Desktop/ProjectApp/Journo/frontend/src/design-system/organisms/CardGrid.tsx:8:3)
Warning: Updating a style property during rerender (animation) when a conflicting property is set (animationDelay) can lead to styling bugs. To avoid this, don't mix shorthand and non-shorthand properties for the same value; instead, replace the shorthand with separate values.
    at div
    at div
    at CardGrid (/Users/poonjohnny/Desktop/ProjectApp/Journo/frontend/src/design-system/organisms/CardGrid.tsx:8:3)

stderr | src/design-system/organisms/__tests__/CardGrid.test.tsx > CardGrid > Gap Spacing > should apply large gap (default)
Warning: Updating a style property during rerender (animation) when a conflicting property is set (animationDelay) can lead to styling bugs. To avoid this, don't mix shorthand and non-shorthand properties for the same value; instead, replace the shorthand with separate values.
    at div
    at div
    at CardGrid (/Users/poonjohnny/Desktop/ProjectApp/Journo/frontend/src/design-system/organisms/CardGrid.tsx:8:3)
Warning: Updating a style property during rerender (animation) when a conflicting property is set (animationDelay) can lead to styling bugs. To avoid this, don't mix shorthand and non-shorthand properties for the same value; instead, replace the shorthand with separate values.
    at div
    at div
    at CardGrid (/Users/poonjohnny/Desktop/ProjectApp/Journo/frontend/src/design-system/organisms/CardGrid.tsx:8:3)
Warning: Updating a style property during rerender (animation) when a conflicting property is set (animationDelay) can lead to styling bugs. To avoid this, don't mix shorthand and non-shorthand properties for the same value; instead, replace the shorthand with separate values.
    at div
    at div
    at CardGrid (/Users/poonjohnny/Desktop/ProjectApp/Journo/frontend/src/design-system/organisms/CardGrid.tsx:8:3)

stderr | src/design-system/organisms/__tests__/CardGrid.test.tsx > CardGrid > Gap Spacing > should apply extra large gap
Warning: Updating a style property during rerender (animation) when a conflicting property is set (animationDelay) can lead to styling bugs. To avoid this, don't mix shorthand and non-shorthand properties for the same value; instead, replace the shorthand with separate values.
    at div
    at div
    at CardGrid (/Users/poonjohnny/Desktop/ProjectApp/Journo/frontend/src/design-system/organisms/CardGrid.tsx:8:3)
Warning: Updating a style property during rerender (animation) when a conflicting property is set (animationDelay) can lead to styling bugs. To avoid this, don't mix shorthand and non-shorthand properties for the same value; instead, replace the shorthand with separate values.
    at div
    at div
    at CardGrid (/Users/poonjohnny/Desktop/ProjectApp/Journo/frontend/src/design-system/organisms/CardGrid.tsx:8:3)
Warning: Updating a style property during rerender (animation) when a conflicting property is set (animationDelay) can lead to styling bugs. To avoid this, don't mix shorthand and non-shorthand properties for the same value; instead, replace the shorthand with separate values.
    at div
    at div
    at CardGrid (/Users/poonjohnny/Desktop/ProjectApp/Journo/frontend/src/design-system/organisms/CardGrid.tsx:8:3)

stderr | src/design-system/organisms/__tests__/CardGrid.test.tsx > CardGrid > Column Configuration > should use default column configuration
Warning: Updating a style property during rerender (animation) when a conflicting property is set (animationDelay) can lead to styling bugs. To avoid this, don't mix shorthand and non-shorthand properties for the same value; instead, replace the shorthand with separate values.
    at div
    at div
    at CardGrid (/Users/poonjohnny/Desktop/ProjectApp/Journo/frontend/src/design-system/organisms/CardGrid.tsx:8:3)
Warning: Updating a style property during rerender (animation) when a conflicting property is set (animationDelay) can lead to styling bugs. To avoid this, don't mix shorthand and non-shorthand properties for the same value; instead, replace the shorthand with separate values.
    at div
    at div
    at CardGrid (/Users/poonjohnny/Desktop/ProjectApp/Journo/frontend/src/design-system/organisms/CardGrid.tsx:8:3)
Warning: Updating a style property during rerender (animation) when a conflicting property is set (animationDelay) can lead to styling bugs. To avoid this, don't mix shorthand and non-shorthand properties for the same value; instead, replace the shorthand with separate values.
    at div
    at div
    at CardGrid (/Users/poonjohnny/Desktop/ProjectApp/Journo/frontend/src/design-system/organisms/CardGrid.tsx:8:3)

stderr | src/design-system/organisms/__tests__/CardGrid.test.tsx > CardGrid > Column Configuration > should apply custom column configuration
Warning: Updating a style property during rerender (animation) when a conflicting property is set (animationDelay) can lead to styling bugs. To avoid this, don't mix shorthand and non-shorthand properties for the same value; instead, replace the shorthand with separate values.
    at div
    at div
    at CardGrid (/Users/poonjohnny/Desktop/ProjectApp/Journo/frontend/src/design-system/organisms/CardGrid.tsx:8:3)
Warning: Updating a style property during rerender (animation) when a conflicting property is set (animationDelay) can lead to styling bugs. To avoid this, don't mix shorthand and non-shorthand properties for the same value; instead, replace the shorthand with separate values.
    at div
    at div
    at CardGrid (/Users/poonjohnny/Desktop/ProjectApp/Journo/frontend/src/design-system/organisms/CardGrid.tsx:8:3)
Warning: Updating a style property during rerender (animation) when a conflicting property is set (animationDelay) can lead to styling bugs. To avoid this, don't mix shorthand and non-shorthand properties for the same value; instead, replace the shorthand with separate values.
    at div
    at div
    at CardGrid (/Users/poonjohnny/Desktop/ProjectApp/Journo/frontend/src/design-system/organisms/CardGrid.tsx:8:3)

stderr | src/design-system/organisms/__tests__/CardGrid.test.tsx > CardGrid > Loading State > should render skeleton cards when loading
Warning: Updating a style property during rerender (animation) when a conflicting property is set (animationDelay) can lead to styling bugs. To avoid this, don't mix shorthand and non-shorthand properties for the same value; instead, replace the shorthand with separate values.
    at div
    at div
    at CardGrid (/Users/poonjohnny/Desktop/ProjectApp/Journo/frontend/src/design-system/organisms/CardGrid.tsx:8:3)
Warning: Updating a style property during rerender (animation) when a conflicting property is set (animationDelay) can lead to styling bugs. To avoid this, don't mix shorthand and non-shorthand properties for the same value; instead, replace the shorthand with separate values.
    at div
    at div
    at CardGrid (/Users/poonjohnny/Desktop/ProjectApp/Journo/frontend/src/design-system/organisms/CardGrid.tsx:8:3)
Warning: Updating a style property during rerender (animation) when a conflicting property is set (animationDelay) can lead to styling bugs. To avoid this, don't mix shorthand and non-shorthand properties for the same value; instead, replace the shorthand with separate values.
    at div
    at div
    at CardGrid (/Users/poonjohnny/Desktop/ProjectApp/Journo/frontend/src/design-system/organisms/CardGrid.tsx:8:3)

stderr | src/design-system/organisms/__tests__/CardGrid.test.tsx > CardGrid > Loading State > should render default number of skeletons
Warning: Updating a style property during rerender (animation) when a conflicting property is set (animationDelay) can lead to styling bugs. To avoid this, don't mix shorthand and non-shorthand properties for the same value; instead, replace the shorthand with separate values.
    at div
    at div
    at CardGrid (/Users/poonjohnny/Desktop/ProjectApp/Journo/frontend/src/design-system/organisms/CardGrid.tsx:8:3)
Warning: Updating a style property during rerender (animation) when a conflicting property is set (animationDelay) can lead to styling bugs. To avoid this, don't mix shorthand and non-shorthand properties for the same value; instead, replace the shorthand with separate values.
    at div
    at div
    at CardGrid (/Users/poonjohnny/Desktop/ProjectApp/Journo/frontend/src/design-system/organisms/CardGrid.tsx:8:3)
Warning: Updating a style property during rerender (animation) when a conflicting property is set (animationDelay) can lead to styling bugs. To avoid this, don't mix shorthand and non-shorthand properties for the same value; instead, replace the shorthand with separate values.
    at div
    at div
    at CardGrid (/Users/poonjohnny/Desktop/ProjectApp/Journo/frontend/src/design-system/organisms/CardGrid.tsx:8:3)
Warning: Updating a style property during rerender (animation) when a conflicting property is set (animationDelay) can lead to styling bugs. To avoid this, don't mix shorthand and non-shorthand properties for the same value; instead, replace the shorthand with separate values.
    at div
    at div
    at CardGrid (/Users/poonjohnny/Desktop/ProjectApp/Journo/frontend/src/design-system/organisms/CardGrid.tsx:8:3)
Warning: Updating a style property during rerender (animation) when a conflicting property is set (animationDelay) can lead to styling bugs. To avoid this, don't mix shorthand and non-shorthand properties for the same value; instead, replace the shorthand with separate values.
    at div
    at div
    at CardGrid (/Users/poonjohnny/Desktop/ProjectApp/Journo/frontend/src/design-system/organisms/CardGrid.tsx:8:3)
Warning: Updating a style property during rerender (animation) when a conflicting property is set (animationDelay) can lead to styling bugs. To avoid this, don't mix shorthand and non-shorthand properties for the same value; instead, replace the shorthand with separate values.
    at div
    at div
    at CardGrid (/Users/poonjohnny/Desktop/ProjectApp/Journo/frontend/src/design-system/organisms/CardGrid.tsx:8:3)

stderr | src/design-system/organisms/__tests__/CardGrid.test.tsx > CardGrid > Loading State > should not render children when loading
Warning: Updating a style property during rerender (animation) when a conflicting property is set (animationDelay) can lead to styling bugs. To avoid this, don't mix shorthand and non-shorthand properties for the same value; instead, replace the shorthand with separate values.
    at div
    at div
    at CardGrid (/Users/poonjohnny/Desktop/ProjectApp/Journo/frontend/src/design-system/organisms/CardGrid.tsx:8:3)
Warning: Updating a style property during rerender (animation) when a conflicting property is set (animationDelay) can lead to styling bugs. To avoid this, don't mix shorthand and non-shorthand properties for the same value; instead, replace the shorthand with separate values.
    at div
    at div
    at CardGrid (/Users/poonjohnny/Desktop/ProjectApp/Journo/frontend/src/design-system/organisms/CardGrid.tsx:8:3)
Warning: Updating a style property during rerender (animation) when a conflicting property is set (animationDelay) can lead to styling bugs. To avoid this, don't mix shorthand and non-shorthand properties for the same value; instead, replace the shorthand with separate values.
    at div
    at div
    at CardGrid (/Users/poonjohnny/Desktop/ProjectApp/Journo/frontend/src/design-system/organisms/CardGrid.tsx:8:3)
Warning: Updating a style property during rerender (animation) when a conflicting property is set (animationDelay) can lead to styling bugs. To avoid this, don't mix shorthand and non-shorthand properties for the same value; instead, replace the shorthand with separate values.
    at div
    at div
    at CardGrid (/Users/poonjohnny/Desktop/ProjectApp/Journo/frontend/src/design-system/organisms/CardGrid.tsx:8:3)
Warning: Updating a style property during rerender (animation) when a conflicting property is set (animationDelay) can lead to styling bugs. To avoid this, don't mix shorthand and non-shorthand properties for the same value; instead, replace the shorthand with separate values.
    at div
    at div
    at CardGrid (/Users/poonjohnny/Desktop/ProjectApp/Journo/frontend/src/design-system/organisms/CardGrid.tsx:8:3)
Warning: Updating a style property during rerender (animation) when a conflicting property is set (animationDelay) can lead to styling bugs. To avoid this, don't mix shorthand and non-shorthand properties for the same value; instead, replace the shorthand with separate values.
    at div
    at div
    at CardGrid (/Users/poonjohnny/Desktop/ProjectApp/Journo/frontend/src/design-system/organisms/CardGrid.tsx:8:3)

stderr | src/design-system/organisms/__tests__/CardGrid.test.tsx > CardGrid > Empty State > should not render empty state when children exist
Warning: Updating a style property during rerender (animation) when a conflicting property is set (animationDelay) can lead to styling bugs. To avoid this, don't mix shorthand and non-shorthand properties for the same value; instead, replace the shorthand with separate values.
    at div
    at div
    at CardGrid (/Users/poonjohnny/Desktop/ProjectApp/Journo/frontend/src/design-system/organisms/CardGrid.tsx:8:3)
Warning: Updating a style property during rerender (animation) when a conflicting property is set (animationDelay) can lead to styling bugs. To avoid this, don't mix shorthand and non-shorthand properties for the same value; instead, replace the shorthand with separate values.
    at div
    at div
    at CardGrid (/Users/poonjohnny/Desktop/ProjectApp/Journo/frontend/src/design-system/organisms/CardGrid.tsx:8:3)
Warning: Updating a style property during rerender (animation) when a conflicting property is set (animationDelay) can lead to styling bugs. To avoid this, don't mix shorthand and non-shorthand properties for the same value; instead, replace the shorthand with separate values.
    at div
    at div
    at CardGrid (/Users/poonjohnny/Desktop/ProjectApp/Journo/frontend/src/design-system/organisms/CardGrid.tsx:8:3)

stderr | src/design-system/organisms/__tests__/CardGrid.test.tsx > CardGrid > Empty State > should not render empty state when loading
Warning: Updating a style property during rerender (animation) when a conflicting property is set (animationDelay) can lead to styling bugs. To avoid this, don't mix shorthand and non-shorthand properties for the same value; instead, replace the shorthand with separate values.
    at div
    at div
    at CardGrid (/Users/poonjohnny/Desktop/ProjectApp/Journo/frontend/src/design-system/organisms/CardGrid.tsx:8:3)
Warning: Updating a style property during rerender (animation) when a conflicting property is set (animationDelay) can lead to styling bugs. To avoid this, don't mix shorthand and non-shorthand properties for the same value; instead, replace the shorthand with separate values.
    at div
    at div
    at CardGrid (/Users/poonjohnny/Desktop/ProjectApp/Journo/frontend/src/design-system/organisms/CardGrid.tsx:8:3)
Warning: Updating a style property during rerender (animation) when a conflicting property is set (animationDelay) can lead to styling bugs. To avoid this, don't mix shorthand and non-shorthand properties for the same value; instead, replace the shorthand with separate values.
    at div
    at div
    at CardGrid (/Users/poonjohnny/Desktop/ProjectApp/Journo/frontend/src/design-system/organisms/CardGrid.tsx:8:3)
Warning: Updating a style property during rerender (animation) when a conflicting property is set (animationDelay) can lead to styling bugs. To avoid this, don't mix shorthand and non-shorthand properties for the same value; instead, replace the shorthand with separate values.
    at div
    at div
    at CardGrid (/Users/poonjohnny/Desktop/ProjectApp/Journo/frontend/src/design-system/organisms/CardGrid.tsx:8:3)
Warning: Updating a style property during rerender (animation) when a conflicting property is set (animationDelay) can lead to styling bugs. To avoid this, don't mix shorthand and non-shorthand properties for the same value; instead, replace the shorthand with separate values.
    at div
    at div
    at CardGrid (/Users/poonjohnny/Desktop/ProjectApp/Journo/frontend/src/design-system/organisms/CardGrid.tsx:8:3)
Warning: Updating a style property during rerender (animation) when a conflicting property is set (animationDelay) can lead to styling bugs. To avoid this, don't mix shorthand and non-shorthand properties for the same value; instead, replace the shorthand with separate values.
    at div
    at div
    at CardGrid (/Users/poonjohnny/Desktop/ProjectApp/Journo/frontend/src/design-system/organisms/CardGrid.tsx:8:3)

stderr | src/design-system/organisms/__tests__/CardGrid.test.tsx > CardGrid > Animation > should animate entrance by default
Warning: Updating a style property during rerender (animation) when a conflicting property is set (animationDelay) can lead to styling bugs. To avoid this, don't mix shorthand and non-shorthand properties for the same value; instead, replace the shorthand with separate values.
    at div
    at div
    at CardGrid (/Users/poonjohnny/Desktop/ProjectApp/Journo/frontend/src/design-system/organisms/CardGrid.tsx:8:3)
Warning: Updating a style property during rerender (animation) when a conflicting property is set (animationDelay) can lead to styling bugs. To avoid this, don't mix shorthand and non-shorthand properties for the same value; instead, replace the shorthand with separate values.
    at div
    at div
    at CardGrid (/Users/poonjohnny/Desktop/ProjectApp/Journo/frontend/src/design-system/organisms/CardGrid.tsx:8:3)
Warning: Updating a style property during rerender (animation) when a conflicting property is set (animationDelay) can lead to styling bugs. To avoid this, don't mix shorthand and non-shorthand properties for the same value; instead, replace the shorthand with separate values.
    at div
    at div
    at CardGrid (/Users/poonjohnny/Desktop/ProjectApp/Journo/frontend/src/design-system/organisms/CardGrid.tsx:8:3)

stderr | src/design-system/organisms/__tests__/CardGrid.test.tsx > CardGrid > Animation > should stagger animation delays
Warning: Updating a style property during rerender (animation) when a conflicting property is set (animationDelay) can lead to styling bugs. To avoid this, don't mix shorthand and non-shorthand properties for the same value; instead, replace the shorthand with separate values.
    at div
    at div
    at CardGrid (/Users/poonjohnny/Desktop/ProjectApp/Journo/frontend/src/design-system/organisms/CardGrid.tsx:8:3)
Warning: Updating a style property during rerender (animation) when a conflicting property is set (animationDelay) can lead to styling bugs. To avoid this, don't mix shorthand and non-shorthand properties for the same value; instead, replace the shorthand with separate values.
    at div
    at div
    at CardGrid (/Users/poonjohnny/Desktop/ProjectApp/Journo/frontend/src/design-system/organisms/CardGrid.tsx:8:3)
Warning: Updating a style property during rerender (animation) when a conflicting property is set (animationDelay) can lead to styling bugs. To avoid this, don't mix shorthand and non-shorthand properties for the same value; instead, replace the shorthand with separate values.
    at div
    at div
    at CardGrid (/Users/poonjohnny/Desktop/ProjectApp/Journo/frontend/src/design-system/organisms/CardGrid.tsx:8:3)

stderr | src/design-system/organisms/__tests__/CardGrid.test.tsx > CardGrid > Masonry Layout > should use auto-fit for masonry layout
Warning: Updating a style property during rerender (animation) when a conflicting property is set (animationDelay) can lead to styling bugs. To avoid this, don't mix shorthand and non-shorthand properties for the same value; instead, replace the shorthand with separate values.
    at div
    at div
    at CardGrid (/Users/poonjohnny/Desktop/ProjectApp/Journo/frontend/src/design-system/organisms/CardGrid.tsx:8:3)
Warning: Updating a style property during rerender (animation) when a conflicting property is set (animationDelay) can lead to styling bugs. To avoid this, don't mix shorthand and non-shorthand properties for the same value; instead, replace the shorthand with separate values.
    at div
    at div
    at CardGrid (/Users/poonjohnny/Desktop/ProjectApp/Journo/frontend/src/design-system/organisms/CardGrid.tsx:8:3)
Warning: Updating a style property during rerender (animation) when a conflicting property is set (animationDelay) can lead to styling bugs. To avoid this, don't mix shorthand and non-shorthand properties for the same value; instead, replace the shorthand with separate values.
    at div
    at div
    at CardGrid (/Users/poonjohnny/Desktop/ProjectApp/Journo/frontend/src/design-system/organisms/CardGrid.tsx:8:3)

stderr | src/design-system/organisms/__tests__/CardGrid.test.tsx > CardGrid > Masonry Layout > should use custom min card width for masonry
Warning: Updating a style property during rerender (animation) when a conflicting property is set (animationDelay) can lead to styling bugs. To avoid this, don't mix shorthand and non-shorthand properties for the same value; instead, replace the shorthand with separate values.
    at div
    at div
    at CardGrid (/Users/poonjohnny/Desktop/ProjectApp/Journo/frontend/src/design-system/organisms/CardGrid.tsx:8:3)
Warning: Updating a style property during rerender (animation) when a conflicting property is set (animationDelay) can lead to styling bugs. To avoid this, don't mix shorthand and non-shorthand properties for the same value; instead, replace the shorthand with separate values.
    at div
    at div
    at CardGrid (/Users/poonjohnny/Desktop/ProjectApp/Journo/frontend/src/design-system/organisms/CardGrid.tsx:8:3)
Warning: Updating a style property during rerender (animation) when a conflicting property is set (animationDelay) can lead to styling bugs. To avoid this, don't mix shorthand and non-shorthand properties for the same value; instead, replace the shorthand with separate values.
    at div
    at div
    at CardGrid (/Users/poonjohnny/Desktop/ProjectApp/Journo/frontend/src/design-system/organisms/CardGrid.tsx:8:3)

stderr | src/design-system/organisms/__tests__/CardGrid.test.tsx > CardGrid > Masonry Layout > should apply dense grid flow for masonry
Warning: Updating a style property during rerender (animation) when a conflicting property is set (animationDelay) can lead to styling bugs. To avoid this, don't mix shorthand and non-shorthand properties for the same value; instead, replace the shorthand with separate values.
    at div
    at div
    at CardGrid (/Users/poonjohnny/Desktop/ProjectApp/Journo/frontend/src/design-system/organisms/CardGrid.tsx:8:3)
Warning: Updating a style property during rerender (animation) when a conflicting property is set (animationDelay) can lead to styling bugs. To avoid this, don't mix shorthand and non-shorthand properties for the same value; instead, replace the shorthand with separate values.
    at div
    at div
    at CardGrid (/Users/poonjohnny/Desktop/ProjectApp/Journo/frontend/src/design-system/organisms/CardGrid.tsx:8:3)
Warning: Updating a style property during rerender (animation) when a conflicting property is set (animationDelay) can lead to styling bugs. To avoid this, don't mix shorthand and non-shorthand properties for the same value; instead, replace the shorthand with separate values.
    at div
    at div
    at CardGrid (/Users/poonjohnny/Desktop/ProjectApp/Journo/frontend/src/design-system/organisms/CardGrid.tsx:8:3)

stderr | src/design-system/organisms/__tests__/CardGrid.test.tsx > CardGrid > Responsive Behavior > should include responsive CSS classes
Warning: Updating a style property during rerender (animation) when a conflicting property is set (animationDelay) can lead to styling bugs. To avoid this, don't mix shorthand and non-shorthand properties for the same value; instead, replace the shorthand with separate values.
    at div
    at div
    at CardGrid (/Users/poonjohnny/Desktop/ProjectApp/Journo/frontend/src/design-system/organisms/CardGrid.tsx:8:3)
Warning: Updating a style property during rerender (animation) when a conflicting property is set (animationDelay) can lead to styling bugs. To avoid this, don't mix shorthand and non-shorthand properties for the same value; instead, replace the shorthand with separate values.
    at div
    at div
    at CardGrid (/Users/poonjohnny/Desktop/ProjectApp/Journo/frontend/src/design-system/organisms/CardGrid.tsx:8:3)
Warning: Updating a style property during rerender (animation) when a conflicting property is set (animationDelay) can lead to styling bugs. To avoid this, don't mix shorthand and non-shorthand properties for the same value; instead, replace the shorthand with separate values.
    at div
    at div
    at CardGrid (/Users/poonjohnny/Desktop/ProjectApp/Journo/frontend/src/design-system/organisms/CardGrid.tsx:8:3)

stderr | src/design-system/organisms/__tests__/CardGrid.test.tsx > CardGrid > Responsive Behavior > should define breakpoint styles
Warning: Updating a style property during rerender (animation) when a conflicting property is set (animationDelay) can lead to styling bugs. To avoid this, don't mix shorthand and non-shorthand properties for the same value; instead, replace the shorthand with separate values.
    at div
    at div
    at CardGrid (/Users/poonjohnny/Desktop/ProjectApp/Journo/frontend/src/design-system/organisms/CardGrid.tsx:8:3)
Warning: Updating a style property during rerender (animation) when a conflicting property is set (animationDelay) can lead to styling bugs. To avoid this, don't mix shorthand and non-shorthand properties for the same value; instead, replace the shorthand with separate values.
    at div
    at div
    at CardGrid (/Users/poonjohnny/Desktop/ProjectApp/Journo/frontend/src/design-system/organisms/CardGrid.tsx:8:3)
Warning: Updating a style property during rerender (animation) when a conflicting property is set (animationDelay) can lead to styling bugs. To avoid this, don't mix shorthand and non-shorthand properties for the same value; instead, replace the shorthand with separate values.
    at div
    at div
    at CardGrid (/Users/poonjohnny/Desktop/ProjectApp/Journo/frontend/src/design-system/organisms/CardGrid.tsx:8:3)

stderr | src/design-system/organisms/__tests__/CardGrid.test.tsx > CardGrid > Grid Display > should use CSS grid display
Warning: Updating a style property during rerender (animation) when a conflicting property is set (animationDelay) can lead to styling bugs. To avoid this, don't mix shorthand and non-shorthand properties for the same value; instead, replace the shorthand with separate values.
    at div
    at div
    at CardGrid (/Users/poonjohnny/Desktop/ProjectApp/Journo/frontend/src/design-system/organisms/CardGrid.tsx:8:3)
Warning: Updating a style property during rerender (animation) when a conflicting property is set (animationDelay) can lead to styling bugs. To avoid this, don't mix shorthand and non-shorthand properties for the same value; instead, replace the shorthand with separate values.
    at div
    at div
    at CardGrid (/Users/poonjohnny/Desktop/ProjectApp/Journo/frontend/src/design-system/organisms/CardGrid.tsx:8:3)
Warning: Updating a style property during rerender (animation) when a conflicting property is set (animationDelay) can lead to styling bugs. To avoid this, don't mix shorthand and non-shorthand properties for the same value; instead, replace the shorthand with separate values.
    at div
    at div
    at CardGrid (/Users/poonjohnny/Desktop/ProjectApp/Journo/frontend/src/design-system/organisms/CardGrid.tsx:8:3)

stderr | src/design-system/organisms/__tests__/CardGrid.test.tsx > CardGrid > Grid Display > should set width to 100%
Warning: Updating a style property during rerender (animation) when a conflicting property is set (animationDelay) can lead to styling bugs. To avoid this, don't mix shorthand and non-shorthand properties for the same value; instead, replace the shorthand with separate values.
    at div
    at div
    at CardGrid (/Users/poonjohnny/Desktop/ProjectApp/Journo/frontend/src/design-system/organisms/CardGrid.tsx:8:3)
Warning: Updating a style property during rerender (animation) when a conflicting property is set (animationDelay) can lead to styling bugs. To avoid this, don't mix shorthand and non-shorthand properties for the same value; instead, replace the shorthand with separate values.
    at div
    at div
    at CardGrid (/Users/poonjohnny/Desktop/ProjectApp/Journo/frontend/src/design-system/organisms/CardGrid.tsx:8:3)
Warning: Updating a style property during rerender (animation) when a conflicting property is set (animationDelay) can lead to styling bugs. To avoid this, don't mix shorthand and non-shorthand properties for the same value; instead, replace the shorthand with separate values.
    at div
    at div
    at CardGrid (/Users/poonjohnny/Desktop/ProjectApp/Journo/frontend/src/design-system/organisms/CardGrid.tsx:8:3)

stderr | src/design-system/organisms/__tests__/CardGrid.test.tsx > CardGrid > Children Handling > should handle single child
Warning: Updating a style property during rerender (animation) when a conflicting property is set (animationDelay) can lead to styling bugs. To avoid this, don't mix shorthand and non-shorthand properties for the same value; instead, replace the shorthand with separate values.
    at div
    at div
    at CardGrid (/Users/poonjohnny/Desktop/ProjectApp/Journo/frontend/src/design-system/organisms/CardGrid.tsx:8:3)

stderr | src/design-system/organisms/__tests__/CardGrid.test.tsx > CardGrid > Children Handling > should handle multiple children
Warning: Updating a style property during rerender (animation) when a conflicting property is set (animationDelay) can lead to styling bugs. To avoid this, don't mix shorthand and non-shorthand properties for the same value; instead, replace the shorthand with separate values.
    at div
    at div
    at CardGrid (/Users/poonjohnny/Desktop/ProjectApp/Journo/frontend/src/design-system/organisms/CardGrid.tsx:8:3)
Warning: Updating a style property during rerender (animation) when a conflicting property is set (animationDelay) can lead to styling bugs. To avoid this, don't mix shorthand and non-shorthand properties for the same value; instead, replace the shorthand with separate values.
    at div
    at div
    at CardGrid (/Users/poonjohnny/Desktop/ProjectApp/Journo/frontend/src/design-system/organisms/CardGrid.tsx:8:3)
Warning: Updating a style property during rerender (animation) when a conflicting property is set (animationDelay) can lead to styling bugs. To avoid this, don't mix shorthand and non-shorthand properties for the same value; instead, replace the shorthand with separate values.
    at div
    at div
    at CardGrid (/Users/poonjohnny/Desktop/ProjectApp/Journo/frontend/src/design-system/organisms/CardGrid.tsx:8:3)

 ✓ src/design-system/organisms/__tests__/CardGrid.test.tsx (32 tests) 1231ms
 ✓ src/components/budget/organisms/__tests__/ExpenseListSection.test.tsx (27 tests) 1723ms
   ✓ ExpenseListSection > Rendering > should render expenses in reverse chronological order  422ms
stderr | src/__tests__/accessibility.formLabels.test.tsx > Form Label Association > Error State Accessibility > should associate error messages with inputs using aria-describedby
Warning: An update to ManualDestinationEntry inside a test was not wrapped in act(...).

When testing, code that causes React state updates should be wrapped into act(...):

act(() => {
  /* fire events that update state */
});
/* assert on the output */

This ensures that you're testing the behavior the user would see in the browser. Learn more at https://reactjs.org/link/wrap-tests-with-act
    at ManualDestinationEntry (/Users/poonjohnny/Desktop/ProjectApp/Journo/frontend/src/components/destination/ManualDestinationEntry.tsx:12:3)

 ✓ src/__tests__/accessibility.formLabels.test.tsx (11 tests) 2330ms
   ✓ Form Label Association > Feedback Page > should have properly associated labels for feedback form inputs  1371ms
 ✓ .backup/design-system-old/organisms/__tests__/CardCarousel.test.tsx (47 tests) 2762ms
   ✓ CardCarousel > Rendering > should render children  393ms
stderr | .backup/design-system-old/organisms/__tests__/CardGrid.test.tsx > CardGrid > Rendering > should render children
Warning: Updating a style property during rerender (animation) when a conflicting property is set (animationDelay) can lead to styling bugs. To avoid this, don't mix shorthand and non-shorthand properties for the same value; instead, replace the shorthand with separate values.
    at div
    at div
    at CardGrid (/Users/poonjohnny/Desktop/ProjectApp/Journo/frontend/.backup/design-system-old/organisms/CardGrid.tsx:8:3)
Warning: Updating a style property during rerender (animation) when a conflicting property is set (animationDelay) can lead to styling bugs. To avoid this, don't mix shorthand and non-shorthand properties for the same value; instead, replace the shorthand with separate values.
    at div
    at div
    at CardGrid (/Users/poonjohnny/Desktop/ProjectApp/Journo/frontend/.backup/design-system-old/organisms/CardGrid.tsx:8:3)
Warning: Updating a style property during rerender (animation) when a conflicting property is set (animationDelay) can lead to styling bugs. To avoid this, don't mix shorthand and non-shorthand properties for the same value; instead, replace the shorthand with separate values.
    at div
    at div
    at CardGrid (/Users/poonjohnny/Desktop/ProjectApp/Journo/frontend/.backup/design-system-old/organisms/CardGrid.tsx:8:3)

stderr | .backup/design-system-old/organisms/__tests__/CardGrid.test.tsx > CardGrid > Rendering > should render with data-testid
Warning: Updating a style property during rerender (animation) when a conflicting property is set (animationDelay) can lead to styling bugs. To avoid this, don't mix shorthand and non-shorthand properties for the same value; instead, replace the shorthand with separate values.
    at div
    at div
    at CardGrid (/Users/poonjohnny/Desktop/ProjectApp/Journo/frontend/.backup/design-system-old/organisms/CardGrid.tsx:8:3)
Warning: Updating a style property during rerender (animation) when a conflicting property is set (animationDelay) can lead to styling bugs. To avoid this, don't mix shorthand and non-shorthand properties for the same value; instead, replace the shorthand with separate values.
    at div
    at div
    at CardGrid (/Users/poonjohnny/Desktop/ProjectApp/Journo/frontend/.backup/design-system-old/organisms/CardGrid.tsx:8:3)
Warning: Updating a style property during rerender (animation) when a conflicting property is set (animationDelay) can lead to styling bugs. To avoid this, don't mix shorthand and non-shorthand properties for the same value; instead, replace the shorthand with separate values.
    at div
    at div
    at CardGrid (/Users/poonjohnny/Desktop/ProjectApp/Journo/frontend/.backup/design-system-old/organisms/CardGrid.tsx:8:3)

stderr | .backup/design-system-old/organisms/__tests__/CardGrid.test.tsx > CardGrid > Rendering > should apply custom className
Warning: Updating a style property during rerender (animation) when a conflicting property is set (animationDelay) can lead to styling bugs. To avoid this, don't mix shorthand and non-shorthand properties for the same value; instead, replace the shorthand with separate values.
    at div
    at div
    at CardGrid (/Users/poonjohnny/Desktop/ProjectApp/Journo/frontend/.backup/design-system-old/organisms/CardGrid.tsx:8:3)
Warning: Updating a style property during rerender (animation) when a conflicting property is set (animationDelay) can lead to styling bugs. To avoid this, don't mix shorthand and non-shorthand properties for the same value; instead, replace the shorthand with separate values.
    at div
    at div
    at CardGrid (/Users/poonjohnny/Desktop/ProjectApp/Journo/frontend/.backup/design-system-old/organisms/CardGrid.tsx:8:3)
Warning: Updating a style property during rerender (animation) when a conflicting property is set (animationDelay) can lead to styling bugs. To avoid this, don't mix shorthand and non-shorthand properties for the same value; instead, replace the shorthand with separate values.
    at div
    at div
    at CardGrid (/Users/poonjohnny/Desktop/ProjectApp/Journo/frontend/.backup/design-system-old/organisms/CardGrid.tsx:8:3)

stderr | .backup/design-system-old/organisms/__tests__/CardGrid.test.tsx > CardGrid > Layout Modes > should render grid layout by default
Warning: Updating a style property during rerender (animation) when a conflicting property is set (animationDelay) can lead to styling bugs. To avoid this, don't mix shorthand and non-shorthand properties for the same value; instead, replace the shorthand with separate values.
    at div
    at div
    at CardGrid (/Users/poonjohnny/Desktop/ProjectApp/Journo/frontend/.backup/design-system-old/organisms/CardGrid.tsx:8:3)
Warning: Updating a style property during rerender (animation) when a conflicting property is set (animationDelay) can lead to styling bugs. To avoid this, don't mix shorthand and non-shorthand properties for the same value; instead, replace the shorthand with separate values.
    at div
    at div
    at CardGrid (/Users/poonjohnny/Desktop/ProjectApp/Journo/frontend/.backup/design-system-old/organisms/CardGrid.tsx:8:3)
Warning: Updating a style property during rerender (animation) when a conflicting property is set (animationDelay) can lead to styling bugs. To avoid this, don't mix shorthand and non-shorthand properties for the same value; instead, replace the shorthand with separate values.
    at div
    at div
    at CardGrid (/Users/poonjohnny/Desktop/ProjectApp/Journo/frontend/.backup/design-system-old/organisms/CardGrid.tsx:8:3)

stderr | .backup/design-system-old/organisms/__tests__/CardGrid.test.tsx > CardGrid > Layout Modes > should render grid layout when specified
Warning: Updating a style property during rerender (animation) when a conflicting property is set (animationDelay) can lead to styling bugs. To avoid this, don't mix shorthand and non-shorthand properties for the same value; instead, replace the shorthand with separate values.
    at div
    at div
    at CardGrid (/Users/poonjohnny/Desktop/ProjectApp/Journo/frontend/.backup/design-system-old/organisms/CardGrid.tsx:8:3)
Warning: Updating a style property during rerender (animation) when a conflicting property is set (animationDelay) can lead to styling bugs. To avoid this, don't mix shorthand and non-shorthand properties for the same value; instead, replace the shorthand with separate values.
    at div
    at div
    at CardGrid (/Users/poonjohnny/Desktop/ProjectApp/Journo/frontend/.backup/design-system-old/organisms/CardGrid.tsx:8:3)
Warning: Updating a style property during rerender (animation) when a conflicting property is set (animationDelay) can lead to styling bugs. To avoid this, don't mix shorthand and non-shorthand properties for the same value; instead, replace the shorthand with separate values.
    at div
    at div
    at CardGrid (/Users/poonjohnny/Desktop/ProjectApp/Journo/frontend/.backup/design-system-old/organisms/CardGrid.tsx:8:3)

stderr | .backup/design-system-old/organisms/__tests__/CardGrid.test.tsx > CardGrid > Layout Modes > should render masonry layout when specified
Warning: Updating a style property during rerender (animation) when a conflicting property is set (animationDelay) can lead to styling bugs. To avoid this, don't mix shorthand and non-shorthand properties for the same value; instead, replace the shorthand with separate values.
    at div
    at div
    at CardGrid (/Users/poonjohnny/Desktop/ProjectApp/Journo/frontend/.backup/design-system-old/organisms/CardGrid.tsx:8:3)
Warning: Updating a style property during rerender (animation) when a conflicting property is set (animationDelay) can lead to styling bugs. To avoid this, don't mix shorthand and non-shorthand properties for the same value; instead, replace the shorthand with separate values.
    at div
    at div
    at CardGrid (/Users/poonjohnny/Desktop/ProjectApp/Journo/frontend/.backup/design-system-old/organisms/CardGrid.tsx:8:3)
Warning: Updating a style property during rerender (animation) when a conflicting property is set (animationDelay) can lead to styling bugs. To avoid this, don't mix shorthand and non-shorthand properties for the same value; instead, replace the shorthand with separate values.
    at div
    at div
    at CardGrid (/Users/poonjohnny/Desktop/ProjectApp/Journo/frontend/.backup/design-system-old/organisms/CardGrid.tsx:8:3)

stderr | .backup/design-system-old/organisms/__tests__/CardGrid.test.tsx > CardGrid > Gap Spacing > should apply small gap
Warning: Updating a style property during rerender (animation) when a conflicting property is set (animationDelay) can lead to styling bugs. To avoid this, don't mix shorthand and non-shorthand properties for the same value; instead, replace the shorthand with separate values.
    at div
    at div
    at CardGrid (/Users/poonjohnny/Desktop/ProjectApp/Journo/frontend/.backup/design-system-old/organisms/CardGrid.tsx:8:3)
Warning: Updating a style property during rerender (animation) when a conflicting property is set (animationDelay) can lead to styling bugs. To avoid this, don't mix shorthand and non-shorthand properties for the same value; instead, replace the shorthand with separate values.
    at div
    at div
    at CardGrid (/Users/poonjohnny/Desktop/ProjectApp/Journo/frontend/.backup/design-system-old/organisms/CardGrid.tsx:8:3)
Warning: Updating a style property during rerender (animation) when a conflicting property is set (animationDelay) can lead to styling bugs. To avoid this, don't mix shorthand and non-shorthand properties for the same value; instead, replace the shorthand with separate values.
    at div
    at div
    at CardGrid (/Users/poonjohnny/Desktop/ProjectApp/Journo/frontend/.backup/design-system-old/organisms/CardGrid.tsx:8:3)

stderr | .backup/design-system-old/organisms/__tests__/CardGrid.test.tsx > CardGrid > Gap Spacing > should apply medium gap
Warning: Updating a style property during rerender (animation) when a conflicting property is set (animationDelay) can lead to styling bugs. To avoid this, don't mix shorthand and non-shorthand properties for the same value; instead, replace the shorthand with separate values.
    at div
    at div
    at CardGrid (/Users/poonjohnny/Desktop/ProjectApp/Journo/frontend/.backup/design-system-old/organisms/CardGrid.tsx:8:3)
Warning: Updating a style property during rerender (animation) when a conflicting property is set (animationDelay) can lead to styling bugs. To avoid this, don't mix shorthand and non-shorthand properties for the same value; instead, replace the shorthand with separate values.
    at div
    at div
    at CardGrid (/Users/poonjohnny/Desktop/ProjectApp/Journo/frontend/.backup/design-system-old/organisms/CardGrid.tsx:8:3)
Warning: Updating a style property during rerender (animation) when a conflicting property is set (animationDelay) can lead to styling bugs. To avoid this, don't mix shorthand and non-shorthand properties for the same value; instead, replace the shorthand with separate values.
    at div
    at div
    at CardGrid (/Users/poonjohnny/Desktop/ProjectApp/Journo/frontend/.backup/design-system-old/organisms/CardGrid.tsx:8:3)

stderr | .backup/design-system-old/organisms/__tests__/CardGrid.test.tsx > CardGrid > Gap Spacing > should apply large gap (default)
Warning: Updating a style property during rerender (animation) when a conflicting property is set (animationDelay) can lead to styling bugs. To avoid this, don't mix shorthand and non-shorthand properties for the same value; instead, replace the shorthand with separate values.
    at div
    at div
    at CardGrid (/Users/poonjohnny/Desktop/ProjectApp/Journo/frontend/.backup/design-system-old/organisms/CardGrid.tsx:8:3)
Warning: Updating a style property during rerender (animation) when a conflicting property is set (animationDelay) can lead to styling bugs. To avoid this, don't mix shorthand and non-shorthand properties for the same value; instead, replace the shorthand with separate values.
    at div
    at div
    at CardGrid (/Users/poonjohnny/Desktop/ProjectApp/Journo/frontend/.backup/design-system-old/organisms/CardGrid.tsx:8:3)
Warning: Updating a style property during rerender (animation) when a conflicting property is set (animationDelay) can lead to styling bugs. To avoid this, don't mix shorthand and non-shorthand properties for the same value; instead, replace the shorthand with separate values.
    at div
    at div
    at CardGrid (/Users/poonjohnny/Desktop/ProjectApp/Journo/frontend/.backup/design-system-old/organisms/CardGrid.tsx:8:3)

 ✓ src/components/kawaii/__tests__/components.test.tsx (21 tests) 1633ms
   ✓ Kawaii Components > Button > renders with children  312ms
   ✓ Kawaii Components > Button > handles click events  439ms
stderr | .backup/design-system-old/organisms/__tests__/CardGrid.test.tsx > CardGrid > Gap Spacing > should apply extra large gap
Warning: Updating a style property during rerender (animation) when a conflicting property is set (animationDelay) can lead to styling bugs. To avoid this, don't mix shorthand and non-shorthand properties for the same value; instead, replace the shorthand with separate values.
    at div
    at div
    at CardGrid (/Users/poonjohnny/Desktop/ProjectApp/Journo/frontend/.backup/design-system-old/organisms/CardGrid.tsx:8:3)
Warning: Updating a style property during rerender (animation) when a conflicting property is set (animationDelay) can lead to styling bugs. To avoid this, don't mix shorthand and non-shorthand properties for the same value; instead, replace the shorthand with separate values.
    at div
    at div
    at CardGrid (/Users/poonjohnny/Desktop/ProjectApp/Journo/frontend/.backup/design-system-old/organisms/CardGrid.tsx:8:3)
Warning: Updating a style property during rerender (animation) when a conflicting property is set (animationDelay) can lead to styling bugs. To avoid this, don't mix shorthand and non-shorthand properties for the same value; instead, replace the shorthand with separate values.
    at div
    at div
    at CardGrid (/Users/poonjohnny/Desktop/ProjectApp/Journo/frontend/.backup/design-system-old/organisms/CardGrid.tsx:8:3)

stderr | .backup/design-system-old/organisms/__tests__/CardGrid.test.tsx > CardGrid > Column Configuration > should use default column configuration
Warning: Updating a style property during rerender (animation) when a conflicting property is set (animationDelay) can lead to styling bugs. To avoid this, don't mix shorthand and non-shorthand properties for the same value; instead, replace the shorthand with separate values.
    at div
    at div
    at CardGrid (/Users/poonjohnny/Desktop/ProjectApp/Journo/frontend/.backup/design-system-old/organisms/CardGrid.tsx:8:3)
Warning: Updating a style property during rerender (animation) when a conflicting property is set (animationDelay) can lead to styling bugs. To avoid this, don't mix shorthand and non-shorthand properties for the same value; instead, replace the shorthand with separate values.
    at div
    at div
    at CardGrid (/Users/poonjohnny/Desktop/ProjectApp/Journo/frontend/.backup/design-system-old/organisms/CardGrid.tsx:8:3)
Warning: Updating a style property during rerender (animation) when a conflicting property is set (animationDelay) can lead to styling bugs. To avoid this, don't mix shorthand and non-shorthand properties for the same value; instead, replace the shorthand with separate values.
    at div
    at div
    at CardGrid (/Users/poonjohnny/Desktop/ProjectApp/Journo/frontend/.backup/design-system-old/organisms/CardGrid.tsx:8:3)

stderr | .backup/design-system-old/organisms/__tests__/CardGrid.test.tsx > CardGrid > Column Configuration > should apply custom column configuration
Warning: Updating a style property during rerender (animation) when a conflicting property is set (animationDelay) can lead to styling bugs. To avoid this, don't mix shorthand and non-shorthand properties for the same value; instead, replace the shorthand with separate values.
    at div
    at div
    at CardGrid (/Users/poonjohnny/Desktop/ProjectApp/Journo/frontend/.backup/design-system-old/organisms/CardGrid.tsx:8:3)
Warning: Updating a style property during rerender (animation) when a conflicting property is set (animationDelay) can lead to styling bugs. To avoid this, don't mix shorthand and non-shorthand properties for the same value; instead, replace the shorthand with separate values.
    at div
    at div
    at CardGrid (/Users/poonjohnny/Desktop/ProjectApp/Journo/frontend/.backup/design-system-old/organisms/CardGrid.tsx:8:3)
Warning: Updating a style property during rerender (animation) when a conflicting property is set (animationDelay) can lead to styling bugs. To avoid this, don't mix shorthand and non-shorthand properties for the same value; instead, replace the shorthand with separate values.
    at div
    at div
    at CardGrid (/Users/poonjohnny/Desktop/ProjectApp/Journo/frontend/.backup/design-system-old/organisms/CardGrid.tsx:8:3)

stderr | .backup/design-system-old/organisms/__tests__/CardGrid.test.tsx > CardGrid > Loading State > should render skeleton cards when loading
Warning: Updating a style property during rerender (animation) when a conflicting property is set (animationDelay) can lead to styling bugs. To avoid this, don't mix shorthand and non-shorthand properties for the same value; instead, replace the shorthand with separate values.
    at div
    at div
    at CardGrid (/Users/poonjohnny/Desktop/ProjectApp/Journo/frontend/.backup/design-system-old/organisms/CardGrid.tsx:8:3)
Warning: Updating a style property during rerender (animation) when a conflicting property is set (animationDelay) can lead to styling bugs. To avoid this, don't mix shorthand and non-shorthand properties for the same value; instead, replace the shorthand with separate values.
    at div
    at div
    at CardGrid (/Users/poonjohnny/Desktop/ProjectApp/Journo/frontend/.backup/design-system-old/organisms/CardGrid.tsx:8:3)
Warning: Updating a style property during rerender (animation) when a conflicting property is set (animationDelay) can lead to styling bugs. To avoid this, don't mix shorthand and non-shorthand properties for the same value; instead, replace the shorthand with separate values.
    at div
    at div
    at CardGrid (/Users/poonjohnny/Desktop/ProjectApp/Journo/frontend/.backup/design-system-old/organisms/CardGrid.tsx:8:3)

stderr | .backup/design-system-old/organisms/__tests__/CardGrid.test.tsx > CardGrid > Loading State > should render default number of skeletons
Warning: Updating a style property during rerender (animation) when a conflicting property is set (animationDelay) can lead to styling bugs. To avoid this, don't mix shorthand and non-shorthand properties for the same value; instead, replace the shorthand with separate values.
    at div
    at div
    at CardGrid (/Users/poonjohnny/Desktop/ProjectApp/Journo/frontend/.backup/design-system-old/organisms/CardGrid.tsx:8:3)
Warning: Updating a style property during rerender (animation) when a conflicting property is set (animationDelay) can lead to styling bugs. To avoid this, don't mix shorthand and non-shorthand properties for the same value; instead, replace the shorthand with separate values.
    at div
    at div
    at CardGrid (/Users/poonjohnny/Desktop/ProjectApp/Journo/frontend/.backup/design-system-old/organisms/CardGrid.tsx:8:3)
Warning: Updating a style property during rerender (animation) when a conflicting property is set (animationDelay) can lead to styling bugs. To avoid this, don't mix shorthand and non-shorthand properties for the same value; instead, replace the shorthand with separate values.
    at div
    at div
    at CardGrid (/Users/poonjohnny/Desktop/ProjectApp/Journo/frontend/.backup/design-system-old/organisms/CardGrid.tsx:8:3)
Warning: Updating a style property during rerender (animation) when a conflicting property is set (animationDelay) can lead to styling bugs. To avoid this, don't mix shorthand and non-shorthand properties for the same value; instead, replace the shorthand with separate values.
    at div
    at div
    at CardGrid (/Users/poonjohnny/Desktop/ProjectApp/Journo/frontend/.backup/design-system-old/organisms/CardGrid.tsx:8:3)
Warning: Updating a style property during rerender (animation) when a conflicting property is set (animationDelay) can lead to styling bugs. To avoid this, don't mix shorthand and non-shorthand properties for the same value; instead, replace the shorthand with separate values.
    at div
    at div
    at CardGrid (/Users/poonjohnny/Desktop/ProjectApp/Journo/frontend/.backup/design-system-old/organisms/CardGrid.tsx:8:3)
Warning: Updating a style property during rerender (animation) when a conflicting property is set (animationDelay) can lead to styling bugs. To avoid this, don't mix shorthand and non-shorthand properties for the same value; instead, replace the shorthand with separate values.
    at div
    at div
    at CardGrid (/Users/poonjohnny/Desktop/ProjectApp/Journo/frontend/.backup/design-system-old/organisms/CardGrid.tsx:8:3)

stderr | .backup/design-system-old/organisms/__tests__/CardGrid.test.tsx > CardGrid > Loading State > should not render children when loading
Warning: Updating a style property during rerender (animation) when a conflicting property is set (animationDelay) can lead to styling bugs. To avoid this, don't mix shorthand and non-shorthand properties for the same value; instead, replace the shorthand with separate values.
    at div
    at div
    at CardGrid (/Users/poonjohnny/Desktop/ProjectApp/Journo/frontend/.backup/design-system-old/organisms/CardGrid.tsx:8:3)
Warning: Updating a style property during rerender (animation) when a conflicting property is set (animationDelay) can lead to styling bugs. To avoid this, don't mix shorthand and non-shorthand properties for the same value; instead, replace the shorthand with separate values.
    at div
    at div
    at CardGrid (/Users/poonjohnny/Desktop/ProjectApp/Journo/frontend/.backup/design-system-old/organisms/CardGrid.tsx:8:3)
Warning: Updating a style property during rerender (animation) when a conflicting property is set (animationDelay) can lead to styling bugs. To avoid this, don't mix shorthand and non-shorthand properties for the same value; instead, replace the shorthand with separate values.
    at div
    at div
    at CardGrid (/Users/poonjohnny/Desktop/ProjectApp/Journo/frontend/.backup/design-system-old/organisms/CardGrid.tsx:8:3)
Warning: Updating a style property during rerender (animation) when a conflicting property is set (animationDelay) can lead to styling bugs. To avoid this, don't mix shorthand and non-shorthand properties for the same value; instead, replace the shorthand with separate values.
    at div
    at div
    at CardGrid (/Users/poonjohnny/Desktop/ProjectApp/Journo/frontend/.backup/design-system-old/organisms/CardGrid.tsx:8:3)
Warning: Updating a style property during rerender (animation) when a conflicting property is set (animationDelay) can lead to styling bugs. To avoid this, don't mix shorthand and non-shorthand properties for the same value; instead, replace the shorthand with separate values.
    at div
    at div
    at CardGrid (/Users/poonjohnny/Desktop/ProjectApp/Journo/frontend/.backup/design-system-old/organisms/CardGrid.tsx:8:3)
Warning: Updating a style property during rerender (animation) when a conflicting property is set (animationDelay) can lead to styling bugs. To avoid this, don't mix shorthand and non-shorthand properties for the same value; instead, replace the shorthand with separate values.
    at div
    at div
    at CardGrid (/Users/poonjohnny/Desktop/ProjectApp/Journo/frontend/.backup/design-system-old/organisms/CardGrid.tsx:8:3)

stderr | .backup/design-system-old/organisms/__tests__/CardGrid.test.tsx > CardGrid > Empty State > should not render empty state when children exist
Warning: Updating a style property during rerender (animation) when a conflicting property is set (animationDelay) can lead to styling bugs. To avoid this, don't mix shorthand and non-shorthand properties for the same value; instead, replace the shorthand with separate values.
    at div
    at div
    at CardGrid (/Users/poonjohnny/Desktop/ProjectApp/Journo/frontend/.backup/design-system-old/organisms/CardGrid.tsx:8:3)
Warning: Updating a style property during rerender (animation) when a conflicting property is set (animationDelay) can lead to styling bugs. To avoid this, don't mix shorthand and non-shorthand properties for the same value; instead, replace the shorthand with separate values.
    at div
    at div
    at CardGrid (/Users/poonjohnny/Desktop/ProjectApp/Journo/frontend/.backup/design-system-old/organisms/CardGrid.tsx:8:3)
Warning: Updating a style property during rerender (animation) when a conflicting property is set (animationDelay) can lead to styling bugs. To avoid this, don't mix shorthand and non-shorthand properties for the same value; instead, replace the shorthand with separate values.
    at div
    at div
    at CardGrid (/Users/poonjohnny/Desktop/ProjectApp/Journo/frontend/.backup/design-system-old/organisms/CardGrid.tsx:8:3)

stderr | .backup/design-system-old/organisms/__tests__/CardGrid.test.tsx > CardGrid > Empty State > should not render empty state when loading
Warning: Updating a style property during rerender (animation) when a conflicting property is set (animationDelay) can lead to styling bugs. To avoid this, don't mix shorthand and non-shorthand properties for the same value; instead, replace the shorthand with separate values.
    at div
    at div
    at CardGrid (/Users/poonjohnny/Desktop/ProjectApp/Journo/frontend/.backup/design-system-old/organisms/CardGrid.tsx:8:3)
Warning: Updating a style property during rerender (animation) when a conflicting property is set (animationDelay) can lead to styling bugs. To avoid this, don't mix shorthand and non-shorthand properties for the same value; instead, replace the shorthand with separate values.
    at div
    at div
    at CardGrid (/Users/poonjohnny/Desktop/ProjectApp/Journo/frontend/.backup/design-system-old/organisms/CardGrid.tsx:8:3)
Warning: Updating a style property during rerender (animation) when a conflicting property is set (animationDelay) can lead to styling bugs. To avoid this, don't mix shorthand and non-shorthand properties for the same value; instead, replace the shorthand with separate values.
    at div
    at div
    at CardGrid (/Users/poonjohnny/Desktop/ProjectApp/Journo/frontend/.backup/design-system-old/organisms/CardGrid.tsx:8:3)
Warning: Updating a style property during rerender (animation) when a conflicting property is set (animationDelay) can lead to styling bugs. To avoid this, don't mix shorthand and non-shorthand properties for the same value; instead, replace the shorthand with separate values.
    at div
    at div
    at CardGrid (/Users/poonjohnny/Desktop/ProjectApp/Journo/frontend/.backup/design-system-old/organisms/CardGrid.tsx:8:3)
Warning: Updating a style property during rerender (animation) when a conflicting property is set (animationDelay) can lead to styling bugs. To avoid this, don't mix shorthand and non-shorthand properties for the same value; instead, replace the shorthand with separate values.
    at div
    at div
    at CardGrid (/Users/poonjohnny/Desktop/ProjectApp/Journo/frontend/.backup/design-system-old/organisms/CardGrid.tsx:8:3)
Warning: Updating a style property during rerender (animation) when a conflicting property is set (animationDelay) can lead to styling bugs. To avoid this, don't mix shorthand and non-shorthand properties for the same value; instead, replace the shorthand with separate values.
    at div
    at div
    at CardGrid (/Users/poonjohnny/Desktop/ProjectApp/Journo/frontend/.backup/design-system-old/organisms/CardGrid.tsx:8:3)

stderr | .backup/design-system-old/organisms/__tests__/CardGrid.test.tsx > CardGrid > Animation > should animate entrance by default
Warning: Updating a style property during rerender (animation) when a conflicting property is set (animationDelay) can lead to styling bugs. To avoid this, don't mix shorthand and non-shorthand properties for the same value; instead, replace the shorthand with separate values.
    at div
    at div
    at CardGrid (/Users/poonjohnny/Desktop/ProjectApp/Journo/frontend/.backup/design-system-old/organisms/CardGrid.tsx:8:3)
Warning: Updating a style property during rerender (animation) when a conflicting property is set (animationDelay) can lead to styling bugs. To avoid this, don't mix shorthand and non-shorthand properties for the same value; instead, replace the shorthand with separate values.
    at div
    at div
    at CardGrid (/Users/poonjohnny/Desktop/ProjectApp/Journo/frontend/.backup/design-system-old/organisms/CardGrid.tsx:8:3)
Warning: Updating a style property during rerender (animation) when a conflicting property is set (animationDelay) can lead to styling bugs. To avoid this, don't mix shorthand and non-shorthand properties for the same value; instead, replace the shorthand with separate values.
    at div
    at div
    at CardGrid (/Users/poonjohnny/Desktop/ProjectApp/Journo/frontend/.backup/design-system-old/organisms/CardGrid.tsx:8:3)

stderr | .backup/design-system-old/organisms/__tests__/CardGrid.test.tsx > CardGrid > Animation > should stagger animation delays
Warning: Updating a style property during rerender (animation) when a conflicting property is set (animationDelay) can lead to styling bugs. To avoid this, don't mix shorthand and non-shorthand properties for the same value; instead, replace the shorthand with separate values.
    at div
    at div
    at CardGrid (/Users/poonjohnny/Desktop/ProjectApp/Journo/frontend/.backup/design-system-old/organisms/CardGrid.tsx:8:3)
Warning: Updating a style property during rerender (animation) when a conflicting property is set (animationDelay) can lead to styling bugs. To avoid this, don't mix shorthand and non-shorthand properties for the same value; instead, replace the shorthand with separate values.
    at div
    at div
    at CardGrid (/Users/poonjohnny/Desktop/ProjectApp/Journo/frontend/.backup/design-system-old/organisms/CardGrid.tsx:8:3)
Warning: Updating a style property during rerender (animation) when a conflicting property is set (animationDelay) can lead to styling bugs. To avoid this, don't mix shorthand and non-shorthand properties for the same value; instead, replace the shorthand with separate values.
    at div
    at div
    at CardGrid (/Users/poonjohnny/Desktop/ProjectApp/Journo/frontend/.backup/design-system-old/organisms/CardGrid.tsx:8:3)

stderr | .backup/design-system-old/organisms/__tests__/CardGrid.test.tsx > CardGrid > Masonry Layout > should use auto-fit for masonry layout
Warning: Updating a style property during rerender (animation) when a conflicting property is set (animationDelay) can lead to styling bugs. To avoid this, don't mix shorthand and non-shorthand properties for the same value; instead, replace the shorthand with separate values.
    at div
    at div
    at CardGrid (/Users/poonjohnny/Desktop/ProjectApp/Journo/frontend/.backup/design-system-old/organisms/CardGrid.tsx:8:3)
Warning: Updating a style property during rerender (animation) when a conflicting property is set (animationDelay) can lead to styling bugs. To avoid this, don't mix shorthand and non-shorthand properties for the same value; instead, replace the shorthand with separate values.
    at div
    at div
    at CardGrid (/Users/poonjohnny/Desktop/ProjectApp/Journo/frontend/.backup/design-system-old/organisms/CardGrid.tsx:8:3)
Warning: Updating a style property during rerender (animation) when a conflicting property is set (animationDelay) can lead to styling bugs. To avoid this, don't mix shorthand and non-shorthand properties for the same value; instead, replace the shorthand with separate values.
    at div
    at div
    at CardGrid (/Users/poonjohnny/Desktop/ProjectApp/Journo/frontend/.backup/design-system-old/organisms/CardGrid.tsx:8:3)

stderr | .backup/design-system-old/organisms/__tests__/CardGrid.test.tsx > CardGrid > Masonry Layout > should use custom min card width for masonry
Warning: Updating a style property during rerender (animation) when a conflicting property is set (animationDelay) can lead to styling bugs. To avoid this, don't mix shorthand and non-shorthand properties for the same value; instead, replace the shorthand with separate values.
    at div
    at div
    at CardGrid (/Users/poonjohnny/Desktop/ProjectApp/Journo/frontend/.backup/design-system-old/organisms/CardGrid.tsx:8:3)
Warning: Updating a style property during rerender (animation) when a conflicting property is set (animationDelay) can lead to styling bugs. To avoid this, don't mix shorthand and non-shorthand properties for the same value; instead, replace the shorthand with separate values.
    at div
    at div
    at CardGrid (/Users/poonjohnny/Desktop/ProjectApp/Journo/frontend/.backup/design-system-old/organisms/CardGrid.tsx:8:3)
Warning: Updating a style property during rerender (animation) when a conflicting property is set (animationDelay) can lead to styling bugs. To avoid this, don't mix shorthand and non-shorthand properties for the same value; instead, replace the shorthand with separate values.
    at div
    at div
    at CardGrid (/Users/poonjohnny/Desktop/ProjectApp/Journo/frontend/.backup/design-system-old/organisms/CardGrid.tsx:8:3)

stderr | .backup/design-system-old/organisms/__tests__/CardGrid.test.tsx > CardGrid > Masonry Layout > should apply dense grid flow for masonry
Warning: Updating a style property during rerender (animation) when a conflicting property is set (animationDelay) can lead to styling bugs. To avoid this, don't mix shorthand and non-shorthand properties for the same value; instead, replace the shorthand with separate values.
    at div
    at div
    at CardGrid (/Users/poonjohnny/Desktop/ProjectApp/Journo/frontend/.backup/design-system-old/organisms/CardGrid.tsx:8:3)
Warning: Updating a style property during rerender (animation) when a conflicting property is set (animationDelay) can lead to styling bugs. To avoid this, don't mix shorthand and non-shorthand properties for the same value; instead, replace the shorthand with separate values.
    at div
    at div
    at CardGrid (/Users/poonjohnny/Desktop/ProjectApp/Journo/frontend/.backup/design-system-old/organisms/CardGrid.tsx:8:3)
Warning: Updating a style property during rerender (animation) when a conflicting property is set (animationDelay) can lead to styling bugs. To avoid this, don't mix shorthand and non-shorthand properties for the same value; instead, replace the shorthand with separate values.
    at div
    at div
    at CardGrid (/Users/poonjohnny/Desktop/ProjectApp/Journo/frontend/.backup/design-system-old/organisms/CardGrid.tsx:8:3)

stderr | .backup/design-system-old/organisms/__tests__/CardGrid.test.tsx > CardGrid > Responsive Behavior > should include responsive CSS classes
Warning: Updating a style property during rerender (animation) when a conflicting property is set (animationDelay) can lead to styling bugs. To avoid this, don't mix shorthand and non-shorthand properties for the same value; instead, replace the shorthand with separate values.
    at div
    at div
    at CardGrid (/Users/poonjohnny/Desktop/ProjectApp/Journo/frontend/.backup/design-system-old/organisms/CardGrid.tsx:8:3)
Warning: Updating a style property during rerender (animation) when a conflicting property is set (animationDelay) can lead to styling bugs. To avoid this, don't mix shorthand and non-shorthand properties for the same value; instead, replace the shorthand with separate values.
    at div
    at div
    at CardGrid (/Users/poonjohnny/Desktop/ProjectApp/Journo/frontend/.backup/design-system-old/organisms/CardGrid.tsx:8:3)
Warning: Updating a style property during rerender (animation) when a conflicting property is set (animationDelay) can lead to styling bugs. To avoid this, don't mix shorthand and non-shorthand properties for the same value; instead, replace the shorthand with separate values.
    at div
    at div
    at CardGrid (/Users/poonjohnny/Desktop/ProjectApp/Journo/frontend/.backup/design-system-old/organisms/CardGrid.tsx:8:3)

stderr | .backup/design-system-old/organisms/__tests__/CardGrid.test.tsx > CardGrid > Responsive Behavior > should define breakpoint styles
Warning: Updating a style property during rerender (animation) when a conflicting property is set (animationDelay) can lead to styling bugs. To avoid this, don't mix shorthand and non-shorthand properties for the same value; instead, replace the shorthand with separate values.
    at div
    at div
    at CardGrid (/Users/poonjohnny/Desktop/ProjectApp/Journo/frontend/.backup/design-system-old/organisms/CardGrid.tsx:8:3)
Warning: Updating a style property during rerender (animation) when a conflicting property is set (animationDelay) can lead to styling bugs. To avoid this, don't mix shorthand and non-shorthand properties for the same value; instead, replace the shorthand with separate values.
    at div
    at div
    at CardGrid (/Users/poonjohnny/Desktop/ProjectApp/Journo/frontend/.backup/design-system-old/organisms/CardGrid.tsx:8:3)
Warning: Updating a style property during rerender (animation) when a conflicting property is set (animationDelay) can lead to styling bugs. To avoid this, don't mix shorthand and non-shorthand properties for the same value; instead, replace the shorthand with separate values.
    at div
    at div
    at CardGrid (/Users/poonjohnny/Desktop/ProjectApp/Journo/frontend/.backup/design-system-old/organisms/CardGrid.tsx:8:3)

stderr | .backup/design-system-old/organisms/__tests__/CardGrid.test.tsx > CardGrid > Grid Display > should use CSS grid display
Warning: Updating a style property during rerender (animation) when a conflicting property is set (animationDelay) can lead to styling bugs. To avoid this, don't mix shorthand and non-shorthand properties for the same value; instead, replace the shorthand with separate values.
    at div
    at div
    at CardGrid (/Users/poonjohnny/Desktop/ProjectApp/Journo/frontend/.backup/design-system-old/organisms/CardGrid.tsx:8:3)
Warning: Updating a style property during rerender (animation) when a conflicting property is set (animationDelay) can lead to styling bugs. To avoid this, don't mix shorthand and non-shorthand properties for the same value; instead, replace the shorthand with separate values.
    at div
    at div
    at CardGrid (/Users/poonjohnny/Desktop/ProjectApp/Journo/frontend/.backup/design-system-old/organisms/CardGrid.tsx:8:3)
Warning: Updating a style property during rerender (animation) when a conflicting property is set (animationDelay) can lead to styling bugs. To avoid this, don't mix shorthand and non-shorthand properties for the same value; instead, replace the shorthand with separate values.
    at div
    at div
    at CardGrid (/Users/poonjohnny/Desktop/ProjectApp/Journo/frontend/.backup/design-system-old/organisms/CardGrid.tsx:8:3)

stderr | .backup/design-system-old/organisms/__tests__/CardGrid.test.tsx > CardGrid > Grid Display > should set width to 100%
Warning: Updating a style property during rerender (animation) when a conflicting property is set (animationDelay) can lead to styling bugs. To avoid this, don't mix shorthand and non-shorthand properties for the same value; instead, replace the shorthand with separate values.
    at div
    at div
    at CardGrid (/Users/poonjohnny/Desktop/ProjectApp/Journo/frontend/.backup/design-system-old/organisms/CardGrid.tsx:8:3)
Warning: Updating a style property during rerender (animation) when a conflicting property is set (animationDelay) can lead to styling bugs. To avoid this, don't mix shorthand and non-shorthand properties for the same value; instead, replace the shorthand with separate values.
    at div
    at div
    at CardGrid (/Users/poonjohnny/Desktop/ProjectApp/Journo/frontend/.backup/design-system-old/organisms/CardGrid.tsx:8:3)
Warning: Updating a style property during rerender (animation) when a conflicting property is set (animationDelay) can lead to styling bugs. To avoid this, don't mix shorthand and non-shorthand properties for the same value; instead, replace the shorthand with separate values.
    at div
    at div
    at CardGrid (/Users/poonjohnny/Desktop/ProjectApp/Journo/frontend/.backup/design-system-old/organisms/CardGrid.tsx:8:3)

stderr | .backup/design-system-old/organisms/__tests__/CardGrid.test.tsx > CardGrid > Children Handling > should handle single child
Warning: Updating a style property during rerender (animation) when a conflicting property is set (animationDelay) can lead to styling bugs. To avoid this, don't mix shorthand and non-shorthand properties for the same value; instead, replace the shorthand with separate values.
    at div
    at div
    at CardGrid (/Users/poonjohnny/Desktop/ProjectApp/Journo/frontend/.backup/design-system-old/organisms/CardGrid.tsx:8:3)

stderr | .backup/design-system-old/organisms/__tests__/CardGrid.test.tsx > CardGrid > Children Handling > should handle multiple children
Warning: Updating a style property during rerender (animation) when a conflicting property is set (animationDelay) can lead to styling bugs. To avoid this, don't mix shorthand and non-shorthand properties for the same value; instead, replace the shorthand with separate values.
    at div
    at div
    at CardGrid (/Users/poonjohnny/Desktop/ProjectApp/Journo/frontend/.backup/design-system-old/organisms/CardGrid.tsx:8:3)
Warning: Updating a style property during rerender (animation) when a conflicting property is set (animationDelay) can lead to styling bugs. To avoid this, don't mix shorthand and non-shorthand properties for the same value; instead, replace the shorthand with separate values.
    at div
    at div
    at CardGrid (/Users/poonjohnny/Desktop/ProjectApp/Journo/frontend/.backup/design-system-old/organisms/CardGrid.tsx:8:3)
Warning: Updating a style property during rerender (animation) when a conflicting property is set (animationDelay) can lead to styling bugs. To avoid this, don't mix shorthand and non-shorthand properties for the same value; instead, replace the shorthand with separate values.
    at div
    at div
    at CardGrid (/Users/poonjohnny/Desktop/ProjectApp/Journo/frontend/.backup/design-system-old/organisms/CardGrid.tsx:8:3)

 ✓ .backup/design-system-old/organisms/__tests__/CardGrid.test.tsx (32 tests) 1183ms
 ✓ src/components/kawaii/__tests__/ShoppingComponents.test.tsx (21 tests) 963ms
   ✓ ShoppingItem > calls onDelete when delete button is clicked  333ms
 ❯ src/components/kawaii/__tests__/ActivityCard.test.tsx (6 tests | 2 failed) 343ms
   ✓ ActivityCard > renders activity information correctly 175ms
   ✓ ActivityCard > displays time when provided 22ms
   × ActivityCard > formats duration correctly 48ms
     → Unable to find an element with the text: 1h 30min. This could be because the text is broken up by multiple elements. In this case, you can provide a function for your text matcher to make your matcher more flexible.

Ignored nodes: comments, script, style
[36m<body>[39m
  [36m<div>[39m
    [36m<div[39m
      [33mclass[39m=[32m"bg-white dark:bg-kawaii-neutral-800 rounded-2xl p-4 border-2 border-[#d5d0c2] dark:border-kawaii-neutral-700 shadow-kawaii-sm hover:shadow-kawaii-md transition-all cursor-pointer select-none"[39m
      [33mdraggable[39m=[32m"false"[39m
      [33mstyle[39m=[32m"user-select: none;"[39m
      [33mtabindex[39m=[32m"0"[39m
    [36m>[39m
      [36m<div[39m
        [33mclass[39m=[32m"flex items-start gap-3"[39m
      [36m>[39m
        [36m<div[39m
          [33mclass[39m=[32m"flex flex-col items-center gap-1 pt-1 cursor-grab active:cursor-grabbing"[39m
        [36m>[39m
          [36m<div[39m
            [33mclass[39m=[32m"w-1 h-1 rounded-full bg-kawaii-neutral-400 dark:bg-kawaii-neutral-500"[39m
          [36m/>[39m
          [36m<div[39m
            [33mclass[39m=[32m"w-1 h-1 rounded-full bg-kawaii-neutral-400 dark:bg-kawaii-neutral-500"[39m
          [36m/>[39m
          [36m<div[39m
            [33mclass[39m=[32m"w-1 h-1 rounded-full bg-kawaii-neutral-400 dark:bg-kawaii-neutral-500"[39m
          [36m/>[39m
          [36m<div[39m
            [33mclass[39m=[32m"w-1 h-1 rounded-full bg-kawaii-neutral-400 dark:bg-kawaii-neutral-500"[39m
          [36m/>[39m
          [36m<div[39m
            [33mclass[39m=[32m"w-1 h-1 rounded-full bg-kawaii-neutral-400 dark:bg-kawaii-neutral-500"[39m
          [36m/>[39m
          [36m<div[39m
            [33mclass[39m=[32m"w-1 h-1 rounded-full bg-kawaii-neutral-400 dark:bg-kawaii-neutral-500"[39m
          [36m/>[39m
        [36m</div>[39m
        [36m<div[39m
          [33mclass[39m=[32m"flex-shrink-0"[39m
        [36m>[39m
          [36m<div[39m
            [33mclass[39m=[32m"w-12 h-12 rounded-xl bg-kawaii-primary-100 dark:bg-kawaii-primary-900/30 flex items-center justify-center text-2xl"[39m
          [36m>[39m
            [0m🎨[0m
          [36m</div>[39m
        [36m</div>[39m
        [36m<div[39m
          [33mclass[39m=[32m"flex-1 min-w-0"[39m
        [36m>[39m
          [36m<h4[39m
            [33mclass[39m=[32m"font-semibold text-kawaii-neutral-900 dark:text-kawaii-neutral-100 mb-1 truncate"[39m
          [36m>[39m
            [0mOsaka Castle[0m
          [36m</h4>[39m
          [36m<p[39m
            [33mclass[39m=[32m"text-sm text-kawaii-neutral-600 dark:text-kawaii-neutral-400 truncate"[39m
          [36m>[39m
            [0m1-1 Osakajo, Chuo Ward, Osaka[0m
          [36m</p>[39m
        [36m</div>[39m
        [36m<button[39m
          [33maria-label[39m=[32m"common.more"[39m
          [33mclass[39m=[32m"flex-shrink-0 min-w-[44px] min-h-[44px] p-2 rounded-lg hover:bg-kawaii-neutral-100 dark:hover:bg-kawaii-neutral-700 transition-colors flex items-center justify-center"[39m
          [33mtabindex[39m=[32m"0"[39m
        [36m>[39m
          [36m<svg[39m
            [33mclass[39m=[32m"w-5 h-5 text-kawaii-neutral-600 dark:text-kawaii-neutral-400"[39m
            [33mfill[39m=[32m"currentColor"[39m
            [33mviewBox[39m=[32m"0 0 20 20"[39m
          [36m>[39m
            [36m<path[39m
              [33md[39m=[32m"M10 6a2 2 0 110-4 2 2 0 010 4zM10 12a2 2 0 110-4 2 2 0 010 4zM10 18a2 2 0 110-4 2 2 0 010 4z"[39m
            [36m/>[39m
          [36m</svg>[39m
        [36m</button>[39m
      [36m</div>[39m
    [36m</div>[39m
  [36m</div>[39m
[36m</body>[39m
   ✓ ActivityCard > calls onClick when clicked 36ms
   × ActivityCard > shows correct category emoji 32ms
     → Unable to find an element with the text: 🏯. This could be because the text is broken up by multiple elements. In this case, you can provide a function for your text matcher to make your matcher more flexible.

Ignored nodes: comments, script, style
[36m<body>[39m
  [36m<div>[39m
    [36m<div[39m
      [33mclass[39m=[32m"bg-white dark:bg-kawaii-neutral-800 rounded-2xl p-4 border-2 border-[#d5d0c2] dark:border-kawaii-neutral-700 shadow-kawaii-sm hover:shadow-kawaii-md transition-all cursor-pointer select-none"[39m
      [33mdraggable[39m=[32m"false"[39m
      [33mstyle[39m=[32m"user-select: none;"[39m
      [33mtabindex[39m=[32m"0"[39m
    [36m>[39m
      [36m<div[39m
        [33mclass[39m=[32m"flex items-start gap-3"[39m
      [36m>[39m
        [36m<div[39m
          [33mclass[39m=[32m"flex flex-col items-center gap-1 pt-1 cursor-grab active:cursor-grabbing"[39m
        [36m>[39m
          [36m<div[39m
            [33mclass[39m=[32m"w-1 h-1 rounded-full bg-kawaii-neutral-400 dark:bg-kawaii-neutral-500"[39m
          [36m/>[39m
          [36m<div[39m
            [33mclass[39m=[32m"w-1 h-1 rounded-full bg-kawaii-neutral-400 dark:bg-kawaii-neutral-500"[39m
          [36m/>[39m
          [36m<div[39m
            [33mclass[39m=[32m"w-1 h-1 rounded-full bg-kawaii-neutral-400 dark:bg-kawaii-neutral-500"[39m
          [36m/>[39m
          [36m<div[39m
            [33mclass[39m=[32m"w-1 h-1 rounded-full bg-kawaii-neutral-400 dark:bg-kawaii-neutral-500"[39m
          [36m/>[39m
          [36m<div[39m
            [33mclass[39m=[32m"w-1 h-1 rounded-full bg-kawaii-neutral-400 dark:bg-kawaii-neutral-500"[39m
          [36m/>[39m
          [36m<div[39m
            [33mclass[39m=[32m"w-1 h-1 rounded-full bg-kawaii-neutral-400 dark:bg-kawaii-neutral-500"[39m
          [36m/>[39m
        [36m</div>[39m
        [36m<div[39m
          [33mclass[39m=[32m"flex-shrink-0"[39m
        [36m>[39m
          [36m<div[39m
            [33mclass[39m=[32m"w-12 h-12 rounded-xl bg-kawaii-primary-100 dark:bg-kawaii-primary-900/30 flex items-center justify-center text-2xl"[39m
          [36m>[39m
            [0m🎨[0m
          [36m</div>[39m
        [36m</div>[39m
        [36m<div[39m
          [33mclass[39m=[32m"flex-1 min-w-0"[39m
        [36m>[39m
          [36m<h4[39m
            [33mclass[39m=[32m"font-semibold text-kawaii-neutral-900 dark:text-kawaii-neutral-100 mb-1 truncate"[39m
          [36m>[39m
            [0mOsaka Castle[0m
          [36m</h4>[39m
          [36m<p[39m
            [33mclass[39m=[32m"text-sm text-kawaii-neutral-600 dark:text-kawaii-neutral-400 truncate"[39m
          [36m>[39m
            [0m1-1 Osakajo, Chuo Ward, Osaka[0m
          [36m</p>[39m
        [36m</div>[39m
        [36m<button[39m
          [33maria-label[39m=[32m"common.more"[39m
          [33mclass[39m=[32m"flex-shrink-0 min-w-[44px] min-h-[44px] p-2 rounded-lg hover:bg-kawaii-neutral-100 dark:hover:bg-kawaii-neutral-700 transition-colors flex items-center justify-center"[39m
          [33mtabindex[39m=[32m"0"[39m
        [36m>[39m
          [36m<svg[39m
            [33mclass[39m=[32m"w-5 h-5 text-kawaii-neutral-600 dark:text-kawaii-neutral-400"[39m
            [33mfill[39m=[32m"currentColor"[39m
            [33mviewBox[39m=[32m"0 0 20 20"[39m
          [36m>[39m
            [36m<path[39m
              [33md[39m=[32m"M10 6a2 2 0 110-4 2 2 0 010 4zM10 12a2 2 0 110-4 2 2 0 010 4zM10 18a2 2 0 110-4 2 2 0 010 4z"[39m
            [36m/>[39m
          [36m</svg>[39m
        [36m</button>[39m
      [36m</div>[39m
    [36m</div>[39m
  [36m</div>[39m
[36m</body>[39m
   ✓ ActivityCard > truncates long notes 26ms
 ❯ src/components/common/__tests__/StorageIndicator.test.tsx (6 tests | 1 failed) 1423ms
   ✓ StorageIndicator > should not render when storage usage is below 50% and showDetails is false 80ms
   ✓ StorageIndicator > should render when storage usage is above 50% 134ms
   ✓ StorageIndicator > should show warning when near limit 23ms
   ✓ StorageIndicator > should show error when over limit 62ms
   ✓ StorageIndicator > should show storage breakdown when showDetails is true 88ms
   × StorageIndicator > should apply correct color classes based on storage status 1031ms
     → [2mexpect([22m[31melement[39m[2m).toHaveClass([22m[32m[32m"text-blue-600 bg-blue-50"[32m[39m[2m)[22m

Expected the element to have class:
[32m  text-blue-600 bg-blue-50[39m
Received:
[31m  flex items-center gap-2[39m

Ignored nodes: comments, script, style
[36m<html>[39m
  [36m<head />[39m
  [36m<body>[39m
    [36m<div>[39m
      [36m<div[39m
        [33mclass[39m=[32m"rounded-lg p-3 text-blue-600 bg-blue-50 "[39m
      [36m>[39m
        [36m<div[39m
          [33mclass[39m=[32m"flex items-center justify-between mb-2"[39m
        [36m>[39m
          [36m<div[39m
            [33mclass[39m=[32m"flex items-center gap-2"[39m
          [36m>[39m
            [36m<svg[39m
              [33mclass[39m=[32m"w-5 h-5"[39m
              [33mfill[39m=[32m"none"[39m
              [33mstroke[39m=[32m"currentColor"[39m
              [33mviewBox[39m=[32m"0 0 24 24"[39m
            [36m>[39m
              [36m<path[39m
                [33md[39m=[32m"M4 7v10c0 2.21 3.582 4 8 4s8-1.79 8-4V7M4 7c0 2.21 3.582 4 8 4s8-1.79 8-4M4 7c0-2.21 3.582-4 8-4s8 1.79 8 4"[39m
                [33mstroke-linecap[39m=[32m"round"[39m
                [33mstroke-linejoin[39m=[32m"round"[39m
                [33mstroke-width[39m=[32m"2"[39m
              [36m/>[39m
            [36m</svg>[39m
            [36m<span[39m
              [33mclass[39m=[32m"font-medium text-sm"[39m
            [36m>[39m
              [0mOffline Storage[0m
            [36m</span>[39m
          [36m</div>[39m
          [36m<span[39m
            [33mclass[39m=[32m"text-xs font-semibold"[39m
          [36m>[39m
            [0m60.0[0m
            [0m%[0m
          [36m</span>[39m
        [36m</div>[39m
        [36m<div[39m
          [33mclass[39m=[32m"w-full bg-white bg-opacity-50 rounded-full h-2 mb-2"[39m
        [36m>[39m
          [36m<div[39m
            [33mclass[39m=[32m"h-2 rounded-full transition-all duration-300 bg-blue-500"[39m
            [33mstyle[39m=[32m"width: 60%;"[39m
          [36m/>[39m
        [36m</div>[39m
        [36m<div[39m
          [33mclass[39m=[32m"text-xs"[39m
        [36m>[39m
          [0m31457280 Bytes[0m
          [0m of[0m
          [0m [0m
          [0m52428800 Bytes[0m
          [0m used[0m
        [36m</div>[39m
        [36m<details[39m
          [33mclass[39m=[32m"mt-3"[39m
        [36m>[39m
          [36m<summary[39m
            [33mclass[39m=[32m"text-xs font-medium cursor-pointer"[39m
          [36m>[39m
            [0mStorage Breakdown[0m
          [36m</summary>[39m
          [36m<div[39m
            [33mclass[39m=[32m"mt-2 space-y-1 text-xs"[39m
          [36m>[39m
            [36m<div[39m
              [33mclass[39m=[32m"flex justify-between"[39m
            [36m>[39m
              [36m<span[39m
                [33mclass[39m=[32m"capitalize"[39m
              [36m>[39m
                [0mtrips[0m
                [0m:[0m
              [36m</span>[39m
              [36m<span[39m
                [33mclass[39m=[32m"font-mono"[39m
              [36m>[39m
                [0m20 MB[0m
              [36m</span>[39m
            [36m</div>[39m
            [36m<div[39m
              [33mclass[39m=[32m"flex justify-between"[39m
            [36m>[39m
              [36m<span[39m
                [33mclass[39m=[32m"capitalize"[39m
              [36m>[39m
                [0mtrip Days[0m
                [0m:[0m
              [36m</span>[39m
              [36m<span[39m
                [33mclass[39m=[32m"font-mono"[39m
              [36m>[39m
                [0m5 MB[0m
              [36m</span>[39m
            [36m</div>[39m
            [36m<div[39m
              [33mclass[39m=[32m"flex justify-between"[39m
            [36m>[39m
              [36m<span[39m
                [33mclass[39m=[32m"capitalize"[39m
              [36m>[39m
                [0mplaces[0m
                [0m:[0m
              [36m</span>[39m
              [36m<span[39m
                [33mclass[39m=[32m"font-mono"[39m
              [36m>[39m
                [0m3 MB[0m
              [36m</span>[39m
            [36m</div>[39m
            [36m<div[39m
              [33mclass[39m=[32m"flex justify-between"[39m
            [36m>[39m
              [36m<span[39m
                [33mclass[39m=[32m"capitalize"[39m
              [36m>[39m
                [0mstory Items[0m
                [0m:[0m
              [36m</span>[39m
              [36m<span[39m
                [33mclass[39m=[32m"font-mono"[39m
              [36m>[39m
                [0m1048576 Bytes[0m
              [36m</span>[39m
            [36m</div>[39m
            [36m<div[39m
              [33mclass[39m=[32m"flex justify-between"[39m
            [36m>[39m
              [36m<span[39m
                [33mclass[39m=[32m"capitalize"[39m
              [36m>[39m
                [0mpacking Items[0m
                [0m:[0m
              [36m</span>[39m
              [36m<span[39m
                [33mclass[39m=[32m"font-mono"[39m
              [36m>[39m
                [0m512000 Bytes[0m
              [36m</span>[39m
            [36m</div>[39m
            [36m<div[39m
              [33mclass[39m=[32m"flex justify-between"[39m
            [36m>[39m
              [36m<span[39m
                [33mclass[39m=[32m"capitalize"[39m
              [36m>[39m
                [0msync Queue[0m
                [0m:[0m
              [36m</span>[39m
              [36m<span[39m
                [33mclass[39m=[32m"font-mono"[39m
              [36m>[39m
                [0m307200 Bytes[0m
              [36m</span>[39m
            [36m</div>[39m
            [36m<div[39m
              [33mclass[39m=[32m"flex justify-between"[39m
            [36m>[39m
              [36m<span[39m
                [33mclass[39m=[32m"capitalize"[39m
              [36m>[39m
                [0mpending Uploads[0m
                [0m:[0m
              [36m</span>[39m
              [36m<span[39m
                [33mclass[39m=[32m"font-mono"[39m
              [36m>[39m
                [0m102400 Bytes[0m
              [36m</span>[39m
            [36m</div>[39m
            [36m<div[39m
              [33mclass[39m=[32m"flex justify-between"[39m
            [36m>[39m
              [36m<span[39m
                [33mclass[39m=[32m"capitalize"[39m
              [36m>[39m
                [0mmetadata[0m
                [0m:[0m
              [36m</span>[39m
              [36m<span[39m
                [33mclass[39m=[32m"font-mono"[39m
              [36m>[39m
                [0m102400 Bytes[0m
              [36m</span>[39m
            [36m</div>[39m
          [36m</div>[39m
        [36m</details>[39m
      [36m</div>[39m
    [36m</div>[39m
  [36m</body>[39m
[36m</html>[39m
 ❯ src/components/kawaii/__tests__/Button.test.tsx (9 tests | 6 failed) 367ms
   ✓ Kawaii Button Component > renders button with text 190ms
   × Kawaii Button Component > applies primary variant by default 47ms
     → [2mexpect([22m[31melement[39m[2m).toHaveClass([22m[32m[32m"kawaii-button-primary"[32m[39m[2m)[22m

Expected the element to have class:
[32m  kawaii-button-primary[39m
Received:
[31m  truncate[39m
   × Kawaii Button Component > applies secondary variant when specified 21ms
     → [2mexpect([22m[31melement[39m[2m).toHaveClass([22m[32m[32m"kawaii-button-secondary"[32m[39m[2m)[22m

Expected the element to have class:
[32m  kawaii-button-secondary[39m
Received:
[31m  truncate[39m
   × Kawaii Button Component > applies ghost variant when specified 13ms
     → [2mexpect([22m[31melement[39m[2m).toHaveClass([22m[32m[32m"kawaii-button-ghost"[32m[39m[2m)[22m

Expected the element to have class:
[32m  kawaii-button-ghost[39m
Received:
[31m  truncate[39m
   × Kawaii Button Component > disables button when disabled prop is true 35ms
     → [2mexpect([22m[31melement[39m[2m).toBeDisabled()[22m

Received element is not disabled:
  [31m<span
  class="truncate"
/>[39m
   × Kawaii Button Component > shows loading spinner when loading 19ms
     → [2mexpect([22m[31melement[39m[2m).toBeDisabled()[22m

Received element is not disabled:
  [31m<span
  class="truncate"
/>[39m
   ✓ Kawaii Button Component > renders with icon on left 12ms
   ✓ Kawaii Button Component > renders with icon on right 6ms
   × Kawaii Button Component > applies fullWidth class when fullWidth is true 19ms
     → [2mexpect([22m[31melement[39m[2m).toHaveClass([22m[32m[32m"w-full"[32m[39m[2m)[22m

Expected the element to have class:
[32m  w-full[39m
Received:
[31m  truncate[39m
 ✓ src/components/budget/organisms/__tests__/VisualizationSection.test.tsx (23 tests) 1039ms
   ✓ VisualizationSection > Accessibility > should have proper heading hierarchy  449ms
stderr | src/components/budget/organisms/__tests__/BudgetSetupSection.test.tsx > BudgetSetupSection > Save Functionality > should show error message when save fails
Failed to save budget config: Error: Network error
    at [90m/Users/poonjohnny/Desktop/ProjectApp/Journo/frontend/[39msrc/components/budget/organisms/__tests__/BudgetSetupSection.test.tsx:284:36
    at file:///Users/poonjohnny/Desktop/ProjectApp/Journo/node_modules/[4m@vitest[24m/runner/dist/chunk-hooks.js:155:11
    at file:///Users/poonjohnny/Desktop/ProjectApp/Journo/node_modules/[4m@vitest[24m/runner/dist/chunk-hooks.js:752:26
    at file:///Users/poonjohnny/Desktop/ProjectApp/Journo/node_modules/[4m@vitest[24m/runner/dist/chunk-hooks.js:1897:20
    at new Promise (<anonymous>)
    at runWithTimeout (file:///Users/poonjohnny/Desktop/ProjectApp/Journo/node_modules/[4m@vitest[24m/runner/dist/chunk-hooks.js:1863:10)
    at runTest (file:///Users/poonjohnny/Desktop/ProjectApp/Journo/node_modules/[4m@vitest[24m/runner/dist/chunk-hooks.js:1574:12)
    at runSuite (file:///Users/poonjohnny/Desktop/ProjectApp/Journo/node_modules/[4m@vitest[24m/runner/dist/chunk-hooks.js:1729:8)
    at runSuite (file:///Users/poonjohnny/Desktop/ProjectApp/Journo/node_modules/[4m@vitest[24m/runner/dist/chunk-hooks.js:1729:8)
    at runSuite (file:///Users/poonjohnny/Desktop/ProjectApp/Journo/node_modules/[4m@vitest[24m/runner/dist/chunk-hooks.js:1729:8)

 ✓ src/components/budget/organisms/__tests__/BudgetSetupSection.test.tsx (24 tests) 1166ms
 ✓ src/utils/__tests__/accessibility.keyboard.test.ts (29 tests) 710ms
 ✓ src/components/common/__tests__/AriaLiveRegion.test.tsx (10 tests) 774ms
   ✓ AriaLiveRegion > Component Rendering > should have role="status"  336ms
stderr | src/components/kawaii/__tests__/StickerModal.test.tsx > StickerModal > renders modal when open
Warning: React does not recognize the `whileTap` prop on a DOM element. If you intentionally want it to appear in the DOM as a custom attribute, spell it as lowercase `whiletap` instead. If you accidentally passed it from a parent component, remove it from the DOM element.
    at button
    at button (/Users/poonjohnny/Desktop/ProjectApp/Journo/frontend/src/components/kawaii/__tests__/StickerModal.test.tsx:10:16)
    at div
    at div (/Users/poonjohnny/Desktop/ProjectApp/Journo/frontend/src/components/kawaii/__tests__/StickerModal.test.tsx:5:13)
    at div
    at div
    at div
    at div (/Users/poonjohnny/Desktop/ProjectApp/Journo/frontend/src/components/kawaii/__tests__/StickerModal.test.tsx:5:13)
    at div
    at AnimatePresence (/Users/poonjohnny/Desktop/ProjectApp/Journo/frontend/src/components/kawaii/__tests__/StickerModal.test.tsx:16:23)
    at StickerModal (/Users/poonjohnny/Desktop/ProjectApp/Journo/frontend/src/components/kawaii/StickerModal.tsx:27:3)
Warning: React does not recognize the `whileHover` prop on a DOM element. If you intentionally want it to appear in the DOM as a custom attribute, spell it as lowercase `whilehover` instead. If you accidentally passed it from a parent component, remove it from the DOM element.
    at div
    at div (/Users/poonjohnny/Desktop/ProjectApp/Journo/frontend/src/components/kawaii/__tests__/StickerModal.test.tsx:5:13)
    at div
    at div
    at div
    at div (/Users/poonjohnny/Desktop/ProjectApp/Journo/frontend/src/components/kawaii/__tests__/StickerModal.test.tsx:5:13)
    at div
    at AnimatePresence (/Users/poonjohnny/Desktop/ProjectApp/Journo/frontend/src/components/kawaii/__tests__/StickerModal.test.tsx:16:23)
    at StickerModal (/Users/poonjohnny/Desktop/ProjectApp/Journo/frontend/src/components/kawaii/StickerModal.tsx:27:3)

 ✓ src/utils/__tests__/googleMapsUrl.property.test.ts (9 tests) 721ms
 ✓ src/components/kawaii/__tests__/StickerModal.test.tsx (14 tests) 698ms
stderr | src/components/kawaii/__tests__/ActivityItem.test.tsx > ActivityItem > Rendering > renders activity name
Warning: Received `true` for a non-boolean attribute `layout`.

If you want to write it to the DOM, pass a string instead: layout="true" or layout={value.toString()}.
    at div
    at div (/Users/poonjohnny/Desktop/ProjectApp/Journo/frontend/src/components/kawaii/__tests__/ActivityItem.test.tsx:4:13)
    at ActivityItem (/Users/poonjohnny/Desktop/ProjectApp/Journo/frontend/src/components/kawaii/ActivityItem.tsx:37:3)
Warning: React does not recognize the `whileHover` prop on a DOM element. If you intentionally want it to appear in the DOM as a custom attribute, spell it as lowercase `whilehover` instead. If you accidentally passed it from a parent component, remove it from the DOM element.
    at div
    at div (/Users/poonjohnny/Desktop/ProjectApp/Journo/frontend/src/components/kawaii/__tests__/ActivityItem.test.tsx:4:13)
    at ActivityItem (/Users/poonjohnny/Desktop/ProjectApp/Journo/frontend/src/components/kawaii/ActivityItem.tsx:37:3)
Warning: React does not recognize the `whileTap` prop on a DOM element. If you intentionally want it to appear in the DOM as a custom attribute, spell it as lowercase `whiletap` instead. If you accidentally passed it from a parent component, remove it from the DOM element.
    at div
    at div (/Users/poonjohnny/Desktop/ProjectApp/Journo/frontend/src/components/kawaii/__tests__/ActivityItem.test.tsx:4:13)
    at ActivityItem (/Users/poonjohnny/Desktop/ProjectApp/Journo/frontend/src/components/kawaii/ActivityItem.tsx:37:3)

 ✓ src/components/kawaii/__tests__/ActivityItem.test.tsx (32 tests) 638ms
 ✓ src/hooks/__tests__/useDynamicType.test.ts (15 tests) 581ms
 ✓ src/components/kawaii/__tests__/BudgetComponents.test.tsx (13 tests) 913ms
   ✓ ExpenseItem > calls onDelete when delete button is clicked  387ms
 ✓ src/components/budget/atoms/__tests__/atoms.test.tsx (27 tests) 732ms
   ✓ Budget Atomic Components > FilterTab > calls onClick with correct value  362ms
 ✓ src/components/common/__tests__/SkipLinks.test.tsx (11 tests) 748ms
   ✓ SkipLinks > Additional skip links > should apply skip-link class to all links  413ms
 ✓ src/components/kawaii/__tests__/ParticleSystem.test.tsx (14 tests) 458ms
 ✓ src/components/common/__tests__/ResponsiveLayout.test.tsx (25 tests) 510ms
 ✓ src/components/layout/__tests__/NavigationWrapper.skipLinks.test.tsx (13 tests) 989ms
   ✓ NavigationWrapper - Skip Links Integration > Main content landmark > should render children inside main content  359ms
 ✓ src/components/kawaii/__tests__/RouteDisplay.test.tsx (7 tests) 309ms
 ✓ src/components/common/__tests__/BadgeDisplay.test.tsx (5 tests) 244ms
stderr | src/components/common/__tests__/PWAInstallPrompt.test.tsx > PWAInstallPrompt > should render when install prompt is available
Warning: An update to PWAInstallPrompt inside a test was not wrapped in act(...).

When testing, code that causes React state updates should be wrapped into act(...):

act(() => {
  /* fire events that update state */
});
/* assert on the output */

This ensures that you're testing the behavior the user would see in the browser. Learn more at https://reactjs.org/link/wrap-tests-with-act
    at PWAInstallPrompt (/Users/poonjohnny/Desktop/ProjectApp/Journo/frontend/src/components/common/PWAInstallPrompt.tsx:8:69)
Warning: An update to PWAInstallPrompt inside a test was not wrapped in act(...).

When testing, code that causes React state updates should be wrapped into act(...):

act(() => {
  /* fire events that update state */
});
/* assert on the output */

This ensures that you're testing the behavior the user would see in the browser. Learn more at https://reactjs.org/link/wrap-tests-with-act
    at PWAInstallPrompt (/Users/poonjohnny/Desktop/ProjectApp/Journo/frontend/src/components/common/PWAInstallPrompt.tsx:8:69)

stderr | src/components/common/__tests__/PWAInstallPrompt.test.tsx > PWAInstallPrompt > should handle install button click
Warning: An update to PWAInstallPrompt inside a test was not wrapped in act(...).

When testing, code that causes React state updates should be wrapped into act(...):

act(() => {
  /* fire events that update state */
});
/* assert on the output */

This ensures that you're testing the behavior the user would see in the browser. Learn more at https://reactjs.org/link/wrap-tests-with-act
    at PWAInstallPrompt (/Users/poonjohnny/Desktop/ProjectApp/Journo/frontend/src/components/common/PWAInstallPrompt.tsx:8:69)
Warning: An update to PWAInstallPrompt inside a test was not wrapped in act(...).

When testing, code that causes React state updates should be wrapped into act(...):

act(() => {
  /* fire events that update state */
});
/* assert on the output */

This ensures that you're testing the behavior the user would see in the browser. Learn more at https://reactjs.org/link/wrap-tests-with-act
    at PWAInstallPrompt (/Users/poonjohnny/Desktop/ProjectApp/Journo/frontend/src/components/common/PWAInstallPrompt.tsx:8:69)

stdout | src/components/common/__tests__/PWAInstallPrompt.test.tsx > PWAInstallPrompt > should handle install button click
User accepted the install prompt

stderr | src/components/common/__tests__/PWAInstallPrompt.test.tsx > PWAInstallPrompt > should handle install button click
Warning: An update to PWAInstallPrompt inside a test was not wrapped in act(...).

When testing, code that causes React state updates should be wrapped into act(...):

act(() => {
  /* fire events that update state */
});
/* assert on the output */

This ensures that you're testing the behavior the user would see in the browser. Learn more at https://reactjs.org/link/wrap-tests-with-act
    at PWAInstallPrompt (/Users/poonjohnny/Desktop/ProjectApp/Journo/frontend/src/components/common/PWAInstallPrompt.tsx:8:69)
Warning: An update to PWAInstallPrompt inside a test was not wrapped in act(...).

When testing, code that causes React state updates should be wrapped into act(...):

act(() => {
  /* fire events that update state */
});
/* assert on the output */

This ensures that you're testing the behavior the user would see in the browser. Learn more at https://reactjs.org/link/wrap-tests-with-act
    at PWAInstallPrompt (/Users/poonjohnny/Desktop/ProjectApp/Journo/frontend/src/components/common/PWAInstallPrompt.tsx:8:69)

stderr | src/components/common/__tests__/PWAInstallPrompt.test.tsx > PWAInstallPrompt > should handle dismiss button click
Warning: An update to PWAInstallPrompt inside a test was not wrapped in act(...).

When testing, code that causes React state updates should be wrapped into act(...):

act(() => {
  /* fire events that update state */
});
/* assert on the output */

This ensures that you're testing the behavior the user would see in the browser. Learn more at https://reactjs.org/link/wrap-tests-with-act
    at PWAInstallPrompt (/Users/poonjohnny/Desktop/ProjectApp/Journo/frontend/src/components/common/PWAInstallPrompt.tsx:8:69)
Warning: An update to PWAInstallPrompt inside a test was not wrapped in act(...).

When testing, code that causes React state updates should be wrapped into act(...):

act(() => {
  /* fire events that update state */
});
/* assert on the output */

This ensures that you're testing the behavior the user would see in the browser. Learn more at https://reactjs.org/link/wrap-tests-with-act
    at PWAInstallPrompt (/Users/poonjohnny/Desktop/ProjectApp/Journo/frontend/src/components/common/PWAInstallPrompt.tsx:8:69)

stderr | src/components/common/__tests__/PWAInstallPrompt.test.tsx > PWAInstallPrompt > should not render when user has previously dismissed
Warning: An update to PWAInstallPrompt inside a test was not wrapped in act(...).

When testing, code that causes React state updates should be wrapped into act(...):

act(() => {
  /* fire events that update state */
});
/* assert on the output */

This ensures that you're testing the behavior the user would see in the browser. Learn more at https://reactjs.org/link/wrap-tests-with-act
    at PWAInstallPrompt (/Users/poonjohnny/Desktop/ProjectApp/Journo/frontend/src/components/common/PWAInstallPrompt.tsx:8:69)

stderr | src/components/common/__tests__/PWAInstallPrompt.test.tsx > PWAInstallPrompt > should hide when app is installed
Warning: An update to PWAInstallPrompt inside a test was not wrapped in act(...).

When testing, code that causes React state updates should be wrapped into act(...):

act(() => {
  /* fire events that update state */
});
/* assert on the output */

This ensures that you're testing the behavior the user would see in the browser. Learn more at https://reactjs.org/link/wrap-tests-with-act
    at PWAInstallPrompt (/Users/poonjohnny/Desktop/ProjectApp/Journo/frontend/src/components/common/PWAInstallPrompt.tsx:8:69)
Warning: An update to PWAInstallPrompt inside a test was not wrapped in act(...).

When testing, code that causes React state updates should be wrapped into act(...):

act(() => {
  /* fire events that update state */
});
/* assert on the output */

This ensures that you're testing the behavior the user would see in the browser. Learn more at https://reactjs.org/link/wrap-tests-with-act
    at PWAInstallPrompt (/Users/poonjohnny/Desktop/ProjectApp/Journo/frontend/src/components/common/PWAInstallPrompt.tsx:8:69)

stderr | src/components/common/__tests__/PWAInstallPrompt.test.tsx > PWAInstallPrompt > should hide when app is installed
Warning: An update to PWAInstallPrompt inside a test was not wrapped in act(...).

When testing, code that causes React state updates should be wrapped into act(...):

act(() => {
  /* fire events that update state */
});
/* assert on the output */

This ensures that you're testing the behavior the user would see in the browser. Learn more at https://reactjs.org/link/wrap-tests-with-act
    at PWAInstallPrompt (/Users/poonjohnny/Desktop/ProjectApp/Journo/frontend/src/components/common/PWAInstallPrompt.tsx:8:69)
Warning: An update to PWAInstallPrompt inside a test was not wrapped in act(...).

When testing, code that causes React state updates should be wrapped into act(...):

act(() => {
  /* fire events that update state */
});
/* assert on the output */

This ensures that you're testing the behavior the user would see in the browser. Learn more at https://reactjs.org/link/wrap-tests-with-act
    at PWAInstallPrompt (/Users/poonjohnny/Desktop/ProjectApp/Journo/frontend/src/components/common/PWAInstallPrompt.tsx:8:69)
Warning: An update to PWAInstallPrompt inside a test was not wrapped in act(...).

When testing, code that causes React state updates should be wrapped into act(...):

act(() => {
  /* fire events that update state */
});
/* assert on the output */

This ensures that you're testing the behavior the user would see in the browser. Learn more at https://reactjs.org/link/wrap-tests-with-act
    at PWAInstallPrompt (/Users/poonjohnny/Desktop/ProjectApp/Journo/frontend/src/components/common/PWAInstallPrompt.tsx:8:69)

 ✓ src/components/common/__tests__/PWAInstallPrompt.test.tsx (7 tests) 345ms
 ✓ src/components/kawaii/__tests__/AnimationProvider.test.tsx (9 tests) 190ms
 ✓ src/components/kawaii/__tests__/HotelCard.test.tsx (5 tests) 218ms
 ✓ src/components/common/__tests__/OfflineStatus.test.tsx (9 tests) 234ms
stdout | src/services/__tests__/healthMonitor.test.ts > HealthMonitor > Service Health Checking > should check service health successfully
Health monitoring stopped

stdout | src/services/__tests__/healthMonitor.test.ts > HealthMonitor > Service Health Checking > should detect service failures
Health monitoring stopped

stdout | src/services/__tests__/healthMonitor.test.ts > HealthMonitor > Service Health Checking > should handle network errors
Health monitoring stopped

stdout | src/services/__tests__/healthMonitor.test.ts > HealthMonitor > Service Health Checking > should handle timeout errors
Health monitoring stopped

stdout | src/services/__tests__/healthMonitor.test.ts > HealthMonitor > Overall Health Status > should report healthy status when all services are healthy
Health monitoring stopped

stdout | src/services/__tests__/healthMonitor.test.ts > HealthMonitor > Overall Health Status > should report degraded status when some services are unhealthy
Service changes detected: [
  {
    service: [32m'api'[39m,
    previousStatus: [33mtrue[39m,
    currentStatus: [33mfalse[39m,
    timestamp: [35m2026-02-17T15:37:44.305Z[39m,
    message: [32m'api service is experiencing issues'[39m
  }
]

stdout | src/services/__tests__/healthMonitor.test.ts > HealthMonitor > Overall Health Status > should report degraded status when some services are unhealthy
Health monitoring stopped

stdout | src/services/__tests__/healthMonitor.test.ts > HealthMonitor > Overall Health Status > should report offline status when network is offline
Health monitoring stopped

stdout | src/services/__tests__/healthMonitor.test.ts > HealthMonitor > Feature Management > should enable features when required services are healthy
Health monitoring stopped

stdout | src/services/__tests__/healthMonitor.test.ts > HealthMonitor > Feature Management > should disable features when required services are unhealthy
Service changes detected: [
  {
    service: [32m'destinations'[39m,
    previousStatus: [33mtrue[39m,
    currentStatus: [33mfalse[39m,
    timestamp: [35m2026-02-17T15:37:44.312Z[39m,
    message: [32m'destinations service is experiencing issues'[39m
  }
]

stdout | src/services/__tests__/healthMonitor.test.ts > HealthMonitor > Feature Management > should disable features when required services are unhealthy
Health monitoring stopped

stdout | src/services/__tests__/healthMonitor.test.ts > HealthMonitor > Feature Management > should keep offline-capable features enabled when offline
Enabling offline mode...
Service changes detected: [
  {
    service: [32m'network'[39m,
    previousStatus: [33mtrue[39m,
    currentStatus: [33mfalse[39m,
    timestamp: [35m2026-02-17T15:37:44.317Z[39m,
    message: [32m'You are now offline. Some features may be unavailable.'[39m
  }
]

stdout | src/services/__tests__/healthMonitor.test.ts > HealthMonitor > Feature Management > should keep offline-capable features enabled when offline
Health monitoring stopped

stdout | src/services/__tests__/healthMonitor.test.ts > HealthMonitor > Feature Management > should get all features with their status
Health monitoring stopped

stdout | src/services/__tests__/healthMonitor.test.ts > HealthMonitor > Service Change Notifications > should notify listeners when service status changes
Service changes detected: [
  {
    service: [32m'api'[39m,
    previousStatus: [33mtrue[39m,
    currentStatus: [33mfalse[39m,
    timestamp: [35m2026-02-17T15:37:44.320Z[39m,
    message: [32m'api service is experiencing issues'[39m
  }
]

stdout | src/services/__tests__/healthMonitor.test.ts > HealthMonitor > Service Change Notifications > should notify listeners when service status changes
Health monitoring stopped

stdout | src/services/__tests__/healthMonitor.test.ts > HealthMonitor > Service Change Notifications > should not notify when status does not change
Health monitoring stopped

stdout | src/services/__tests__/healthMonitor.test.ts > HealthMonitor > Health Monitoring > should start monitoring services
Starting health monitoring...

stdout | src/services/__tests__/healthMonitor.test.ts > HealthMonitor > Health Monitoring > should start monitoring services
Service changes detected: [
  {
    service: [32m'api'[39m,
    previousStatus: [33mtrue[39m,
    currentStatus: [33mfalse[39m,
    timestamp: [35m2026-02-17T15:37:44.327Z[39m,
    message: [32m'api service is experiencing issues'[39m
  },
  {
    service: [32m'destinations'[39m,
    previousStatus: [33mtrue[39m,
    currentStatus: [33mfalse[39m,
    timestamp: [35m2026-02-17T15:37:44.327Z[39m,
    message: [32m'destinations service is experiencing issues'[39m
  },
  {
    service: [32m'trips'[39m,
    previousStatus: [33mtrue[39m,
    currentStatus: [33mfalse[39m,
    timestamp: [35m2026-02-17T15:37:44.327Z[39m,
    message: [32m'trips service is experiencing issues'[39m
  },
  {
    service: [32m'auth'[39m,
    previousStatus: [33mtrue[39m,
    currentStatus: [33mfalse[39m,
    timestamp: [35m2026-02-17T15:37:44.327Z[39m,
    message: [32m'auth service is experiencing issues'[39m
  },
  {
    service: [32m'weather'[39m,
    previousStatus: [33mtrue[39m,
    currentStatus: [33mfalse[39m,
    timestamp: [35m2026-02-17T15:37:44.327Z[39m,
    message: [32m'weather service is experiencing issues'[39m
  },
  {
    service: [32m'maps'[39m,
    previousStatus: [33mtrue[39m,
    currentStatus: [33mfalse[39m,
    timestamp: [35m2026-02-17T15:37:44.327Z[39m,
    message: [32m'maps service is experiencing issues'[39m
  }
]

stdout | src/services/__tests__/healthMonitor.test.ts > HealthMonitor > Health Monitoring > should start monitoring services
Health monitoring stopped

stdout | src/services/__tests__/healthMonitor.test.ts > HealthMonitor > Health Monitoring > should stop monitoring services
Starting health monitoring...
Health monitoring stopped

stdout | src/services/__tests__/healthMonitor.test.ts > HealthMonitor > Health Monitoring > should stop monitoring services
Service changes detected: [
  {
    service: [32m'api'[39m,
    previousStatus: [33mtrue[39m,
    currentStatus: [33mfalse[39m,
    timestamp: [35m2026-02-17T15:37:44.330Z[39m,
    message: [32m'api service is experiencing issues'[39m
  },
  {
    service: [32m'destinations'[39m,
    previousStatus: [33mtrue[39m,
    currentStatus: [33mfalse[39m,
    timestamp: [35m2026-02-17T15:37:44.330Z[39m,
    message: [32m'destinations service is experiencing issues'[39m
  },
  {
    service: [32m'trips'[39m,
    previousStatus: [33mtrue[39m,
    currentStatus: [33mfalse[39m,
    timestamp: [35m2026-02-17T15:37:44.330Z[39m,
    message: [32m'trips service is experiencing issues'[39m
  },
  {
    service: [32m'auth'[39m,
    previousStatus: [33mtrue[39m,
    currentStatus: [33mfalse[39m,
    timestamp: [35m2026-02-17T15:37:44.330Z[39m,
    message: [32m'auth service is experiencing issues'[39m
  },
  {
    service: [32m'weather'[39m,
    previousStatus: [33mtrue[39m,
    currentStatus: [33mfalse[39m,
    timestamp: [35m2026-02-17T15:37:44.330Z[39m,
    message: [32m'weather service is experiencing issues'[39m
  },
  {
    service: [32m'maps'[39m,
    previousStatus: [33mtrue[39m,
    currentStatus: [33mfalse[39m,
    timestamp: [35m2026-02-17T15:37:44.330Z[39m,
    message: [32m'maps service is experiencing issues'[39m
  }
]

stdout | src/services/__tests__/healthMonitor.test.ts > HealthMonitor > Health Monitoring > should stop monitoring services
Health monitoring stopped

stdout | src/services/__tests__/healthMonitor.test.ts > HealthMonitor > Health Monitoring > should not start monitoring twice
Starting health monitoring...
Health monitoring already active

stdout | src/services/__tests__/healthMonitor.test.ts > HealthMonitor > Health Monitoring > should not start monitoring twice
Service changes detected: [
  {
    service: [32m'api'[39m,
    previousStatus: [33mtrue[39m,
    currentStatus: [33mfalse[39m,
    timestamp: [35m2026-02-17T15:37:44.335Z[39m,
    message: [32m'api service is experiencing issues'[39m
  },
  {
    service: [32m'destinations'[39m,
    previousStatus: [33mtrue[39m,
    currentStatus: [33mfalse[39m,
    timestamp: [35m2026-02-17T15:37:44.335Z[39m,
    message: [32m'destinations service is experiencing issues'[39m
  },
  {
    service: [32m'trips'[39m,
    previousStatus: [33mtrue[39m,
    currentStatus: [33mfalse[39m,
    timestamp: [35m2026-02-17T15:37:44.335Z[39m,
    message: [32m'trips service is experiencing issues'[39m
  },
  {
    service: [32m'auth'[39m,
    previousStatus: [33mtrue[39m,
    currentStatus: [33mfalse[39m,
    timestamp: [35m2026-02-17T15:37:44.335Z[39m,
    message: [32m'auth service is experiencing issues'[39m
  },
  {
    service: [32m'weather'[39m,
    previousStatus: [33mtrue[39m,
    currentStatus: [33mfalse[39m,
    timestamp: [35m2026-02-17T15:37:44.335Z[39m,
    message: [32m'weather service is experiencing issues'[39m
  },
  {
    service: [32m'maps'[39m,
    previousStatus: [33mtrue[39m,
    currentStatus: [33mfalse[39m,
    timestamp: [35m2026-02-17T15:37:44.335Z[39m,
    message: [32m'maps service is experiencing issues'[39m
  }
]

stdout | src/services/__tests__/healthMonitor.test.ts > HealthMonitor > Health Monitoring > should not start monitoring twice
Health monitoring stopped

stdout | src/services/__tests__/healthMonitor.test.ts > HealthMonitor > Offline Mode > should enable offline mode
Enabling offline mode...
Service changes detected: [
  {
    service: [32m'network'[39m,
    previousStatus: [33mtrue[39m,
    currentStatus: [33mfalse[39m,
    timestamp: [35m2026-02-17T15:37:44.338Z[39m,
    message: [32m'You are now offline. Some features may be unavailable.'[39m
  }
]

stdout | src/services/__tests__/healthMonitor.test.ts > HealthMonitor > Offline Mode > should enable offline mode
Health monitoring stopped

stdout | src/services/__tests__/healthMonitor.test.ts > HealthMonitor > Offline Mode > should disable offline mode
Enabling offline mode...
Service changes detected: [
  {
    service: [32m'network'[39m,
    previousStatus: [33mtrue[39m,
    currentStatus: [33mfalse[39m,
    timestamp: [35m2026-02-17T15:37:44.340Z[39m,
    message: [32m'You are now offline. Some features may be unavailable.'[39m
  }
]
Disabling offline mode...
Service changes detected: [
  {
    service: [32m'network'[39m,
    previousStatus: [33mfalse[39m,
    currentStatus: [33mtrue[39m,
    timestamp: [35m2026-02-17T15:37:44.341Z[39m,
    message: [32m'You are back online. All features are now available.'[39m
  }
]

stdout | src/services/__tests__/healthMonitor.test.ts > HealthMonitor > Offline Mode > should disable offline mode
Health monitoring stopped

stdout | src/services/__tests__/healthMonitor.test.ts > HealthMonitor > Offline Mode > should notify when entering offline mode
Enabling offline mode...
Service changes detected: [
  {
    service: [32m'network'[39m,
    previousStatus: [33mtrue[39m,
    currentStatus: [33mfalse[39m,
    timestamp: [35m2026-02-17T15:37:44.342Z[39m,
    message: [32m'You are now offline. Some features may be unavailable.'[39m
  }
]

stdout | src/services/__tests__/healthMonitor.test.ts > HealthMonitor > Offline Mode > should notify when entering offline mode
Health monitoring stopped

stdout | src/services/__tests__/healthMonitor.test.ts > HealthMonitor > Offline Mode > should notify when exiting offline mode
Enabling offline mode...
Service changes detected: [
  {
    service: [32m'network'[39m,
    previousStatus: [33mtrue[39m,
    currentStatus: [33mfalse[39m,
    timestamp: [35m2026-02-17T15:37:44.344Z[39m,
    message: [32m'You are now offline. Some features may be unavailable.'[39m
  }
]
Disabling offline mode...
Service changes detected: [
  {
    service: [32m'network'[39m,
    previousStatus: [33mfalse[39m,
    currentStatus: [33mtrue[39m,
    timestamp: [35m2026-02-17T15:37:44.344Z[39m,
    message: [32m'You are back online. All features are now available.'[39m
  }
]

stdout | src/services/__tests__/healthMonitor.test.ts > HealthMonitor > Offline Mode > should notify when exiting offline mode
Health monitoring stopped

stdout | src/services/__tests__/healthMonitor.test.ts > HealthMonitor > Subscription Management > should subscribe to health updates
Health monitoring stopped

stdout | src/services/__tests__/healthMonitor.test.ts > HealthMonitor > Subscription Management > should unsubscribe from health updates
Service changes detected: [
  {
    service: [32m'api'[39m,
    previousStatus: [33mtrue[39m,
    currentStatus: [33mfalse[39m,
    timestamp: [35m2026-02-17T15:37:44.350Z[39m,
    message: [32m'api service is experiencing issues'[39m
  }
]

stdout | src/services/__tests__/healthMonitor.test.ts > HealthMonitor > Subscription Management > should unsubscribe from health updates
Health monitoring stopped

stderr | src/hooks/__tests__/useApiErrorHandler.test.tsx > useApiErrorHandler > handleError > should handle network errors with warning toast
API Error: {
  type: [32m'network'[39m,
  message: [32m'Network error'[39m,
  userMessage: [32m'No internet connection'[39m,
  retryable: [33mtrue[39m,
  originalError: Error: Network error
      at [90m/Users/poonjohnny/Desktop/ProjectApp/Journo/frontend/[39msrc/hooks/__tests__/useApiErrorHandler.test.tsx:55:36
      at /Users/poonjohnny/Desktop/ProjectApp/Journo/node_modules/[4m@testing-library[24m/react/dist/act-compat.js:48:24
      at act (/Users/poonjohnny/Desktop/ProjectApp/Journo/node_modules/[4mreact[24m/cjs/react.development.js:2512:16)
      at Proxy.<anonymous> (/Users/poonjohnny/Desktop/ProjectApp/Journo/node_modules/[4m@testing-library[24m/react/dist/act-compat.js:47:25)
      at [90m/Users/poonjohnny/Desktop/ProjectApp/Journo/frontend/[39msrc/hooks/__tests__/useApiErrorHandler.test.tsx:54:7
      at file:///Users/poonjohnny/Desktop/ProjectApp/Journo/node_modules/[4m@vitest[24m/runner/dist/chunk-hooks.js:155:11
      at file:///Users/poonjohnny/Desktop/ProjectApp/Journo/node_modules/[4m@vitest[24m/runner/dist/chunk-hooks.js:752:26
      at file:///Users/poonjohnny/Desktop/ProjectApp/Journo/node_modules/[4m@vitest[24m/runner/dist/chunk-hooks.js:1897:20
      at new Promise (<anonymous>)
      at runWithTimeout (file:///Users/poonjohnny/Desktop/ProjectApp/Journo/node_modules/[4m@vitest[24m/runner/dist/chunk-hooks.js:1863:10)
}

stdout | src/services/__tests__/healthMonitor.test.ts > HealthMonitor > Subscription Management > should unsubscribe from change notifications
Service changes detected: [
  {
    service: [32m'api'[39m,
    previousStatus: [33mtrue[39m,
    currentStatus: [33mfalse[39m,
    timestamp: [35m2026-02-17T15:37:44.351Z[39m,
    message: [32m'api service is experiencing issues'[39m
  }
]

stdout | src/services/__tests__/healthMonitor.test.ts > HealthMonitor > Subscription Management > should unsubscribe from change notifications
Health monitoring stopped

stdout | src/services/__tests__/healthMonitor.test.ts > HealthMonitor > Configuration > should allow configuration of health check settings
Health monitoring stopped

stdout | src/services/__tests__/healthMonitor.test.ts > HealthMonitor > Configuration > should restart monitoring with new config
Starting health monitoring...
Health monitoring stopped
Starting health monitoring...

stdout | src/services/__tests__/healthMonitor.test.ts > HealthMonitor > Configuration > should restart monitoring with new config
Service changes detected: [
  {
    service: [32m'api'[39m,
    previousStatus: [33mtrue[39m,
    currentStatus: [33mfalse[39m,
    timestamp: [35m2026-02-17T15:37:44.360Z[39m,
    message: [32m'api service is experiencing issues'[39m
  },
  {
    service: [32m'destinations'[39m,
    previousStatus: [33mtrue[39m,
    currentStatus: [33mfalse[39m,
    timestamp: [35m2026-02-17T15:37:44.360Z[39m,
    message: [32m'destinations service is experiencing issues'[39m
  },
  {
    service: [32m'trips'[39m,
    previousStatus: [33mtrue[39m,
    currentStatus: [33mfalse[39m,
    timestamp: [35m2026-02-17T15:37:44.360Z[39m,
    message: [32m'trips service is experiencing issues'[39m
  },
  {
    service: [32m'auth'[39m,
    previousStatus: [33mtrue[39m,
    currentStatus: [33mfalse[39m,
    timestamp: [35m2026-02-17T15:37:44.360Z[39m,
    message: [32m'auth service is experiencing issues'[39m
  },
  {
    service: [32m'weather'[39m,
    previousStatus: [33mtrue[39m,
    currentStatus: [33mfalse[39m,
    timestamp: [35m2026-02-17T15:37:44.360Z[39m,
    message: [32m'weather service is experiencing issues'[39m
  },
  {
    service: [32m'maps'[39m,
    previousStatus: [33mtrue[39m,
    currentStatus: [33mfalse[39m,
    timestamp: [35m2026-02-17T15:37:44.360Z[39m,
    message: [32m'maps service is experiencing issues'[39m
  }
]
Service changes detected: [
  {
    service: [32m'api'[39m,
    previousStatus: [33mtrue[39m,
    currentStatus: [33mfalse[39m,
    timestamp: [35m2026-02-17T15:37:44.360Z[39m,
    message: [32m'api service is experiencing issues'[39m
  },
  {
    service: [32m'destinations'[39m,
    previousStatus: [33mtrue[39m,
    currentStatus: [33mfalse[39m,
    timestamp: [35m2026-02-17T15:37:44.360Z[39m,
    message: [32m'destinations service is experiencing issues'[39m
  },
  {
    service: [32m'trips'[39m,
    previousStatus: [33mtrue[39m,
    currentStatus: [33mfalse[39m,
    timestamp: [35m2026-02-17T15:37:44.360Z[39m,
    message: [32m'trips service is experiencing issues'[39m
  },
  {
    service: [32m'auth'[39m,
    previousStatus: [33mtrue[39m,
    currentStatus: [33mfalse[39m,
    timestamp: [35m2026-02-17T15:37:44.360Z[39m,
    message: [32m'auth service is experiencing issues'[39m
  },
  {
    service: [32m'weather'[39m,
    previousStatus: [33mtrue[39m,
    currentStatus: [33mfalse[39m,
    timestamp: [35m2026-02-17T15:37:44.360Z[39m,
    message: [32m'weather service is experiencing issues'[39m
  },
  {
    service: [32m'maps'[39m,
    previousStatus: [33mtrue[39m,
    currentStatus: [33mfalse[39m,
    timestamp: [35m2026-02-17T15:37:44.360Z[39m,
    message: [32m'maps service is experiencing issues'[39m
  }
]

stdout | src/services/__tests__/healthMonitor.test.ts > HealthMonitor > Configuration > should restart monitoring with new config
Health monitoring stopped

stdout | src/services/__tests__/healthMonitor.test.ts > HealthMonitor > Cleanup > should clean up resources on destroy
Starting health monitoring...
Health monitoring stopped

stdout | src/services/__tests__/healthMonitor.test.ts > HealthMonitor > Cleanup > should clean up resources on destroy
Service changes detected: [
  {
    service: [32m'api'[39m,
    previousStatus: [33mtrue[39m,
    currentStatus: [33mfalse[39m,
    timestamp: [35m2026-02-17T15:37:44.367Z[39m,
    message: [32m'api service is experiencing issues'[39m
  },
  {
    service: [32m'destinations'[39m,
    previousStatus: [33mtrue[39m,
    currentStatus: [33mfalse[39m,
    timestamp: [35m2026-02-17T15:37:44.367Z[39m,
    message: [32m'destinations service is experiencing issues'[39m
  },
  {
    service: [32m'trips'[39m,
    previousStatus: [33mtrue[39m,
    currentStatus: [33mfalse[39m,
    timestamp: [35m2026-02-17T15:37:44.367Z[39m,
    message: [32m'trips service is experiencing issues'[39m
  },
  {
    service: [32m'auth'[39m,
    previousStatus: [33mtrue[39m,
    currentStatus: [33mfalse[39m,
    timestamp: [35m2026-02-17T15:37:44.367Z[39m,
    message: [32m'auth service is experiencing issues'[39m
  },
  {
    service: [32m'weather'[39m,
    previousStatus: [33mtrue[39m,
    currentStatus: [33mfalse[39m,
    timestamp: [35m2026-02-17T15:37:44.367Z[39m,
    message: [32m'weather service is experiencing issues'[39m
  },
  {
    service: [32m'maps'[39m,
    previousStatus: [33mtrue[39m,
    currentStatus: [33mfalse[39m,
    timestamp: [35m2026-02-17T15:37:44.367Z[39m,
    message: [32m'maps service is experiencing issues'[39m
  }
]

stdout | src/services/__tests__/healthMonitor.test.ts > HealthMonitor > Cleanup > should clean up resources on destroy
Health monitoring stopped

stderr | src/hooks/__tests__/useApiErrorHandler.test.tsx > useApiErrorHandler > handleError > should handle timeout errors with warning toast
API Error: {
  type: [32m'timeout'[39m,
  message: [32m'Timeout'[39m,
  userMessage: [32m'Request timed out'[39m,
  retryable: [33mtrue[39m,
  originalError: Error: Timeout
      at [90m/Users/poonjohnny/Desktop/ProjectApp/Journo/frontend/[39msrc/hooks/__tests__/useApiErrorHandler.test.tsx:74:36
      at /Users/poonjohnny/Desktop/ProjectApp/Journo/node_modules/[4m@testing-library[24m/react/dist/act-compat.js:48:24
      at act (/Users/poonjohnny/Desktop/ProjectApp/Journo/node_modules/[4mreact[24m/cjs/react.development.js:2512:16)
      at Proxy.<anonymous> (/Users/poonjohnny/Desktop/ProjectApp/Journo/node_modules/[4m@testing-library[24m/react/dist/act-compat.js:47:25)
      at [90m/Users/poonjohnny/Desktop/ProjectApp/Journo/frontend/[39msrc/hooks/__tests__/useApiErrorHandler.test.tsx:73:7
      at file:///Users/poonjohnny/Desktop/ProjectApp/Journo/node_modules/[4m@vitest[24m/runner/dist/chunk-hooks.js:155:11
      at file:///Users/poonjohnny/Desktop/ProjectApp/Journo/node_modules/[4m@vitest[24m/runner/dist/chunk-hooks.js:752:26
      at file:///Users/poonjohnny/Desktop/ProjectApp/Journo/node_modules/[4m@vitest[24m/runner/dist/chunk-hooks.js:1897:20
      at new Promise (<anonymous>)
      at runWithTimeout (file:///Users/poonjohnny/Desktop/ProjectApp/Journo/node_modules/[4m@vitest[24m/runner/dist/chunk-hooks.js:1863:10)
}

 ✓ src/services/__tests__/healthMonitor.test.ts (26 tests) 183ms
stderr | src/hooks/__tests__/useApiErrorHandler.test.tsx > useApiErrorHandler > handleError > should handle server errors with error toast
API Error: {
  type: [32m'server'[39m,
  message: [32m'Server error'[39m,
  userMessage: [32m'Server is experiencing issues'[39m,
  retryable: [33mtrue[39m,
  originalError: { status: [33m500[39m }
}

stderr | src/hooks/__tests__/useApiErrorHandler.test.tsx > useApiErrorHandler > handleError > should handle retryable client errors with warning toast
API Error: {
  type: [32m'client'[39m,
  message: [32m'Rate limit'[39m,
  userMessage: [32m'Too many requests'[39m,
  retryable: [33mtrue[39m,
  originalError: { status: [33m429[39m }
}

stderr | src/hooks/__tests__/useApiErrorHandler.test.tsx > useApiErrorHandler > handleError > should handle non-retryable client errors with info toast
API Error: {
  type: [32m'client'[39m,
  message: [32m'Not found'[39m,
  userMessage: [32m'Resource not found'[39m,
  retryable: [33mfalse[39m,
  originalError: { status: [33m404[39m }
}

stderr | src/hooks/__tests__/useApiErrorHandler.test.tsx > useApiErrorHandler > handleError > should use custom message when provided
API Error: {
  type: [32m'network'[39m,
  message: [32m'Network error'[39m,
  userMessage: [32m'No internet connection'[39m,
  retryable: [33mtrue[39m,
  originalError: Error: Network error
      at [90m/Users/poonjohnny/Desktop/ProjectApp/Journo/frontend/[39msrc/hooks/__tests__/useApiErrorHandler.test.tsx:146:36
      at /Users/poonjohnny/Desktop/ProjectApp/Journo/node_modules/[4m@testing-library[24m/react/dist/act-compat.js:48:24
      at act (/Users/poonjohnny/Desktop/ProjectApp/Journo/node_modules/[4mreact[24m/cjs/react.development.js:2512:16)
      at Proxy.<anonymous> (/Users/poonjohnny/Desktop/ProjectApp/Journo/node_modules/[4m@testing-library[24m/react/dist/act-compat.js:47:25)
      at [90m/Users/poonjohnny/Desktop/ProjectApp/Journo/frontend/[39msrc/hooks/__tests__/useApiErrorHandler.test.tsx:145:7
      at file:///Users/poonjohnny/Desktop/ProjectApp/Journo/node_modules/[4m@vitest[24m/runner/dist/chunk-hooks.js:155:11
      at file:///Users/poonjohnny/Desktop/ProjectApp/Journo/node_modules/[4m@vitest[24m/runner/dist/chunk-hooks.js:752:26
      at file:///Users/poonjohnny/Desktop/ProjectApp/Journo/node_modules/[4m@vitest[24m/runner/dist/chunk-hooks.js:1897:20
      at new Promise (<anonymous>)
      at runWithTimeout (file:///Users/poonjohnny/Desktop/ProjectApp/Journo/node_modules/[4m@vitest[24m/runner/dist/chunk-hooks.js:1863:10)
}

stderr | src/hooks/__tests__/useApiErrorHandler.test.tsx > useApiErrorHandler > handleError > should not show toast when showToast is false
API Error: {
  type: [32m'network'[39m,
  message: [32m'Network error'[39m,
  userMessage: [32m'No internet connection'[39m,
  retryable: [33mtrue[39m,
  originalError: Error: Network error
      at [90m/Users/poonjohnny/Desktop/ProjectApp/Journo/frontend/[39msrc/hooks/__tests__/useApiErrorHandler.test.tsx:166:36
      at /Users/poonjohnny/Desktop/ProjectApp/Journo/node_modules/[4m@testing-library[24m/react/dist/act-compat.js:48:24
      at act (/Users/poonjohnny/Desktop/ProjectApp/Journo/node_modules/[4mreact[24m/cjs/react.development.js:2512:16)
      at Proxy.<anonymous> (/Users/poonjohnny/Desktop/ProjectApp/Journo/node_modules/[4m@testing-library[24m/react/dist/act-compat.js:47:25)
      at [90m/Users/poonjohnny/Desktop/ProjectApp/Journo/frontend/[39msrc/hooks/__tests__/useApiErrorHandler.test.tsx:165:7
      at file:///Users/poonjohnny/Desktop/ProjectApp/Journo/node_modules/[4m@vitest[24m/runner/dist/chunk-hooks.js:155:11
      at file:///Users/poonjohnny/Desktop/ProjectApp/Journo/node_modules/[4m@vitest[24m/runner/dist/chunk-hooks.js:752:26
      at file:///Users/poonjohnny/Desktop/ProjectApp/Journo/node_modules/[4m@vitest[24m/runner/dist/chunk-hooks.js:1897:20
      at new Promise (<anonymous>)
      at runWithTimeout (file:///Users/poonjohnny/Desktop/ProjectApp/Journo/node_modules/[4m@vitest[24m/runner/dist/chunk-hooks.js:1863:10)
}

stderr | src/hooks/__tests__/useApiErrorHandler.test.tsx > useApiErrorHandler > handleError > should call custom onError callback
API Error: {
  type: [32m'network'[39m,
  message: [32m'Network error'[39m,
  userMessage: [32m'No internet connection'[39m,
  retryable: [33mtrue[39m,
  originalError: Error: Network error
      at [90m/Users/poonjohnny/Desktop/ProjectApp/Journo/frontend/[39msrc/hooks/__tests__/useApiErrorHandler.test.tsx:190:36
      at /Users/poonjohnny/Desktop/ProjectApp/Journo/node_modules/[4m@testing-library[24m/react/dist/act-compat.js:48:24
      at act (/Users/poonjohnny/Desktop/ProjectApp/Journo/node_modules/[4mreact[24m/cjs/react.development.js:2512:16)
      at Proxy.<anonymous> (/Users/poonjohnny/Desktop/ProjectApp/Journo/node_modules/[4m@testing-library[24m/react/dist/act-compat.js:47:25)
      at [90m/Users/poonjohnny/Desktop/ProjectApp/Journo/frontend/[39msrc/hooks/__tests__/useApiErrorHandler.test.tsx:189:7
      at file:///Users/poonjohnny/Desktop/ProjectApp/Journo/node_modules/[4m@vitest[24m/runner/dist/chunk-hooks.js:155:11
      at file:///Users/poonjohnny/Desktop/ProjectApp/Journo/node_modules/[4m@vitest[24m/runner/dist/chunk-hooks.js:752:26
      at file:///Users/poonjohnny/Desktop/ProjectApp/Journo/node_modules/[4m@vitest[24m/runner/dist/chunk-hooks.js:1897:20
      at new Promise (<anonymous>)
      at runWithTimeout (file:///Users/poonjohnny/Desktop/ProjectApp/Journo/node_modules/[4m@vitest[24m/runner/dist/chunk-hooks.js:1863:10)
}

stderr | src/hooks/__tests__/useApiErrorHandler.test.tsx > useApiErrorHandler > handleError > should return error details
API Error: {
  type: [32m'network'[39m,
  message: [32m'Network error'[39m,
  userMessage: [32m'No internet connection'[39m,
  retryable: [33mtrue[39m,
  originalError: Error: Network error
      at [90m/Users/poonjohnny/Desktop/ProjectApp/Journo/frontend/[39msrc/hooks/__tests__/useApiErrorHandler.test.tsx:213:54
      at /Users/poonjohnny/Desktop/ProjectApp/Journo/node_modules/[4m@testing-library[24m/react/dist/act-compat.js:48:24
      at act (/Users/poonjohnny/Desktop/ProjectApp/Journo/node_modules/[4mreact[24m/cjs/react.development.js:2512:16)
      at Proxy.<anonymous> (/Users/poonjohnny/Desktop/ProjectApp/Journo/node_modules/[4m@testing-library[24m/react/dist/act-compat.js:47:25)
      at [90m/Users/poonjohnny/Desktop/ProjectApp/Journo/frontend/[39msrc/hooks/__tests__/useApiErrorHandler.test.tsx:212:7
      at file:///Users/poonjohnny/Desktop/ProjectApp/Journo/node_modules/[4m@vitest[24m/runner/dist/chunk-hooks.js:155:11
      at file:///Users/poonjohnny/Desktop/ProjectApp/Journo/node_modules/[4m@vitest[24m/runner/dist/chunk-hooks.js:752:26
      at file:///Users/poonjohnny/Desktop/ProjectApp/Journo/node_modules/[4m@vitest[24m/runner/dist/chunk-hooks.js:1897:20
      at new Promise (<anonymous>)
      at runWithTimeout (file:///Users/poonjohnny/Desktop/ProjectApp/Journo/node_modules/[4m@vitest[24m/runner/dist/chunk-hooks.js:1863:10)
}

stderr | src/hooks/__tests__/useApiErrorHandler.test.tsx > useApiErrorHandler > withErrorHandling > should wrap async function and handle errors
API Error: {
  type: [32m'network'[39m,
  message: [32m'Network error'[39m,
  userMessage: [32m'No internet connection'[39m,
  retryable: [33mtrue[39m,
  originalError: Error: Test error
      at [90m/Users/poonjohnny/Desktop/ProjectApp/Journo/frontend/[39msrc/hooks/__tests__/useApiErrorHandler.test.tsx:222:25
      at file:///Users/poonjohnny/Desktop/ProjectApp/Journo/node_modules/[4m@vitest[24m/runner/dist/chunk-hooks.js:155:11
      at file:///Users/poonjohnny/Desktop/ProjectApp/Journo/node_modules/[4m@vitest[24m/runner/dist/chunk-hooks.js:752:26
      at file:///Users/poonjohnny/Desktop/ProjectApp/Journo/node_modules/[4m@vitest[24m/runner/dist/chunk-hooks.js:1897:20
      at new Promise (<anonymous>)
      at runWithTimeout (file:///Users/poonjohnny/Desktop/ProjectApp/Journo/node_modules/[4m@vitest[24m/runner/dist/chunk-hooks.js:1863:10)
      at runTest (file:///Users/poonjohnny/Desktop/ProjectApp/Journo/node_modules/[4m@vitest[24m/runner/dist/chunk-hooks.js:1574:12)
  [90m    at processTicksAndRejections (node:internal/process/task_queues:105:5)[39m
      at runSuite (file:///Users/poonjohnny/Desktop/ProjectApp/Journo/node_modules/[4m@vitest[24m/runner/dist/chunk-hooks.js:1729:8)
      at runSuite (file:///Users/poonjohnny/Desktop/ProjectApp/Journo/node_modules/[4m@vitest[24m/runner/dist/chunk-hooks.js:1729:8)
}

 ✓ src/hooks/__tests__/useApiErrorHandler.test.tsx (16 tests) 237ms
 ✓ src/hooks/__tests__/useProgressiveEnhancement.test.tsx (15 tests) 184ms
 ✓ src/hooks/__tests__/useReducedMotion.test.ts (12 tests) 90ms
stdout | src/services/__tests__/socketService.test.ts > SocketService > Connection > should connect to socket server with token
Socket connection initiated to: http://localhost:5000

stdout | src/services/__tests__/socketService.test.ts > SocketService > Connection > should connect to socket server with token
Socket disconnected

stdout | src/services/__tests__/socketService.test.ts > SocketService > Connection > should not reconnect if already connected
Socket connection initiated to: http://localhost:5000
Socket already connected

stdout | src/services/__tests__/socketService.test.ts > SocketService > Connection > should not reconnect if already connected
Socket disconnected

stdout | src/services/__tests__/socketService.test.ts > SocketService > Connection > should setup event listeners on connect
Socket connection initiated to: http://localhost:5000

stdout | src/services/__tests__/socketService.test.ts > SocketService > Connection > should setup event listeners on connect
Socket disconnected

stdout | src/services/__tests__/socketService.test.ts > SocketService > Connection > should return connection state
Socket connection initiated to: http://localhost:5000
Socket connected: test-socket-id

stdout | src/services/__tests__/socketService.test.ts > SocketService > Connection > should return connection state
Socket disconnected

stdout | src/services/__tests__/socketService.test.ts > SocketService > Connection > should return socket ID
Socket connection initiated to: http://localhost:5000

stdout | src/services/__tests__/socketService.test.ts > SocketService > Connection > should return socket ID
Socket disconnected

stdout | src/services/__tests__/socketService.test.ts > SocketService > Connection > should check if connected
Socket connection initiated to: http://localhost:5000

stdout | src/services/__tests__/socketService.test.ts > SocketService > Connection > should check if connected
Socket disconnected

stdout | src/services/__tests__/socketService.test.ts > SocketService > Trip Room Management > should join trip room
Socket connection initiated to: http://localhost:5000

stdout | src/services/__tests__/socketService.test.ts > SocketService > Trip Room Management > should join trip room
Joining trip room: trip-123

stdout | src/services/__tests__/socketService.test.ts > SocketService > Trip Room Management > should join trip room
Socket disconnected

stdout | src/services/__tests__/socketService.test.ts > SocketService > Trip Room Management > should leave trip room
Socket connection initiated to: http://localhost:5000

stdout | src/services/__tests__/socketService.test.ts > SocketService > Trip Room Management > should leave trip room
Leaving trip room: trip-123

stdout | src/services/__tests__/socketService.test.ts > SocketService > Trip Room Management > should leave trip room
Socket disconnected

stdout | src/services/__tests__/socketService.test.ts > SocketService > Trip Room Management > should not join trip if not connected
Socket connection initiated to: http://localhost:5000

stderr | src/services/__tests__/socketService.test.ts > SocketService > Trip Room Management > should not join trip if not connected
Socket not connected, cannot join trip room

stdout | src/services/__tests__/socketService.test.ts > SocketService > Trip Room Management > should not join trip if not connected
Socket disconnected

stdout | src/services/__tests__/socketService.test.ts > SocketService > Trip Room Management > should rejoin trip room on reconnect
Socket connection initiated to: http://localhost:5000

stdout | src/services/__tests__/socketService.test.ts > SocketService > Trip Room Management > should rejoin trip room on reconnect
Joining trip room: trip-123
Socket connected: test-socket-id
Joining trip room: trip-123

stdout | src/services/__tests__/socketService.test.ts > SocketService > Trip Room Management > should rejoin trip room on reconnect
Socket disconnected

stdout | src/services/__tests__/socketService.test.ts > SocketService > Event Handlers > should register custom event handlers
Socket connection initiated to: http://localhost:5000

stdout | src/services/__tests__/socketService.test.ts > SocketService > Event Handlers > should register custom event handlers
Trip updated: { tripId: [32m'trip-123'[39m, data: {} }
Activity new: { tripId: [32m'trip-123'[39m, activity: {} }

stdout | src/services/__tests__/socketService.test.ts > SocketService > Event Handlers > should register custom event handlers
Socket disconnected

stdout | src/services/__tests__/socketService.test.ts > SocketService > Event Handlers > should remove event handlers
Socket connection initiated to: http://localhost:5000

stdout | src/services/__tests__/socketService.test.ts > SocketService > Event Handlers > should remove event handlers
Trip updated: { tripId: [32m'trip-123'[39m }

stdout | src/services/__tests__/socketService.test.ts > SocketService > Event Handlers > should remove event handlers
Socket disconnected

stdout | src/services/__tests__/socketService.test.ts > SocketService > Event Handlers > should remove all event handlers
Socket connection initiated to: http://localhost:5000

stdout | src/services/__tests__/socketService.test.ts > SocketService > Event Handlers > should remove all event handlers
Trip updated: { tripId: [32m'trip-123'[39m }
Activity new: { tripId: [32m'trip-123'[39m }

stdout | src/services/__tests__/socketService.test.ts > SocketService > Event Handlers > should remove all event handlers
Socket disconnected

stdout | src/services/__tests__/socketService.test.ts > SocketService > Activity Events > should handle activity:new event
Socket connection initiated to: http://localhost:5000

stdout | src/services/__tests__/socketService.test.ts > SocketService > Activity Events > should handle activity:new event
Activity new: {
  tripId: [32m'trip-123'[39m,
  activity: {
    id: [32m'activity-1'[39m,
    userId: [32m'user-1'[39m,
    userName: [32m'John Doe'[39m,
    actionType: [32m'place_added'[39m,
    entityName: [32m'Tokyo Tower'[39m
  },
  timestamp: [32m'2026-02-17T15:37:47.065Z'[39m
}

stdout | src/services/__tests__/socketService.test.ts > SocketService > Activity Events > should handle activity:new event
Socket disconnected

stdout | src/services/__tests__/socketService.test.ts > SocketService > Notification Events > should handle notification:new event
Socket connection initiated to: http://localhost:5000

stdout | src/services/__tests__/socketService.test.ts > SocketService > Notification Events > should handle notification:new event
Notification new: {
  notification: {
    id: [32m'notif-1'[39m,
    userId: [32m'user-1'[39m,
    title: [32m'New Activity'[39m,
    message: [32m'John added a place'[39m,
    category: [32m'activity'[39m,
    priority: [32m'normal'[39m
  },
  timestamp: [32m'2026-02-17T15:37:47.070Z'[39m
}

stdout | src/services/__tests__/socketService.test.ts > SocketService > Notification Events > should handle notification:new event
Socket disconnected

stdout | src/services/__tests__/socketService.test.ts > SocketService > Collaborator Events > should handle collaborator:joined event
Socket connection initiated to: http://localhost:5000

stdout | src/services/__tests__/socketService.test.ts > SocketService > Collaborator Events > should handle collaborator:joined event
Collaborator joined: {
  tripId: [32m'trip-123'[39m,
  collaborator: {
    id: [32m'collab-1'[39m,
    user_id: [32m'user-2'[39m,
    role: [32m'editor'[39m,
    user: { id: [32m'user-2'[39m, name: [32m'Jane Doe'[39m, email: [32m'jane@example.com'[39m }
  },
  timestamp: [32m'2026-02-17T15:37:47.074Z'[39m
}

stdout | src/services/__tests__/socketService.test.ts > SocketService > Collaborator Events > should handle collaborator:joined event
Socket disconnected

stdout | src/services/__tests__/socketService.test.ts > SocketService > Collaborator Events > should handle collaborator:left event
Socket connection initiated to: http://localhost:5000

stdout | src/services/__tests__/socketService.test.ts > SocketService > Collaborator Events > should handle collaborator:left event
Collaborator left: {
  tripId: [32m'trip-123'[39m,
  userId: [32m'user-2'[39m,
  userName: [32m'Jane Doe'[39m,
  timestamp: [32m'2026-02-17T15:37:47.085Z'[39m
}

stdout | src/services/__tests__/socketService.test.ts > SocketService > Collaborator Events > should handle collaborator:left event
Socket disconnected

stdout | src/services/__tests__/socketService.test.ts > SocketService > Collaborator Events > should handle collaborator:role_changed event
Socket connection initiated to: http://localhost:5000

stdout | src/services/__tests__/socketService.test.ts > SocketService > Collaborator Events > should handle collaborator:role_changed event
Collaborator role changed: {
  tripId: [32m'trip-123'[39m,
  userId: [32m'user-2'[39m,
  newRole: [32m'viewer'[39m,
  userName: [32m'Jane Doe'[39m,
  timestamp: [32m'2026-02-17T15:37:47.087Z'[39m
}

stdout | src/services/__tests__/socketService.test.ts > SocketService > Collaborator Events > should handle collaborator:role_changed event
Socket disconnected

stdout | src/services/__tests__/socketService.test.ts > SocketService > Presence Events > should handle presence:update event
Socket connection initiated to: http://localhost:5000

stdout | src/services/__tests__/socketService.test.ts > SocketService > Presence Events > should handle presence:update event
Presence update: {
  tripId: [32m'trip-123'[39m,
  userId: [32m'user-1'[39m,
  isOnline: [33mtrue[39m,
  editingEntity: [32m'day'[39m,
  editingEntityId: [32m'day-1'[39m,
  timestamp: [32m'2026-02-17T15:37:47.090Z'[39m
}

stdout | src/services/__tests__/socketService.test.ts > SocketService > Presence Events > should handle presence:update event
Socket disconnected

stdout | src/services/__tests__/socketService.test.ts > SocketService > Presence Events > should emit presence update
Socket connection initiated to: http://localhost:5000

stdout | src/services/__tests__/socketService.test.ts > SocketService > Presence Events > should emit presence update
Emitting presence update: {
  tripId: [32m'trip-123'[39m,
  editingEntity: [32m'place'[39m,
  editingEntityId: [32m'place-456'[39m
}

stdout | src/services/__tests__/socketService.test.ts > SocketService > Presence Events > should emit presence update
Socket disconnected

stdout | src/services/__tests__/socketService.test.ts > SocketService > Presence Events > should emit presence update without editing info
Socket connection initiated to: http://localhost:5000

stdout | src/services/__tests__/socketService.test.ts > SocketService > Presence Events > should emit presence update without editing info
Emitting presence update: {
  tripId: [32m'trip-123'[39m,
  editingEntity: [90mundefined[39m,
  editingEntityId: [90mundefined[39m
}

stdout | src/services/__tests__/socketService.test.ts > SocketService > Presence Events > should emit presence update without editing info
Socket disconnected

stdout | src/services/__tests__/socketService.test.ts > SocketService > Presence Events > should not emit presence update if not connected
Socket connection initiated to: http://localhost:5000

stderr | src/services/__tests__/socketService.test.ts > SocketService > Presence Events > should not emit presence update if not connected
Socket not connected, cannot emit presence update

stdout | src/services/__tests__/socketService.test.ts > SocketService > Presence Events > should not emit presence update if not connected
Socket disconnected

stdout | src/services/__tests__/socketService.test.ts > SocketService > Editing Events > should emit editing start
Socket connection initiated to: http://localhost:5000

stdout | src/services/__tests__/socketService.test.ts > SocketService > Editing Events > should emit editing start
Socket disconnected

stdout | src/services/__tests__/socketService.test.ts > SocketService > Editing Events > should emit editing stop
Socket connection initiated to: http://localhost:5000

stdout | src/services/__tests__/socketService.test.ts > SocketService > Editing Events > should emit editing stop
Socket disconnected

stdout | src/services/__tests__/socketService.test.ts > SocketService > Editing Events > should not emit editing events if not connected
Socket connection initiated to: http://localhost:5000

stderr | src/services/__tests__/socketService.test.ts > SocketService > Editing Events > should not emit editing events if not connected
Socket not connected, cannot emit editing start
Socket not connected, cannot emit editing stop

stdout | src/services/__tests__/socketService.test.ts > SocketService > Editing Events > should not emit editing events if not connected
Socket disconnected

stdout | src/services/__tests__/socketService.test.ts > SocketService > Reconnection > should handle disconnect event
Socket connection initiated to: http://localhost:5000

stdout | src/services/__tests__/socketService.test.ts > SocketService > Reconnection > should handle disconnect event
Socket disconnected: transport close
Scheduling reconnection in 1000ms (attempt 1/5)

stdout | src/services/__tests__/socketService.test.ts > SocketService > Reconnection > should handle disconnect event
Socket disconnected

stdout | src/services/__tests__/socketService.test.ts > SocketService > Reconnection > should handle connect_error event
Socket connection initiated to: http://localhost:5000

stderr | src/services/__tests__/socketService.test.ts > SocketService > Reconnection > should handle connect_error event
Socket connection error: Error: Connection failed
    at [90m/Users/poonjohnny/Desktop/ProjectApp/Journo/frontend/[39msrc/services/__tests__/socketService.test.ts:410:21
    at file:///Users/poonjohnny/Desktop/ProjectApp/Journo/node_modules/[4m@vitest[24m/runner/dist/chunk-hooks.js:155:11
    at file:///Users/poonjohnny/Desktop/ProjectApp/Journo/node_modules/[4m@vitest[24m/runner/dist/chunk-hooks.js:752:26
    at file:///Users/poonjohnny/Desktop/ProjectApp/Journo/node_modules/[4m@vitest[24m/runner/dist/chunk-hooks.js:1897:20
    at new Promise (<anonymous>)
    at runWithTimeout (file:///Users/poonjohnny/Desktop/ProjectApp/Journo/node_modules/[4m@vitest[24m/runner/dist/chunk-hooks.js:1863:10)
    at runTest (file:///Users/poonjohnny/Desktop/ProjectApp/Journo/node_modules/[4m@vitest[24m/runner/dist/chunk-hooks.js:1574:12)
[90m    at processTicksAndRejections (node:internal/process/task_queues:105:5)[39m
    at runSuite (file:///Users/poonjohnny/Desktop/ProjectApp/Journo/node_modules/[4m@vitest[24m/runner/dist/chunk-hooks.js:1729:8)
    at runSuite (file:///Users/poonjohnny/Desktop/ProjectApp/Journo/node_modules/[4m@vitest[24m/runner/dist/chunk-hooks.js:1729:8)

stdout | src/services/__tests__/socketService.test.ts > SocketService > Reconnection > should handle connect_error event
Socket disconnected

stdout | src/services/__tests__/socketService.test.ts > SocketService > Reconnection > should manually reconnect
Socket connection initiated to: http://localhost:5000

stdout | src/services/__tests__/socketService.test.ts > SocketService > Reconnection > should manually reconnect
Manual reconnection initiated

stdout | src/services/__tests__/socketService.test.ts > SocketService > Reconnection > should manually reconnect
Socket disconnected

stdout | src/services/__tests__/socketService.test.ts > SocketService > Error Handling > should handle socket errors
Socket connection initiated to: http://localhost:5000

stderr | src/services/__tests__/socketService.test.ts > SocketService > Error Handling > should handle socket errors
Socket error: Error: Socket error
    at [90m/Users/poonjohnny/Desktop/ProjectApp/Journo/frontend/[39msrc/services/__tests__/socketService.test.ts:436:21
    at file:///Users/poonjohnny/Desktop/ProjectApp/Journo/node_modules/[4m@vitest[24m/runner/dist/chunk-hooks.js:155:11
    at file:///Users/poonjohnny/Desktop/ProjectApp/Journo/node_modules/[4m@vitest[24m/runner/dist/chunk-hooks.js:752:26
    at file:///Users/poonjohnny/Desktop/ProjectApp/Journo/node_modules/[4m@vitest[24m/runner/dist/chunk-hooks.js:1897:20
    at new Promise (<anonymous>)
    at runWithTimeout (file:///Users/poonjohnny/Desktop/ProjectApp/Journo/node_modules/[4m@vitest[24m/runner/dist/chunk-hooks.js:1863:10)
    at runTest (file:///Users/poonjohnny/Desktop/ProjectApp/Journo/node_modules/[4m@vitest[24m/runner/dist/chunk-hooks.js:1574:12)
[90m    at processTicksAndRejections (node:internal/process/task_queues:105:5)[39m
    at runSuite (file:///Users/poonjohnny/Desktop/ProjectApp/Journo/node_modules/[4m@vitest[24m/runner/dist/chunk-hooks.js:1729:8)
    at runSuite (file:///Users/poonjohnny/Desktop/ProjectApp/Journo/node_modules/[4m@vitest[24m/runner/dist/chunk-hooks.js:1729:8)

stdout | src/services/__tests__/socketService.test.ts > SocketService > Error Handling > should handle socket errors
Socket disconnected

stdout | src/services/__tests__/socketService.test.ts > SocketService > Disconnect > should disconnect socket
Socket connection initiated to: http://localhost:5000
Socket disconnected

stdout | src/services/__tests__/socketService.test.ts > SocketService > Multiple Event Handlers > should handle multiple handlers for different events
Socket connection initiated to: http://localhost:5000

stdout | src/services/__tests__/socketService.test.ts > SocketService > Multiple Event Handlers > should handle multiple handlers for different events
Activity new: { tripId: [32m'trip-123'[39m, activity: {} }
Notification new: { notification: {} }
Collaborator joined: { tripId: [32m'trip-123'[39m, collaborator: {} }

stdout | src/services/__tests__/socketService.test.ts > SocketService > Multiple Event Handlers > should handle multiple handlers for different events
Socket disconnected

stdout | src/services/__tests__/socketService.test.ts > SocketService > Multiple Event Handlers > should merge new handlers with existing ones
Socket connection initiated to: http://localhost:5000

stdout | src/services/__tests__/socketService.test.ts > SocketService > Multiple Event Handlers > should merge new handlers with existing ones
Activity new: { tripId: [32m'trip-123'[39m, activity: {} }
Notification new: { notification: {} }

stdout | src/services/__tests__/socketService.test.ts > SocketService > Multiple Event Handlers > should merge new handlers with existing ones
Socket disconnected

stdout | src/services/__tests__/socketService.test.ts > SocketService > Place Events > should handle place:added event
Socket connection initiated to: http://localhost:5000

stdout | src/services/__tests__/socketService.test.ts > SocketService > Place Events > should handle place:added event
Place added: { tripId: [32m'trip-123'[39m, place: { id: [32m'place-1'[39m, name: [32m'Tokyo Tower'[39m } }

stdout | src/services/__tests__/socketService.test.ts > SocketService > Place Events > should handle place:added event
Socket disconnected

stdout | src/services/__tests__/socketService.test.ts > SocketService > Place Events > should handle place:updated event
Socket connection initiated to: http://localhost:5000

stdout | src/services/__tests__/socketService.test.ts > SocketService > Place Events > should handle place:updated event
Place updated: {
  tripId: [32m'trip-123'[39m,
  place: { id: [32m'place-1'[39m, name: [32m'Tokyo Tower Updated'[39m }
}

stdout | src/services/__tests__/socketService.test.ts > SocketService > Place Events > should handle place:updated event
Socket disconnected

stdout | src/services/__tests__/socketService.test.ts > SocketService > Place Events > should handle place:deleted event
Socket connection initiated to: http://localhost:5000

stdout | src/services/__tests__/socketService.test.ts > SocketService > Place Events > should handle place:deleted event
Place deleted: { tripId: [32m'trip-123'[39m, placeId: [32m'place-1'[39m }

stdout | src/services/__tests__/socketService.test.ts > SocketService > Place Events > should handle place:deleted event
Socket disconnected

 ✓ src/services/__tests__/socketService.test.ts (35 tests) 153ms
 ✓ src/hooks/__tests__/useKeyboardNavigation.test.ts (22 tests) 162ms
 ✓ src/hooks/__tests__/useHealthMonitor.test.tsx (14 tests) 204ms
11:37:48 PM [vite] warning: This case clause will never be evaluated because it duplicates an earlier case clause
44 |          case '(max-width: 767px)': return false; // isMobile
45 |          case '(min-width: 768px) and (max-width: 1023px)': return false; // isTablet
46 |          case '(min-width: 1024px)': return true; // isDesktop
   |               ^
47 |          case '(hover: none) and (pointer: coarse)': return false; // isTouch
48 |          case '(orientation: portrait)': return false; // isPortrait

  Plugin: vite:esbuild
  File: /Users/poonjohnny/Desktop/ProjectApp/Journo/frontend/src/hooks/__tests__/useResponsive.test.ts
 ✓ src/hooks/__tests__/useResponsive.test.ts (15 tests) 120ms
 ✓ src/hooks/__tests__/useNetworkStatus.test.tsx (6 tests) 95ms
stdout | src/services/__tests__/budgetSyncService.test.ts > BudgetSyncService > subscribeToTripBudget > should subscribe to budget updates for a trip
[BudgetSync] Subscribed to budget updates for trip trip-123

stdout | src/services/__tests__/budgetSyncService.test.ts > BudgetSyncService > subscribeToTripBudget > should return an unsubscribe function that removes the listener
[BudgetSync] Subscribed to budget updates for trip trip-456
[BudgetSync] Unsubscribed from budget updates for trip trip-456

stdout | src/services/__tests__/budgetSyncService.test.ts > BudgetSyncService > syncBudgetConfig > should save budget config offline and sync to backend when online
[BudgetSync] Budget config synced successfully

stdout | src/services/__tests__/budgetSyncService.test.ts > BudgetSyncService > syncBudgetConfig > should queue budget config update when offline
[BudgetSync] Offline, queuing budget config update

stdout | src/services/__tests__/budgetSyncService.test.ts > BudgetSyncService > syncBudgetConfig > should queue budget config update when offline
[BudgetSync] Queued budget config update: budget_config_config-123_1771342671223

stdout | src/services/__tests__/budgetSyncService.test.ts > BudgetSyncService > syncExpense > should save expense offline and sync to backend when online
[BudgetSync] Expense synced successfully

stdout | src/services/__tests__/budgetSyncService.test.ts > BudgetSyncService > syncExpense > should create new expense when ID starts with temp_
[BudgetSync] Expense synced successfully

stdout | src/services/__tests__/budgetSyncService.test.ts > BudgetSyncService > syncExpense > should queue expense update when offline
[BudgetSync] Offline, queuing expense update

stdout | src/services/__tests__/budgetSyncService.test.ts > BudgetSyncService > syncExpense > should queue expense update when offline
[BudgetSync] Queued expense update: expense_expense-123_1771342671236

stdout | src/services/__tests__/budgetSyncService.test.ts > BudgetSyncService > syncDeleteExpense > should delete expense offline and sync to backend when online
[BudgetSync] Expense deletion synced successfully

stdout | src/services/__tests__/budgetSyncService.test.ts > BudgetSyncService > syncDeleteExpense > should queue expense deletion when offline
[BudgetSync] Offline, queuing expense deletion

stdout | src/services/__tests__/budgetSyncService.test.ts > BudgetSyncService > syncDeleteExpense > should queue expense deletion when offline
[BudgetSync] Queued expense deletion: expense_delete_expense-123_1771342671242

 ✓ src/services/__tests__/budgetSyncService.test.ts (11 tests) 77ms
 ✓ src/utils/__tests__/responsive.test.ts (33 tests) 55ms
stderr | src/services/__tests__/quickPlanOfflineService.test.ts
PostHog key not configured, analytics disabled

 ✓ src/services/__tests__/quickPlanOfflineService.test.ts (16 tests) 130ms
stderr | src/services/__tests__/badgeService.test.ts > BadgeService > getUserBadges > should handle errors when fetching badges
Error fetching user badges: Error: Network error
    at [90m/Users/poonjohnny/Desktop/ProjectApp/Journo/frontend/[39msrc/services/__tests__/badgeService.test.ts:41:21
    at file:///Users/poonjohnny/Desktop/ProjectApp/Journo/node_modules/[4m@vitest[24m/runner/dist/chunk-hooks.js:155:11
    at file:///Users/poonjohnny/Desktop/ProjectApp/Journo/node_modules/[4m@vitest[24m/runner/dist/chunk-hooks.js:752:26
    at file:///Users/poonjohnny/Desktop/ProjectApp/Journo/node_modules/[4m@vitest[24m/runner/dist/chunk-hooks.js:1897:20
    at new Promise (<anonymous>)
    at runWithTimeout (file:///Users/poonjohnny/Desktop/ProjectApp/Journo/node_modules/[4m@vitest[24m/runner/dist/chunk-hooks.js:1863:10)
    at runTest (file:///Users/poonjohnny/Desktop/ProjectApp/Journo/node_modules/[4m@vitest[24m/runner/dist/chunk-hooks.js:1574:12)
[90m    at processTicksAndRejections (node:internal/process/task_queues:105:5)[39m
    at runSuite (file:///Users/poonjohnny/Desktop/ProjectApp/Journo/node_modules/[4m@vitest[24m/runner/dist/chunk-hooks.js:1729:8)
    at runSuite (file:///Users/poonjohnny/Desktop/ProjectApp/Journo/node_modules/[4m@vitest[24m/runner/dist/chunk-hooks.js:1729:8)

 ✓ src/services/__tests__/badgeService.test.ts (11 tests) 74ms
stderr | src/stores/__tests__/activityStore.test.ts > Activity Store > fetchActivities > should handle fetch error
Failed to fetch activities: Error: Network error
    at [90m/Users/poonjohnny/Desktop/ProjectApp/Journo/frontend/[39msrc/stores/__tests__/activityStore.test.ts:171:70
    at file:///Users/poonjohnny/Desktop/ProjectApp/Journo/node_modules/[4m@vitest[24m/runner/dist/chunk-hooks.js:155:11
    at file:///Users/poonjohnny/Desktop/ProjectApp/Journo/node_modules/[4m@vitest[24m/runner/dist/chunk-hooks.js:752:26
    at file:///Users/poonjohnny/Desktop/ProjectApp/Journo/node_modules/[4m@vitest[24m/runner/dist/chunk-hooks.js:1897:20
    at new Promise (<anonymous>)
    at runWithTimeout (file:///Users/poonjohnny/Desktop/ProjectApp/Journo/node_modules/[4m@vitest[24m/runner/dist/chunk-hooks.js:1863:10)
    at runTest (file:///Users/poonjohnny/Desktop/ProjectApp/Journo/node_modules/[4m@vitest[24m/runner/dist/chunk-hooks.js:1574:12)
[90m    at processTicksAndRejections (node:internal/process/task_queues:105:5)[39m
    at runSuite (file:///Users/poonjohnny/Desktop/ProjectApp/Journo/node_modules/[4m@vitest[24m/runner/dist/chunk-hooks.js:1729:8)
    at runSuite (file:///Users/poonjohnny/Desktop/ProjectApp/Journo/node_modules/[4m@vitest[24m/runner/dist/chunk-hooks.js:1729:8)

stderr | src/stores/__tests__/activityStore.test.ts > Activity Store > fetchMoreActivities > should handle fetch more error
Failed to fetch more activities: Error: Network error
    at [90m/Users/poonjohnny/Desktop/ProjectApp/Journo/frontend/[39msrc/stores/__tests__/activityStore.test.ts:289:70
    at file:///Users/poonjohnny/Desktop/ProjectApp/Journo/node_modules/[4m@vitest[24m/runner/dist/chunk-hooks.js:155:11
    at file:///Users/poonjohnny/Desktop/ProjectApp/Journo/node_modules/[4m@vitest[24m/runner/dist/chunk-hooks.js:752:26
    at file:///Users/poonjohnny/Desktop/ProjectApp/Journo/node_modules/[4m@vitest[24m/runner/dist/chunk-hooks.js:1897:20
    at new Promise (<anonymous>)
    at runWithTimeout (file:///Users/poonjohnny/Desktop/ProjectApp/Journo/node_modules/[4m@vitest[24m/runner/dist/chunk-hooks.js:1863:10)
    at runTest (file:///Users/poonjohnny/Desktop/ProjectApp/Journo/node_modules/[4m@vitest[24m/runner/dist/chunk-hooks.js:1574:12)
[90m    at processTicksAndRejections (node:internal/process/task_queues:105:5)[39m
    at runSuite (file:///Users/poonjohnny/Desktop/ProjectApp/Journo/node_modules/[4m@vitest[24m/runner/dist/chunk-hooks.js:1729:8)
    at runSuite (file:///Users/poonjohnny/Desktop/ProjectApp/Journo/node_modules/[4m@vitest[24m/runner/dist/chunk-hooks.js:1729:8)

stderr | src/stores/__tests__/activityStore.test.ts > Activity Store > Edge Cases > should handle non-Error objects in catch
Failed to fetch activities: String error

 ✓ src/stores/__tests__/activityStore.test.ts (27 tests) 84ms
 ✓ src/services/__tests__/networkErrorHandler.test.ts (28 tests) 52ms
 ✓ src/services/__tests__/formHandler.test.ts (31 tests) 206ms
 ✓ src/i18n/__tests__/formatters.test.ts (18 tests) 167ms
stderr | src/utils/__tests__/googleMapsUrl.test.ts > openGoogleMaps > should return false for empty location
Cannot open Google Maps: invalid location data

stderr | src/utils/__tests__/googleMapsUrl.test.ts > openGoogleMaps > should return false for invalid coordinates and empty location
Cannot open Google Maps: invalid location data

 ✓ src/utils/__tests__/googleMapsUrl.test.ts (33 tests) 61ms
stdout | src/services/__tests__/featureFlagService.test.ts > Feature Flag Service > should create a snapshot
[Feature Flag] All snapshots cleared

stdout | src/services/__tests__/featureFlagService.test.ts > Feature Flag Service > should create a snapshot
[Feature Flag] Snapshot created: {
  timestamp: [32m'2026-02-17T15:37:57.190Z'[39m,
  flags: { newTripPlannerUI: [33mfalse[39m },
  reason: [32m'Test snapshot'[39m
}

stdout | src/services/__tests__/featureFlagService.test.ts > Feature Flag Service > should limit snapshots to MAX_SNAPSHOTS
[Feature Flag] All snapshots cleared

stdout | src/services/__tests__/featureFlagService.test.ts > Feature Flag Service > should limit snapshots to MAX_SNAPSHOTS
[Feature Flag] Snapshot created: {
  timestamp: [32m'2026-02-17T15:37:57.198Z'[39m,
  flags: { newTripPlannerUI: [33mfalse[39m },
  reason: [32m'Snapshot 0'[39m
}
[Feature Flag] Snapshot created: {
  timestamp: [32m'2026-02-17T15:37:57.198Z'[39m,
  flags: { newTripPlannerUI: [33mfalse[39m },
  reason: [32m'Snapshot 1'[39m
}
[Feature Flag] Snapshot created: {
  timestamp: [32m'2026-02-17T15:37:57.198Z'[39m,
  flags: { newTripPlannerUI: [33mfalse[39m },
  reason: [32m'Snapshot 2'[39m
}
[Feature Flag] Snapshot created: {
  timestamp: [32m'2026-02-17T15:37:57.199Z'[39m,
  flags: { newTripPlannerUI: [33mfalse[39m },
  reason: [32m'Snapshot 3'[39m
}
[Feature Flag] Snapshot created: {
  timestamp: [32m'2026-02-17T15:37:57.200Z'[39m,
  flags: { newTripPlannerUI: [33mfalse[39m },
  reason: [32m'Snapshot 4'[39m
}
[Feature Flag] Snapshot created: {
  timestamp: [32m'2026-02-17T15:37:57.200Z'[39m,
  flags: { newTripPlannerUI: [33mfalse[39m },
  reason: [32m'Snapshot 5'[39m
}
[Feature Flag] Snapshot created: {
  timestamp: [32m'2026-02-17T15:37:57.200Z'[39m,
  flags: { newTripPlannerUI: [33mfalse[39m },
  reason: [32m'Snapshot 6'[39m
}
[Feature Flag] Snapshot created: {
  timestamp: [32m'2026-02-17T15:37:57.201Z'[39m,
  flags: { newTripPlannerUI: [33mfalse[39m },
  reason: [32m'Snapshot 7'[39m
}
[Feature Flag] Snapshot created: {
  timestamp: [32m'2026-02-17T15:37:57.201Z'[39m,
  flags: { newTripPlannerUI: [33mfalse[39m },
  reason: [32m'Snapshot 8'[39m
}
[Feature Flag] Snapshot created: {
  timestamp: [32m'2026-02-17T15:37:57.201Z'[39m,
  flags: { newTripPlannerUI: [33mfalse[39m },
  reason: [32m'Snapshot 9'[39m
}
[Feature Flag] Snapshot created: {
  timestamp: [32m'2026-02-17T15:37:57.202Z'[39m,
  flags: { newTripPlannerUI: [33mfalse[39m },
  reason: [32m'Snapshot 10'[39m
}
[Feature Flag] Snapshot created: {
  timestamp: [32m'2026-02-17T15:37:57.202Z'[39m,
  flags: { newTripPlannerUI: [33mfalse[39m },
  reason: [32m'Snapshot 11'[39m
}
[Feature Flag] Snapshot created: {
  timestamp: [32m'2026-02-17T15:37:57.202Z'[39m,
  flags: { newTripPlannerUI: [33mfalse[39m },
  reason: [32m'Snapshot 12'[39m
}
[Feature Flag] Snapshot created: {
  timestamp: [32m'2026-02-17T15:37:57.203Z'[39m,
  flags: { newTripPlannerUI: [33mfalse[39m },
  reason: [32m'Snapshot 13'[39m
}
[Feature Flag] Snapshot created: {
  timestamp: [32m'2026-02-17T15:37:57.203Z'[39m,
  flags: { newTripPlannerUI: [33mfalse[39m },
  reason: [32m'Snapshot 14'[39m
}

stdout | src/services/__tests__/featureFlagService.test.ts > Feature Flag Service > should rollback to latest snapshot
[Feature Flag] All snapshots cleared

stdout | src/services/__tests__/featureFlagService.test.ts > Feature Flag Service > should rollback to latest snapshot
[Feature Flag] Snapshot created: {
  timestamp: [32m'2026-02-17T15:37:57.208Z'[39m,
  flags: { newTripPlannerUI: [33mfalse[39m },
  reason: [32m'Initial'[39m
}
[Feature Flag] Snapshot created: {
  timestamp: [32m'2026-02-17T15:37:57.208Z'[39m,
  flags: { newTripPlannerUI: [33mtrue[39m },
  reason: [32m'Updated'[39m
}
[Feature Flag] Rolling back to snapshot: {
  timestamp: [32m'2026-02-17T15:37:57.208Z'[39m,
  flags: { newTripPlannerUI: [33mtrue[39m },
  reason: [32m'Updated'[39m
}

stdout | src/services/__tests__/featureFlagService.test.ts > Feature Flag Service > should rollback to specific snapshot
[Feature Flag] All snapshots cleared

stdout | src/services/__tests__/featureFlagService.test.ts > Feature Flag Service > should rollback to specific snapshot
[Feature Flag] Snapshot created: {
  timestamp: [32m'2026-02-17T15:37:57.211Z'[39m,
  flags: { newTripPlannerUI: [33mfalse[39m },
  reason: [32m'First'[39m
}
[Feature Flag] Snapshot created: {
  timestamp: [32m'2026-02-17T15:37:57.211Z'[39m,
  flags: { newTripPlannerUI: [33mtrue[39m },
  reason: [32m'Second'[39m
}
[Feature Flag] Rolling back to snapshot: {
  timestamp: [32m'2026-02-17T15:37:57.211Z'[39m,
  flags: { newTripPlannerUI: [33mfalse[39m },
  reason: [32m'First'[39m
}

stdout | src/services/__tests__/featureFlagService.test.ts > Feature Flag Service > should return null for invalid rollback index
[Feature Flag] All snapshots cleared

stdout | src/services/__tests__/featureFlagService.test.ts > Feature Flag Service > should return null for invalid rollback index
[Feature Flag] Snapshot created: {
  timestamp: [32m'2026-02-17T15:37:57.213Z'[39m,
  flags: { newTripPlannerUI: [33mfalse[39m },
  reason: [32m'Test'[39m
}

stderr | src/services/__tests__/featureFlagService.test.ts > Feature Flag Service > should return null for invalid rollback index
[Feature Flag] Invalid snapshot index: [33m999[39m

stdout | src/services/__tests__/featureFlagService.test.ts > Feature Flag Service > should check if rollback is available
[Feature Flag] All snapshots cleared

stdout | src/services/__tests__/featureFlagService.test.ts > Feature Flag Service > should check if rollback is available
[Feature Flag] Snapshot created: {
  timestamp: [32m'2026-02-17T15:37:57.216Z'[39m,
  flags: { newTripPlannerUI: [33mfalse[39m },
  reason: [32m'Test'[39m
}

stdout | src/services/__tests__/featureFlagService.test.ts > Feature Flag Service > should perform emergency rollback
[Feature Flag] All snapshots cleared

stdout | src/services/__tests__/featureFlagService.test.ts > Feature Flag Service > should perform emergency rollback
[Feature Flag] Emergency rollback executed

stdout | src/services/__tests__/featureFlagService.test.ts > Feature Flag Service > should validate flags
[Feature Flag] All snapshots cleared

stderr | src/services/__tests__/featureFlagService.test.ts > Feature Flag Service > should validate flags
[Feature Flag] Invalid flag value for newTripPlannerUI: invalid

stdout | src/services/__tests__/featureFlagService.test.ts > Feature Flag Service > should get analytics
[Feature Flag] All snapshots cleared

stdout | src/services/__tests__/featureFlagService.test.ts > Feature Flag Service > should get analytics
[Feature Flag] Snapshot created: {
  timestamp: [32m'2026-02-17T15:37:57.235Z'[39m,
  flags: { newTripPlannerUI: [33mfalse[39m },
  reason: [32m'First'[39m
}
[Feature Flag] Snapshot created: {
  timestamp: [32m'2026-02-17T15:37:57.235Z'[39m,
  flags: { newTripPlannerUI: [33mfalse[39m },
  reason: [32m'Second'[39m
}

stdout | src/services/__tests__/featureFlagService.test.ts > Feature Flag Service > should clear all snapshots
[Feature Flag] All snapshots cleared

stdout | src/services/__tests__/featureFlagService.test.ts > Feature Flag Service > should clear all snapshots
[Feature Flag] Snapshot created: {
  timestamp: [32m'2026-02-17T15:37:57.238Z'[39m,
  flags: { newTripPlannerUI: [33mfalse[39m },
  reason: [32m'Test'[39m
}
[Feature Flag] All snapshots cleared

 ✓ src/services/__tests__/featureFlagService.test.ts (10 tests) 59ms
 ✓ src/services/__tests__/syncConflictService.test.ts (15 tests) 76ms
 ✓ src/utils/__tests__/formatters.test.ts (54 tests) 175ms
 ✓ src/stores/__tests__/budgetStore.test.ts (27 tests) 83ms
 ✓ src/components/common/__tests__/ErrorBoundary.sanitization.test.tsx (25 tests) 43ms
 ✓ src/utils/__tests__/accessibility.reducedMotion.test.ts (19 tests) 64ms
 ✓ src/services/__tests__/offlineFeatureManager.test.ts (19 tests) 64ms
stdout | src/i18n/__tests__/config.test.ts
🌐 Using default language: en

stdout | src/stores/__tests__/featureFlagStore.test.ts > Feature Flag Store > should have default flags disabled
[Feature Flag] {
  flag: [32m'newTripPlannerUI'[39m,
  action: [32m'reset'[39m,
  abTestGroup: [1mnull[22m,
  currentValue: [33mfalse[39m
}

stdout | src/stores/__tests__/featureFlagStore.test.ts > Feature Flag Store > should enable a feature flag
[Feature Flag] {
  flag: [32m'newTripPlannerUI'[39m,
  action: [32m'reset'[39m,
  abTestGroup: [1mnull[22m,
  currentValue: [33mfalse[39m
}

stdout | src/stores/__tests__/featureFlagStore.test.ts > Feature Flag Store > should enable a feature flag
[Feature Flag] {
  flag: [32m'newTripPlannerUI'[39m,
  action: [32m'enabled'[39m,
  abTestGroup: [1mnull[22m,
  currentValue: [33mtrue[39m
}

 ✓ src/i18n/__tests__/config.test.ts (17 tests) 39ms
stdout | src/stores/__tests__/featureFlagStore.test.ts > Feature Flag Store > should toggle a feature flag
[Feature Flag] {
  flag: [32m'newTripPlannerUI'[39m,
  action: [32m'reset'[39m,
  abTestGroup: [1mnull[22m,
  currentValue: [33mfalse[39m
}

stdout | src/stores/__tests__/featureFlagStore.test.ts > Feature Flag Store > should toggle a feature flag
[Feature Flag] {
  flag: [32m'newTripPlannerUI'[39m,
  action: [32m'enabled'[39m,
  abTestGroup: [1mnull[22m,
  currentValue: [33mtrue[39m
}
[Feature Flag] {
  flag: [32m'newTripPlannerUI'[39m,
  action: [32m'disabled'[39m,
  abTestGroup: [1mnull[22m,
  currentValue: [33mfalse[39m
}

stdout | src/stores/__tests__/featureFlagStore.test.ts > Feature Flag Store > should reset flags to defaults
[Feature Flag] {
  flag: [32m'newTripPlannerUI'[39m,
  action: [32m'reset'[39m,
  abTestGroup: [1mnull[22m,
  currentValue: [33mfalse[39m
}

stdout | src/stores/__tests__/featureFlagStore.test.ts > Feature Flag Store > should reset flags to defaults
[Feature Flag] {
  flag: [32m'newTripPlannerUI'[39m,
  action: [32m'enabled'[39m,
  abTestGroup: [1mnull[22m,
  currentValue: [33mtrue[39m
}
[Feature Flag] {
  flag: [32m'newTripPlannerUI'[39m,
  action: [32m'reset'[39m,
  abTestGroup: [1mnull[22m,
  currentValue: [33mfalse[39m
}

stdout | src/stores/__tests__/featureFlagStore.test.ts > Feature Flag Store > should track flag usage
[Feature Flag] {
  flag: [32m'newTripPlannerUI'[39m,
  action: [32m'reset'[39m,
  abTestGroup: [1mnull[22m,
  currentValue: [33mfalse[39m
}

stdout | src/stores/__tests__/featureFlagStore.test.ts > Feature Flag Store > should persist flags to localStorage
[Feature Flag] {
  flag: [32m'newTripPlannerUI'[39m,
  action: [32m'reset'[39m,
  abTestGroup: [1mnull[22m,
  currentValue: [33mfalse[39m
}

stdout | src/stores/__tests__/featureFlagStore.test.ts > Feature Flag Store > should persist flags to localStorage
[Feature Flag] {
  flag: [32m'newTripPlannerUI'[39m,
  action: [32m'enabled'[39m,
  abTestGroup: [1mnull[22m,
  currentValue: [33mtrue[39m
}

 ✓ src/stores/__tests__/featureFlagStore.test.ts (6 tests) 44ms
 ✓ src/utils/__tests__/accessibility.test.ts (14 tests) 22ms
 ✓ src/hooks/__tests__/useDarkMode.test.ts (4 tests) 10ms
 ✓ src/services/__tests__/offlineSupport.test.ts (13 tests) 17ms

⎯⎯⎯⎯⎯⎯ Failed Suites 1 ⎯⎯⎯⎯⎯⎯⎯

 FAIL  src/services/__tests__/offlineQueueService.test.ts [ src/services/__tests__/offlineQueueService.test.ts ]
ReferenceError: Cannot access 'createMockStore' before initialization
 ❯ Object.createInstance src/services/__tests__/offlineQueueService.test.ts:34:9
     32|     default: {
     33|       createInstance: () => {
     34|         mockStoreInstance = createMockStore();
       |         ^
     35|         return mockStoreInstance;
     36|       },
 ❯ src/services/offlineQueueService.ts:38:39
 ❯ src/services/__tests__/offlineQueueService.test.ts:6:1

⎯⎯⎯⎯⎯⎯⎯⎯⎯⎯⎯⎯⎯⎯⎯⎯⎯⎯⎯⎯⎯⎯[1/268]⎯


⎯⎯⎯⎯⎯⎯ Failed Tests 267 ⎯⎯⎯⎯⎯⎯

 FAIL  src/hooks/__tests__/useFormHandler.test.tsx > useFormHandler > Form Submission > should submit form successfully
AssertionError: expected false to be true // Object.is equality

[32m- Expected[39m
[31m+ Received[39m

[32m- true[39m
[31m+ false[39m

 ❯ src/hooks/__tests__/useFormHandler.test.tsx:392:40
    390|       });
    391| 
    392|       expect(submissionResult.success).toBe(true);
       |                                        ^
    393|       expect(submissionResult.data).toEqual(mockResponse);
    394|       expect(onSuccess).toHaveBeenCalledWith(mockResponse);

⎯⎯⎯⎯⎯⎯⎯⎯⎯⎯⎯⎯⎯⎯⎯⎯⎯⎯⎯⎯⎯⎯[2/268]⎯

 FAIL  src/hooks/__tests__/useFormHandler.test.tsx > useFormHandler > Form Submission > should track submission state
AssertionError: expected false to be true // Object.is equality

[32m- Expected[39m
[31m+ Received[39m

[32m- true[39m
[31m+ false[39m

 ❯ src/hooks/__tests__/useFormHandler.test.tsx:484:59
    482| 
    483|       // Should be submitting immediately after calling handleSubmit
    484|       expect(result.current.submissionState.isSubmitting).toBe(true);
       |                                                           ^
    485| 
    486|       // Resolve the submission

⎯⎯⎯⎯⎯⎯⎯⎯⎯⎯⎯⎯⎯⎯⎯⎯⎯⎯⎯⎯⎯⎯[3/268]⎯

 FAIL  src/hooks/__tests__/useFormHandler.test.tsx > useFormHandler > Form Submission > should increment submit count
AssertionError: expected +0 to be 1 // Object.is equality

[32m- Expected[39m
[31m+ Received[39m

[32m- 1[39m
[31m+ 0[39m

 ❯ src/hooks/__tests__/useFormHandler.test.tsx:521:42
    519|       });
    520| 
    521|       expect(result.current.submitCount).toBe(1);
       |                                          ^
    522| 
    523|       await act(async () => {

⎯⎯⎯⎯⎯⎯⎯⎯⎯⎯⎯⎯⎯⎯⎯⎯⎯⎯⎯⎯⎯⎯[4/268]⎯

 FAIL  src/hooks/__tests__/useFormHandler.test.tsx > useFormHandler > Integration > should handle complete form flow
AssertionError: expected "spy" to be called with arguments: [ { id: '123', title: 'My Trip' } ][90m

Number of calls: [1m0[22m
[39m
 ❯ src/hooks/__tests__/useFormHandler.test.tsx:622:25
    620|       });
    621| 
    622|       expect(onSuccess).toHaveBeenCalledWith({ id: '123', title: 'My T…
       |                         ^
    623|       expect(result.current.submitCount).toBe(1);
    624|       

⎯⎯⎯⎯⎯⎯⎯⎯⎯⎯⎯⎯⎯⎯⎯⎯⎯⎯⎯⎯⎯⎯[5/268]⎯

 FAIL  src/hooks/__tests__/useI18n.test.tsx > useI18n Hook > Translation Function > should translate keys correctly
AssertionError: expected 'common:appName' to be 'Journo' // Object.is equality

Expected: [32m"Journo"[39m
Received: [31m"common:appName"[39m

 ❯ src/hooks/__tests__/useI18n.test.tsx:29:27
     27|       const { result } = renderHook(() => useI18n(), { wrapper });
     28|       const translation = result.current.t('common:appName');
     29|       expect(translation).toBe('Journo');
       |                           ^
     30|     });
     31| 

⎯⎯⎯⎯⎯⎯⎯⎯⎯⎯⎯⎯⎯⎯⎯⎯⎯⎯⎯⎯⎯⎯[6/268]⎯

 FAIL  src/hooks/__tests__/useI18n.test.tsx > useI18n Hook > Translation Function > should translate with namespace
AssertionError: expected 'trip:createTrip' to be 'Create Trip' // Object.is equality

Expected: [32m"[7mC[27mreate[7m [27mTrip"[39m
Received: [31m"[7mtrip:c[27mreateTrip"[39m

 ❯ src/hooks/__tests__/useI18n.test.tsx:35:27
     33|       const { result } = renderHook(() => useI18n(), { wrapper });
     34|       const translation = result.current.t('trip:createTrip');
     35|       expect(translation).toBe('Create Trip');
       |                           ^
     36|     });
     37|   });

⎯⎯⎯⎯⎯⎯⎯⎯⎯⎯⎯⎯⎯⎯⎯⎯⎯⎯⎯⎯⎯⎯[7/268]⎯

 FAIL  src/hooks/__tests__/useI18n.test.tsx > useI18n Hook > Language Property > should update language when changed
AssertionError: expected 'en' to be 'zh-TW' // Object.is equality

Ignored nodes: comments, script, style
[36m<html>[39m
  [36m<head />[39m
  [36m<body>[39m
    [36m<div />[39m
  [36m</body>[39m
[36m</html>[39m

Expected: [32m"zh-TW"[39m
Received: [31m"en"[39m

 ❯ src/hooks/__tests__/useI18n.test.tsx:53:41
     51| 
     52|       await waitFor(() => {
     53|         expect(result.current.language).toBe('zh-TW');
       |                                         ^
     54|       });
     55|     });
 ❯ runWithExpensiveErrorDiagnosticsDisabled ../node_modules/@testing-library/dom/dist/config.js:47:12
 ❯ checkCallback ../node_modules/@testing-library/dom/dist/wait-for.js:124:77
 ❯ Timeout.checkRealTimersCallback ../node_modules/@testing-library/dom/dist/wait-for.js:118:16

⎯⎯⎯⎯⎯⎯⎯⎯⎯⎯⎯⎯⎯⎯⎯⎯⎯⎯⎯⎯⎯⎯[8/268]⎯

 FAIL  src/hooks/__tests__/useI18n.test.tsx > useI18n Hook > Distance and Duration Formatters > should format distance in metric for Chinese
AssertionError: expected '3.1mi' to contain 'km'

Ignored nodes: comments, script, style
[36m<html>[39m
  [36m<head />[39m
  [36m<body>[39m
    [36m<div />[39m
  [36m</body>[39m
[36m</html>[39m

Expected: [32m"km"[39m
Received: [31m"3.1mi"[39m

 ❯ src/hooks/__tests__/useI18n.test.tsx:178:27
    176|       await waitFor(() => {
    177|         const formatted = result.current.formatDistance(5000);
    178|         expect(formatted).toContain('km');
       |                           ^
    179|       });
    180|     });
 ❯ runWithExpensiveErrorDiagnosticsDisabled ../node_modules/@testing-library/dom/dist/config.js:47:12
 ❯ checkCallback ../node_modules/@testing-library/dom/dist/wait-for.js:124:77
 ❯ Timeout.checkRealTimersCallback ../node_modules/@testing-library/dom/dist/wait-for.js:118:16

⎯⎯⎯⎯⎯⎯⎯⎯⎯⎯⎯⎯⎯⎯⎯⎯⎯⎯⎯⎯⎯⎯[9/268]⎯

 FAIL  src/hooks/__tests__/useI18n.test.tsx > useI18n Hook > Distance and Duration Formatters > should format duration in Chinese
AssertionError: expected '2h 30m' to be '2小时30分钟' // Object.is equality

Ignored nodes: comments, script, style
[36m<html>[39m
  [36m<head />[39m
  [36m<body>[39m
    [36m<div />[39m
  [36m</body>[39m
[36m</html>[39m

Expected: [32m"2[7m小时30分钟[27m"[39m
Received: [31m"2[7mh 30m[27m"[39m

 ❯ src/hooks/__tests__/useI18n.test.tsx:202:27
    200|       await waitFor(() => {
    201|         const formatted = result.current.formatDuration(150);
    202|         expect(formatted).toBe('2小时30分钟');
       |                           ^
    203|       });
    204|     });
 ❯ runWithExpensiveErrorDiagnosticsDisabled ../node_modules/@testing-library/dom/dist/config.js:47:12
 ❯ checkCallback ../node_modules/@testing-library/dom/dist/wait-for.js:124:77
 ❯ Timeout.checkRealTimersCallback ../node_modules/@testing-library/dom/dist/wait-for.js:118:16

⎯⎯⎯⎯⎯⎯⎯⎯⎯⎯⎯⎯⎯⎯⎯⎯⎯⎯⎯⎯⎯[10/268]⎯

 FAIL  src/hooks/__tests__/useI18n.test.tsx > useI18n Hook > i18n Instance > should allow language changes through i18n instance
AssertionError: expected 'en' to be 'zh-TW' // Object.is equality

Ignored nodes: comments, script, style
[36m<html>[39m
  [36m<head />[39m
  [36m<body>[39m
    [36m<div />[39m
  [36m</body>[39m
[36m</html>[39m

Expected: [32m"zh-TW"[39m
Received: [31m"en"[39m

 ❯ src/hooks/__tests__/useI18n.test.tsx:222:41
    220| 
    221|       await waitFor(() => {
    222|         expect(result.current.language).toBe('zh-TW');
       |                                         ^
    223|       });
    224|     });
 ❯ runWithExpensiveErrorDiagnosticsDisabled ../node_modules/@testing-library/dom/dist/config.js:47:12
 ❯ checkCallback ../node_modules/@testing-library/dom/dist/wait-for.js:124:77
 ❯ Timeout.checkRealTimersCallback ../node_modules/@testing-library/dom/dist/wait-for.js:118:16

⎯⎯⎯⎯⎯⎯⎯⎯⎯⎯⎯⎯⎯⎯⎯⎯⎯⎯⎯⎯⎯[11/268]⎯

 FAIL  src/i18n/__tests__/translations.test.ts > i18n Translations > English translations > should translate countdown timer
AssertionError: expected 'countdown.days' to be '1 day' // Object.is equality

Expected: [32m"[7m1 [27mday"[39m
Received: [31m"[7mcountdown.[27mday[7ms[27m"[39m

 ❯ src/i18n/__tests__/translations.test.ts:27:61
     25| 
     26|     it('should translate countdown timer', () => {
     27|       expect(i18n.t('kawaii:countdown.days', { count: 1 })).toBe('1 da…
       |                                                             ^
     28|       expect(i18n.t('kawaii:countdown.days', { count: 5 })).toBe('5 da…
     29|       expect(i18n.t('kawaii:countdown.hours', { count: 1 })).toBe('1 h…

⎯⎯⎯⎯⎯⎯⎯⎯⎯⎯⎯⎯⎯⎯⎯⎯⎯⎯⎯⎯⎯[12/268]⎯

 FAIL  src/i18n/__tests__/translations.test.ts > i18n Translations > English translations > should translate weather conditions
AssertionError: expected 'weather.conditions.sunny' to be 'Sunny' // Object.is equality

Expected: [32m"[7mS[27munny"[39m
Received: [31m"[7mweather.conditions.s[27munny"[39m

 ❯ src/i18n/__tests__/translations.test.ts:34:57
     32| 
     33|     it('should translate weather conditions', () => {
     34|       expect(i18n.t('kawaii:weather.conditions.sunny')).toBe('Sunny');
       |                                                         ^
     35|       expect(i18n.t('kawaii:weather.conditions.rainy')).toBe('Rainy');
     36|       expect(i18n.t('kawaii:weather.conditions.snowy')).toBe('Snowy');

⎯⎯⎯⎯⎯⎯⎯⎯⎯⎯⎯⎯⎯⎯⎯⎯⎯⎯⎯⎯⎯[13/268]⎯

 FAIL  src/i18n/__tests__/translations.test.ts > i18n Translations > English translations > should translate theme colors
AssertionError: expected 'theme.colors.pink' to be 'Pink' // Object.is equality

Expected: [32m"[7mP[27mink"[39m
Received: [31m"[7mtheme.colors.p[27mink"[39m

 ❯ src/i18n/__tests__/translations.test.ts:40:50
     38| 
     39|     it('should translate theme colors', () => {
     40|       expect(i18n.t('kawaii:theme.colors.pink')).toBe('Pink');
       |                                                  ^
     41|       expect(i18n.t('kawaii:theme.colors.orange')).toBe('Orange');
     42|       expect(i18n.t('kawaii:theme.colors.blue')).toBe('Blue');

⎯⎯⎯⎯⎯⎯⎯⎯⎯⎯⎯⎯⎯⎯⎯⎯⎯⎯⎯⎯⎯[14/268]⎯

 FAIL  src/i18n/__tests__/translations.test.ts > i18n Translations > English translations > should translate animation types
AssertionError: expected 'theme.animationTypes.none' to be 'None' // Object.is equality

Expected: [32m"[7mN[27mone"[39m
Received: [31m"[7mtheme.animationTypes.n[27mone"[39m

 ❯ src/i18n/__tests__/translations.test.ts:46:58
     44| 
     45|     it('should translate animation types', () => {
     46|       expect(i18n.t('kawaii:theme.animationTypes.none')).toBe('None');
       |                                                          ^
     47|       expect(i18n.t('kawaii:theme.animationTypes.snow')).toBe('Snow');
     48|       expect(i18n.t('kawaii:theme.animationTypes.sakura')).toBe('Sakur…

⎯⎯⎯⎯⎯⎯⎯⎯⎯⎯⎯⎯⎯⎯⎯⎯⎯⎯⎯⎯⎯[15/268]⎯

 FAIL  src/i18n/__tests__/translations.test.ts > i18n Translations > Sticker categories > should translate sticker categories in all languages
AssertionError: expected 'stickers.categories.characters' to be 'Characters' // Object.is equality

Expected: [32m"[7mC[27mharacters"[39m
Received: [31m"[7mstickers.categories.c[27mharacters"[39m

 ❯ src/i18n/__tests__/translations.test.ts:136:63
    134|     it('should translate sticker categories in all languages', () => {
    135|       i18n.changeLanguage('en');
    136|       expect(i18n.t('kawaii:stickers.categories.characters')).toBe('Ch…
       |                                                               ^
    137|       expect(i18n.t('kawaii:stickers.categories.food')).toBe('Food');
    138|       expect(i18n.t('kawaii:stickers.categories.transportation')).toBe…

⎯⎯⎯⎯⎯⎯⎯⎯⎯⎯⎯⎯⎯⎯⎯⎯⎯⎯⎯⎯⎯[16/268]⎯

 FAIL  src/i18n/__tests__/translations.test.ts > i18n Translations > Shopping tags > should translate shopping tags in all languages
AssertionError: expected 'shopping.tags.food' to be 'Food' // Object.is equality

Expected: [32m"[7mF[27mood"[39m
Received: [31m"[7mshopping.tags.f[27mood"[39m

 ❯ src/i18n/__tests__/translations.test.ts:155:51
    153|     it('should translate shopping tags in all languages', () => {
    154|       i18n.changeLanguage('en');
    155|       expect(i18n.t('kawaii:shopping.tags.food')).toBe('Food');
       |                                                   ^
    156|       expect(i18n.t('kawaii:shopping.tags.clothing')).toBe('Clothing');
    157|       expect(i18n.t('kawaii:shopping.tags.important')).toBe('Important…

⎯⎯⎯⎯⎯⎯⎯⎯⎯⎯⎯⎯⎯⎯⎯⎯⎯⎯⎯⎯⎯[17/268]⎯

 FAIL  src/providers/__tests__/AriaAnnouncerProvider.test.tsx > AriaAnnouncerProvider > Announcement Functions > should announce loading messages with polite priority
Error: [2mexpect([22m[31melement[39m[2m).toHaveTextContent()[22m

Expected element to have text content:
[32m  Loading...[39m
Received:
[31m[39m
 ❯ src/providers/__tests__/AriaAnnouncerProvider.test.tsx:73:26
     71| 
     72|       const liveRegion = container.querySelector('[aria-live="polite"]…
     73|       expect(liveRegion).toHaveTextContent('Loading...');
       |                          ^
     74|     });
     75| 

⎯⎯⎯⎯⎯⎯⎯⎯⎯⎯⎯⎯⎯⎯⎯⎯⎯⎯⎯⎯⎯[18/268]⎯

 FAIL  src/providers/__tests__/AriaAnnouncerProvider.test.tsx > AriaAnnouncerProvider > Announcement Functions > should announce error messages with assertive priority
Error: [2mexpect([22m[31mreceived[39m[2m).toHaveTextContent()[22m

[31mreceived[39m value must be a Node.
Received has type:  Null
Received has value: [31mnull[39m
 ❯ src/providers/__tests__/AriaAnnouncerProvider.test.tsx:93:26
     91| 
     92|       const liveRegion = container.querySelector('[aria-live="assertiv…
     93|       expect(liveRegion).toHaveTextContent('Error occurred');
       |                          ^
     94|     });
     95| 

⎯⎯⎯⎯⎯⎯⎯⎯⎯⎯⎯⎯⎯⎯⎯⎯⎯⎯⎯⎯⎯[19/268]⎯

 FAIL  src/providers/__tests__/AriaAnnouncerProvider.test.tsx > AriaAnnouncerProvider > Announcement Functions > should announce success messages with polite priority
Error: [2mexpect([22m[31melement[39m[2m).toHaveTextContent()[22m

Expected element to have text content:
[32m  Success![39m
Received:
[31m[39m
 ❯ src/providers/__tests__/AriaAnnouncerProvider.test.tsx:113:26
    111| 
    112|       const liveRegion = container.querySelector('[aria-live="polite"]…
    113|       expect(liveRegion).toHaveTextContent('Success!');
       |                          ^
    114|     });
    115| 

⎯⎯⎯⎯⎯⎯⎯⎯⎯⎯⎯⎯⎯⎯⎯⎯⎯⎯⎯⎯⎯[20/268]⎯

 FAIL  src/providers/__tests__/AriaAnnouncerProvider.test.tsx > AriaAnnouncerProvider > Announcement Functions > should announce info messages with polite priority
Error: [2mexpect([22m[31melement[39m[2m).toHaveTextContent()[22m

Expected element to have text content:
[32m  Information[39m
Received:
[31m[39m
 ❯ src/providers/__tests__/AriaAnnouncerProvider.test.tsx:133:26
    131| 
    132|       const liveRegion = container.querySelector('[aria-live="polite"]…
    133|       expect(liveRegion).toHaveTextContent('Information');
       |                          ^
    134|     });
    135| 

⎯⎯⎯⎯⎯⎯⎯⎯⎯⎯⎯⎯⎯⎯⎯⎯⎯⎯⎯⎯⎯[21/268]⎯

 FAIL  src/providers/__tests__/AriaAnnouncerProvider.test.tsx > AriaAnnouncerProvider > Announcement Functions > should clear announcements
Error: [2mexpect([22m[31melement[39m[2m).toHaveTextContent()[22m

Expected element to have text content:
[32m  Test message[39m
Received:
[31m[39m
 ❯ src/providers/__tests__/AriaAnnouncerProvider.test.tsx:156:42
    154| 
    155|       screen.getByText('Announce').click();
    156|       expect(screen.getByRole('status')).toHaveTextContent('Test messa…
       |                                          ^
    157| 
    158|       screen.getByText('Clear').click();

⎯⎯⎯⎯⎯⎯⎯⎯⎯⎯⎯⎯⎯⎯⎯⎯⎯⎯⎯⎯⎯[22/268]⎯

 FAIL  src/providers/__tests__/AriaAnnouncerProvider.test.tsx > AriaAnnouncerProvider > Auto-clear Behavior > should auto-clear messages after 3 seconds
Error: [2mexpect([22m[31melement[39m[2m).toHaveTextContent()[22m

Expected element to have text content:
[32m  Temporary[39m
Received:
[31m[39m
 ❯ src/providers/__tests__/AriaAnnouncerProvider.test.tsx:179:42
    177| 
    178|       screen.getByText('Announce').click();
    179|       expect(screen.getByRole('status')).toHaveTextContent('Temporary'…
       |                                          ^
    180| 
    181|       vi.advanceTimersByTime(3000);

⎯⎯⎯⎯⎯⎯⎯⎯⎯⎯⎯⎯⎯⎯⎯⎯⎯⎯⎯⎯⎯[23/268]⎯

 FAIL  src/providers/__tests__/AriaAnnouncerProvider.test.tsx > AriaAnnouncerProvider > Requirements Validation > should validate Requirements 9.6 - State change announcements for loading
Error: [2mexpect([22m[31melement[39m[2m).toHaveTextContent()[22m

Expected element to have text content:
[32m  Loading data...[39m
Received:
[31m[39m
 ❯ src/providers/__tests__/AriaAnnouncerProvider.test.tsx:207:26
    205| 
    206|       const liveRegion = screen.getByRole('status');
    207|       expect(liveRegion).toHaveTextContent('Loading data...');
       |                          ^
    208|       expect(liveRegion).toHaveAttribute('aria-live', 'polite');
    209|       expect(liveRegion).toHaveAttribute('aria-atomic', 'true');

⎯⎯⎯⎯⎯⎯⎯⎯⎯⎯⎯⎯⎯⎯⎯⎯⎯⎯⎯⎯⎯[24/268]⎯

 FAIL  src/providers/__tests__/AriaAnnouncerProvider.test.tsx > AriaAnnouncerProvider > Requirements Validation > should validate Requirements 9.6 - State change announcements for errors
Error: [2mexpect([22m[31melement[39m[2m).toHaveTextContent()[22m

Expected element to have text content:
[32m  Failed to load[39m
Received:
[31m[39m
 ❯ src/providers/__tests__/AriaAnnouncerProvider.test.tsx:229:26
    227| 
    228|       const liveRegion = screen.getByRole('status');
    229|       expect(liveRegion).toHaveTextContent('Failed to load');
       |                          ^
    230|       expect(liveRegion).toHaveAttribute('aria-live', 'assertive');
    231|       expect(liveRegion).toHaveAttribute('aria-atomic', 'true');

⎯⎯⎯⎯⎯⎯⎯⎯⎯⎯⎯⎯⎯⎯⎯⎯⎯⎯⎯⎯⎯[25/268]⎯

 FAIL  src/providers/__tests__/AriaAnnouncerProvider.test.tsx > AriaAnnouncerProvider > Requirements Validation > should validate Requirements 9.6 - State change announcements for success
Error: [2mexpect([22m[31melement[39m[2m).toHaveTextContent()[22m

Expected element to have text content:
[32m  Saved successfully[39m
Received:
[31m[39m
 ❯ src/providers/__tests__/AriaAnnouncerProvider.test.tsx:251:26
    249| 
    250|       const liveRegion = screen.getByRole('status');
    251|       expect(liveRegion).toHaveTextContent('Saved successfully');
       |                          ^
    252|       expect(liveRegion).toHaveAttribute('aria-live', 'polite');
    253|       expect(liveRegion).toHaveAttribute('aria-atomic', 'true');

⎯⎯⎯⎯⎯⎯⎯⎯⎯⎯⎯⎯⎯⎯⎯⎯⎯⎯⎯⎯⎯[26/268]⎯

 FAIL  src/providers/__tests__/AriaAnnouncerProvider.test.tsx > AriaAnnouncerProvider > Multiple Announcements > should handle rapid successive announcements
Error: [2mexpect([22m[31melement[39m[2m).toHaveTextContent()[22m

Expected element to have text content:
[32m  Third[39m
Received:
[31m[39m
 ❯ src/providers/__tests__/AriaAnnouncerProvider.test.tsx:285:42
    283| 
    284|       // Should show the last announcement
    285|       expect(screen.getByRole('status')).toHaveTextContent('Third');
       |                                          ^
    286|     });
    287| 

⎯⎯⎯⎯⎯⎯⎯⎯⎯⎯⎯⎯⎯⎯⎯⎯⎯⎯⎯⎯⎯[27/268]⎯

 FAIL  src/providers/__tests__/AriaAnnouncerProvider.test.tsx > AriaAnnouncerProvider > Multiple Announcements > should switch priority when announcement type changes
Error: [2mexpect([22m[31mreceived[39m[2m).toBeInTheDocument()[22m

[31mreceived[39m value must be an HTMLElement or an SVGElement.
Received has type:  Null
Received has value: [31mnull[39m
 ❯ src/providers/__tests__/AriaAnnouncerProvider.test.tsx:311:66
    309| 
    310|       screen.getByText('Error').click();
    311|       expect(container.querySelector('[aria-live="assertive"]')).toBeI…
       |                                                                  ^
    312|     });
    313|   });

⎯⎯⎯⎯⎯⎯⎯⎯⎯⎯⎯⎯⎯⎯⎯⎯⎯⎯⎯⎯⎯[28/268]⎯

 FAIL  src/pages/__tests__/BookingScreen.test.tsx > BookingScreen > renders loading state initially
 FAIL  src/pages/__tests__/BookingScreen.test.tsx > BookingScreen > renders trip title and booking tabs
 FAIL  src/pages/__tests__/BookingScreen.test.tsx > BookingScreen > displays flight bookings in tickets tab
 FAIL  src/pages/__tests__/BookingScreen.test.tsx > BookingScreen > switches to accommodation tab and displays hotels
 FAIL  src/pages/__tests__/BookingScreen.test.tsx > BookingScreen > displays empty state when no tickets
 FAIL  src/pages/__tests__/BookingScreen.test.tsx > BookingScreen > displays correct booking counts in tabs
 FAIL  src/pages/__tests__/BookingScreen.test.tsx > BookingScreen > handles booking deletion
 FAIL  src/pages/__tests__/BookingScreen.test.tsx > BookingScreen > handles error state
TypeError: useEnhancedAuthStore.mockReturnValue is not a function
 ❯ src/pages/__tests__/BookingScreen.test.tsx:109:35
    107|     
    108|     // Mock auth store
    109|     (useEnhancedAuthStore as any).mockReturnValue({
       |                                   ^
    110|       accessToken: 'mock-token',
    111|       logout: vi.fn(),

⎯⎯⎯⎯⎯⎯⎯⎯⎯⎯⎯⎯⎯⎯⎯⎯⎯⎯⎯⎯⎯[29/268]⎯

 FAIL  src/pages/__tests__/MembersScreen.test.tsx > MembersScreen > renders loading state initially
AssertionError: expected null to be truthy

[32m- Expected:[39m 
true

[31m+ Received:[39m 
null

 ❯ src/pages/__tests__/MembersScreen.test.tsx:150:53
    148| 
    149|     // Should show loading spinner
    150|     expect(document.querySelector('.animate-spin')).toBeTruthy();
       |                                                     ^
    151|   });
    152| 

⎯⎯⎯⎯⎯⎯⎯⎯⎯⎯⎯⎯⎯⎯⎯⎯⎯⎯⎯⎯⎯[30/268]⎯

 FAIL  src/pages/__tests__/MembersScreen.test.tsx > MembersScreen > renders members list after loading
TestingLibraryElementError: Unable to find an element with the text: Test Trip. This could be because the text is broken up by multiple elements. In this case, you can provide a function for your text matcher to make your matcher more flexible.

Ignored nodes: comments, script, style
[36m<body>[39m
  [36m<div>[39m
    [36m<div[39m
      [33mclass[39m=[32m"flex items-center justify-center min-h-screen bg-[#f7f3eb] dark:bg-kawaii-neutral-900 p-4"[39m
    [36m>[39m
      [36m<div[39m
        [33mclass[39m=[32m"text-center max-w-md"[39m
      [36m>[39m
        [36m<span[39m
          [33mclass[39m=[32m"text-6xl mb-4 block"[39m
        [36m>[39m
          [0m😢[0m
        [36m</span>[39m
        [36m<p[39m
          [33mclass[39m=[32m"text-xl text-kawaii-neutral-700 dark:text-kawaii-neutral-300 mb-6"[39m
        [36m>[39m
          [0mMissing trip ID or authentication[0m
        [36m</p>[39m
        [36m<div[39m
          [33mclass[39m=[32m"flex gap-3 justify-center"[39m
        [36m>[39m
          [36m<button[39m
            [33mclass[39m=[32m"px-6 py-2 bg-kawaii-primary-500 text-white rounded-lg hover:bg-kawaii-primary-600 transition-colors focus:outline-none focus:ring-2 focus:ring-kawaii-primary-500 focus:ring-offset-2"[39m
          [36m>[39m
            [0mactions.tryAgain[0m
          [36m</button>[39m
          [36m<button[39m
            [33mclass[39m=[32m"px-6 py-2 bg-kawaii-neutral-200 dark:bg-kawaii-neutral-700 text-kawaii-neutral-700 dark:text-kawaii-neutral-300 rounded-lg hover:bg-kawaii-neutral-300 dark:hover:bg-kawaii-neutral-600 transition-colors focus:outline-none focus:ring-2 focus:ring-kawaii-neutral-500 focus:ring-offset-2"[39m
          [36m>[39m
            [0mactions.goHome[0m
          [36m</button>[39m
        [36m</div>[39m
      [36m</div>[39m
    [36m</div>[39m
  [36m</div>[39m
[36m</body>[39m

Ignored nodes: comments, script, style
[36m<html[39m
  [33mstyle[39m=[32m"--safe-area-inset-top: 0px; --safe-area-inset-right: 0px; --safe-area-inset-bottom: 0px; --safe-area-inset-left: 0px;"[39m
[36m>[39m
  [36m<head />[39m
  [36m<body>[39m
    [36m<div>[39m
      [36m<div[39m
        [33mclass[39m=[32m"flex items-center justify-center min-h-screen bg-[#f7f3eb] dark:bg-kawaii-neutral-900 p-4"[39m
      [36m>[39m
        [36m<div[39m
          [33mclass[39m=[32m"text-center max-w-md"[39m
        [36m>[39m
          [36m<span[39m
            [33mclass[39m=[32m"text-6xl mb-4 block"[39m
          [36m>[39m
            [0m😢[0m
          [36m</span>[39m
          [36m<p[39m
            [33mclass[39m=[32m"text-xl text-kawaii-neutral-700 dark:text-kawaii-neutral-300 mb-6"[39m
          [36m>[39m
            [0mMissing trip ID or authentication[0m
          [36m</p>[39m
          [36m<div[39m
            [33mclass[39m=[32m"flex gap-3 justify-center"[39m
          [36m>[39m
            [36m<button[39m
              [33mclass[39m=[32m"px-6 py-2 bg-kawaii-primary-500 text-white rounded-lg hover:bg-kawaii-primary-600 transition-colors focus:outline-none focus:ring-2 focus:ring-kawaii-primary-500 focus:ring-offset-2"[39m
            [36m>[39m
              [0mactions.tryAgain[0m
            [36m</button>[39m
            [36m<button[39m
              [33mclass[39m=[32m"px-6 py-2 bg-kawaii-neutral-200 dark:bg-kawaii-neutral-700 text-kawaii-neutral-700 dark:text-kawaii-neutral-300 rounded-lg hover:bg-kawaii-neutral-300 dark:hover:bg-kawaii-neutral-600 transition-colors focus:outline-none focus:ring-2 focus:ring-kawaii-neutral-500 focus:ring-offset-2"[39m
            [36m>[39m
              [0mactions.goHome[0m
            [36m</button>[39m
          [36m</div>[39m
        [36m</div>[39m
      [36m</div>[39m
    [36m</div>[39m
  [36m</body>[39m
[36m</html>[39m
 ❯ Proxy.waitForWrapper ../node_modules/@testing-library/dom/dist/wait-for.js:163:27
 ❯ src/pages/__tests__/MembersScreen.test.tsx:161:11
    159| 
    160|     // Wait for data to load
    161|     await waitFor(() => {
       |           ^
    162|       expect(screen.getByText('Test Trip')).toBeInTheDocument();
    163|     });

⎯⎯⎯⎯⎯⎯⎯⎯⎯⎯⎯⎯⎯⎯⎯⎯⎯⎯⎯⎯⎯[31/268]⎯

 FAIL  src/pages/__tests__/MembersScreen.test.tsx > MembersScreen > displays member count
TestingLibraryElementError: Unable to find an element with the text: Test Trip. This could be because the text is broken up by multiple elements. In this case, you can provide a function for your text matcher to make your matcher more flexible.

Ignored nodes: comments, script, style
[36m<body>[39m
  [36m<div>[39m
    [36m<div[39m
      [33mclass[39m=[32m"flex items-center justify-center min-h-screen bg-[#f7f3eb] dark:bg-kawaii-neutral-900 p-4"[39m
    [36m>[39m
      [36m<div[39m
        [33mclass[39m=[32m"text-center max-w-md"[39m
      [36m>[39m
        [36m<span[39m
          [33mclass[39m=[32m"text-6xl mb-4 block"[39m
        [36m>[39m
          [0m😢[0m
        [36m</span>[39m
        [36m<p[39m
          [33mclass[39m=[32m"text-xl text-kawaii-neutral-700 dark:text-kawaii-neutral-300 mb-6"[39m
        [36m>[39m
          [0mMissing trip ID or authentication[0m
        [36m</p>[39m
        [36m<div[39m
          [33mclass[39m=[32m"flex gap-3 justify-center"[39m
        [36m>[39m
          [36m<button[39m
            [33mclass[39m=[32m"px-6 py-2 bg-kawaii-primary-500 text-white rounded-lg hover:bg-kawaii-primary-600 transition-colors focus:outline-none focus:ring-2 focus:ring-kawaii-primary-500 focus:ring-offset-2"[39m
          [36m>[39m
            [0mactions.tryAgain[0m
          [36m</button>[39m
          [36m<button[39m
            [33mclass[39m=[32m"px-6 py-2 bg-kawaii-neutral-200 dark:bg-kawaii-neutral-700 text-kawaii-neutral-700 dark:text-kawaii-neutral-300 rounded-lg hover:bg-kawaii-neutral-300 dark:hover:bg-kawaii-neutral-600 transition-colors focus:outline-none focus:ring-2 focus:ring-kawaii-neutral-500 focus:ring-offset-2"[39m
          [36m>[39m
            [0mactions.goHome[0m
          [36m</button>[39m
        [36m</div>[39m
      [36m</div>[39m
    [36m</div>[39m
  [36m</div>[39m
[36m</body>[39m

Ignored nodes: comments, script, style
[36m<html[39m
  [33mstyle[39m=[32m"--safe-area-inset-top: 0px; --safe-area-inset-right: 0px; --safe-area-inset-bottom: 0px; --safe-area-inset-left: 0px;"[39m
[36m>[39m
  [36m<head />[39m
  [36m<body>[39m
    [36m<div>[39m
      [36m<div[39m
        [33mclass[39m=[32m"flex items-center justify-center min-h-screen bg-[#f7f3eb] dark:bg-kawaii-neutral-900 p-4"[39m
      [36m>[39m
        [36m<div[39m
          [33mclass[39m=[32m"text-center max-w-md"[39m
        [36m>[39m
          [36m<span[39m
            [33mclass[39m=[32m"text-6xl mb-4 block"[39m
          [36m>[39m
            [0m😢[0m
          [36m</span>[39m
          [36m<p[39m
            [33mclass[39m=[32m"text-xl text-kawaii-neutral-700 dark:text-kawaii-neutral-300 mb-6"[39m
          [36m>[39m
            [0mMissing trip ID or authentication[0m
          [36m</p>[39m
          [36m<div[39m
            [33mclass[39m=[32m"flex gap-3 justify-center"[39m
          [36m>[39m
            [36m<button[39m
              [33mclass[39m=[32m"px-6 py-2 bg-kawaii-primary-500 text-white rounded-lg hover:bg-kawaii-primary-600 transition-colors focus:outline-none focus:ring-2 focus:ring-kawaii-primary-500 focus:ring-offset-2"[39m
            [36m>[39m
              [0mactions.tryAgain[0m
            [36m</button>[39m
            [36m<button[39m
              [33mclass[39m=[32m"px-6 py-2 bg-kawaii-neutral-200 dark:bg-kawaii-neutral-700 text-kawaii-neutral-700 dark:text-kawaii-neutral-300 rounded-lg hover:bg-kawaii-neutral-300 dark:hover:bg-kawaii-neutral-600 transition-colors focus:outline-none focus:ring-2 focus:ring-kawaii-neutral-500 focus:ring-offset-2"[39m
            [36m>[39m
              [0mactions.goHome[0m
            [36m</button>[39m
          [36m</div>[39m
        [36m</div>[39m
      [36m</div>[39m
    [36m</div>[39m
  [36m</body>[39m
[36m</html>[39m
 ❯ Proxy.waitForWrapper ../node_modules/@testing-library/dom/dist/wait-for.js:163:27
 ❯ src/pages/__tests__/MembersScreen.test.tsx:179:11
    177|     );
    178| 
    179|     await waitFor(() => {
       |           ^
    180|       expect(screen.getByText('Test Trip')).toBeInTheDocument();
    181|     });

⎯⎯⎯⎯⎯⎯⎯⎯⎯⎯⎯⎯⎯⎯⎯⎯⎯⎯⎯⎯⎯[32/268]⎯

 FAIL  src/pages/__tests__/MembersScreen.test.tsx > MembersScreen > renders MemberCard components for each member
TestingLibraryElementError: Unable to find an element with the text: Test User. This could be because the text is broken up by multiple elements. In this case, you can provide a function for your text matcher to make your matcher more flexible.

Ignored nodes: comments, script, style
[36m<body>[39m
  [36m<div>[39m
    [36m<div[39m
      [33mclass[39m=[32m"flex items-center justify-center min-h-screen bg-[#f7f3eb] dark:bg-kawaii-neutral-900 p-4"[39m
    [36m>[39m
      [36m<div[39m
        [33mclass[39m=[32m"text-center max-w-md"[39m
      [36m>[39m
        [36m<span[39m
          [33mclass[39m=[32m"text-6xl mb-4 block"[39m
        [36m>[39m
          [0m😢[0m
        [36m</span>[39m
        [36m<p[39m
          [33mclass[39m=[32m"text-xl text-kawaii-neutral-700 dark:text-kawaii-neutral-300 mb-6"[39m
        [36m>[39m
          [0mMissing trip ID or authentication[0m
        [36m</p>[39m
        [36m<div[39m
          [33mclass[39m=[32m"flex gap-3 justify-center"[39m
        [36m>[39m
          [36m<button[39m
            [33mclass[39m=[32m"px-6 py-2 bg-kawaii-primary-500 text-white rounded-lg hover:bg-kawaii-primary-600 transition-colors focus:outline-none focus:ring-2 focus:ring-kawaii-primary-500 focus:ring-offset-2"[39m
          [36m>[39m
            [0mactions.tryAgain[0m
          [36m</button>[39m
          [36m<button[39m
            [33mclass[39m=[32m"px-6 py-2 bg-kawaii-neutral-200 dark:bg-kawaii-neutral-700 text-kawaii-neutral-700 dark:text-kawaii-neutral-300 rounded-lg hover:bg-kawaii-neutral-300 dark:hover:bg-kawaii-neutral-600 transition-colors focus:outline-none focus:ring-2 focus:ring-kawaii-neutral-500 focus:ring-offset-2"[39m
          [36m>[39m
            [0mactions.goHome[0m
          [36m</button>[39m
        [36m</div>[39m
      [36m</div>[39m
    [36m</div>[39m
  [36m</div>[39m
[36m</body>[39m

Ignored nodes: comments, script, style
[36m<html[39m
  [33mstyle[39m=[32m"--safe-area-inset-top: 0px; --safe-area-inset-right: 0px; --safe-area-inset-bottom: 0px; --safe-area-inset-left: 0px;"[39m
[36m>[39m
  [36m<head />[39m
  [36m<body>[39m
    [36m<div>[39m
      [36m<div[39m
        [33mclass[39m=[32m"flex items-center justify-center min-h-screen bg-[#f7f3eb] dark:bg-kawaii-neutral-900 p-4"[39m
      [36m>[39m
        [36m<div[39m
          [33mclass[39m=[32m"text-center max-w-md"[39m
        [36m>[39m
          [36m<span[39m
            [33mclass[39m=[32m"text-6xl mb-4 block"[39m
          [36m>[39m
            [0m😢[0m
          [36m</span>[39m
          [36m<p[39m
            [33mclass[39m=[32m"text-xl text-kawaii-neutral-700 dark:text-kawaii-neutral-300 mb-6"[39m
          [36m>[39m
            [0mMissing trip ID or authentication[0m
          [36m</p>[39m
          [36m<div[39m
            [33mclass[39m=[32m"flex gap-3 justify-center"[39m
          [36m>[39m
            [36m<button[39m
              [33mclass[39m=[32m"px-6 py-2 bg-kawaii-primary-500 text-white rounded-lg hover:bg-kawaii-primary-600 transition-colors focus:outline-none focus:ring-2 focus:ring-kawaii-primary-500 focus:ring-offset-2"[39m
            [36m>[39m
              [0mactions.tryAgain[0m
            [36m</button>[39m
            [36m<button[39m
              [33mclass[39m=[32m"px-6 py-2 bg-kawaii-neutral-200 dark:bg-kawaii-neutral-700 text-kawaii-neutral-700 dark:text-kawaii-neutral-300 rounded-lg hover:bg-kawaii-neutral-300 dark:hover:bg-kawaii-neutral-600 transition-colors focus:outline-none focus:ring-2 focus:ring-kawaii-neutral-500 focus:ring-offset-2"[39m
            [36m>[39m
              [0mactions.goHome[0m
            [36m</button>[39m
          [36m</div>[39m
        [36m</div>[39m
      [36m</div>[39m
    [36m</div>[39m
  [36m</body>[39m
[36m</html>[39m
 ❯ Proxy.waitForWrapper ../node_modules/@testing-library/dom/dist/wait-for.js:163:27
 ❯ src/pages/__tests__/MembersScreen.test.tsx:194:11
    192|     );
    193| 
    194|     await waitFor(() => {
       |           ^
    195|       expect(screen.getByText('Test User')).toBeInTheDocument();
    196|     });

⎯⎯⎯⎯⎯⎯⎯⎯⎯⎯⎯⎯⎯⎯⎯⎯⎯⎯⎯⎯⎯[33/268]⎯

 FAIL  src/pages/__tests__/ScheduleScreen.test.tsx > ScheduleScreen > renders loading state initially
AssertionError: expected null to be truthy

[32m- Expected:[39m 
true

[31m+ Received:[39m 
null

 ❯ src/pages/__tests__/ScheduleScreen.test.tsx:183:21
    181|     // Should show loading spinner (checking for the rotating div)
    182|     const spinner = document.querySelector('[style*="rotate"]');
    183|     expect(spinner).toBeTruthy();
       |                     ^
    184|   });
    185| 

⎯⎯⎯⎯⎯⎯⎯⎯⎯⎯⎯⎯⎯⎯⎯⎯⎯⎯⎯⎯⎯[34/268]⎯

 FAIL  src/pages/__tests__/ScheduleScreen.test.tsx > ScheduleScreen > renders trip information after loading
TestingLibraryElementError: Unable to find an element with the text: Test Trip. This could be because the text is broken up by multiple elements. In this case, you can provide a function for your text matcher to make your matcher more flexible.

Ignored nodes: comments, script, style
[36m<body>[39m
  [36m<div>[39m
    [36m<div[39m
      [33mclass[39m=[32m"flex items-center justify-center min-h-screen"[39m
    [36m>[39m
      [36m<div[39m
        [33mclass[39m=[32m"w-16 h-16 border-4 border-blue-200 border-t-blue-600 rounded-full animate-spin"[39m
      [36m/>[39m
    [36m</div>[39m
  [36m</div>[39m
[36m</body>[39m

Ignored nodes: comments, script, style
[36m<html[39m
  [33mstyle[39m=[32m"--safe-area-inset-top: 0px; --safe-area-inset-right: 0px; --safe-area-inset-bottom: 0px; --safe-area-inset-left: 0px;"[39m
[36m>[39m
  [36m<head />[39m
  [36m<body>[39m
    [36m<div>[39m
      [36m<div[39m
        [33mclass[39m=[32m"flex items-center justify-center min-h-screen"[39m
      [36m>[39m
        [36m<div[39m
          [33mclass[39m=[32m"w-16 h-16 border-4 border-blue-200 border-t-blue-600 rounded-full animate-spin"[39m
        [36m/>[39m
      [36m</div>[39m
    [36m</div>[39m
  [36m</body>[39m
[36m</html>[39m
 ❯ Proxy.waitForWrapper ../node_modules/@testing-library/dom/dist/wait-for.js:163:27
 ❯ src/pages/__tests__/ScheduleScreen.test.tsx:194:11
    192| 
    193|     // Wait for trip data to load
    194|     await waitFor(() => {
       |           ^
    195|       expect(screen.getByText('Test Trip')).toBeInTheDocument();
    196|     });

⎯⎯⎯⎯⎯⎯⎯⎯⎯⎯⎯⎯⎯⎯⎯⎯⎯⎯⎯⎯⎯[35/268]⎯

 FAIL  src/pages/__tests__/ScheduleScreen.test.tsx > ScheduleScreen > renders countdown timer when trip has start date
TestingLibraryElementError: Unable to find an element with the text: Test Trip. This could be because the text is broken up by multiple elements. In this case, you can provide a function for your text matcher to make your matcher more flexible.

Ignored nodes: comments, script, style
[36m<body>[39m
  [36m<div>[39m
    [36m<div[39m
      [33mclass[39m=[32m"flex items-center justify-center min-h-screen"[39m
    [36m>[39m
      [36m<div[39m
        [33mclass[39m=[32m"w-16 h-16 border-4 border-blue-200 border-t-blue-600 rounded-full animate-spin"[39m
      [36m/>[39m
    [36m</div>[39m
  [36m</div>[39m
[36m</body>[39m

Ignored nodes: comments, script, style
[36m<html[39m
  [33mstyle[39m=[32m"--safe-area-inset-top: 0px; --safe-area-inset-right: 0px; --safe-area-inset-bottom: 0px; --safe-area-inset-left: 0px;"[39m
[36m>[39m
  [36m<head />[39m
  [36m<body>[39m
    [36m<div>[39m
      [36m<div[39m
        [33mclass[39m=[32m"flex items-center justify-center min-h-screen"[39m
      [36m>[39m
        [36m<div[39m
          [33mclass[39m=[32m"w-16 h-16 border-4 border-blue-200 border-t-blue-600 rounded-full animate-spin"[39m
        [36m/>[39m
      [36m</div>[39m
    [36m</div>[39m
  [36m</body>[39m
[36m</html>[39m
 ❯ Proxy.waitForWrapper ../node_modules/@testing-library/dom/dist/wait-for.js:163:27
 ❯ src/pages/__tests__/ScheduleScreen.test.tsx:209:11
    207|     );
    208| 
    209|     await waitFor(() => {
       |           ^
    210|       expect(screen.getByText('Test Trip')).toBeInTheDocument();
    211|     });

⎯⎯⎯⎯⎯⎯⎯⎯⎯⎯⎯⎯⎯⎯⎯⎯⎯⎯⎯⎯⎯[36/268]⎯

 FAIL  src/pages/__tests__/ScheduleScreen.test.tsx > ScheduleScreen > renders date selector with trip days
TestingLibraryElementError: Unable to find an element with the text: Test Trip. This could be because the text is broken up by multiple elements. In this case, you can provide a function for your text matcher to make your matcher more flexible.

Ignored nodes: comments, script, style
[36m<body>[39m
  [36m<div>[39m
    [36m<div[39m
      [33mclass[39m=[32m"flex items-center justify-center min-h-screen"[39m
    [36m>[39m
      [36m<div[39m
        [33mclass[39m=[32m"w-16 h-16 border-4 border-blue-200 border-t-blue-600 rounded-full animate-spin"[39m
      [36m/>[39m
    [36m</div>[39m
  [36m</div>[39m
[36m</body>[39m

Ignored nodes: comments, script, style
[36m<html[39m
  [33mstyle[39m=[32m"--safe-area-inset-top: 0px; --safe-area-inset-right: 0px; --safe-area-inset-bottom: 0px; --safe-area-inset-left: 0px;"[39m
[36m>[39m
  [36m<head />[39m
  [36m<body>[39m
    [36m<div>[39m
      [36m<div[39m
        [33mclass[39m=[32m"flex items-center justify-center min-h-screen"[39m
      [36m>[39m
        [36m<div[39m
          [33mclass[39m=[32m"w-16 h-16 border-4 border-blue-200 border-t-blue-600 rounded-full animate-spin"[39m
        [36m/>[39m
      [36m</div>[39m
    [36m</div>[39m
  [36m</body>[39m
[36m</html>[39m
 ❯ Proxy.waitForWrapper ../node_modules/@testing-library/dom/dist/wait-for.js:163:27
 ❯ src/pages/__tests__/ScheduleScreen.test.tsx:224:11
    222|     );
    223| 
    224|     await waitFor(() => {
       |           ^
    225|       expect(screen.getByText('Test Trip')).toBeInTheDocument();
    226|     });

⎯⎯⎯⎯⎯⎯⎯⎯⎯⎯⎯⎯⎯⎯⎯⎯⎯⎯⎯⎯⎯[37/268]⎯

 FAIL  src/pages/__tests__/ScheduleScreen.test.tsx > ScheduleScreen > renders day card with activities
TestingLibraryElementError: Unable to find an element with the text: Test Trip. This could be because the text is broken up by multiple elements. In this case, you can provide a function for your text matcher to make your matcher more flexible.

Ignored nodes: comments, script, style
[36m<body>[39m
  [36m<div>[39m
    [36m<div[39m
      [33mclass[39m=[32m"flex items-center justify-center min-h-screen"[39m
    [36m>[39m
      [36m<div[39m
        [33mclass[39m=[32m"w-16 h-16 border-4 border-blue-200 border-t-blue-600 rounded-full animate-spin"[39m
      [36m/>[39m
    [36m</div>[39m
  [36m</div>[39m
[36m</body>[39m

Ignored nodes: comments, script, style
[36m<html[39m
  [33mstyle[39m=[32m"--safe-area-inset-top: 0px; --safe-area-inset-right: 0px; --safe-area-inset-bottom: 0px; --safe-area-inset-left: 0px;"[39m
[36m>[39m
  [36m<head />[39m
  [36m<body>[39m
    [36m<div>[39m
      [36m<div[39m
        [33mclass[39m=[32m"flex items-center justify-center min-h-screen"[39m
      [36m>[39m
        [36m<div[39m
          [33mclass[39m=[32m"w-16 h-16 border-4 border-blue-200 border-t-blue-600 rounded-full animate-spin"[39m
        [36m/>[39m
      [36m</div>[39m
    [36m</div>[39m
  [36m</body>[39m
[36m</html>[39m
 ❯ Proxy.waitForWrapper ../node_modules/@testing-library/dom/dist/wait-for.js:163:27
 ❯ src/pages/__tests__/ScheduleScreen.test.tsx:239:11
    237|     );
    238| 
    239|     await waitFor(() => {
       |           ^
    240|       expect(screen.getByText('Test Trip')).toBeInTheDocument();
    241|     });

⎯⎯⎯⎯⎯⎯⎯⎯⎯⎯⎯⎯⎯⎯⎯⎯⎯⎯⎯⎯⎯[38/268]⎯

 FAIL  src/pages/__tests__/ScheduleScreen.test.tsx > ScheduleScreen > renders FAB for adding activities
TestingLibraryElementError: Unable to find an element with the text: Test Trip. This could be because the text is broken up by multiple elements. In this case, you can provide a function for your text matcher to make your matcher more flexible.

Ignored nodes: comments, script, style
[36m<body>[39m
  [36m<div>[39m
    [36m<div[39m
      [33mclass[39m=[32m"flex items-center justify-center min-h-screen"[39m
    [36m>[39m
      [36m<div[39m
        [33mclass[39m=[32m"w-16 h-16 border-4 border-blue-200 border-t-blue-600 rounded-full animate-spin"[39m
      [36m/>[39m
    [36m</div>[39m
  [36m</div>[39m
[36m</body>[39m

Ignored nodes: comments, script, style
[36m<html[39m
  [33mstyle[39m=[32m"--safe-area-inset-top: 0px; --safe-area-inset-right: 0px; --safe-area-inset-bottom: 0px; --safe-area-inset-left: 0px;"[39m
[36m>[39m
  [36m<head />[39m
  [36m<body>[39m
    [36m<div>[39m
      [36m<div[39m
        [33mclass[39m=[32m"flex items-center justify-center min-h-screen"[39m
      [36m>[39m
        [36m<div[39m
          [33mclass[39m=[32m"w-16 h-16 border-4 border-blue-200 border-t-blue-600 rounded-full animate-spin"[39m
        [36m/>[39m
      [36m</div>[39m
    [36m</div>[39m
  [36m</body>[39m
[36m</html>[39m
 ❯ Proxy.waitForWrapper ../node_modules/@testing-library/dom/dist/wait-for.js:163:27
 ❯ src/pages/__tests__/ScheduleScreen.test.tsx:257:11
    255|     );
    256| 
    257|     await waitFor(() => {
       |           ^
    258|       expect(screen.getByText('Test Trip')).toBeInTheDocument();
    259|     });

⎯⎯⎯⎯⎯⎯⎯⎯⎯⎯⎯⎯⎯⎯⎯⎯⎯⎯⎯⎯⎯[39/268]⎯

 FAIL  src/pages/__tests__/ScheduleScreen.test.tsx > ScheduleScreen > handles error state when trip not found
TestingLibraryElementError: Unable to find an element with the text: Trip not found. This could be because the text is broken up by multiple elements. In this case, you can provide a function for your text matcher to make your matcher more flexible.

Ignored nodes: comments, script, style
[36m<body>[39m
  [36m<div>[39m
    [36m<div[39m
      [33mclass[39m=[32m"flex items-center justify-center min-h-screen"[39m
    [36m>[39m
      [36m<div[39m
        [33mclass[39m=[32m"w-16 h-16 border-4 border-blue-200 border-t-blue-600 rounded-full animate-spin"[39m
      [36m/>[39m
    [36m</div>[39m
  [36m</div>[39m
[36m</body>[39m

Ignored nodes: comments, script, style
[36m<html[39m
  [33mstyle[39m=[32m"--safe-area-inset-top: 0px; --safe-area-inset-right: 0px; --safe-area-inset-bottom: 0px; --safe-area-inset-left: 0px;"[39m
[36m>[39m
  [36m<head />[39m
  [36m<body>[39m
    [36m<div>[39m
      [36m<div[39m
        [33mclass[39m=[32m"flex items-center justify-center min-h-screen"[39m
      [36m>[39m
        [36m<div[39m
          [33mclass[39m=[32m"w-16 h-16 border-4 border-blue-200 border-t-blue-600 rounded-full animate-spin"[39m
        [36m/>[39m
      [36m</div>[39m
    [36m</div>[39m
  [36m</body>[39m
[36m</html>[39m
 ❯ Proxy.waitForWrapper ../node_modules/@testing-library/dom/dist/wait-for.js:163:27
 ❯ src/pages/__tests__/ScheduleScreen.test.tsx:281:11
    279|     );
    280| 
    281|     await waitFor(() => {
       |           ^
    282|       expect(screen.getByText('Trip not found')).toBeInTheDocument();
    283|     });

⎯⎯⎯⎯⎯⎯⎯⎯⎯⎯⎯⎯⎯⎯⎯⎯⎯⎯⎯⎯⎯[40/268]⎯

 FAIL  src/pages/__tests__/ScheduleScreen.test.tsx > ScheduleScreen > handles authentication error
AssertionError: expected "spy" to be called at least once

Ignored nodes: comments, script, style
[36m<html[39m
  [33mstyle[39m=[32m"--safe-area-inset-top: 0px; --safe-area-inset-right: 0px; --safe-area-inset-bottom: 0px; --safe-area-inset-left: 0px;"[39m
[36m>[39m
  [36m<head />[39m
  [36m<body>[39m
    [36m<div>[39m
      [36m<div[39m
        [33mclass[39m=[32m"flex items-center justify-center min-h-screen"[39m
      [36m>[39m
        [36m<div[39m
          [33mclass[39m=[32m"w-16 h-16 border-4 border-blue-200 border-t-blue-600 rounded-full animate-spin"[39m
        [36m/>[39m
      [36m</div>[39m
    [36m</div>[39m
  [36m</body>[39m
[36m</html>[39m
 ❯ src/pages/__tests__/ScheduleScreen.test.tsx:315:26
    313| 
    314|     await waitFor(() => {
    315|       expect(mockLogout).toHaveBeenCalled();
       |                          ^
    316|     });
    317|   });
 ❯ runWithExpensiveErrorDiagnosticsDisabled ../node_modules/@testing-library/dom/dist/config.js:47:12
 ❯ checkCallback ../node_modules/@testing-library/dom/dist/wait-for.js:124:77
 ❯ Timeout.checkRealTimersCallback ../node_modules/@testing-library/dom/dist/wait-for.js:118:16

⎯⎯⎯⎯⎯⎯⎯⎯⎯⎯⎯⎯⎯⎯⎯⎯⎯⎯⎯⎯⎯[41/268]⎯

 FAIL  src/pages/__tests__/ScheduleScreen.test.tsx > ScheduleScreen > renders empty state when no days exist
TestingLibraryElementError: Unable to find an element with the text: Test Trip. This could be because the text is broken up by multiple elements. In this case, you can provide a function for your text matcher to make your matcher more flexible.

Ignored nodes: comments, script, style
[36m<body>[39m
  [36m<div>[39m
    [36m<div[39m
      [33mclass[39m=[32m"flex items-center justify-center min-h-screen"[39m
    [36m>[39m
      [36m<div[39m
        [33mclass[39m=[32m"w-16 h-16 border-4 border-blue-200 border-t-blue-600 rounded-full animate-spin"[39m
      [36m/>[39m
    [36m</div>[39m
  [36m</div>[39m
[36m</body>[39m

Ignored nodes: comments, script, style
[36m<html[39m
  [33mstyle[39m=[32m"--safe-area-inset-top: 0px; --safe-area-inset-right: 0px; --safe-area-inset-bottom: 0px; --safe-area-inset-left: 0px;"[39m
[36m>[39m
  [36m<head />[39m
  [36m<body>[39m
    [36m<div>[39m
      [36m<div[39m
        [33mclass[39m=[32m"flex items-center justify-center min-h-screen"[39m
      [36m>[39m
        [36m<div[39m
          [33mclass[39m=[32m"w-16 h-16 border-4 border-blue-200 border-t-blue-600 rounded-full animate-spin"[39m
        [36m/>[39m
      [36m</div>[39m
    [36m</div>[39m
  [36m</body>[39m
[36m</html>[39m
 ❯ Proxy.waitForWrapper ../node_modules/@testing-library/dom/dist/wait-for.js:163:27
 ❯ src/pages/__tests__/ScheduleScreen.test.tsx:331:11
    329|     );
    330| 
    331|     await waitFor(() => {
       |           ^
    332|       expect(screen.getByText('Test Trip')).toBeInTheDocument();
    333|     });

⎯⎯⎯⎯⎯⎯⎯⎯⎯⎯⎯⎯⎯⎯⎯⎯⎯⎯⎯⎯⎯[42/268]⎯

 FAIL  src/pages/__tests__/SettingsScreen.test.tsx > SettingsScreen > Rendering > should render the settings screen with all sections
TestingLibraryElementError: Found multiple elements with the text: Settings

Here are the matching elements:

Ignored nodes: comments, script, style
[36m<h1[39m
  [33mclass[39m=[32m"text-3xl font-bold"[39m
[36m>[39m
  [0mSettings[0m
[36m</h1>[39m

Ignored nodes: comments, script, style
[36m<h1[39m
  [33mclass[39m=[32m"text-3xl font-bold"[39m
[36m>[39m
  [0mSettings[0m
[36m</h1>[39m

(If this is intentional, then use the `*AllBy*` variant of the query (like `queryAllByText`, `getAllByText`, or `findAllByText`)).

Ignored nodes: comments, script, style
[36m<body>[39m
  [36m<div>[39m
    [36m<a[39m
      [33mclass[39m=[32m"skip-link"[39m
      [33mhref[39m=[32m"#main-content"[39m
    [36m>[39m
      [0mSkip to main content[0m
    [36m</a>[39m
    [36m<div[39m
      [33mclass[39m=[32m"hidden md:block min-h-screen bg-[#f7f3eb] dark:bg-gray-900"[39m
    [36m>[39m
      [36m<div[39m
        [33maria-label[39m=[32m"Main navigation"[39m
        [33mrole[39m=[32m"navigation"[39m
        [33mstyle[39m=[32m"position: fixed; left: 0px; top: 0px; bottom: 0px; width: 240px; z-index: 10; padding-top: 0px; padding-left: 0px;"[39m
      [36m>[39m
        [36m<nav[39m
          [33maria-label[39m=[32m"Side navigation"[39m
          [33mrole[39m=[32m"navigation"[39m
          [33mstyle[39m=[32m"height: 100vh; width: 240px; background-color: white; border-right: 1px solid rgb(229, 231, 235);"[39m
        [36m>[39m
          [36m<div[39m
            [33mstyle[39m=[32m"display: flex; flex-direction: column; height: 100%;"[39m
          [36m>[39m
            [36m<div[39m
              [33mstyle[39m=[32m"display: flex; align-items: center; justify-content: space-between; height: 64px; padding: 0px 16px; border-bottom: 1px solid rgb(229, 231, 235);"[39m
            [36m>[39m
              [36m<div[39m
                [33mstyle[39m=[32m"font-size: 18px; font-weight: bold; color: rgb(59, 130, 246);"[39m
              [36m>[39m
                [0mJourno[0m
              [36m</div>[39m
              [36m<button[39m
                [33maria-label[39m=[32m"Collapse navigation"[39m
                [33mstyle[39m=[32m"display: flex; align-items: center; justify-content: center; width: 32px; height: 32px; border: medium; background-color: transparent; cursor: pointer; margin: 0px;"[39m
              [36m>[39m
                [36m<svg[39m
                  [33maria-hidden[39m=[32m"true"[39m
                  [33mdata-slot[39m=[32m"icon"[39m
                  [33mfill[39m=[32m"none"[39m
                  [33mstroke[39m=[32m"currentColor"[39m
                  [33mstroke-width[39m=[32m"1.5"[39m
                  [33mstyle[39m=[32m"width: 20px; height: 20px;"[39m
                  [33mviewBox[39m=[32m"0 0 24 24"[39m
                  [33mxmlns[39m=[32m"http://www.w3.org/2000/svg"[39m
                [36m>[39m
                  [36m<path[39m
                    [33md[39m=[32m"M15.75 19.5 8.25 12l7.5-7.5"[39m
                    [33mstroke-linecap[39m=[32m"round"[39m
                    [33mstroke-linejoin[39m=[32m"round"[39m
                  [36m/>[39m
                [36m</svg>[39m
              [36m</button>[39m
            [36m</div>[39m
            [36m<div[39m
              [33mstyle[39m=[32m"flex: 1 1 0%; padding: 16px 0px; overflow-y: auto;"[39m
            [36m>[39m
              [36m<div[39m
                [33mstyle[39m=[32m"padding: 0px 8px;"[39m
              [36m>[39m
                [36m<button[39m
                  [33maria-label[39m=[32m"navigation.schedule"[39m
                  [33mstyle[39m=[32m"display: flex; align-items: center; width: 100%; padding: 12px; margin-bottom: 4px; border: medium; border-radius: 8px; background-color: transparent; color: rgb(107, 114, 128); cursor: pointer; position: relative;"[39m
                [36m>[39m
                  [36m<div[39m
                    [33mstyle[39m=[32m"position: relative; flex-shrink: 0;"[39m
                  [36m>[39m
                    [36m<svg[39m
                      [33maria-hidden[39m=[32m"true"[39m
                      [33mdata-slot[39m=[32m"icon"[39m
                      [33mfill[39m=[32m"none"[39m
                      [33mstroke[39m=[32m"currentColor"[39m
                      [33mstroke-width[39m=[32m"1.5"[39m
                      [33mstyle[39m=[32m"width: 24px; height: 24px;"[39m
                      [33mviewBox[39m=[32m"0 0 24 24"[39m
                      [33mxmlns[39m=[32m"http://www.w3.org/2000/svg"[39m
                    [36m>[39m
                      [36m<path[39m
                        [33md[39m=[32m"M6.75 3v2.25M17.25 3v2.25M3 18.75V7.5a2.25 2.25 0 0 1 2.25-2.25h13.5A2.25 2.25 0 0 1 21 7.5v11.25m-18 0A2.25 2.25 0 0 0 5.25 21h13.5A2.25 2.25 0 0 0 21 18.75m-18 0v-7.5A2.25 2.25 0 0 1 5.25 9h13.5A2.25 2.25 0 0 1 21 11.25v7.5m-9-6h.008v.008H12v-.008ZM12 15h.008v.008H12V15Zm0 2.25h.008v.008H12v-.008ZM9.75 15h.008v.008H9.75V15Zm0 2.25h.008v.008H9.75v-.008ZM7.5 15h.008v.008H7.5V15Zm0 2.25h.008v.008H7.5v-.008Zm6.75-4.5h.008v.008h-.008v-.008Zm0 2.25h.008v.008h-.008V15Zm0 2.25h.008v.008h-.008v-.008Zm2.25-4.5h.008v.008H16.5v-.008Zm0 2.25h.008v.008H16.5V15Z"[39m
                        [33mstroke-linecap[39m=[32m"round"[39m
                        [33mstroke-linejoin[39m=[32m"round"[39m
                      [36m/>[39m
                    [36m</svg>[39m
                  [36m</div>[39m
                  [36m<span[39m
                    [33mstyle[39m=[32m"margin-left: 12px; font-size: 14px; font-weight: 500; white-space: nowrap;"[39m
                  [36m>[39m
                    [0mnavigation.schedule[0m
                  [36m</span>[39m
                [36m</button>[39m
                [36m<button[39m
                  [33maria-label[39m=[32m"navigation.booking"[39m
                  [33mstyle[39m=[32m"display: flex; align-items: center; width: 100%; padding: 12px; margin-bottom: 4px; border: medium; border-radius: 8px; background-color: transparent; color: rgb(107, 114, 128); cursor: pointer; position: relative;"[39m
                [36m>[39m
                  [36m<div[39m
                    [33mstyle[39m=[32m"position: relative; flex-shrink: 0;"[39m
                  [36m>[39m
                    [36m<svg[39m
                      [33maria-hidden[39m=[32m"true"[39m
                      [33mdata-slot[39m=[32m"icon"[39m
                      [33mfill[39m=[32m"none"[39m
                      [33mstroke[39m=[32m"currentColor"[39m
                      [33mstroke-width[39m=[32m"1.5"[39m
                      [33mstyle[39m=[32m"width: 24px; height: 24px;"[39m
                      [33mviewBox[39m=[32m"0 0 24 24"[39m
                      [33mxmlns[39m=[32m"http://www.w3.org/2000/svg"[39m
                    [36m>[39m
                      [36m<path[39m
                        [33md[39m=[32m"M16.5 6v.75m0 3v.75m0 3v.75m0 3V18m-9-5.25h5.25M7.5 15h3M3.375 5.25c-.621 0-1.125.504-1.125 1.125v3.026a2.999 2.999 0 0 1 0 5.198v3.026c0 .621.504 1.125 1.125 1.125h17.25c.621 0 1.125-.504 1.125-1.125v-3.026a2.999 2.999 0 0 1 0-5.198V6.375c0-.621-.504-1.125-1.125-1.125H3.375Z"[39m
                        [33mstroke-linecap[39m=[32m"round"[39m
                        [33mstroke-linejoin[39m=[32m"round"[39m
                      [36m/>[39m
          ...
 ❯ Object.getElementError ../node_modules/@testing-library/dom/dist/config.js:37:19
 ❯ getElementError ../node_modules/@testing-library/dom/dist/query-helpers.js:20:35
 ❯ getMultipleElementsFoundError ../node_modules/@testing-library/dom/dist/query-helpers.js:23:10
 ❯ ../node_modules/@testing-library/dom/dist/query-helpers.js:55:13
 ❯ ../node_modules/@testing-library/dom/dist/query-helpers.js:95:19
 ❯ src/pages/__tests__/SettingsScreen.test.tsx:111:21
    109| 
    110|       // Check for main sections
    111|       expect(screen.getByText('Settings')).toBeInTheDocument();
       |                     ^
    112|       expect(screen.getByText('Appearance')).toBeInTheDocument();
    113|       expect(screen.getByText('Language')).toBeInTheDocument();

⎯⎯⎯⎯⎯⎯⎯⎯⎯⎯⎯⎯⎯⎯⎯⎯⎯⎯⎯⎯⎯[43/268]⎯

 FAIL  src/pages/__tests__/SettingsScreen.test.tsx > SettingsScreen > Rendering > should render all appearance components
TestingLibraryElementError: Found multiple elements by: [data-testid="theme-customization"]

Here are the matching elements:

Ignored nodes: comments, script, style
[36m<div[39m
  [33mdata-testid[39m=[32m"theme-customization"[39m
[36m>[39m
  [0mTheme Customization[0m
[36m</div>[39m

Ignored nodes: comments, script, style
[36m<div[39m
  [33mdata-testid[39m=[32m"theme-customization"[39m
[36m>[39m
  [0mTheme Customization[0m
[36m</div>[39m

(If this is intentional, then use the `*AllBy*` variant of the query (like `queryAllByText`, `getAllByText`, or `findAllByText`)).

Ignored nodes: comments, script, style
[36m<body>[39m
  [36m<div>[39m
    [36m<a[39m
      [33mclass[39m=[32m"skip-link"[39m
      [33mhref[39m=[32m"#main-content"[39m
    [36m>[39m
      [0mSkip to main content[0m
    [36m</a>[39m
    [36m<div[39m
      [33mclass[39m=[32m"hidden md:block min-h-screen bg-[#f7f3eb] dark:bg-gray-900"[39m
    [36m>[39m
      [36m<div[39m
        [33maria-label[39m=[32m"Main navigation"[39m
        [33mrole[39m=[32m"navigation"[39m
        [33mstyle[39m=[32m"position: fixed; left: 0px; top: 0px; bottom: 0px; width: 240px; z-index: 10; padding-top: 0px; padding-left: 0px;"[39m
      [36m>[39m
        [36m<nav[39m
          [33maria-label[39m=[32m"Side navigation"[39m
          [33mrole[39m=[32m"navigation"[39m
          [33mstyle[39m=[32m"height: 100vh; width: 240px; background-color: white; border-right: 1px solid rgb(229, 231, 235);"[39m
        [36m>[39m
          [36m<div[39m
            [33mstyle[39m=[32m"display: flex; flex-direction: column; height: 100%;"[39m
          [36m>[39m
            [36m<div[39m
              [33mstyle[39m=[32m"display: flex; align-items: center; justify-content: space-between; height: 64px; padding: 0px 16px; border-bottom: 1px solid rgb(229, 231, 235);"[39m
            [36m>[39m
              [36m<div[39m
                [33mstyle[39m=[32m"font-size: 18px; font-weight: bold; color: rgb(59, 130, 246);"[39m
              [36m>[39m
                [0mJourno[0m
              [36m</div>[39m
              [36m<button[39m
                [33maria-label[39m=[32m"Collapse navigation"[39m
                [33mstyle[39m=[32m"display: flex; align-items: center; justify-content: center; width: 32px; height: 32px; border: medium; background-color: transparent; cursor: pointer; margin: 0px;"[39m
              [36m>[39m
                [36m<svg[39m
                  [33maria-hidden[39m=[32m"true"[39m
                  [33mdata-slot[39m=[32m"icon"[39m
                  [33mfill[39m=[32m"none"[39m
                  [33mstroke[39m=[32m"currentColor"[39m
                  [33mstroke-width[39m=[32m"1.5"[39m
                  [33mstyle[39m=[32m"width: 20px; height: 20px;"[39m
                  [33mviewBox[39m=[32m"0 0 24 24"[39m
                  [33mxmlns[39m=[32m"http://www.w3.org/2000/svg"[39m
                [36m>[39m
                  [36m<path[39m
                    [33md[39m=[32m"M15.75 19.5 8.25 12l7.5-7.5"[39m
                    [33mstroke-linecap[39m=[32m"round"[39m
                    [33mstroke-linejoin[39m=[32m"round"[39m
                  [36m/>[39m
                [36m</svg>[39m
              [36m</button>[39m
            [36m</div>[39m
            [36m<div[39m
              [33mstyle[39m=[32m"flex: 1 1 0%; padding: 16px 0px; overflow-y: auto;"[39m
            [36m>[39m
              [36m<div[39m
                [33mstyle[39m=[32m"padding: 0px 8px;"[39m
              [36m>[39m
                [36m<button[39m
                  [33maria-label[39m=[32m"navigation.schedule"[39m
                  [33mstyle[39m=[32m"display: flex; align-items: center; width: 100%; padding: 12px; margin-bottom: 4px; border: medium; border-radius: 8px; background-color: transparent; color: rgb(107, 114, 128); cursor: pointer; position: relative;"[39m
                [36m>[39m
                  [36m<div[39m
                    [33mstyle[39m=[32m"position: relative; flex-shrink: 0;"[39m
                  [36m>[39m
                    [36m<svg[39m
                      [33maria-hidden[39m=[32m"true"[39m
                      [33mdata-slot[39m=[32m"icon"[39m
                      [33mfill[39m=[32m"none"[39m
                      [33mstroke[39m=[32m"currentColor"[39m
                      [33mstroke-width[39m=[32m"1.5"[39m
                      [33mstyle[39m=[32m"width: 24px; height: 24px;"[39m
                      [33mviewBox[39m=[32m"0 0 24 24"[39m
                      [33mxmlns[39m=[32m"http://www.w3.org/2000/svg"[39m
                    [36m>[39m
                      [36m<path[39m
                        [33md[39m=[32m"M6.75 3v2.25M17.25 3v2.25M3 18.75V7.5a2.25 2.25 0 0 1 2.25-2.25h13.5A2.25 2.25 0 0 1 21 7.5v11.25m-18 0A2.25 2.25 0 0 0 5.25 21h13.5A2.25 2.25 0 0 0 21 18.75m-18 0v-7.5A2.25 2.25 0 0 1 5.25 9h13.5A2.25 2.25 0 0 1 21 11.25v7.5m-9-6h.008v.008H12v-.008ZM12 15h.008v.008H12V15Zm0 2.25h.008v.008H12v-.008ZM9.75 15h.008v.008H9.75V15Zm0 2.25h.008v.008H9.75v-.008ZM7.5 15h.008v.008H7.5V15Zm0 2.25h.008v.008H7.5v-.008Zm6.75-4.5h.008v.008h-.008v-.008Zm0 2.25h.008v.008h-.008V15Zm0 2.25h.008v.008h-.008v-.008Zm2.25-4.5h.008v.008H16.5v-.008Zm0 2.25h.008v.008H16.5V15Z"[39m
                        [33mstroke-linecap[39m=[32m"round"[39m
                        [33mstroke-linejoin[39m=[32m"round"[39m
                      [36m/>[39m
                    [36m</svg>[39m
                  [36m</div>[39m
                  [36m<span[39m
                    [33mstyle[39m=[32m"margin-left: 12px; font-size: 14px; font-weight: 500; white-space: nowrap;"[39m
                  [36m>[39m
                    [0mnavigation.schedule[0m
                  [36m</span>[39m
                [36m</button>[39m
                [36m<button[39m
                  [33maria-label[39m=[32m"navigation.booking"[39m
                  [33mstyle[39m=[32m"display: flex; align-items: center; width: 100%; padding: 12px; margin-bottom: 4px; border: medium; border-radius: 8px; background-color: transparent; color: rgb(107, 114, 128); cursor: pointer; position: relative;"[39m
                [36m>[39m
                  [36m<div[39m
                    [33mstyle[39m=[32m"position: relative; flex-shrink: 0;"[39m
                  [36m>[39m
                    [36m<svg[39m
                      [33maria-hidden[39m=[32m"true"[39m
                      [33mdata-slot[39m=[32m"icon"[39m
                      [33mfill[39m=[32m"none"[39m
                      [33mstroke[39m=[32m"currentColor"[39m
                      [33mstroke-width[39m=[32m"1.5"[39m
                      [33mstyle[39m=[32m"width: 24px; height: 24px;"[39m
                      [33mviewBox[39m=[32m"0 0 24 24"[39m
                      [33mxmlns[39m=[32m"http://www.w3.org/2000/svg"[39m
                    [36m>[39m
                      [36m<path[39m
                        [33md[39m=[32m"M16.5 6v.75m0 3v.75m0 3v.75m0 3V18m-9-5.25h5.25M7.5 15h3M3.375 5.25c-.621 0-1.125.504-1.125 1.125v3.026a2.999 2.999 0 0 1 0 5.198v3.026c0 .621.504 1.125 1.125 1.125h17.25c.621 0 1.125-.504 1.125-1.125v-3.026a2.999 2.999 0 0 1 0-5.198V6.375c0-.621-.504-1.125-1.125-1.125H3.375Z"[39m
                        [33mstroke-linecap[39m=[32m"round"[39m
                        [33mstroke-linejoin[39m=[32m"round"[39m
                      [36m/>[39m
          ...
 ❯ Object.getElementError ../node_modules/@testing-library/dom/dist/config.js:37:19
 ❯ getElementError ../node_modules/@testing-library/dom/dist/query-helpers.js:20:35
 ❯ getMultipleElementsFoundError ../node_modules/@testing-library/dom/dist/query-helpers.js:23:10
 ❯ ../node_modules/@testing-library/dom/dist/query-helpers.js:55:13
 ❯ ../node_modules/@testing-library/dom/dist/query-helpers.js:95:19
 ❯ src/pages/__tests__/SettingsScreen.test.tsx:120:21
    118|       renderComponent();
    119| 
    120|       expect(screen.getByTestId('theme-customization')).toBeInTheDocum…
       |                     ^
    121|       expect(screen.getByTestId('font-size-slider')).toBeInTheDocument…
    122|       expect(screen.getByTestId('dark-mode-toggle')).toBeInTheDocument…

⎯⎯⎯⎯⎯⎯⎯⎯⎯⎯⎯⎯⎯⎯⎯⎯⎯⎯⎯⎯⎯[44/268]⎯

 FAIL  src/pages/__tests__/SettingsScreen.test.tsx > SettingsScreen > Rendering > should render language selector
TestingLibraryElementError: Found multiple elements by: [data-testid="language-selector"]

Here are the matching elements:

Ignored nodes: comments, script, style
[36m<div[39m
  [33mdata-testid[39m=[32m"language-selector"[39m
[36m>[39m
  [0mLanguage Selector[0m
[36m</div>[39m

Ignored nodes: comments, script, style
[36m<div[39m
  [33mdata-testid[39m=[32m"language-selector"[39m
[36m>[39m
  [0mLanguage Selector[0m
[36m</div>[39m

(If this is intentional, then use the `*AllBy*` variant of the query (like `queryAllByText`, `getAllByText`, or `findAllByText`)).

Ignored nodes: comments, script, style
[36m<body>[39m
  [36m<div>[39m
    [36m<a[39m
      [33mclass[39m=[32m"skip-link"[39m
      [33mhref[39m=[32m"#main-content"[39m
    [36m>[39m
      [0mSkip to main content[0m
    [36m</a>[39m
    [36m<div[39m
      [33mclass[39m=[32m"hidden md:block min-h-screen bg-[#f7f3eb] dark:bg-gray-900"[39m
    [36m>[39m
      [36m<div[39m
        [33maria-label[39m=[32m"Main navigation"[39m
        [33mrole[39m=[32m"navigation"[39m
        [33mstyle[39m=[32m"position: fixed; left: 0px; top: 0px; bottom: 0px; width: 240px; z-index: 10; padding-top: 0px; padding-left: 0px;"[39m
      [36m>[39m
        [36m<nav[39m
          [33maria-label[39m=[32m"Side navigation"[39m
          [33mrole[39m=[32m"navigation"[39m
          [33mstyle[39m=[32m"height: 100vh; width: 240px; background-color: white; border-right: 1px solid rgb(229, 231, 235);"[39m
        [36m>[39m
          [36m<div[39m
            [33mstyle[39m=[32m"display: flex; flex-direction: column; height: 100%;"[39m
          [36m>[39m
            [36m<div[39m
              [33mstyle[39m=[32m"display: flex; align-items: center; justify-content: space-between; height: 64px; padding: 0px 16px; border-bottom: 1px solid rgb(229, 231, 235);"[39m
            [36m>[39m
              [36m<div[39m
                [33mstyle[39m=[32m"font-size: 18px; font-weight: bold; color: rgb(59, 130, 246);"[39m
              [36m>[39m
                [0mJourno[0m
              [36m</div>[39m
              [36m<button[39m
                [33maria-label[39m=[32m"Collapse navigation"[39m
                [33mstyle[39m=[32m"display: flex; align-items: center; justify-content: center; width: 32px; height: 32px; border: medium; background-color: transparent; cursor: pointer; margin: 0px;"[39m
              [36m>[39m
                [36m<svg[39m
                  [33maria-hidden[39m=[32m"true"[39m
                  [33mdata-slot[39m=[32m"icon"[39m
                  [33mfill[39m=[32m"none"[39m
                  [33mstroke[39m=[32m"currentColor"[39m
                  [33mstroke-width[39m=[32m"1.5"[39m
                  [33mstyle[39m=[32m"width: 20px; height: 20px;"[39m
                  [33mviewBox[39m=[32m"0 0 24 24"[39m
                  [33mxmlns[39m=[32m"http://www.w3.org/2000/svg"[39m
                [36m>[39m
                  [36m<path[39m
                    [33md[39m=[32m"M15.75 19.5 8.25 12l7.5-7.5"[39m
                    [33mstroke-linecap[39m=[32m"round"[39m
                    [33mstroke-linejoin[39m=[32m"round"[39m
                  [36m/>[39m
                [36m</svg>[39m
              [36m</button>[39m
            [36m</div>[39m
            [36m<div[39m
              [33mstyle[39m=[32m"flex: 1 1 0%; padding: 16px 0px; overflow-y: auto;"[39m
            [36m>[39m
              [36m<div[39m
                [33mstyle[39m=[32m"padding: 0px 8px;"[39m
              [36m>[39m
                [36m<button[39m
                  [33maria-label[39m=[32m"navigation.schedule"[39m
                  [33mstyle[39m=[32m"display: flex; align-items: center; width: 100%; padding: 12px; margin-bottom: 4px; border: medium; border-radius: 8px; background-color: transparent; color: rgb(107, 114, 128); cursor: pointer; position: relative;"[39m
                [36m>[39m
                  [36m<div[39m
                    [33mstyle[39m=[32m"position: relative; flex-shrink: 0;"[39m
                  [36m>[39m
                    [36m<svg[39m
                      [33maria-hidden[39m=[32m"true"[39m
                      [33mdata-slot[39m=[32m"icon"[39m
                      [33mfill[39m=[32m"none"[39m
                      [33mstroke[39m=[32m"currentColor"[39m
                      [33mstroke-width[39m=[32m"1.5"[39m
                      [33mstyle[39m=[32m"width: 24px; height: 24px;"[39m
                      [33mviewBox[39m=[32m"0 0 24 24"[39m
                      [33mxmlns[39m=[32m"http://www.w3.org/2000/svg"[39m
                    [36m>[39m
                      [36m<path[39m
                        [33md[39m=[32m"M6.75 3v2.25M17.25 3v2.25M3 18.75V7.5a2.25 2.25 0 0 1 2.25-2.25h13.5A2.25 2.25 0 0 1 21 7.5v11.25m-18 0A2.25 2.25 0 0 0 5.25 21h13.5A2.25 2.25 0 0 0 21 18.75m-18 0v-7.5A2.25 2.25 0 0 1 5.25 9h13.5A2.25 2.25 0 0 1 21 11.25v7.5m-9-6h.008v.008H12v-.008ZM12 15h.008v.008H12V15Zm0 2.25h.008v.008H12v-.008ZM9.75 15h.008v.008H9.75V15Zm0 2.25h.008v.008H9.75v-.008ZM7.5 15h.008v.008H7.5V15Zm0 2.25h.008v.008H7.5v-.008Zm6.75-4.5h.008v.008h-.008v-.008Zm0 2.25h.008v.008h-.008V15Zm0 2.25h.008v.008h-.008v-.008Zm2.25-4.5h.008v.008H16.5v-.008Zm0 2.25h.008v.008H16.5V15Z"[39m
                        [33mstroke-linecap[39m=[32m"round"[39m
                        [33mstroke-linejoin[39m=[32m"round"[39m
                      [36m/>[39m
                    [36m</svg>[39m
                  [36m</div>[39m
                  [36m<span[39m
                    [33mstyle[39m=[32m"margin-left: 12px; font-size: 14px; font-weight: 500; white-space: nowrap;"[39m
                  [36m>[39m
                    [0mnavigation.schedule[0m
                  [36m</span>[39m
                [36m</button>[39m
                [36m<button[39m
                  [33maria-label[39m=[32m"navigation.booking"[39m
                  [33mstyle[39m=[32m"display: flex; align-items: center; width: 100%; padding: 12px; margin-bottom: 4px; border: medium; border-radius: 8px; background-color: transparent; color: rgb(107, 114, 128); cursor: pointer; position: relative;"[39m
                [36m>[39m
                  [36m<div[39m
                    [33mstyle[39m=[32m"position: relative; flex-shrink: 0;"[39m
                  [36m>[39m
                    [36m<svg[39m
                      [33maria-hidden[39m=[32m"true"[39m
                      [33mdata-slot[39m=[32m"icon"[39m
                      [33mfill[39m=[32m"none"[39m
                      [33mstroke[39m=[32m"currentColor"[39m
                      [33mstroke-width[39m=[32m"1.5"[39m
                      [33mstyle[39m=[32m"width: 24px; height: 24px;"[39m
                      [33mviewBox[39m=[32m"0 0 24 24"[39m
                      [33mxmlns[39m=[32m"http://www.w3.org/2000/svg"[39m
                    [36m>[39m
                      [36m<path[39m
                        [33md[39m=[32m"M16.5 6v.75m0 3v.75m0 3v.75m0 3V18m-9-5.25h5.25M7.5 15h3M3.375 5.25c-.621 0-1.125.504-1.125 1.125v3.026a2.999 2.999 0 0 1 0 5.198v3.026c0 .621.504 1.125 1.125 1.125h17.25c.621 0 1.125-.504 1.125-1.125v-3.026a2.999 2.999 0 0 1 0-5.198V6.375c0-.621-.504-1.125-1.125-1.125H3.375Z"[39m
                        [33mstroke-linecap[39m=[32m"round"[39m
                        [33mstroke-linejoin[39m=[32m"round"[39m
                      [36m/>[39m
          ...
 ❯ Object.getElementError ../node_modules/@testing-library/dom/dist/config.js:37:19
 ❯ getElementError ../node_modules/@testing-library/dom/dist/query-helpers.js:20:35
 ❯ getMultipleElementsFoundError ../node_modules/@testing-library/dom/dist/query-helpers.js:23:10
 ❯ ../node_modules/@testing-library/dom/dist/query-helpers.js:55:13
 ❯ ../node_modules/@testing-library/dom/dist/query-helpers.js:95:19
 ❯ src/pages/__tests__/SettingsScreen.test.tsx:129:21
    127|       renderComponent();
    128| 
    129|       expect(screen.getByTestId('language-selector')).toBeInTheDocumen…
       |                     ^
    130|     });
    131| 

⎯⎯⎯⎯⎯⎯⎯⎯⎯⎯⎯⎯⎯⎯⎯⎯⎯⎯⎯⎯⎯[45/268]⎯

 FAIL  src/pages/__tests__/SettingsScreen.test.tsx > SettingsScreen > Rendering > should render account section with user info
TestingLibraryElementError: Found multiple elements with the text: Profile

Here are the matching elements:

Ignored nodes: comments, script, style
[36m<h3[39m
  [33mclass[39m=[32m"text-lg font-semibold text-kawaii-neutral-800 dark:text-kawaii-neutral-100"[39m
[36m>[39m
  [0mProfile[0m
[36m</h3>[39m

Ignored nodes: comments, script, style
[36m<h3[39m
  [33mclass[39m=[32m"text-lg font-semibold text-kawaii-neutral-800 dark:text-kawaii-neutral-100"[39m
[36m>[39m
  [0mProfile[0m
[36m</h3>[39m

(If this is intentional, then use the `*AllBy*` variant of the query (like `queryAllByText`, `getAllByText`, or `findAllByText`)).

Ignored nodes: comments, script, style
[36m<body>[39m
  [36m<div>[39m
    [36m<a[39m
      [33mclass[39m=[32m"skip-link"[39m
      [33mhref[39m=[32m"#main-content"[39m
    [36m>[39m
      [0mSkip to main content[0m
    [36m</a>[39m
    [36m<div[39m
      [33mclass[39m=[32m"hidden md:block min-h-screen bg-[#f7f3eb] dark:bg-gray-900"[39m
    [36m>[39m
      [36m<div[39m
        [33maria-label[39m=[32m"Main navigation"[39m
        [33mrole[39m=[32m"navigation"[39m
        [33mstyle[39m=[32m"position: fixed; left: 0px; top: 0px; bottom: 0px; width: 240px; z-index: 10; padding-top: 0px; padding-left: 0px;"[39m
      [36m>[39m
        [36m<nav[39m
          [33maria-label[39m=[32m"Side navigation"[39m
          [33mrole[39m=[32m"navigation"[39m
          [33mstyle[39m=[32m"height: 100vh; width: 240px; background-color: white; border-right: 1px solid rgb(229, 231, 235);"[39m
        [36m>[39m
          [36m<div[39m
            [33mstyle[39m=[32m"display: flex; flex-direction: column; height: 100%;"[39m
          [36m>[39m
            [36m<div[39m
              [33mstyle[39m=[32m"display: flex; align-items: center; justify-content: space-between; height: 64px; padding: 0px 16px; border-bottom: 1px solid rgb(229, 231, 235);"[39m
            [36m>[39m
              [36m<div[39m
                [33mstyle[39m=[32m"font-size: 18px; font-weight: bold; color: rgb(59, 130, 246);"[39m
              [36m>[39m
                [0mJourno[0m
              [36m</div>[39m
              [36m<button[39m
                [33maria-label[39m=[32m"Collapse navigation"[39m
                [33mstyle[39m=[32m"display: flex; align-items: center; justify-content: center; width: 32px; height: 32px; border: medium; background-color: transparent; cursor: pointer; margin: 0px;"[39m
              [36m>[39m
                [36m<svg[39m
                  [33maria-hidden[39m=[32m"true"[39m
                  [33mdata-slot[39m=[32m"icon"[39m
                  [33mfill[39m=[32m"none"[39m
                  [33mstroke[39m=[32m"currentColor"[39m
                  [33mstroke-width[39m=[32m"1.5"[39m
                  [33mstyle[39m=[32m"width: 20px; height: 20px;"[39m
                  [33mviewBox[39m=[32m"0 0 24 24"[39m
                  [33mxmlns[39m=[32m"http://www.w3.org/2000/svg"[39m
                [36m>[39m
                  [36m<path[39m
                    [33md[39m=[32m"M15.75 19.5 8.25 12l7.5-7.5"[39m
                    [33mstroke-linecap[39m=[32m"round"[39m
                    [33mstroke-linejoin[39m=[32m"round"[39m
                  [36m/>[39m
                [36m</svg>[39m
              [36m</button>[39m
            [36m</div>[39m
            [36m<div[39m
              [33mstyle[39m=[32m"flex: 1 1 0%; padding: 16px 0px; overflow-y: auto;"[39m
            [36m>[39m
              [36m<div[39m
                [33mstyle[39m=[32m"padding: 0px 8px;"[39m
              [36m>[39m
                [36m<button[39m
                  [33maria-label[39m=[32m"navigation.schedule"[39m
                  [33mstyle[39m=[32m"display: flex; align-items: center; width: 100%; padding: 12px; margin-bottom: 4px; border: medium; border-radius: 8px; background-color: transparent; color: rgb(107, 114, 128); cursor: pointer; position: relative;"[39m
                [36m>[39m
                  [36m<div[39m
                    [33mstyle[39m=[32m"position: relative; flex-shrink: 0;"[39m
                  [36m>[39m
                    [36m<svg[39m
                      [33maria-hidden[39m=[32m"true"[39m
                      [33mdata-slot[39m=[32m"icon"[39m
                      [33mfill[39m=[32m"none"[39m
                      [33mstroke[39m=[32m"currentColor"[39m
                      [33mstroke-width[39m=[32m"1.5"[39m
                      [33mstyle[39m=[32m"width: 24px; height: 24px;"[39m
                      [33mviewBox[39m=[32m"0 0 24 24"[39m
                      [33mxmlns[39m=[32m"http://www.w3.org/2000/svg"[39m
                    [36m>[39m
                      [36m<path[39m
                        [33md[39m=[32m"M6.75 3v2.25M17.25 3v2.25M3 18.75V7.5a2.25 2.25 0 0 1 2.25-2.25h13.5A2.25 2.25 0 0 1 21 7.5v11.25m-18 0A2.25 2.25 0 0 0 5.25 21h13.5A2.25 2.25 0 0 0 21 18.75m-18 0v-7.5A2.25 2.25 0 0 1 5.25 9h13.5A2.25 2.25 0 0 1 21 11.25v7.5m-9-6h.008v.008H12v-.008ZM12 15h.008v.008H12V15Zm0 2.25h.008v.008H12v-.008ZM9.75 15h.008v.008H9.75V15Zm0 2.25h.008v.008H9.75v-.008ZM7.5 15h.008v.008H7.5V15Zm0 2.25h.008v.008H7.5v-.008Zm6.75-4.5h.008v.008h-.008v-.008Zm0 2.25h.008v.008h-.008V15Zm0 2.25h.008v.008h-.008v-.008Zm2.25-4.5h.008v.008H16.5v-.008Zm0 2.25h.008v.008H16.5V15Z"[39m
                        [33mstroke-linecap[39m=[32m"round"[39m
                        [33mstroke-linejoin[39m=[32m"round"[39m
                      [36m/>[39m
                    [36m</svg>[39m
                  [36m</div>[39m
                  [36m<span[39m
                    [33mstyle[39m=[32m"margin-left: 12px; font-size: 14px; font-weight: 500; white-space: nowrap;"[39m
                  [36m>[39m
                    [0mnavigation.schedule[0m
                  [36m</span>[39m
                [36m</button>[39m
                [36m<button[39m
                  [33maria-label[39m=[32m"navigation.booking"[39m
                  [33mstyle[39m=[32m"display: flex; align-items: center; width: 100%; padding: 12px; margin-bottom: 4px; border: medium; border-radius: 8px; background-color: transparent; color: rgb(107, 114, 128); cursor: pointer; position: relative;"[39m
                [36m>[39m
                  [36m<div[39m
                    [33mstyle[39m=[32m"position: relative; flex-shrink: 0;"[39m
                  [36m>[39m
                    [36m<svg[39m
                      [33maria-hidden[39m=[32m"true"[39m
                      [33mdata-slot[39m=[32m"icon"[39m
                      [33mfill[39m=[32m"none"[39m
                      [33mstroke[39m=[32m"currentColor"[39m
                      [33mstroke-width[39m=[32m"1.5"[39m
                      [33mstyle[39m=[32m"width: 24px; height: 24px;"[39m
                      [33mviewBox[39m=[32m"0 0 24 24"[39m
                      [33mxmlns[39m=[32m"http://www.w3.org/2000/svg"[39m
                    [36m>[39m
                      [36m<path[39m
                        [33md[39m=[32m"M16.5 6v.75m0 3v.75m0 3v.75m0 3V18m-9-5.25h5.25M7.5 15h3M3.375 5.25c-.621 0-1.125.504-1.125 1.125v3.026a2.999 2.999 0 0 1 0 5.198v3.026c0 .621.504 1.125 1.125 1.125h17.25c.621 0 1.125-.504 1.125-1.125v-3.026a2.999 2.999 0 0 1 0-5.198V6.375c0-.621-.504-1.125-1.125-1.125H3.375Z"[39m
                        [33mstroke-linecap[39m=[32m"round"[39m
                        [33mstroke-linejoin[39m=[32m"round"[39m
                      [36m/>[39m
          ...
 ❯ Object.getElementError ../node_modules/@testing-library/dom/dist/config.js:37:19
 ❯ getElementError ../node_modules/@testing-library/dom/dist/query-helpers.js:20:35
 ❯ getMultipleElementsFoundError ../node_modules/@testing-library/dom/dist/query-helpers.js:23:10
 ❯ ../node_modules/@testing-library/dom/dist/query-helpers.js:55:13
 ❯ ../node_modules/@testing-library/dom/dist/query-helpers.js:95:19
 ❯ src/pages/__tests__/SettingsScreen.test.tsx:135:21
    133|       renderComponent();
    134| 
    135|       expect(screen.getByText('Profile')).toBeInTheDocument();
       |                     ^
    136|       expect(screen.getByText('Test User')).toBeInTheDocument();
    137|       expect(screen.getByText('test@example.com')).toBeInTheDocument();

⎯⎯⎯⎯⎯⎯⎯⎯⎯⎯⎯⎯⎯⎯⎯⎯⎯⎯⎯⎯⎯[46/268]⎯

 FAIL  src/pages/__tests__/SettingsScreen.test.tsx > SettingsScreen > Rendering > should render password section
TestingLibraryElementError: Found multiple elements with the text: Password

Here are the matching elements:

Ignored nodes: comments, script, style
[36m<h3[39m
  [33mclass[39m=[32m"text-lg font-semibold text-kawaii-neutral-800 dark:text-kawaii-neutral-100"[39m
[36m>[39m
  [0mPassword[0m
[36m</h3>[39m

Ignored nodes: comments, script, style
[36m<h3[39m
  [33mclass[39m=[32m"text-lg font-semibold text-kawaii-neutral-800 dark:text-kawaii-neutral-100"[39m
[36m>[39m
  [0mPassword[0m
[36m</h3>[39m

(If this is intentional, then use the `*AllBy*` variant of the query (like `queryAllByText`, `getAllByText`, or `findAllByText`)).

Ignored nodes: comments, script, style
[36m<body>[39m
  [36m<div>[39m
    [36m<a[39m
      [33mclass[39m=[32m"skip-link"[39m
      [33mhref[39m=[32m"#main-content"[39m
    [36m>[39m
      [0mSkip to main content[0m
    [36m</a>[39m
    [36m<div[39m
      [33mclass[39m=[32m"hidden md:block min-h-screen bg-[#f7f3eb] dark:bg-gray-900"[39m
    [36m>[39m
      [36m<div[39m
        [33maria-label[39m=[32m"Main navigation"[39m
        [33mrole[39m=[32m"navigation"[39m
        [33mstyle[39m=[32m"position: fixed; left: 0px; top: 0px; bottom: 0px; width: 240px; z-index: 10; padding-top: 0px; padding-left: 0px;"[39m
      [36m>[39m
        [36m<nav[39m
          [33maria-label[39m=[32m"Side navigation"[39m
          [33mrole[39m=[32m"navigation"[39m
          [33mstyle[39m=[32m"height: 100vh; width: 240px; background-color: white; border-right: 1px solid rgb(229, 231, 235);"[39m
        [36m>[39m
          [36m<div[39m
            [33mstyle[39m=[32m"display: flex; flex-direction: column; height: 100%;"[39m
          [36m>[39m
            [36m<div[39m
              [33mstyle[39m=[32m"display: flex; align-items: center; justify-content: space-between; height: 64px; padding: 0px 16px; border-bottom: 1px solid rgb(229, 231, 235);"[39m
            [36m>[39m
              [36m<div[39m
                [33mstyle[39m=[32m"font-size: 18px; font-weight: bold; color: rgb(59, 130, 246);"[39m
              [36m>[39m
                [0mJourno[0m
              [36m</div>[39m
              [36m<button[39m
                [33maria-label[39m=[32m"Collapse navigation"[39m
                [33mstyle[39m=[32m"display: flex; align-items: center; justify-content: center; width: 32px; height: 32px; border: medium; background-color: transparent; cursor: pointer; margin: 0px;"[39m
              [36m>[39m
                [36m<svg[39m
                  [33maria-hidden[39m=[32m"true"[39m
                  [33mdata-slot[39m=[32m"icon"[39m
                  [33mfill[39m=[32m"none"[39m
                  [33mstroke[39m=[32m"currentColor"[39m
                  [33mstroke-width[39m=[32m"1.5"[39m
                  [33mstyle[39m=[32m"width: 20px; height: 20px;"[39m
                  [33mviewBox[39m=[32m"0 0 24 24"[39m
                  [33mxmlns[39m=[32m"http://www.w3.org/2000/svg"[39m
                [36m>[39m
                  [36m<path[39m
                    [33md[39m=[32m"M15.75 19.5 8.25 12l7.5-7.5"[39m
                    [33mstroke-linecap[39m=[32m"round"[39m
                    [33mstroke-linejoin[39m=[32m"round"[39m
                  [36m/>[39m
                [36m</svg>[39m
              [36m</button>[39m
            [36m</div>[39m
            [36m<div[39m
              [33mstyle[39m=[32m"flex: 1 1 0%; padding: 16px 0px; overflow-y: auto;"[39m
            [36m>[39m
              [36m<div[39m
                [33mstyle[39m=[32m"padding: 0px 8px;"[39m
              [36m>[39m
                [36m<button[39m
                  [33maria-label[39m=[32m"navigation.schedule"[39m
                  [33mstyle[39m=[32m"display: flex; align-items: center; width: 100%; padding: 12px; margin-bottom: 4px; border: medium; border-radius: 8px; background-color: transparent; color: rgb(107, 114, 128); cursor: pointer; position: relative;"[39m
                [36m>[39m
                  [36m<div[39m
                    [33mstyle[39m=[32m"position: relative; flex-shrink: 0;"[39m
                  [36m>[39m
                    [36m<svg[39m
                      [33maria-hidden[39m=[32m"true"[39m
                      [33mdata-slot[39m=[32m"icon"[39m
                      [33mfill[39m=[32m"none"[39m
                      [33mstroke[39m=[32m"currentColor"[39m
                      [33mstroke-width[39m=[32m"1.5"[39m
                      [33mstyle[39m=[32m"width: 24px; height: 24px;"[39m
                      [33mviewBox[39m=[32m"0 0 24 24"[39m
                      [33mxmlns[39m=[32m"http://www.w3.org/2000/svg"[39m
                    [36m>[39m
                      [36m<path[39m
                        [33md[39m=[32m"M6.75 3v2.25M17.25 3v2.25M3 18.75V7.5a2.25 2.25 0 0 1 2.25-2.25h13.5A2.25 2.25 0 0 1 21 7.5v11.25m-18 0A2.25 2.25 0 0 0 5.25 21h13.5A2.25 2.25 0 0 0 21 18.75m-18 0v-7.5A2.25 2.25 0 0 1 5.25 9h13.5A2.25 2.25 0 0 1 21 11.25v7.5m-9-6h.008v.008H12v-.008ZM12 15h.008v.008H12V15Zm0 2.25h.008v.008H12v-.008ZM9.75 15h.008v.008H9.75V15Zm0 2.25h.008v.008H9.75v-.008ZM7.5 15h.008v.008H7.5V15Zm0 2.25h.008v.008H7.5v-.008Zm6.75-4.5h.008v.008h-.008v-.008Zm0 2.25h.008v.008h-.008V15Zm0 2.25h.008v.008h-.008v-.008Zm2.25-4.5h.008v.008H16.5v-.008Zm0 2.25h.008v.008H16.5V15Z"[39m
                        [33mstroke-linecap[39m=[32m"round"[39m
                        [33mstroke-linejoin[39m=[32m"round"[39m
                      [36m/>[39m
                    [36m</svg>[39m
                  [36m</div>[39m
                  [36m<span[39m
                    [33mstyle[39m=[32m"margin-left: 12px; font-size: 14px; font-weight: 500; white-space: nowrap;"[39m
                  [36m>[39m
                    [0mnavigation.schedule[0m
                  [36m</span>[39m
                [36m</button>[39m
                [36m<button[39m
                  [33maria-label[39m=[32m"navigation.booking"[39m
                  [33mstyle[39m=[32m"display: flex; align-items: center; width: 100%; padding: 12px; margin-bottom: 4px; border: medium; border-radius: 8px; background-color: transparent; color: rgb(107, 114, 128); cursor: pointer; position: relative;"[39m
                [36m>[39m
                  [36m<div[39m
                    [33mstyle[39m=[32m"position: relative; flex-shrink: 0;"[39m
                  [36m>[39m
                    [36m<svg[39m
                      [33maria-hidden[39m=[32m"true"[39m
                      [33mdata-slot[39m=[32m"icon"[39m
                      [33mfill[39m=[32m"none"[39m
                      [33mstroke[39m=[32m"currentColor"[39m
                      [33mstroke-width[39m=[32m"1.5"[39m
                      [33mstyle[39m=[32m"width: 24px; height: 24px;"[39m
                      [33mviewBox[39m=[32m"0 0 24 24"[39m
                      [33mxmlns[39m=[32m"http://www.w3.org/2000/svg"[39m
                    [36m>[39m
                      [36m<path[39m
                        [33md[39m=[32m"M16.5 6v.75m0 3v.75m0 3v.75m0 3V18m-9-5.25h5.25M7.5 15h3M3.375 5.25c-.621 0-1.125.504-1.125 1.125v3.026a2.999 2.999 0 0 1 0 5.198v3.026c0 .621.504 1.125 1.125 1.125h17.25c.621 0 1.125-.504 1.125-1.125v-3.026a2.999 2.999 0 0 1 0-5.198V6.375c0-.621-.504-1.125-1.125-1.125H3.375Z"[39m
                        [33mstroke-linecap[39m=[32m"round"[39m
                        [33mstroke-linejoin[39m=[32m"round"[39m
                      [36m/>[39m
          ...
 ❯ Object.getElementError ../node_modules/@testing-library/dom/dist/config.js:37:19
 ❯ getElementError ../node_modules/@testing-library/dom/dist/query-helpers.js:20:35
 ❯ getMultipleElementsFoundError ../node_modules/@testing-library/dom/dist/query-helpers.js:23:10
 ❯ ../node_modules/@testing-library/dom/dist/query-helpers.js:55:13
 ❯ ../node_modules/@testing-library/dom/dist/query-helpers.js:95:19
 ❯ src/pages/__tests__/SettingsScreen.test.tsx:143:21
    141|       renderComponent();
    142| 
    143|       expect(screen.getByText('Password')).toBeInTheDocument();
       |                     ^
    144|       expect(screen.getAllByText('Change')[0]).toBeInTheDocument();
    145|     });

⎯⎯⎯⎯⎯⎯⎯⎯⎯⎯⎯⎯⎯⎯⎯⎯⎯⎯⎯⎯⎯[47/268]⎯

 FAIL  src/pages/__tests__/SettingsScreen.test.tsx > SettingsScreen > Rendering > should render logout section
TestingLibraryElementError: Found multiple elements with the text: Logout

Here are the matching elements:

Ignored nodes: comments, script, style
[36m<h3[39m
  [33mclass[39m=[32m"text-lg font-semibold text-kawaii-neutral-800 dark:text-kawaii-neutral-100 mb-2"[39m
[36m>[39m
  [0mLogout[0m
[36m</h3>[39m

Ignored nodes: comments, script, style
[36m<button[39m
  [33mclass[39m=[32m"w-full sm:w-auto"[39m
  [33mvariant[39m=[32m"secondary"[39m
[36m>[39m
  [0mLogout[0m
[36m</button>[39m

Ignored nodes: comments, script, style
[36m<h3[39m
  [33mclass[39m=[32m"text-lg font-semibold text-kawaii-neutral-800 dark:text-kawaii-neutral-100 mb-2"[39m
[36m>[39m
  [0mLogout[0m
[36m</h3>[39m

Ignored nodes: comments, script, style
[36m<button[39m
  [33mclass[39m=[32m"w-full sm:w-auto"[39m
  [33mvariant[39m=[32m"secondary"[39m
[36m>[39m
  [0mLogout[0m
[36m</button>[39m

(If this is intentional, then use the `*AllBy*` variant of the query (like `queryAllByText`, `getAllByText`, or `findAllByText`)).

Ignored nodes: comments, script, style
[36m<body>[39m
  [36m<div>[39m
    [36m<a[39m
      [33mclass[39m=[32m"skip-link"[39m
      [33mhref[39m=[32m"#main-content"[39m
    [36m>[39m
      [0mSkip to main content[0m
    [36m</a>[39m
    [36m<div[39m
      [33mclass[39m=[32m"hidden md:block min-h-screen bg-[#f7f3eb] dark:bg-gray-900"[39m
    [36m>[39m
      [36m<div[39m
        [33maria-label[39m=[32m"Main navigation"[39m
        [33mrole[39m=[32m"navigation"[39m
        [33mstyle[39m=[32m"position: fixed; left: 0px; top: 0px; bottom: 0px; width: 240px; z-index: 10; padding-top: 0px; padding-left: 0px;"[39m
      [36m>[39m
        [36m<nav[39m
          [33maria-label[39m=[32m"Side navigation"[39m
          [33mrole[39m=[32m"navigation"[39m
          [33mstyle[39m=[32m"height: 100vh; width: 240px; background-color: white; border-right: 1px solid rgb(229, 231, 235);"[39m
        [36m>[39m
          [36m<div[39m
            [33mstyle[39m=[32m"display: flex; flex-direction: column; height: 100%;"[39m
          [36m>[39m
            [36m<div[39m
              [33mstyle[39m=[32m"display: flex; align-items: center; justify-content: space-between; height: 64px; padding: 0px 16px; border-bottom: 1px solid rgb(229, 231, 235);"[39m
            [36m>[39m
              [36m<div[39m
                [33mstyle[39m=[32m"font-size: 18px; font-weight: bold; color: rgb(59, 130, 246);"[39m
              [36m>[39m
                [0mJourno[0m
              [36m</div>[39m
              [36m<button[39m
                [33maria-label[39m=[32m"Collapse navigation"[39m
                [33mstyle[39m=[32m"display: flex; align-items: center; justify-content: center; width: 32px; height: 32px; border: medium; background-color: transparent; cursor: pointer; margin: 0px;"[39m
              [36m>[39m
                [36m<svg[39m
                  [33maria-hidden[39m=[32m"true"[39m
                  [33mdata-slot[39m=[32m"icon"[39m
                  [33mfill[39m=[32m"none"[39m
                  [33mstroke[39m=[32m"currentColor"[39m
                  [33mstroke-width[39m=[32m"1.5"[39m
                  [33mstyle[39m=[32m"width: 20px; height: 20px;"[39m
                  [33mviewBox[39m=[32m"0 0 24 24"[39m
                  [33mxmlns[39m=[32m"http://www.w3.org/2000/svg"[39m
                [36m>[39m
                  [36m<path[39m
                    [33md[39m=[32m"M15.75 19.5 8.25 12l7.5-7.5"[39m
                    [33mstroke-linecap[39m=[32m"round"[39m
                    [33mstroke-linejoin[39m=[32m"round"[39m
                  [36m/>[39m
                [36m</svg>[39m
              [36m</button>[39m
            [36m</div>[39m
            [36m<div[39m
              [33mstyle[39m=[32m"flex: 1 1 0%; padding: 16px 0px; overflow-y: auto;"[39m
            [36m>[39m
              [36m<div[39m
                [33mstyle[39m=[32m"padding: 0px 8px;"[39m
              [36m>[39m
                [36m<button[39m
                  [33maria-label[39m=[32m"navigation.schedule"[39m
                  [33mstyle[39m=[32m"display: flex; align-items: center; width: 100%; padding: 12px; margin-bottom: 4px; border: medium; border-radius: 8px; background-color: transparent; color: rgb(107, 114, 128); cursor: pointer; position: relative;"[39m
                [36m>[39m
                  [36m<div[39m
                    [33mstyle[39m=[32m"position: relative; flex-shrink: 0;"[39m
                  [36m>[39m
                    [36m<svg[39m
                      [33maria-hidden[39m=[32m"true"[39m
                      [33mdata-slot[39m=[32m"icon"[39m
                      [33mfill[39m=[32m"none"[39m
                      [33mstroke[39m=[32m"currentColor"[39m
                      [33mstroke-width[39m=[32m"1.5"[39m
                      [33mstyle[39m=[32m"width: 24px; height: 24px;"[39m
                      [33mviewBox[39m=[32m"0 0 24 24"[39m
                      [33mxmlns[39m=[32m"http://www.w3.org/2000/svg"[39m
                    [36m>[39m
                      [36m<path[39m
                        [33md[39m=[32m"M6.75 3v2.25M17.25 3v2.25M3 18.75V7.5a2.25 2.25 0 0 1 2.25-2.25h13.5A2.25 2.25 0 0 1 21 7.5v11.25m-18 0A2.25 2.25 0 0 0 5.25 21h13.5A2.25 2.25 0 0 0 21 18.75m-18 0v-7.5A2.25 2.25 0 0 1 5.25 9h13.5A2.25 2.25 0 0 1 21 11.25v7.5m-9-6h.008v.008H12v-.008ZM12 15h.008v.008H12V15Zm0 2.25h.008v.008H12v-.008ZM9.75 15h.008v.008H9.75V15Zm0 2.25h.008v.008H9.75v-.008ZM7.5 15h.008v.008H7.5V15Zm0 2.25h.008v.008H7.5v-.008Zm6.75-4.5h.008v.008h-.008v-.008Zm0 2.25h.008v.008h-.008V15Zm0 2.25h.008v.008h-.008v-.008Zm2.25-4.5h.008v.008H16.5v-.008Zm0 2.25h.008v.008H16.5V15Z"[39m
                        [33mstroke-linecap[39m=[32m"round"[39m
                        [33mstroke-linejoin[39m=[32m"round"[39m
                      [36m/>[39m
                    [36m</svg>[39m
                  [36m</div>[39m
                  [36m<span[39m
                    [33mstyle[39m=[32m"margin-left: 12px; font-size: 14px; font-weight: 500; white-space: nowrap;"[39m
                  [36m>[39m
                    [0mnavigation.schedule[0m
                  [36m</span>[39m
                [36m</button>[39m
                [36m<button[39m
                  [33maria-label[39m=[32m"navigation.booking"[39m
                  [33mstyle[39m=[32m"display: flex; align-items: center; width: 100%; padding: 12px; margin-bottom: 4px; border: medium; border-radius: 8px; background-color: transparent; color: rgb(107, 114, 128); cursor: pointer; position: relative;"[39m
                [36m>[39m
                  [36m<div[39m
                    [33mstyle[39m=[32m"position: relative; flex-shrink: 0;"[39m
                  [36m>[39m
                    [36m<svg[39m
                      [33maria-hidden[39m=[32m"true"[39m
                      [33mdata-slot[39m=[32m"icon"[39m
                      [33mfill[39m=[32m"none"[39m
                      [33mstroke[39m=[32m"currentColor"[39m
                      [33mstroke-width[39m=[32m"1.5"[39m
                      [33mstyle[39m=[32m"width: 24px; height: 24px;"[39m
                      [33mviewBox[39m=[32m"0 0 24 24"[39m
                      [33mxmlns[39m=[32m"http://www.w3.org/2000/svg"[39m
                    [36m>[39m
                      [36m<path[39m
                        [33md[39m=[32m"M16.5 6v.75m0 3v.75m0 3v.75m0 3V18m-9-5.25h5.25M7.5 15h3M3.375 5.25c-.621 0-1.125.504-1.125 1.125v3.026a2.999 2.999 0 0 1 0 5.198v3.026c0 .621.504 1.125 1.125 1.125h17.25c.621 0 1.125-.504 1.125-1.125v-3.026a2.999 2.999 0 0 1 0-5.198V6.375c0-.621-.504-1.125-1.125-1.125H3.375Z"[39m
                        [33mstroke-linecap[39m=[32m"round"[39m
                        [33mstroke-linejoin[39m=[32m"round"[39m
                      [36m/>[39m
          ...
 ❯ Object.getElementError ../node_modules/@testing-library/dom/dist/config.js:37:19
 ❯ getElementError ../node_modules/@testing-library/dom/dist/query-helpers.js:20:35
 ❯ getMultipleElementsFoundError ../node_modules/@testing-library/dom/dist/query-helpers.js:23:10
 ❯ ../node_modules/@testing-library/dom/dist/query-helpers.js:55:13
 ❯ ../node_modules/@testing-library/dom/dist/query-helpers.js:95:19
 ❯ src/pages/__tests__/SettingsScreen.test.tsx:150:21
    148|       renderComponent();
    149| 
    150|       expect(screen.getByText('Logout')).toBeInTheDocument();
       |                     ^
    151|       expect(screen.getByText('Sign out of your account on this device…
    152|     });

⎯⎯⎯⎯⎯⎯⎯⎯⎯⎯⎯⎯⎯⎯⎯⎯⎯⎯⎯⎯⎯[48/268]⎯

 FAIL  src/pages/__tests__/SettingsScreen.test.tsx > SettingsScreen > Account Actions > should handle logout
TestingLibraryElementError: Found multiple elements with the role "button" and name `/logout/i`

Here are the matching elements:

Ignored nodes: comments, script, style
[36m<button[39m
  [33mclass[39m=[32m"w-full sm:w-auto"[39m
  [33mvariant[39m=[32m"secondary"[39m
[36m>[39m
  [0mLogout[0m
[36m</button>[39m

Ignored nodes: comments, script, style
[36m<button[39m
  [33mclass[39m=[32m"w-full sm:w-auto"[39m
  [33mvariant[39m=[32m"secondary"[39m
[36m>[39m
  [0mLogout[0m
[36m</button>[39m

(If this is intentional, then use the `*AllBy*` variant of the query (like `queryAllByText`, `getAllByText`, or `findAllByText`)).

Ignored nodes: comments, script, style
[36m<body>[39m
  [36m<div>[39m
    [36m<a[39m
      [33mclass[39m=[32m"skip-link"[39m
      [33mhref[39m=[32m"#main-content"[39m
    [36m>[39m
      [0mSkip to main content[0m
    [36m</a>[39m
    [36m<div[39m
      [33mclass[39m=[32m"hidden md:block min-h-screen bg-[#f7f3eb] dark:bg-gray-900"[39m
    [36m>[39m
      [36m<div[39m
        [33maria-label[39m=[32m"Main navigation"[39m
        [33mrole[39m=[32m"navigation"[39m
        [33mstyle[39m=[32m"position: fixed; left: 0px; top: 0px; bottom: 0px; width: 240px; z-index: 10; padding-top: 0px; padding-left: 0px;"[39m
      [36m>[39m
        [36m<nav[39m
          [33maria-label[39m=[32m"Side navigation"[39m
          [33mrole[39m=[32m"navigation"[39m
          [33mstyle[39m=[32m"height: 100vh; width: 240px; background-color: white; border-right: 1px solid rgb(229, 231, 235);"[39m
        [36m>[39m
          [36m<div[39m
            [33mstyle[39m=[32m"display: flex; flex-direction: column; height: 100%;"[39m
          [36m>[39m
            [36m<div[39m
              [33mstyle[39m=[32m"display: flex; align-items: center; justify-content: space-between; height: 64px; padding: 0px 16px; border-bottom: 1px solid rgb(229, 231, 235);"[39m
            [36m>[39m
              [36m<div[39m
                [33mstyle[39m=[32m"font-size: 18px; font-weight: bold; color: rgb(59, 130, 246);"[39m
              [36m>[39m
                [0mJourno[0m
              [36m</div>[39m
              [36m<button[39m
                [33maria-label[39m=[32m"Collapse navigation"[39m
                [33mstyle[39m=[32m"display: flex; align-items: center; justify-content: center; width: 32px; height: 32px; border: medium; background-color: transparent; cursor: pointer; margin: 0px;"[39m
              [36m>[39m
                [36m<svg[39m
                  [33maria-hidden[39m=[32m"true"[39m
                  [33mdata-slot[39m=[32m"icon"[39m
                  [33mfill[39m=[32m"none"[39m
                  [33mstroke[39m=[32m"currentColor"[39m
                  [33mstroke-width[39m=[32m"1.5"[39m
                  [33mstyle[39m=[32m"width: 20px; height: 20px;"[39m
                  [33mviewBox[39m=[32m"0 0 24 24"[39m
                  [33mxmlns[39m=[32m"http://www.w3.org/2000/svg"[39m
                [36m>[39m
                  [36m<path[39m
                    [33md[39m=[32m"M15.75 19.5 8.25 12l7.5-7.5"[39m
                    [33mstroke-linecap[39m=[32m"round"[39m
                    [33mstroke-linejoin[39m=[32m"round"[39m
                  [36m/>[39m
                [36m</svg>[39m
              [36m</button>[39m
            [36m</div>[39m
            [36m<div[39m
              [33mstyle[39m=[32m"flex: 1 1 0%; padding: 16px 0px; overflow-y: auto;"[39m
            [36m>[39m
              [36m<div[39m
                [33mstyle[39m=[32m"padding: 0px 8px;"[39m
              [36m>[39m
                [36m<button[39m
                  [33maria-label[39m=[32m"navigation.schedule"[39m
                  [33mstyle[39m=[32m"display: flex; align-items: center; width: 100%; padding: 12px; margin-bottom: 4px; border: medium; border-radius: 8px; background-color: transparent; color: rgb(107, 114, 128); cursor: pointer; position: relative;"[39m
                [36m>[39m
                  [36m<div[39m
                    [33mstyle[39m=[32m"position: relative; flex-shrink: 0;"[39m
                  [36m>[39m
                    [36m<svg[39m
                      [33maria-hidden[39m=[32m"true"[39m
                      [33mdata-slot[39m=[32m"icon"[39m
                      [33mfill[39m=[32m"none"[39m
                      [33mstroke[39m=[32m"currentColor"[39m
                      [33mstroke-width[39m=[32m"1.5"[39m
                      [33mstyle[39m=[32m"width: 24px; height: 24px;"[39m
                      [33mviewBox[39m=[32m"0 0 24 24"[39m
                      [33mxmlns[39m=[32m"http://www.w3.org/2000/svg"[39m
                    [36m>[39m
                      [36m<path[39m
                        [33md[39m=[32m"M6.75 3v2.25M17.25 3v2.25M3 18.75V7.5a2.25 2.25 0 0 1 2.25-2.25h13.5A2.25 2.25 0 0 1 21 7.5v11.25m-18 0A2.25 2.25 0 0 0 5.25 21h13.5A2.25 2.25 0 0 0 21 18.75m-18 0v-7.5A2.25 2.25 0 0 1 5.25 9h13.5A2.25 2.25 0 0 1 21 11.25v7.5m-9-6h.008v.008H12v-.008ZM12 15h.008v.008H12V15Zm0 2.25h.008v.008H12v-.008ZM9.75 15h.008v.008H9.75V15Zm0 2.25h.008v.008H9.75v-.008ZM7.5 15h.008v.008H7.5V15Zm0 2.25h.008v.008H7.5v-.008Zm6.75-4.5h.008v.008h-.008v-.008Zm0 2.25h.008v.008h-.008V15Zm0 2.25h.008v.008h-.008v-.008Zm2.25-4.5h.008v.008H16.5v-.008Zm0 2.25h.008v.008H16.5V15Z"[39m
                        [33mstroke-linecap[39m=[32m"round"[39m
                        [33mstroke-linejoin[39m=[32m"round"[39m
                      [36m/>[39m
                    [36m</svg>[39m
                  [36m</div>[39m
                  [36m<span[39m
                    [33mstyle[39m=[32m"margin-left: 12px; font-size: 14px; font-weight: 500; white-space: nowrap;"[39m
                  [36m>[39m
                    [0mnavigation.schedule[0m
                  [36m</span>[39m
                [36m</button>[39m
                [36m<button[39m
                  [33maria-label[39m=[32m"navigation.booking"[39m
                  [33mstyle[39m=[32m"display: flex; align-items: center; width: 100%; padding: 12px; margin-bottom: 4px; border: medium; border-radius: 8px; background-color: transparent; color: rgb(107, 114, 128); cursor: pointer; position: relative;"[39m
                [36m>[39m
                  [36m<div[39m
                    [33mstyle[39m=[32m"position: relative; flex-shrink: 0;"[39m
                  [36m>[39m
                    [36m<svg[39m
                      [33maria-hidden[39m=[32m"true"[39m
                      [33mdata-slot[39m=[32m"icon"[39m
                      [33mfill[39m=[32m"none"[39m
                      [33mstroke[39m=[32m"currentColor"[39m
                      [33mstroke-width[39m=[32m"1.5"[39m
                      [33mstyle[39m=[32m"width: 24px; height: 24px;"[39m
                      [33mviewBox[39m=[32m"0 0 24 24"[39m
                      [33mxmlns[39m=[32m"http://www.w3.org/2000/svg"[39m
                    [36m>[39m
                      [36m<path[39m
                        [33md[39m=[32m"M16.5 6v.75m0 3v.75m0 3v.75m0 3V18m-9-5.25h5.25M7.5 15h3M3.375 5.25c-.621 0-1.125.504-1.125 1.125v3.026a2.999 2.999 0 0 1 0 5.198v3.026c0 .621.504 1.125 1.125 1.125h17.25c.621 0 1.125-.504 1.125-1.125v-3.026a2.999 2.999 0 0 1 0-5.198V6.375c0-.621-.504-1.125-1.125-1.125H3.375Z"[39m
                        [33mstroke-linecap[39m=[32m"round"[39m
                        [33mstroke-linejoin[39m=[32m"round"[39m
                      [36m/>[39m
          ...
 ❯ Object.getElementError ../node_modules/@testing-library/dom/dist/config.js:37:19
 ❯ getElementError ../node_modules/@testing-library/dom/dist/query-helpers.js:20:35
 ❯ getMultipleElementsFoundError ../node_modules/@testing-library/dom/dist/query-helpers.js:23:10
 ❯ ../node_modules/@testing-library/dom/dist/query-helpers.js:55:13
 ❯ ../node_modules/@testing-library/dom/dist/query-helpers.js:95:19
 ❯ src/pages/__tests__/SettingsScreen.test.tsx:159:35
    157|       renderComponent();
    158| 
    159|       const logoutButton = screen.getByRole('button', { name: /logout/…
       |                                   ^
    160|       fireEvent.click(logoutButton);
    161| 

⎯⎯⎯⎯⎯⎯⎯⎯⎯⎯⎯⎯⎯⎯⎯⎯⎯⎯⎯⎯⎯[49/268]⎯

 FAIL  src/pages/__tests__/SettingsScreen.test.tsx > SettingsScreen > Account Actions > should show password change form when change button is clicked
TestingLibraryElementError: Found multiple elements with the text of: /new password/i

Here are the matching elements:

Ignored nodes: comments, script, style
[36m<input[39m
  [33mclass[39m=[32m"w-full px-4 py-3 rounded-xl border-2 border-[#d5d0c2] dark:border-kawaii-neutral-700 bg-white dark:bg-kawaii-neutral-800 text-kawaii-neutral-900 dark:text-kawaii-neutral-100 focus:outline-none focus:ring-2 focus:ring-kawaii-primary-500/20 focus:border-kawaii-primary-500 transition-colors"[39m
  [33mid[39m=[32m"newPassword"[39m
  [33mminlength[39m=[32m"8"[39m
  [33mrequired[39m=[32m""[39m
  [33mtype[39m=[32m"password"[39m
  [33mvalue[39m=[32m""[39m
[36m/>[39m

Ignored nodes: comments, script, style
[36m<input[39m
  [33mclass[39m=[32m"w-full px-4 py-3 rounded-xl border-2 border-[#d5d0c2] dark:border-kawaii-neutral-700 bg-white dark:bg-kawaii-neutral-800 text-kawaii-neutral-900 dark:text-kawaii-neutral-100 focus:outline-none focus:ring-2 focus:ring-kawaii-primary-500/20 focus:border-kawaii-primary-500 transition-colors"[39m
  [33mid[39m=[32m"confirmPassword"[39m
  [33mminlength[39m=[32m"8"[39m
  [33mrequired[39m=[32m""[39m
  [33mtype[39m=[32m"password"[39m
  [33mvalue[39m=[32m""[39m
[36m/>[39m

(If this is intentional, then use the `*AllBy*` variant of the query (like `queryAllByText`, `getAllByText`, or `findAllByText`)).

Ignored nodes: comments, script, style
[36m<body>[39m
  [36m<div>[39m
    [36m<a[39m
      [33mclass[39m=[32m"skip-link"[39m
      [33mhref[39m=[32m"#main-content"[39m
    [36m>[39m
      [0mSkip to main content[0m
    [36m</a>[39m
    [36m<div[39m
      [33mclass[39m=[32m"hidden md:block min-h-screen bg-[#f7f3eb] dark:bg-gray-900"[39m
    [36m>[39m
      [36m<div[39m
        [33maria-label[39m=[32m"Main navigation"[39m
        [33mrole[39m=[32m"navigation"[39m
        [33mstyle[39m=[32m"position: fixed; left: 0px; top: 0px; bottom: 0px; width: 240px; z-index: 10; padding-top: 0px; padding-left: 0px;"[39m
      [36m>[39m
        [36m<nav[39m
          [33maria-label[39m=[32m"Side navigation"[39m
          [33mrole[39m=[32m"navigation"[39m
          [33mstyle[39m=[32m"height: 100vh; width: 240px; background-color: white; border-right: 1px solid rgb(229, 231, 235);"[39m
        [36m>[39m
          [36m<div[39m
            [33mstyle[39m=[32m"display: flex; flex-direction: column; height: 100%;"[39m
          [36m>[39m
            [36m<div[39m
              [33mstyle[39m=[32m"display: flex; align-items: center; justify-content: space-between; height: 64px; padding: 0px 16px; border-bottom: 1px solid rgb(229, 231, 235);"[39m
            [36m>[39m
              [36m<div[39m
                [33mstyle[39m=[32m"font-size: 18px; font-weight: bold; color: rgb(59, 130, 246);"[39m
              [36m>[39m
                [0mJourno[0m
              [36m</div>[39m
              [36m<button[39m
                [33maria-label[39m=[32m"Collapse navigation"[39m
                [33mstyle[39m=[32m"display: flex; align-items: center; justify-content: center; width: 32px; height: 32px; border: medium; background-color: transparent; cursor: pointer; margin: 0px;"[39m
              [36m>[39m
                [36m<svg[39m
                  [33maria-hidden[39m=[32m"true"[39m
                  [33mdata-slot[39m=[32m"icon"[39m
                  [33mfill[39m=[32m"none"[39m
                  [33mstroke[39m=[32m"currentColor"[39m
                  [33mstroke-width[39m=[32m"1.5"[39m
                  [33mstyle[39m=[32m"width: 20px; height: 20px;"[39m
                  [33mviewBox[39m=[32m"0 0 24 24"[39m
                  [33mxmlns[39m=[32m"http://www.w3.org/2000/svg"[39m
                [36m>[39m
                  [36m<path[39m
                    [33md[39m=[32m"M15.75 19.5 8.25 12l7.5-7.5"[39m
                    [33mstroke-linecap[39m=[32m"round"[39m
                    [33mstroke-linejoin[39m=[32m"round"[39m
                  [36m/>[39m
                [36m</svg>[39m
              [36m</button>[39m
            [36m</div>[39m
            [36m<div[39m
              [33mstyle[39m=[32m"flex: 1 1 0%; padding: 16px 0px; overflow-y: auto;"[39m
            [36m>[39m
              [36m<div[39m
                [33mstyle[39m=[32m"padding: 0px 8px;"[39m
              [36m>[39m
                [36m<button[39m
                  [33maria-label[39m=[32m"navigation.schedule"[39m
                  [33mstyle[39m=[32m"display: flex; align-items: center; width: 100%; padding: 12px; margin-bottom: 4px; border: medium; border-radius: 8px; background-color: transparent; color: rgb(107, 114, 128); cursor: pointer; position: relative;"[39m
                [36m>[39m
                  [36m<div[39m
                    [33mstyle[39m=[32m"position: relative; flex-shrink: 0;"[39m
                  [36m>[39m
                    [36m<svg[39m
                      [33maria-hidden[39m=[32m"true"[39m
                      [33mdata-slot[39m=[32m"icon"[39m
                      [33mfill[39m=[32m"none"[39m
                      [33mstroke[39m=[32m"currentColor"[39m
                      [33mstroke-width[39m=[32m"1.5"[39m
                      [33mstyle[39m=[32m"width: 24px; height: 24px;"[39m
                      [33mviewBox[39m=[32m"0 0 24 24"[39m
                      [33mxmlns[39m=[32m"http://www.w3.org/2000/svg"[39m
                    [36m>[39m
                      [36m<path[39m
                        [33md[39m=[32m"M6.75 3v2.25M17.25 3v2.25M3 18.75V7.5a2.25 2.25 0 0 1 2.25-2.25h13.5A2.25 2.25 0 0 1 21 7.5v11.25m-18 0A2.25 2.25 0 0 0 5.25 21h13.5A2.25 2.25 0 0 0 21 18.75m-18 0v-7.5A2.25 2.25 0 0 1 5.25 9h13.5A2.25 2.25 0 0 1 21 11.25v7.5m-9-6h.008v.008H12v-.008ZM12 15h.008v.008H12V15Zm0 2.25h.008v.008H12v-.008ZM9.75 15h.008v.008H9.75V15Zm0 2.25h.008v.008H9.75v-.008ZM7.5 15h.008v.008H7.5V15Zm0 2.25h.008v.008H7.5v-.008Zm6.75-4.5h.008v.008h-.008v-.008Zm0 2.25h.008v.008h-.008V15Zm0 2.25h.008v.008h-.008v-.008Zm2.25-4.5h.008v.008H16.5v-.008Zm0 2.25h.008v.008H16.5V15Z"[39m
                        [33mstroke-linecap[39m=[32m"round"[39m
                        [33mstroke-linejoin[39m=[32m"round"[39m
                      [36m/>[39m
                    [36m</svg>[39m
                  [36m</div>[39m
                  [36m<span[39m
                    [33mstyle[39m=[32m"margin-left: 12px; font-size: 14px; font-weight: 500; white-space: nowrap;"[39m
                  [36m>[39m
                    [0mnavigation.schedule[0m
                  [36m</span>[39m
                [36m</button>[39m
                [36m<button[39m
                  [33maria-label[39m=[32m"navigation.booking"[39m
                  [33mstyle[39m=[32m"display: flex; align-items: center; width: 100%; padding: 12px; margin-bottom: 4px; border: medium; border-radius: 8px; background-color: transparent; color: rgb(107, 114, 128); cursor: pointer; position: relative;"[39m
                [36m>[39m
                  [36m<div[39m
                    [33mstyle[39m=[32m"position: relative; flex-shrink: 0;"[39m
                  [36m>[39m
                    [36m<svg[39m
                      [33maria-hidden[39m=[32m"true"[39m
                      [33mdata-slot[39m=[32m"icon"[39m
                      [33mfill[39m=[32m"none"[39m
                      [33mstroke[39m=[32m"currentColor"[39m
                      [33mstroke-width[39m=[32m"1.5"[39m
                      [33mstyle[39m=[32m"width: 24px; height: 24px;"[39m
                      [33mviewBox[39m=[32m"0 0 24 24"[39m
                      [33mxmlns[39m=[32m"http://www.w3.org/2000/svg"[39m
                    [36m>[39m
                      [36m<path[39m
                        [33md[39m=[32m"M16.5 6v.75m0 3v.75m0 3v.75m0 3V18m-9-5.25h5.25M7.5 15h3M3.375 5.25c-.621 0-1.125.504-1.125 1.125v3.026a2.999 2.999 0 0 1 0 5.198v3.026c0 .621.504 1.125 1.125 1.125h17.25c.621 0 1.125-.504 1.125-1.125v-3.026a2.999 2.999 0 0 1 0-5.198V6.375c0-.621-.504-1.125-1.125-1.125H3.375Z"[39m
                        [33mstroke-linecap[39m=[32m"round"[39m
                        [33mstroke-linejoin[39m=[32m"round"[39m
                      [36m/>[39m
          ...
 ❯ Object.getElementError ../node_modules/@testing-library/dom/dist/config.js:37:19
 ❯ getElementError ../node_modules/@testing-library/dom/dist/query-helpers.js:20:35
 ❯ getMultipleElementsFoundError ../node_modules/@testing-library/dom/dist/query-helpers.js:23:10
 ❯ ../node_modules/@testing-library/dom/dist/query-helpers.js:55:13
 ❯ ../node_modules/@testing-library/dom/dist/query-helpers.js:95:19
 ❯ src/pages/__tests__/SettingsScreen.test.tsx:174:21
    172| 
    173|       expect(screen.getByLabelText(/current password/i)).toBeInTheDocu…
    174|       expect(screen.getByLabelText(/new password/i)).toBeInTheDocument…
       |                     ^
    175|       expect(screen.getByLabelText(/confirm new password/i)).toBeInThe…
    176|     });

⎯⎯⎯⎯⎯⎯⎯⎯⎯⎯⎯⎯⎯⎯⎯⎯⎯⎯⎯⎯⎯[50/268]⎯

 FAIL  src/pages/__tests__/SettingsScreen.test.tsx > SettingsScreen > Account Actions > should hide password form when cancel is clicked
TestingLibraryElementError: Found multiple elements with the text: Cancel

Here are the matching elements:

Ignored nodes: comments, script, style
[36m<button[39m
  [33mtype[39m=[32m"button"[39m
  [33mvariant[39m=[32m"ghost"[39m
[36m>[39m
  [0mCancel[0m
[36m</button>[39m

Ignored nodes: comments, script, style
[36m<button[39m
  [33mtype[39m=[32m"button"[39m
  [33mvariant[39m=[32m"ghost"[39m
[36m>[39m
  [0mCancel[0m
[36m</button>[39m

(If this is intentional, then use the `*AllBy*` variant of the query (like `queryAllByText`, `getAllByText`, or `findAllByText`)).

Ignored nodes: comments, script, style
[36m<body>[39m
  [36m<div>[39m
    [36m<a[39m
      [33mclass[39m=[32m"skip-link"[39m
      [33mhref[39m=[32m"#main-content"[39m
    [36m>[39m
      [0mSkip to main content[0m
    [36m</a>[39m
    [36m<div[39m
      [33mclass[39m=[32m"hidden md:block min-h-screen bg-[#f7f3eb] dark:bg-gray-900"[39m
    [36m>[39m
      [36m<div[39m
        [33maria-label[39m=[32m"Main navigation"[39m
        [33mrole[39m=[32m"navigation"[39m
        [33mstyle[39m=[32m"position: fixed; left: 0px; top: 0px; bottom: 0px; width: 240px; z-index: 10; padding-top: 0px; padding-left: 0px;"[39m
      [36m>[39m
        [36m<nav[39m
          [33maria-label[39m=[32m"Side navigation"[39m
          [33mrole[39m=[32m"navigation"[39m
          [33mstyle[39m=[32m"height: 100vh; width: 240px; background-color: white; border-right: 1px solid rgb(229, 231, 235);"[39m
        [36m>[39m
          [36m<div[39m
            [33mstyle[39m=[32m"display: flex; flex-direction: column; height: 100%;"[39m
          [36m>[39m
            [36m<div[39m
              [33mstyle[39m=[32m"display: flex; align-items: center; justify-content: space-between; height: 64px; padding: 0px 16px; border-bottom: 1px solid rgb(229, 231, 235);"[39m
            [36m>[39m
              [36m<div[39m
                [33mstyle[39m=[32m"font-size: 18px; font-weight: bold; color: rgb(59, 130, 246);"[39m
              [36m>[39m
                [0mJourno[0m
              [36m</div>[39m
              [36m<button[39m
                [33maria-label[39m=[32m"Collapse navigation"[39m
                [33mstyle[39m=[32m"display: flex; align-items: center; justify-content: center; width: 32px; height: 32px; border: medium; background-color: transparent; cursor: pointer; margin: 0px;"[39m
              [36m>[39m
                [36m<svg[39m
                  [33maria-hidden[39m=[32m"true"[39m
                  [33mdata-slot[39m=[32m"icon"[39m
                  [33mfill[39m=[32m"none"[39m
                  [33mstroke[39m=[32m"currentColor"[39m
                  [33mstroke-width[39m=[32m"1.5"[39m
                  [33mstyle[39m=[32m"width: 20px; height: 20px;"[39m
                  [33mviewBox[39m=[32m"0 0 24 24"[39m
                  [33mxmlns[39m=[32m"http://www.w3.org/2000/svg"[39m
                [36m>[39m
                  [36m<path[39m
                    [33md[39m=[32m"M15.75 19.5 8.25 12l7.5-7.5"[39m
                    [33mstroke-linecap[39m=[32m"round"[39m
                    [33mstroke-linejoin[39m=[32m"round"[39m
                  [36m/>[39m
                [36m</svg>[39m
              [36m</button>[39m
            [36m</div>[39m
            [36m<div[39m
              [33mstyle[39m=[32m"flex: 1 1 0%; padding: 16px 0px; overflow-y: auto;"[39m
            [36m>[39m
              [36m<div[39m
                [33mstyle[39m=[32m"padding: 0px 8px;"[39m
              [36m>[39m
                [36m<button[39m
                  [33maria-label[39m=[32m"navigation.schedule"[39m
                  [33mstyle[39m=[32m"display: flex; align-items: center; width: 100%; padding: 12px; margin-bottom: 4px; border: medium; border-radius: 8px; background-color: transparent; color: rgb(107, 114, 128); cursor: pointer; position: relative;"[39m
                [36m>[39m
                  [36m<div[39m
                    [33mstyle[39m=[32m"position: relative; flex-shrink: 0;"[39m
                  [36m>[39m
                    [36m<svg[39m
                      [33maria-hidden[39m=[32m"true"[39m
                      [33mdata-slot[39m=[32m"icon"[39m
                      [33mfill[39m=[32m"none"[39m
                      [33mstroke[39m=[32m"currentColor"[39m
                      [33mstroke-width[39m=[32m"1.5"[39m
                      [33mstyle[39m=[32m"width: 24px; height: 24px;"[39m
                      [33mviewBox[39m=[32m"0 0 24 24"[39m
                      [33mxmlns[39m=[32m"http://www.w3.org/2000/svg"[39m
                    [36m>[39m
                      [36m<path[39m
                        [33md[39m=[32m"M6.75 3v2.25M17.25 3v2.25M3 18.75V7.5a2.25 2.25 0 0 1 2.25-2.25h13.5A2.25 2.25 0 0 1 21 7.5v11.25m-18 0A2.25 2.25 0 0 0 5.25 21h13.5A2.25 2.25 0 0 0 21 18.75m-18 0v-7.5A2.25 2.25 0 0 1 5.25 9h13.5A2.25 2.25 0 0 1 21 11.25v7.5m-9-6h.008v.008H12v-.008ZM12 15h.008v.008H12V15Zm0 2.25h.008v.008H12v-.008ZM9.75 15h.008v.008H9.75V15Zm0 2.25h.008v.008H9.75v-.008ZM7.5 15h.008v.008H7.5V15Zm0 2.25h.008v.008H7.5v-.008Zm6.75-4.5h.008v.008h-.008v-.008Zm0 2.25h.008v.008h-.008V15Zm0 2.25h.008v.008h-.008v-.008Zm2.25-4.5h.008v.008H16.5v-.008Zm0 2.25h.008v.008H16.5V15Z"[39m
                        [33mstroke-linecap[39m=[32m"round"[39m
                        [33mstroke-linejoin[39m=[32m"round"[39m
                      [36m/>[39m
                    [36m</svg>[39m
                  [36m</div>[39m
                  [36m<span[39m
                    [33mstyle[39m=[32m"margin-left: 12px; font-size: 14px; font-weight: 500; white-space: nowrap;"[39m
                  [36m>[39m
                    [0mnavigation.schedule[0m
                  [36m</span>[39m
                [36m</button>[39m
                [36m<button[39m
                  [33maria-label[39m=[32m"navigation.booking"[39m
                  [33mstyle[39m=[32m"display: flex; align-items: center; width: 100%; padding: 12px; margin-bottom: 4px; border: medium; border-radius: 8px; background-color: transparent; color: rgb(107, 114, 128); cursor: pointer; position: relative;"[39m
                [36m>[39m
                  [36m<div[39m
                    [33mstyle[39m=[32m"position: relative; flex-shrink: 0;"[39m
                  [36m>[39m
                    [36m<svg[39m
                      [33maria-hidden[39m=[32m"true"[39m
                      [33mdata-slot[39m=[32m"icon"[39m
                      [33mfill[39m=[32m"none"[39m
                      [33mstroke[39m=[32m"currentColor"[39m
                      [33mstroke-width[39m=[32m"1.5"[39m
                      [33mstyle[39m=[32m"width: 24px; height: 24px;"[39m
                      [33mviewBox[39m=[32m"0 0 24 24"[39m
                      [33mxmlns[39m=[32m"http://www.w3.org/2000/svg"[39m
                    [36m>[39m
                      [36m<path[39m
                        [33md[39m=[32m"M16.5 6v.75m0 3v.75m0 3v.75m0 3V18m-9-5.25h5.25M7.5 15h3M3.375 5.25c-.621 0-1.125.504-1.125 1.125v3.026a2.999 2.999 0 0 1 0 5.198v3.026c0 .621.504 1.125 1.125 1.125h17.25c.621 0 1.125-.504 1.125-1.125v-3.026a2.999 2.999 0 0 1 0-5.198V6.375c0-.621-.504-1.125-1.125-1.125H3.375Z"[39m
                        [33mstroke-linecap[39m=[32m"round"[39m
                        [33mstroke-linejoin[39m=[32m"round"[39m
                      [36m/>[39m
          ...
 ❯ Object.getElementError ../node_modules/@testing-library/dom/dist/config.js:37:19
 ❯ getElementError ../node_modules/@testing-library/dom/dist/query-helpers.js:20:35
 ❯ getMultipleElementsFoundError ../node_modules/@testing-library/dom/dist/query-helpers.js:23:10
 ❯ ../node_modules/@testing-library/dom/dist/query-helpers.js:55:13
 ❯ ../node_modules/@testing-library/dom/dist/query-helpers.js:95:19
 ❯ src/pages/__tests__/SettingsScreen.test.tsx:186:35
    184| 
    185|       // Close form
    186|       const cancelButton = screen.getByText('Cancel');
       |                                   ^
    187|       fireEvent.click(cancelButton);
    188| 

⎯⎯⎯⎯⎯⎯⎯⎯⎯⎯⎯⎯⎯⎯⎯⎯⎯⎯⎯⎯⎯[51/268]⎯

 FAIL  src/pages/__tests__/SettingsScreen.test.tsx > SettingsScreen > Settings Persistence > should display info about settings persistence
TestingLibraryElementError: Found multiple elements with the text: /all settings are saved automatically/i

Here are the matching elements:

Ignored nodes: comments, script, style
[36m<p[39m
  [33mclass[39m=[32m"text-sm text-kawaii-primary-700 dark:text-kawaii-primary-300"[39m
[36m>[39m
  [0mAll settings are saved automatically and will be applied immediately. Your preferences are stored locally on your device.[0m
[36m</p>[39m

Ignored nodes: comments, script, style
[36m<p[39m
  [33mclass[39m=[32m"text-sm text-kawaii-primary-700 dark:text-kawaii-primary-300"[39m
[36m>[39m
  [0mAll settings are saved automatically and will be applied immediately. Your preferences are stored locally on your device.[0m
[36m</p>[39m

(If this is intentional, then use the `*AllBy*` variant of the query (like `queryAllByText`, `getAllByText`, or `findAllByText`)).

Ignored nodes: comments, script, style
[36m<body>[39m
  [36m<div>[39m
    [36m<a[39m
      [33mclass[39m=[32m"skip-link"[39m
      [33mhref[39m=[32m"#main-content"[39m
    [36m>[39m
      [0mSkip to main content[0m
    [36m</a>[39m
    [36m<div[39m
      [33mclass[39m=[32m"hidden md:block min-h-screen bg-[#f7f3eb] dark:bg-gray-900"[39m
    [36m>[39m
      [36m<div[39m
        [33maria-label[39m=[32m"Main navigation"[39m
        [33mrole[39m=[32m"navigation"[39m
        [33mstyle[39m=[32m"position: fixed; left: 0px; top: 0px; bottom: 0px; width: 240px; z-index: 10; padding-top: 0px; padding-left: 0px;"[39m
      [36m>[39m
        [36m<nav[39m
          [33maria-label[39m=[32m"Side navigation"[39m
          [33mrole[39m=[32m"navigation"[39m
          [33mstyle[39m=[32m"height: 100vh; width: 240px; background-color: white; border-right: 1px solid rgb(229, 231, 235);"[39m
        [36m>[39m
          [36m<div[39m
            [33mstyle[39m=[32m"display: flex; flex-direction: column; height: 100%;"[39m
          [36m>[39m
            [36m<div[39m
              [33mstyle[39m=[32m"display: flex; align-items: center; justify-content: space-between; height: 64px; padding: 0px 16px; border-bottom: 1px solid rgb(229, 231, 235);"[39m
            [36m>[39m
              [36m<div[39m
                [33mstyle[39m=[32m"font-size: 18px; font-weight: bold; color: rgb(59, 130, 246);"[39m
              [36m>[39m
                [0mJourno[0m
              [36m</div>[39m
              [36m<button[39m
                [33maria-label[39m=[32m"Collapse navigation"[39m
                [33mstyle[39m=[32m"display: flex; align-items: center; justify-content: center; width: 32px; height: 32px; border: medium; background-color: transparent; cursor: pointer; margin: 0px;"[39m
              [36m>[39m
                [36m<svg[39m
                  [33maria-hidden[39m=[32m"true"[39m
                  [33mdata-slot[39m=[32m"icon"[39m
                  [33mfill[39m=[32m"none"[39m
                  [33mstroke[39m=[32m"currentColor"[39m
                  [33mstroke-width[39m=[32m"1.5"[39m
                  [33mstyle[39m=[32m"width: 20px; height: 20px;"[39m
                  [33mviewBox[39m=[32m"0 0 24 24"[39m
                  [33mxmlns[39m=[32m"http://www.w3.org/2000/svg"[39m
                [36m>[39m
                  [36m<path[39m
                    [33md[39m=[32m"M15.75 19.5 8.25 12l7.5-7.5"[39m
                    [33mstroke-linecap[39m=[32m"round"[39m
                    [33mstroke-linejoin[39m=[32m"round"[39m
                  [36m/>[39m
                [36m</svg>[39m
              [36m</button>[39m
            [36m</div>[39m
            [36m<div[39m
              [33mstyle[39m=[32m"flex: 1 1 0%; padding: 16px 0px; overflow-y: auto;"[39m
            [36m>[39m
              [36m<div[39m
                [33mstyle[39m=[32m"padding: 0px 8px;"[39m
              [36m>[39m
                [36m<button[39m
                  [33maria-label[39m=[32m"navigation.schedule"[39m
                  [33mstyle[39m=[32m"display: flex; align-items: center; width: 100%; padding: 12px; margin-bottom: 4px; border: medium; border-radius: 8px; background-color: transparent; color: rgb(107, 114, 128); cursor: pointer; position: relative;"[39m
                [36m>[39m
                  [36m<div[39m
                    [33mstyle[39m=[32m"position: relative; flex-shrink: 0;"[39m
                  [36m>[39m
                    [36m<svg[39m
                      [33maria-hidden[39m=[32m"true"[39m
                      [33mdata-slot[39m=[32m"icon"[39m
                      [33mfill[39m=[32m"none"[39m
                      [33mstroke[39m=[32m"currentColor"[39m
                      [33mstroke-width[39m=[32m"1.5"[39m
                      [33mstyle[39m=[32m"width: 24px; height: 24px;"[39m
                      [33mviewBox[39m=[32m"0 0 24 24"[39m
                      [33mxmlns[39m=[32m"http://www.w3.org/2000/svg"[39m
                    [36m>[39m
                      [36m<path[39m
                        [33md[39m=[32m"M6.75 3v2.25M17.25 3v2.25M3 18.75V7.5a2.25 2.25 0 0 1 2.25-2.25h13.5A2.25 2.25 0 0 1 21 7.5v11.25m-18 0A2.25 2.25 0 0 0 5.25 21h13.5A2.25 2.25 0 0 0 21 18.75m-18 0v-7.5A2.25 2.25 0 0 1 5.25 9h13.5A2.25 2.25 0 0 1 21 11.25v7.5m-9-6h.008v.008H12v-.008ZM12 15h.008v.008H12V15Zm0 2.25h.008v.008H12v-.008ZM9.75 15h.008v.008H9.75V15Zm0 2.25h.008v.008H9.75v-.008ZM7.5 15h.008v.008H7.5V15Zm0 2.25h.008v.008H7.5v-.008Zm6.75-4.5h.008v.008h-.008v-.008Zm0 2.25h.008v.008h-.008V15Zm0 2.25h.008v.008h-.008v-.008Zm2.25-4.5h.008v.008H16.5v-.008Zm0 2.25h.008v.008H16.5V15Z"[39m
                        [33mstroke-linecap[39m=[32m"round"[39m
                        [33mstroke-linejoin[39m=[32m"round"[39m
                      [36m/>[39m
                    [36m</svg>[39m
                  [36m</div>[39m
                  [36m<span[39m
                    [33mstyle[39m=[32m"margin-left: 12px; font-size: 14px; font-weight: 500; white-space: nowrap;"[39m
                  [36m>[39m
                    [0mnavigation.schedule[0m
                  [36m</span>[39m
                [36m</button>[39m
                [36m<button[39m
                  [33maria-label[39m=[32m"navigation.booking"[39m
                  [33mstyle[39m=[32m"display: flex; align-items: center; width: 100%; padding: 12px; margin-bottom: 4px; border: medium; border-radius: 8px; background-color: transparent; color: rgb(107, 114, 128); cursor: pointer; position: relative;"[39m
                [36m>[39m
                  [36m<div[39m
                    [33mstyle[39m=[32m"position: relative; flex-shrink: 0;"[39m
                  [36m>[39m
                    [36m<svg[39m
                      [33maria-hidden[39m=[32m"true"[39m
                      [33mdata-slot[39m=[32m"icon"[39m
                      [33mfill[39m=[32m"none"[39m
                      [33mstroke[39m=[32m"currentColor"[39m
                      [33mstroke-width[39m=[32m"1.5"[39m
                      [33mstyle[39m=[32m"width: 24px; height: 24px;"[39m
                      [33mviewBox[39m=[32m"0 0 24 24"[39m
                      [33mxmlns[39m=[32m"http://www.w3.org/2000/svg"[39m
                    [36m>[39m
                      [36m<path[39m
                        [33md[39m=[32m"M16.5 6v.75m0 3v.75m0 3v.75m0 3V18m-9-5.25h5.25M7.5 15h3M3.375 5.25c-.621 0-1.125.504-1.125 1.125v3.026a2.999 2.999 0 0 1 0 5.198v3.026c0 .621.504 1.125 1.125 1.125h17.25c.621 0 1.125-.504 1.125-1.125v-3.026a2.999 2.999 0 0 1 0-5.198V6.375c0-.621-.504-1.125-1.125-1.125H3.375Z"[39m
                        [33mstroke-linecap[39m=[32m"round"[39m
                        [33mstroke-linejoin[39m=[32m"round"[39m
                      [36m/>[39m
          ...
 ❯ Object.getElementError ../node_modules/@testing-library/dom/dist/config.js:37:19
 ❯ getElementError ../node_modules/@testing-library/dom/dist/query-helpers.js:20:35
 ❯ getMultipleElementsFoundError ../node_modules/@testing-library/dom/dist/query-helpers.js:23:10
 ❯ ../node_modules/@testing-library/dom/dist/query-helpers.js:55:13
 ❯ ../node_modules/@testing-library/dom/dist/query-helpers.js:95:19
 ❯ src/pages/__tests__/SettingsScreen.test.tsx:198:16
    196| 
    197|       expect(
    198|         screen.getByText(/all settings are saved automatically/i)
       |                ^
    199|       ).toBeInTheDocument();
    200|     });

⎯⎯⎯⎯⎯⎯⎯⎯⎯⎯⎯⎯⎯⎯⎯⎯⎯⎯⎯⎯⎯[52/268]⎯

 FAIL  src/pages/__tests__/SettingsScreen.test.tsx > SettingsScreen > Requirements Validation > should integrate theme customization (Requirement 15.1)
TestingLibraryElementError: Found multiple elements by: [data-testid="theme-customization"]

Here are the matching elements:

Ignored nodes: comments, script, style
[36m<div[39m
  [33mdata-testid[39m=[32m"theme-customization"[39m
[36m>[39m
  [0mTheme Customization[0m
[36m</div>[39m

Ignored nodes: comments, script, style
[36m<div[39m
  [33mdata-testid[39m=[32m"theme-customization"[39m
[36m>[39m
  [0mTheme Customization[0m
[36m</div>[39m

(If this is intentional, then use the `*AllBy*` variant of the query (like `queryAllByText`, `getAllByText`, or `findAllByText`)).

Ignored nodes: comments, script, style
[36m<body>[39m
  [36m<div>[39m
    [36m<a[39m
      [33mclass[39m=[32m"skip-link"[39m
      [33mhref[39m=[32m"#main-content"[39m
    [36m>[39m
      [0mSkip to main content[0m
    [36m</a>[39m
    [36m<div[39m
      [33mclass[39m=[32m"hidden md:block min-h-screen bg-[#f7f3eb] dark:bg-gray-900"[39m
    [36m>[39m
      [36m<div[39m
        [33maria-label[39m=[32m"Main navigation"[39m
        [33mrole[39m=[32m"navigation"[39m
        [33mstyle[39m=[32m"position: fixed; left: 0px; top: 0px; bottom: 0px; width: 240px; z-index: 10; padding-top: 0px; padding-left: 0px;"[39m
      [36m>[39m
        [36m<nav[39m
          [33maria-label[39m=[32m"Side navigation"[39m
          [33mrole[39m=[32m"navigation"[39m
          [33mstyle[39m=[32m"height: 100vh; width: 240px; background-color: white; border-right: 1px solid rgb(229, 231, 235);"[39m
        [36m>[39m
          [36m<div[39m
            [33mstyle[39m=[32m"display: flex; flex-direction: column; height: 100%;"[39m
          [36m>[39m
            [36m<div[39m
              [33mstyle[39m=[32m"display: flex; align-items: center; justify-content: space-between; height: 64px; padding: 0px 16px; border-bottom: 1px solid rgb(229, 231, 235);"[39m
            [36m>[39m
              [36m<div[39m
                [33mstyle[39m=[32m"font-size: 18px; font-weight: bold; color: rgb(59, 130, 246);"[39m
              [36m>[39m
                [0mJourno[0m
              [36m</div>[39m
              [36m<button[39m
                [33maria-label[39m=[32m"Collapse navigation"[39m
                [33mstyle[39m=[32m"display: flex; align-items: center; justify-content: center; width: 32px; height: 32px; border: medium; background-color: transparent; cursor: pointer; margin: 0px;"[39m
              [36m>[39m
                [36m<svg[39m
                  [33maria-hidden[39m=[32m"true"[39m
                  [33mdata-slot[39m=[32m"icon"[39m
                  [33mfill[39m=[32m"none"[39m
                  [33mstroke[39m=[32m"currentColor"[39m
                  [33mstroke-width[39m=[32m"1.5"[39m
                  [33mstyle[39m=[32m"width: 20px; height: 20px;"[39m
                  [33mviewBox[39m=[32m"0 0 24 24"[39m
                  [33mxmlns[39m=[32m"http://www.w3.org/2000/svg"[39m
                [36m>[39m
                  [36m<path[39m
                    [33md[39m=[32m"M15.75 19.5 8.25 12l7.5-7.5"[39m
                    [33mstroke-linecap[39m=[32m"round"[39m
                    [33mstroke-linejoin[39m=[32m"round"[39m
                  [36m/>[39m
                [36m</svg>[39m
              [36m</button>[39m
            [36m</div>[39m
            [36m<div[39m
              [33mstyle[39m=[32m"flex: 1 1 0%; padding: 16px 0px; overflow-y: auto;"[39m
            [36m>[39m
              [36m<div[39m
                [33mstyle[39m=[32m"padding: 0px 8px;"[39m
              [36m>[39m
                [36m<button[39m
                  [33maria-label[39m=[32m"navigation.schedule"[39m
                  [33mstyle[39m=[32m"display: flex; align-items: center; width: 100%; padding: 12px; margin-bottom: 4px; border: medium; border-radius: 8px; background-color: transparent; color: rgb(107, 114, 128); cursor: pointer; position: relative;"[39m
                [36m>[39m
                  [36m<div[39m
                    [33mstyle[39m=[32m"position: relative; flex-shrink: 0;"[39m
                  [36m>[39m
                    [36m<svg[39m
                      [33maria-hidden[39m=[32m"true"[39m
                      [33mdata-slot[39m=[32m"icon"[39m
                      [33mfill[39m=[32m"none"[39m
                      [33mstroke[39m=[32m"currentColor"[39m
                      [33mstroke-width[39m=[32m"1.5"[39m
                      [33mstyle[39m=[32m"width: 24px; height: 24px;"[39m
                      [33mviewBox[39m=[32m"0 0 24 24"[39m
                      [33mxmlns[39m=[32m"http://www.w3.org/2000/svg"[39m
                    [36m>[39m
                      [36m<path[39m
                        [33md[39m=[32m"M6.75 3v2.25M17.25 3v2.25M3 18.75V7.5a2.25 2.25 0 0 1 2.25-2.25h13.5A2.25 2.25 0 0 1 21 7.5v11.25m-18 0A2.25 2.25 0 0 0 5.25 21h13.5A2.25 2.25 0 0 0 21 18.75m-18 0v-7.5A2.25 2.25 0 0 1 5.25 9h13.5A2.25 2.25 0 0 1 21 11.25v7.5m-9-6h.008v.008H12v-.008ZM12 15h.008v.008H12V15Zm0 2.25h.008v.008H12v-.008ZM9.75 15h.008v.008H9.75V15Zm0 2.25h.008v.008H9.75v-.008ZM7.5 15h.008v.008H7.5V15Zm0 2.25h.008v.008H7.5v-.008Zm6.75-4.5h.008v.008h-.008v-.008Zm0 2.25h.008v.008h-.008V15Zm0 2.25h.008v.008h-.008v-.008Zm2.25-4.5h.008v.008H16.5v-.008Zm0 2.25h.008v.008H16.5V15Z"[39m
                        [33mstroke-linecap[39m=[32m"round"[39m
                        [33mstroke-linejoin[39m=[32m"round"[39m
                      [36m/>[39m
                    [36m</svg>[39m
                  [36m</div>[39m
                  [36m<span[39m
                    [33mstyle[39m=[32m"margin-left: 12px; font-size: 14px; font-weight: 500; white-space: nowrap;"[39m
                  [36m>[39m
                    [0mnavigation.schedule[0m
                  [36m</span>[39m
                [36m</button>[39m
                [36m<button[39m
                  [33maria-label[39m=[32m"navigation.booking"[39m
                  [33mstyle[39m=[32m"display: flex; align-items: center; width: 100%; padding: 12px; margin-bottom: 4px; border: medium; border-radius: 8px; background-color: transparent; color: rgb(107, 114, 128); cursor: pointer; position: relative;"[39m
                [36m>[39m
                  [36m<div[39m
                    [33mstyle[39m=[32m"position: relative; flex-shrink: 0;"[39m
                  [36m>[39m
                    [36m<svg[39m
                      [33maria-hidden[39m=[32m"true"[39m
                      [33mdata-slot[39m=[32m"icon"[39m
                      [33mfill[39m=[32m"none"[39m
                      [33mstroke[39m=[32m"currentColor"[39m
                      [33mstroke-width[39m=[32m"1.5"[39m
                      [33mstyle[39m=[32m"width: 24px; height: 24px;"[39m
                      [33mviewBox[39m=[32m"0 0 24 24"[39m
                      [33mxmlns[39m=[32m"http://www.w3.org/2000/svg"[39m
                    [36m>[39m
                      [36m<path[39m
                        [33md[39m=[32m"M16.5 6v.75m0 3v.75m0 3v.75m0 3V18m-9-5.25h5.25M7.5 15h3M3.375 5.25c-.621 0-1.125.504-1.125 1.125v3.026a2.999 2.999 0 0 1 0 5.198v3.026c0 .621.504 1.125 1.125 1.125h17.25c.621 0 1.125-.504 1.125-1.125v-3.026a2.999 2.999 0 0 1 0-5.198V6.375c0-.621-.504-1.125-1.125-1.125H3.375Z"[39m
                        [33mstroke-linecap[39m=[32m"round"[39m
                        [33mstroke-linejoin[39m=[32m"round"[39m
                      [36m/>[39m
          ...
 ❯ Object.getElementError ../node_modules/@testing-library/dom/dist/config.js:37:19
 ❯ getElementError ../node_modules/@testing-library/dom/dist/query-helpers.js:20:35
 ❯ getMultipleElementsFoundError ../node_modules/@testing-library/dom/dist/query-helpers.js:23:10
 ❯ ../node_modules/@testing-library/dom/dist/query-helpers.js:55:13
 ❯ ../node_modules/@testing-library/dom/dist/query-helpers.js:95:19
 ❯ src/pages/__tests__/SettingsScreen.test.tsx:206:21
    204|     it('should integrate theme customization (Requirement 15.1)', () =…
    205|       renderComponent();
    206|       expect(screen.getByTestId('theme-customization')).toBeInTheDocum…
       |                     ^
    207|     });
    208| 

⎯⎯⎯⎯⎯⎯⎯⎯⎯⎯⎯⎯⎯⎯⎯⎯⎯⎯⎯⎯⎯[53/268]⎯

 FAIL  src/pages/__tests__/SettingsScreen.test.tsx > SettingsScreen > Requirements Validation > should integrate font size slider (Requirement 15.2)
TestingLibraryElementError: Unable to find an element by: [data-testid="font-size-slider"]

Ignored nodes: comments, script, style
[36m<body>[39m
  [36m<div>[39m
    [36m<a[39m
      [33mclass[39m=[32m"skip-link"[39m
      [33mhref[39m=[32m"#main-content"[39m
    [36m>[39m
      [0mSkip to main content[0m
    [36m</a>[39m
    [36m<div[39m
      [33mclass[39m=[32m"hidden md:block min-h-screen bg-[#f7f3eb] dark:bg-gray-900"[39m
    [36m>[39m
      [36m<div[39m
        [33maria-label[39m=[32m"Main navigation"[39m
        [33mrole[39m=[32m"navigation"[39m
        [33mstyle[39m=[32m"position: fixed; left: 0px; top: 0px; bottom: 0px; width: 240px; z-index: 10; padding-top: 0px; padding-left: 0px;"[39m
      [36m>[39m
        [36m<nav[39m
          [33maria-label[39m=[32m"Side navigation"[39m
          [33mrole[39m=[32m"navigation"[39m
          [33mstyle[39m=[32m"height: 100vh; width: 240px; background-color: white; border-right: 1px solid rgb(229, 231, 235);"[39m
        [36m>[39m
          [36m<div[39m
            [33mstyle[39m=[32m"display: flex; flex-direction: column; height: 100%;"[39m
          [36m>[39m
            [36m<div[39m
              [33mstyle[39m=[32m"display: flex; align-items: center; justify-content: space-between; height: 64px; padding: 0px 16px; border-bottom: 1px solid rgb(229, 231, 235);"[39m
            [36m>[39m
              [36m<div[39m
                [33mstyle[39m=[32m"font-size: 18px; font-weight: bold; color: rgb(59, 130, 246);"[39m
              [36m>[39m
                [0mJourno[0m
              [36m</div>[39m
              [36m<button[39m
                [33maria-label[39m=[32m"Collapse navigation"[39m
                [33mstyle[39m=[32m"display: flex; align-items: center; justify-content: center; width: 32px; height: 32px; border: medium; background-color: transparent; cursor: pointer; margin: 0px;"[39m
              [36m>[39m
                [36m<svg[39m
                  [33maria-hidden[39m=[32m"true"[39m
                  [33mdata-slot[39m=[32m"icon"[39m
                  [33mfill[39m=[32m"none"[39m
                  [33mstroke[39m=[32m"currentColor"[39m
                  [33mstroke-width[39m=[32m"1.5"[39m
                  [33mstyle[39m=[32m"width: 20px; height: 20px;"[39m
                  [33mviewBox[39m=[32m"0 0 24 24"[39m
                  [33mxmlns[39m=[32m"http://www.w3.org/2000/svg"[39m
                [36m>[39m
                  [36m<path[39m
                    [33md[39m=[32m"M15.75 19.5 8.25 12l7.5-7.5"[39m
                    [33mstroke-linecap[39m=[32m"round"[39m
                    [33mstroke-linejoin[39m=[32m"round"[39m
                  [36m/>[39m
                [36m</svg>[39m
              [36m</button>[39m
            [36m</div>[39m
            [36m<div[39m
              [33mstyle[39m=[32m"flex: 1 1 0%; padding: 16px 0px; overflow-y: auto;"[39m
            [36m>[39m
              [36m<div[39m
                [33mstyle[39m=[32m"padding: 0px 8px;"[39m
              [36m>[39m
                [36m<button[39m
                  [33maria-label[39m=[32m"navigation.schedule"[39m
                  [33mstyle[39m=[32m"display: flex; align-items: center; width: 100%; padding: 12px; margin-bottom: 4px; border: medium; border-radius: 8px; background-color: transparent; color: rgb(107, 114, 128); cursor: pointer; position: relative;"[39m
                [36m>[39m
                  [36m<div[39m
                    [33mstyle[39m=[32m"position: relative; flex-shrink: 0;"[39m
                  [36m>[39m
                    [36m<svg[39m
                      [33maria-hidden[39m=[32m"true"[39m
                      [33mdata-slot[39m=[32m"icon"[39m
                      [33mfill[39m=[32m"none"[39m
                      [33mstroke[39m=[32m"currentColor"[39m
                      [33mstroke-width[39m=[32m"1.5"[39m
                      [33mstyle[39m=[32m"width: 24px; height: 24px;"[39m
                      [33mviewBox[39m=[32m"0 0 24 24"[39m
                      [33mxmlns[39m=[32m"http://www.w3.org/2000/svg"[39m
                    [36m>[39m
                      [36m<path[39m
                        [33md[39m=[32m"M6.75 3v2.25M17.25 3v2.25M3 18.75V7.5a2.25 2.25 0 0 1 2.25-2.25h13.5A2.25 2.25 0 0 1 21 7.5v11.25m-18 0A2.25 2.25 0 0 0 5.25 21h13.5A2.25 2.25 0 0 0 21 18.75m-18 0v-7.5A2.25 2.25 0 0 1 5.25 9h13.5A2.25 2.25 0 0 1 21 11.25v7.5m-9-6h.008v.008H12v-.008ZM12 15h.008v.008H12V15Zm0 2.25h.008v.008H12v-.008ZM9.75 15h.008v.008H9.75V15Zm0 2.25h.008v.008H9.75v-.008ZM7.5 15h.008v.008H7.5V15Zm0 2.25h.008v.008H7.5v-.008Zm6.75-4.5h.008v.008h-.008v-.008Zm0 2.25h.008v.008h-.008V15Zm0 2.25h.008v.008h-.008v-.008Zm2.25-4.5h.008v.008H16.5v-.008Zm0 2.25h.008v.008H16.5V15Z"[39m
                        [33mstroke-linecap[39m=[32m"round"[39m
                        [33mstroke-linejoin[39m=[32m"round"[39m
                      [36m/>[39m
                    [36m</svg>[39m
                  [36m</div>[39m
                  [36m<span[39m
                    [33mstyle[39m=[32m"margin-left: 12px; font-size: 14px; font-weight: 500; white-space: nowrap;"[39m
                  [36m>[39m
                    [0mnavigation.schedule[0m
                  [36m</span>[39m
                [36m</button>[39m
                [36m<button[39m
                  [33maria-label[39m=[32m"navigation.booking"[39m
                  [33mstyle[39m=[32m"display: flex; align-items: center; width: 100%; padding: 12px; margin-bottom: 4px; border: medium; border-radius: 8px; background-color: transparent; color: rgb(107, 114, 128); cursor: pointer; position: relative;"[39m
                [36m>[39m
                  [36m<div[39m
                    [33mstyle[39m=[32m"position: relative; flex-shrink: 0;"[39m
                  [36m>[39m
                    [36m<svg[39m
                      [33maria-hidden[39m=[32m"true"[39m
                      [33mdata-slot[39m=[32m"icon"[39m
                      [33mfill[39m=[32m"none"[39m
                      [33mstroke[39m=[32m"currentColor"[39m
                      [33mstroke-width[39m=[32m"1.5"[39m
                      [33mstyle[39m=[32m"width: 24px; height: 24px;"[39m
                      [33mviewBox[39m=[32m"0 0 24 24"[39m
                      [33mxmlns[39m=[32m"http://www.w3.org/2000/svg"[39m
                    [36m>[39m
                      [36m<path[39m
                        [33md[39m=[32m"M16.5 6v.75m0 3v.75m0 3v.75m0 3V18m-9-5.25h5.25M7.5 15h3M3.375 5.25c-.621 0-1.125.504-1.125 1.125v3.026a2.999 2.999 0 0 1 0 5.198v3.026c0 .621.504 1.125 1.125 1.125h17.25c.621 0 1.125-.504 1.125-1.125v-3.026a2.999 2.999 0 0 1 0-5.198V6.375c0-.621-.504-1.125-1.125-1.125H3.375Z"[39m
                        [33mstroke-linecap[39m=[32m"round"[39m
                        [33mstroke-linejoin[39m=[32m"round"[39m
                      [36m/>[39m
          ...
 ❯ Object.getElementError ../node_modules/@testing-library/dom/dist/config.js:37:19
 ❯ ../node_modules/@testing-library/dom/dist/query-helpers.js:76:38
 ❯ ../node_modules/@testing-library/dom/dist/query-helpers.js:52:17
 ❯ ../node_modules/@testing-library/dom/dist/query-helpers.js:95:19
 ❯ src/pages/__tests__/SettingsScreen.test.tsx:211:21
    209|     it('should integrate font size slider (Requirement 15.2)', () => {
    210|       renderComponent();
    211|       expect(screen.getByTestId('font-size-slider')).toBeInTheDocument…
       |                     ^
    212|     });
    213| 

⎯⎯⎯⎯⎯⎯⎯⎯⎯⎯⎯⎯⎯⎯⎯⎯⎯⎯⎯⎯⎯[54/268]⎯

 FAIL  src/pages/__tests__/SettingsScreen.test.tsx > SettingsScreen > Requirements Validation > should integrate dark mode toggle (Requirement 15.3)
TestingLibraryElementError: Unable to find an element by: [data-testid="dark-mode-toggle"]

Ignored nodes: comments, script, style
[36m<body>[39m
  [36m<div>[39m
    [36m<a[39m
      [33mclass[39m=[32m"skip-link"[39m
      [33mhref[39m=[32m"#main-content"[39m
    [36m>[39m
      [0mSkip to main content[0m
    [36m</a>[39m
    [36m<div[39m
      [33mclass[39m=[32m"hidden md:block min-h-screen bg-[#f7f3eb] dark:bg-gray-900"[39m
    [36m>[39m
      [36m<div[39m
        [33maria-label[39m=[32m"Main navigation"[39m
        [33mrole[39m=[32m"navigation"[39m
        [33mstyle[39m=[32m"position: fixed; left: 0px; top: 0px; bottom: 0px; width: 240px; z-index: 10; padding-top: 0px; padding-left: 0px;"[39m
      [36m>[39m
        [36m<nav[39m
          [33maria-label[39m=[32m"Side navigation"[39m
          [33mrole[39m=[32m"navigation"[39m
          [33mstyle[39m=[32m"height: 100vh; width: 240px; background-color: white; border-right: 1px solid rgb(229, 231, 235);"[39m
        [36m>[39m
          [36m<div[39m
            [33mstyle[39m=[32m"display: flex; flex-direction: column; height: 100%;"[39m
          [36m>[39m
            [36m<div[39m
              [33mstyle[39m=[32m"display: flex; align-items: center; justify-content: space-between; height: 64px; padding: 0px 16px; border-bottom: 1px solid rgb(229, 231, 235);"[39m
            [36m>[39m
              [36m<div[39m
                [33mstyle[39m=[32m"font-size: 18px; font-weight: bold; color: rgb(59, 130, 246);"[39m
              [36m>[39m
                [0mJourno[0m
              [36m</div>[39m
              [36m<button[39m
                [33maria-label[39m=[32m"Collapse navigation"[39m
                [33mstyle[39m=[32m"display: flex; align-items: center; justify-content: center; width: 32px; height: 32px; border: medium; background-color: transparent; cursor: pointer; margin: 0px;"[39m
              [36m>[39m
                [36m<svg[39m
                  [33maria-hidden[39m=[32m"true"[39m
                  [33mdata-slot[39m=[32m"icon"[39m
                  [33mfill[39m=[32m"none"[39m
                  [33mstroke[39m=[32m"currentColor"[39m
                  [33mstroke-width[39m=[32m"1.5"[39m
                  [33mstyle[39m=[32m"width: 20px; height: 20px;"[39m
                  [33mviewBox[39m=[32m"0 0 24 24"[39m
                  [33mxmlns[39m=[32m"http://www.w3.org/2000/svg"[39m
                [36m>[39m
                  [36m<path[39m
                    [33md[39m=[32m"M15.75 19.5 8.25 12l7.5-7.5"[39m
                    [33mstroke-linecap[39m=[32m"round"[39m
                    [33mstroke-linejoin[39m=[32m"round"[39m
                  [36m/>[39m
                [36m</svg>[39m
              [36m</button>[39m
            [36m</div>[39m
            [36m<div[39m
              [33mstyle[39m=[32m"flex: 1 1 0%; padding: 16px 0px; overflow-y: auto;"[39m
            [36m>[39m
              [36m<div[39m
                [33mstyle[39m=[32m"padding: 0px 8px;"[39m
              [36m>[39m
                [36m<button[39m
                  [33maria-label[39m=[32m"navigation.schedule"[39m
                  [33mstyle[39m=[32m"display: flex; align-items: center; width: 100%; padding: 12px; margin-bottom: 4px; border: medium; border-radius: 8px; background-color: transparent; color: rgb(107, 114, 128); cursor: pointer; position: relative;"[39m
                [36m>[39m
                  [36m<div[39m
                    [33mstyle[39m=[32m"position: relative; flex-shrink: 0;"[39m
                  [36m>[39m
                    [36m<svg[39m
                      [33maria-hidden[39m=[32m"true"[39m
                      [33mdata-slot[39m=[32m"icon"[39m
                      [33mfill[39m=[32m"none"[39m
                      [33mstroke[39m=[32m"currentColor"[39m
                      [33mstroke-width[39m=[32m"1.5"[39m
                      [33mstyle[39m=[32m"width: 24px; height: 24px;"[39m
                      [33mviewBox[39m=[32m"0 0 24 24"[39m
                      [33mxmlns[39m=[32m"http://www.w3.org/2000/svg"[39m
                    [36m>[39m
                      [36m<path[39m
                        [33md[39m=[32m"M6.75 3v2.25M17.25 3v2.25M3 18.75V7.5a2.25 2.25 0 0 1 2.25-2.25h13.5A2.25 2.25 0 0 1 21 7.5v11.25m-18 0A2.25 2.25 0 0 0 5.25 21h13.5A2.25 2.25 0 0 0 21 18.75m-18 0v-7.5A2.25 2.25 0 0 1 5.25 9h13.5A2.25 2.25 0 0 1 21 11.25v7.5m-9-6h.008v.008H12v-.008ZM12 15h.008v.008H12V15Zm0 2.25h.008v.008H12v-.008ZM9.75 15h.008v.008H9.75V15Zm0 2.25h.008v.008H9.75v-.008ZM7.5 15h.008v.008H7.5V15Zm0 2.25h.008v.008H7.5v-.008Zm6.75-4.5h.008v.008h-.008v-.008Zm0 2.25h.008v.008h-.008V15Zm0 2.25h.008v.008h-.008v-.008Zm2.25-4.5h.008v.008H16.5v-.008Zm0 2.25h.008v.008H16.5V15Z"[39m
                        [33mstroke-linecap[39m=[32m"round"[39m
                        [33mstroke-linejoin[39m=[32m"round"[39m
                      [36m/>[39m
                    [36m</svg>[39m
                  [36m</div>[39m
                  [36m<span[39m
                    [33mstyle[39m=[32m"margin-left: 12px; font-size: 14px; font-weight: 500; white-space: nowrap;"[39m
                  [36m>[39m
                    [0mnavigation.schedule[0m
                  [36m</span>[39m
                [36m</button>[39m
                [36m<button[39m
                  [33maria-label[39m=[32m"navigation.booking"[39m
                  [33mstyle[39m=[32m"display: flex; align-items: center; width: 100%; padding: 12px; margin-bottom: 4px; border: medium; border-radius: 8px; background-color: transparent; color: rgb(107, 114, 128); cursor: pointer; position: relative;"[39m
                [36m>[39m
                  [36m<div[39m
                    [33mstyle[39m=[32m"position: relative; flex-shrink: 0;"[39m
                  [36m>[39m
                    [36m<svg[39m
                      [33maria-hidden[39m=[32m"true"[39m
                      [33mdata-slot[39m=[32m"icon"[39m
                      [33mfill[39m=[32m"none"[39m
                      [33mstroke[39m=[32m"currentColor"[39m
                      [33mstroke-width[39m=[32m"1.5"[39m
                      [33mstyle[39m=[32m"width: 24px; height: 24px;"[39m
                      [33mviewBox[39m=[32m"0 0 24 24"[39m
                      [33mxmlns[39m=[32m"http://www.w3.org/2000/svg"[39m
                    [36m>[39m
                      [36m<path[39m
                        [33md[39m=[32m"M16.5 6v.75m0 3v.75m0 3v.75m0 3V18m-9-5.25h5.25M7.5 15h3M3.375 5.25c-.621 0-1.125.504-1.125 1.125v3.026a2.999 2.999 0 0 1 0 5.198v3.026c0 .621.504 1.125 1.125 1.125h17.25c.621 0 1.125-.504 1.125-1.125v-3.026a2.999 2.999 0 0 1 0-5.198V6.375c0-.621-.504-1.125-1.125-1.125H3.375Z"[39m
                        [33mstroke-linecap[39m=[32m"round"[39m
                        [33mstroke-linejoin[39m=[32m"round"[39m
                      [36m/>[39m
          ...
 ❯ Object.getElementError ../node_modules/@testing-library/dom/dist/config.js:37:19
 ❯ ../node_modules/@testing-library/dom/dist/query-helpers.js:76:38
 ❯ ../node_modules/@testing-library/dom/dist/query-helpers.js:52:17
 ❯ ../node_modules/@testing-library/dom/dist/query-helpers.js:95:19
 ❯ src/pages/__tests__/SettingsScreen.test.tsx:216:21
    214|     it('should integrate dark mode toggle (Requirement 15.3)', () => {
    215|       renderComponent();
    216|       expect(screen.getByTestId('dark-mode-toggle')).toBeInTheDocument…
       |                     ^
    217|     });
    218| 

⎯⎯⎯⎯⎯⎯⎯⎯⎯⎯⎯⎯⎯⎯⎯⎯⎯⎯⎯⎯⎯[55/268]⎯

 FAIL  src/pages/__tests__/SettingsScreen.test.tsx > SettingsScreen > Requirements Validation > should integrate animation selector (Requirement 15.4)
TestingLibraryElementError: Found multiple elements by: [data-testid="animation-selector"]

Here are the matching elements:

Ignored nodes: comments, script, style
[36m<div[39m
  [33mdata-testid[39m=[32m"animation-selector"[39m
[36m>[39m
  [0mAnimation Selector[0m
[36m</div>[39m

Ignored nodes: comments, script, style
[36m<div[39m
  [33mdata-testid[39m=[32m"animation-selector"[39m
[36m>[39m
  [0mAnimation Selector[0m
[36m</div>[39m

(If this is intentional, then use the `*AllBy*` variant of the query (like `queryAllByText`, `getAllByText`, or `findAllByText`)).

Ignored nodes: comments, script, style
[36m<body>[39m
  [36m<div>[39m
    [36m<a[39m
      [33mclass[39m=[32m"skip-link"[39m
      [33mhref[39m=[32m"#main-content"[39m
    [36m>[39m
      [0mSkip to main content[0m
    [36m</a>[39m
    [36m<div[39m
      [33mclass[39m=[32m"hidden md:block min-h-screen bg-[#f7f3eb] dark:bg-gray-900"[39m
    [36m>[39m
      [36m<div[39m
        [33maria-label[39m=[32m"Main navigation"[39m
        [33mrole[39m=[32m"navigation"[39m
        [33mstyle[39m=[32m"position: fixed; left: 0px; top: 0px; bottom: 0px; width: 240px; z-index: 10; padding-top: 0px; padding-left: 0px;"[39m
      [36m>[39m
        [36m<nav[39m
          [33maria-label[39m=[32m"Side navigation"[39m
          [33mrole[39m=[32m"navigation"[39m
          [33mstyle[39m=[32m"height: 100vh; width: 240px; background-color: white; border-right: 1px solid rgb(229, 231, 235);"[39m
        [36m>[39m
          [36m<div[39m
            [33mstyle[39m=[32m"display: flex; flex-direction: column; height: 100%;"[39m
          [36m>[39m
            [36m<div[39m
              [33mstyle[39m=[32m"display: flex; align-items: center; justify-content: space-between; height: 64px; padding: 0px 16px; border-bottom: 1px solid rgb(229, 231, 235);"[39m
            [36m>[39m
              [36m<div[39m
                [33mstyle[39m=[32m"font-size: 18px; font-weight: bold; color: rgb(59, 130, 246);"[39m
              [36m>[39m
                [0mJourno[0m
              [36m</div>[39m
              [36m<button[39m
                [33maria-label[39m=[32m"Collapse navigation"[39m
                [33mstyle[39m=[32m"display: flex; align-items: center; justify-content: center; width: 32px; height: 32px; border: medium; background-color: transparent; cursor: pointer; margin: 0px;"[39m
              [36m>[39m
                [36m<svg[39m
                  [33maria-hidden[39m=[32m"true"[39m
                  [33mdata-slot[39m=[32m"icon"[39m
                  [33mfill[39m=[32m"none"[39m
                  [33mstroke[39m=[32m"currentColor"[39m
                  [33mstroke-width[39m=[32m"1.5"[39m
                  [33mstyle[39m=[32m"width: 20px; height: 20px;"[39m
                  [33mviewBox[39m=[32m"0 0 24 24"[39m
                  [33mxmlns[39m=[32m"http://www.w3.org/2000/svg"[39m
                [36m>[39m
                  [36m<path[39m
                    [33md[39m=[32m"M15.75 19.5 8.25 12l7.5-7.5"[39m
                    [33mstroke-linecap[39m=[32m"round"[39m
                    [33mstroke-linejoin[39m=[32m"round"[39m
                  [36m/>[39m
                [36m</svg>[39m
              [36m</button>[39m
            [36m</div>[39m
            [36m<div[39m
              [33mstyle[39m=[32m"flex: 1 1 0%; padding: 16px 0px; overflow-y: auto;"[39m
            [36m>[39m
              [36m<div[39m
                [33mstyle[39m=[32m"padding: 0px 8px;"[39m
              [36m>[39m
                [36m<button[39m
                  [33maria-label[39m=[32m"navigation.schedule"[39m
                  [33mstyle[39m=[32m"display: flex; align-items: center; width: 100%; padding: 12px; margin-bottom: 4px; border: medium; border-radius: 8px; background-color: transparent; color: rgb(107, 114, 128); cursor: pointer; position: relative;"[39m
                [36m>[39m
                  [36m<div[39m
                    [33mstyle[39m=[32m"position: relative; flex-shrink: 0;"[39m
                  [36m>[39m
                    [36m<svg[39m
                      [33maria-hidden[39m=[32m"true"[39m
                      [33mdata-slot[39m=[32m"icon"[39m
                      [33mfill[39m=[32m"none"[39m
                      [33mstroke[39m=[32m"currentColor"[39m
                      [33mstroke-width[39m=[32m"1.5"[39m
                      [33mstyle[39m=[32m"width: 24px; height: 24px;"[39m
                      [33mviewBox[39m=[32m"0 0 24 24"[39m
                      [33mxmlns[39m=[32m"http://www.w3.org/2000/svg"[39m
                    [36m>[39m
                      [36m<path[39m
                        [33md[39m=[32m"M6.75 3v2.25M17.25 3v2.25M3 18.75V7.5a2.25 2.25 0 0 1 2.25-2.25h13.5A2.25 2.25 0 0 1 21 7.5v11.25m-18 0A2.25 2.25 0 0 0 5.25 21h13.5A2.25 2.25 0 0 0 21 18.75m-18 0v-7.5A2.25 2.25 0 0 1 5.25 9h13.5A2.25 2.25 0 0 1 21 11.25v7.5m-9-6h.008v.008H12v-.008ZM12 15h.008v.008H12V15Zm0 2.25h.008v.008H12v-.008ZM9.75 15h.008v.008H9.75V15Zm0 2.25h.008v.008H9.75v-.008ZM7.5 15h.008v.008H7.5V15Zm0 2.25h.008v.008H7.5v-.008Zm6.75-4.5h.008v.008h-.008v-.008Zm0 2.25h.008v.008h-.008V15Zm0 2.25h.008v.008h-.008v-.008Zm2.25-4.5h.008v.008H16.5v-.008Zm0 2.25h.008v.008H16.5V15Z"[39m
                        [33mstroke-linecap[39m=[32m"round"[39m
                        [33mstroke-linejoin[39m=[32m"round"[39m
                      [36m/>[39m
                    [36m</svg>[39m
                  [36m</div>[39m
                  [36m<span[39m
                    [33mstyle[39m=[32m"margin-left: 12px; font-size: 14px; font-weight: 500; white-space: nowrap;"[39m
                  [36m>[39m
                    [0mnavigation.schedule[0m
                  [36m</span>[39m
                [36m</button>[39m
                [36m<button[39m
                  [33maria-label[39m=[32m"navigation.booking"[39m
                  [33mstyle[39m=[32m"display: flex; align-items: center; width: 100%; padding: 12px; margin-bottom: 4px; border: medium; border-radius: 8px; background-color: transparent; color: rgb(107, 114, 128); cursor: pointer; position: relative;"[39m
                [36m>[39m
                  [36m<div[39m
                    [33mstyle[39m=[32m"position: relative; flex-shrink: 0;"[39m
                  [36m>[39m
                    [36m<svg[39m
                      [33maria-hidden[39m=[32m"true"[39m
                      [33mdata-slot[39m=[32m"icon"[39m
                      [33mfill[39m=[32m"none"[39m
                      [33mstroke[39m=[32m"currentColor"[39m
                      [33mstroke-width[39m=[32m"1.5"[39m
                      [33mstyle[39m=[32m"width: 24px; height: 24px;"[39m
                      [33mviewBox[39m=[32m"0 0 24 24"[39m
                      [33mxmlns[39m=[32m"http://www.w3.org/2000/svg"[39m
                    [36m>[39m
                      [36m<path[39m
                        [33md[39m=[32m"M16.5 6v.75m0 3v.75m0 3v.75m0 3V18m-9-5.25h5.25M7.5 15h3M3.375 5.25c-.621 0-1.125.504-1.125 1.125v3.026a2.999 2.999 0 0 1 0 5.198v3.026c0 .621.504 1.125 1.125 1.125h17.25c.621 0 1.125-.504 1.125-1.125v-3.026a2.999 2.999 0 0 1 0-5.198V6.375c0-.621-.504-1.125-1.125-1.125H3.375Z"[39m
                        [33mstroke-linecap[39m=[32m"round"[39m
                        [33mstroke-linejoin[39m=[32m"round"[39m
                      [36m/>[39m
          ...
 ❯ Object.getElementError ../node_modules/@testing-library/dom/dist/config.js:37:19
 ❯ getElementError ../node_modules/@testing-library/dom/dist/query-helpers.js:20:35
 ❯ getMultipleElementsFoundError ../node_modules/@testing-library/dom/dist/query-helpers.js:23:10
 ❯ ../node_modules/@testing-library/dom/dist/query-helpers.js:55:13
 ❯ ../node_modules/@testing-library/dom/dist/query-helpers.js:95:19
 ❯ src/pages/__tests__/SettingsScreen.test.tsx:221:21
    219|     it('should integrate animation selector (Requirement 15.4)', () =>…
    220|       renderComponent();
    221|       expect(screen.getByTestId('animation-selector')).toBeInTheDocume…
       |                     ^
    222|     });
    223| 

⎯⎯⎯⎯⎯⎯⎯⎯⎯⎯⎯⎯⎯⎯⎯⎯⎯⎯⎯⎯⎯[56/268]⎯

 FAIL  src/pages/__tests__/SettingsScreen.test.tsx > SettingsScreen > Requirements Validation > should integrate language selector (Requirement 15.5)
TestingLibraryElementError: Found multiple elements by: [data-testid="language-selector"]

Here are the matching elements:

Ignored nodes: comments, script, style
[36m<div[39m
  [33mdata-testid[39m=[32m"language-selector"[39m
[36m>[39m
  [0mLanguage Selector[0m
[36m</div>[39m

Ignored nodes: comments, script, style
[36m<div[39m
  [33mdata-testid[39m=[32m"language-selector"[39m
[36m>[39m
  [0mLanguage Selector[0m
[36m</div>[39m

(If this is intentional, then use the `*AllBy*` variant of the query (like `queryAllByText`, `getAllByText`, or `findAllByText`)).

Ignored nodes: comments, script, style
[36m<body>[39m
  [36m<div>[39m
    [36m<a[39m
      [33mclass[39m=[32m"skip-link"[39m
      [33mhref[39m=[32m"#main-content"[39m
    [36m>[39m
      [0mSkip to main content[0m
    [36m</a>[39m
    [36m<div[39m
      [33mclass[39m=[32m"hidden md:block min-h-screen bg-[#f7f3eb] dark:bg-gray-900"[39m
    [36m>[39m
      [36m<div[39m
        [33maria-label[39m=[32m"Main navigation"[39m
        [33mrole[39m=[32m"navigation"[39m
        [33mstyle[39m=[32m"position: fixed; left: 0px; top: 0px; bottom: 0px; width: 240px; z-index: 10; padding-top: 0px; padding-left: 0px;"[39m
      [36m>[39m
        [36m<nav[39m
          [33maria-label[39m=[32m"Side navigation"[39m
          [33mrole[39m=[32m"navigation"[39m
          [33mstyle[39m=[32m"height: 100vh; width: 240px; background-color: white; border-right: 1px solid rgb(229, 231, 235);"[39m
        [36m>[39m
          [36m<div[39m
            [33mstyle[39m=[32m"display: flex; flex-direction: column; height: 100%;"[39m
          [36m>[39m
            [36m<div[39m
              [33mstyle[39m=[32m"display: flex; align-items: center; justify-content: space-between; height: 64px; padding: 0px 16px; border-bottom: 1px solid rgb(229, 231, 235);"[39m
            [36m>[39m
              [36m<div[39m
                [33mstyle[39m=[32m"font-size: 18px; font-weight: bold; color: rgb(59, 130, 246);"[39m
              [36m>[39m
                [0mJourno[0m
              [36m</div>[39m
              [36m<button[39m
                [33maria-label[39m=[32m"Collapse navigation"[39m
                [33mstyle[39m=[32m"display: flex; align-items: center; justify-content: center; width: 32px; height: 32px; border: medium; background-color: transparent; cursor: pointer; margin: 0px;"[39m
              [36m>[39m
                [36m<svg[39m
                  [33maria-hidden[39m=[32m"true"[39m
                  [33mdata-slot[39m=[32m"icon"[39m
                  [33mfill[39m=[32m"none"[39m
                  [33mstroke[39m=[32m"currentColor"[39m
                  [33mstroke-width[39m=[32m"1.5"[39m
                  [33mstyle[39m=[32m"width: 20px; height: 20px;"[39m
                  [33mviewBox[39m=[32m"0 0 24 24"[39m
                  [33mxmlns[39m=[32m"http://www.w3.org/2000/svg"[39m
                [36m>[39m
                  [36m<path[39m
                    [33md[39m=[32m"M15.75 19.5 8.25 12l7.5-7.5"[39m
                    [33mstroke-linecap[39m=[32m"round"[39m
                    [33mstroke-linejoin[39m=[32m"round"[39m
                  [36m/>[39m
                [36m</svg>[39m
              [36m</button>[39m
            [36m</div>[39m
            [36m<div[39m
              [33mstyle[39m=[32m"flex: 1 1 0%; padding: 16px 0px; overflow-y: auto;"[39m
            [36m>[39m
              [36m<div[39m
                [33mstyle[39m=[32m"padding: 0px 8px;"[39m
              [36m>[39m
                [36m<button[39m
                  [33maria-label[39m=[32m"navigation.schedule"[39m
                  [33mstyle[39m=[32m"display: flex; align-items: center; width: 100%; padding: 12px; margin-bottom: 4px; border: medium; border-radius: 8px; background-color: transparent; color: rgb(107, 114, 128); cursor: pointer; position: relative;"[39m
                [36m>[39m
                  [36m<div[39m
                    [33mstyle[39m=[32m"position: relative; flex-shrink: 0;"[39m
                  [36m>[39m
                    [36m<svg[39m
                      [33maria-hidden[39m=[32m"true"[39m
                      [33mdata-slot[39m=[32m"icon"[39m
                      [33mfill[39m=[32m"none"[39m
                      [33mstroke[39m=[32m"currentColor"[39m
                      [33mstroke-width[39m=[32m"1.5"[39m
                      [33mstyle[39m=[32m"width: 24px; height: 24px;"[39m
                      [33mviewBox[39m=[32m"0 0 24 24"[39m
                      [33mxmlns[39m=[32m"http://www.w3.org/2000/svg"[39m
                    [36m>[39m
                      [36m<path[39m
                        [33md[39m=[32m"M6.75 3v2.25M17.25 3v2.25M3 18.75V7.5a2.25 2.25 0 0 1 2.25-2.25h13.5A2.25 2.25 0 0 1 21 7.5v11.25m-18 0A2.25 2.25 0 0 0 5.25 21h13.5A2.25 2.25 0 0 0 21 18.75m-18 0v-7.5A2.25 2.25 0 0 1 5.25 9h13.5A2.25 2.25 0 0 1 21 11.25v7.5m-9-6h.008v.008H12v-.008ZM12 15h.008v.008H12V15Zm0 2.25h.008v.008H12v-.008ZM9.75 15h.008v.008H9.75V15Zm0 2.25h.008v.008H9.75v-.008ZM7.5 15h.008v.008H7.5V15Zm0 2.25h.008v.008H7.5v-.008Zm6.75-4.5h.008v.008h-.008v-.008Zm0 2.25h.008v.008h-.008V15Zm0 2.25h.008v.008h-.008v-.008Zm2.25-4.5h.008v.008H16.5v-.008Zm0 2.25h.008v.008H16.5V15Z"[39m
                        [33mstroke-linecap[39m=[32m"round"[39m
                        [33mstroke-linejoin[39m=[32m"round"[39m
                      [36m/>[39m
                    [36m</svg>[39m
                  [36m</div>[39m
                  [36m<span[39m
                    [33mstyle[39m=[32m"margin-left: 12px; font-size: 14px; font-weight: 500; white-space: nowrap;"[39m
                  [36m>[39m
                    [0mnavigation.schedule[0m
                  [36m</span>[39m
                [36m</button>[39m
                [36m<button[39m
                  [33maria-label[39m=[32m"navigation.booking"[39m
                  [33mstyle[39m=[32m"display: flex; align-items: center; width: 100%; padding: 12px; margin-bottom: 4px; border: medium; border-radius: 8px; background-color: transparent; color: rgb(107, 114, 128); cursor: pointer; position: relative;"[39m
                [36m>[39m
                  [36m<div[39m
                    [33mstyle[39m=[32m"position: relative; flex-shrink: 0;"[39m
                  [36m>[39m
                    [36m<svg[39m
                      [33maria-hidden[39m=[32m"true"[39m
                      [33mdata-slot[39m=[32m"icon"[39m
                      [33mfill[39m=[32m"none"[39m
                      [33mstroke[39m=[32m"currentColor"[39m
                      [33mstroke-width[39m=[32m"1.5"[39m
                      [33mstyle[39m=[32m"width: 24px; height: 24px;"[39m
                      [33mviewBox[39m=[32m"0 0 24 24"[39m
                      [33mxmlns[39m=[32m"http://www.w3.org/2000/svg"[39m
                    [36m>[39m
                      [36m<path[39m
                        [33md[39m=[32m"M16.5 6v.75m0 3v.75m0 3v.75m0 3V18m-9-5.25h5.25M7.5 15h3M3.375 5.25c-.621 0-1.125.504-1.125 1.125v3.026a2.999 2.999 0 0 1 0 5.198v3.026c0 .621.504 1.125 1.125 1.125h17.25c.621 0 1.125-.504 1.125-1.125v-3.026a2.999 2.999 0 0 1 0-5.198V6.375c0-.621-.504-1.125-1.125-1.125H3.375Z"[39m
                        [33mstroke-linecap[39m=[32m"round"[39m
                        [33mstroke-linejoin[39m=[32m"round"[39m
                      [36m/>[39m
          ...
 ❯ Object.getElementError ../node_modules/@testing-library/dom/dist/config.js:37:19
 ❯ getElementError ../node_modules/@testing-library/dom/dist/query-helpers.js:20:35
 ❯ getMultipleElementsFoundError ../node_modules/@testing-library/dom/dist/query-helpers.js:23:10
 ❯ ../node_modules/@testing-library/dom/dist/query-helpers.js:55:13
 ❯ ../node_modules/@testing-library/dom/dist/query-helpers.js:95:19
 ❯ src/pages/__tests__/SettingsScreen.test.tsx:226:21
    224|     it('should integrate language selector (Requirement 15.5)', () => {
    225|       renderComponent();
    226|       expect(screen.getByTestId('language-selector')).toBeInTheDocumen…
       |                     ^
    227|     });
    228| 

⎯⎯⎯⎯⎯⎯⎯⎯⎯⎯⎯⎯⎯⎯⎯⎯⎯⎯⎯⎯⎯[57/268]⎯

 FAIL  src/pages/__tests__/SettingsScreen.test.tsx > SettingsScreen > Requirements Validation > should include account settings (Requirement 15.6)
TestingLibraryElementError: Found multiple elements with the text: Profile

Here are the matching elements:

Ignored nodes: comments, script, style
[36m<h3[39m
  [33mclass[39m=[32m"text-lg font-semibold text-kawaii-neutral-800 dark:text-kawaii-neutral-100"[39m
[36m>[39m
  [0mProfile[0m
[36m</h3>[39m

Ignored nodes: comments, script, style
[36m<h3[39m
  [33mclass[39m=[32m"text-lg font-semibold text-kawaii-neutral-800 dark:text-kawaii-neutral-100"[39m
[36m>[39m
  [0mProfile[0m
[36m</h3>[39m

(If this is intentional, then use the `*AllBy*` variant of the query (like `queryAllByText`, `getAllByText`, or `findAllByText`)).

Ignored nodes: comments, script, style
[36m<body>[39m
  [36m<div>[39m
    [36m<a[39m
      [33mclass[39m=[32m"skip-link"[39m
      [33mhref[39m=[32m"#main-content"[39m
    [36m>[39m
      [0mSkip to main content[0m
    [36m</a>[39m
    [36m<div[39m
      [33mclass[39m=[32m"hidden md:block min-h-screen bg-[#f7f3eb] dark:bg-gray-900"[39m
    [36m>[39m
      [36m<div[39m
        [33maria-label[39m=[32m"Main navigation"[39m
        [33mrole[39m=[32m"navigation"[39m
        [33mstyle[39m=[32m"position: fixed; left: 0px; top: 0px; bottom: 0px; width: 240px; z-index: 10; padding-top: 0px; padding-left: 0px;"[39m
      [36m>[39m
        [36m<nav[39m
          [33maria-label[39m=[32m"Side navigation"[39m
          [33mrole[39m=[32m"navigation"[39m
          [33mstyle[39m=[32m"height: 100vh; width: 240px; background-color: white; border-right: 1px solid rgb(229, 231, 235);"[39m
        [36m>[39m
          [36m<div[39m
            [33mstyle[39m=[32m"display: flex; flex-direction: column; height: 100%;"[39m
          [36m>[39m
            [36m<div[39m
              [33mstyle[39m=[32m"display: flex; align-items: center; justify-content: space-between; height: 64px; padding: 0px 16px; border-bottom: 1px solid rgb(229, 231, 235);"[39m
            [36m>[39m
              [36m<div[39m
                [33mstyle[39m=[32m"font-size: 18px; font-weight: bold; color: rgb(59, 130, 246);"[39m
              [36m>[39m
                [0mJourno[0m
              [36m</div>[39m
              [36m<button[39m
                [33maria-label[39m=[32m"Collapse navigation"[39m
                [33mstyle[39m=[32m"display: flex; align-items: center; justify-content: center; width: 32px; height: 32px; border: medium; background-color: transparent; cursor: pointer; margin: 0px;"[39m
              [36m>[39m
                [36m<svg[39m
                  [33maria-hidden[39m=[32m"true"[39m
                  [33mdata-slot[39m=[32m"icon"[39m
                  [33mfill[39m=[32m"none"[39m
                  [33mstroke[39m=[32m"currentColor"[39m
                  [33mstroke-width[39m=[32m"1.5"[39m
                  [33mstyle[39m=[32m"width: 20px; height: 20px;"[39m
                  [33mviewBox[39m=[32m"0 0 24 24"[39m
                  [33mxmlns[39m=[32m"http://www.w3.org/2000/svg"[39m
                [36m>[39m
                  [36m<path[39m
                    [33md[39m=[32m"M15.75 19.5 8.25 12l7.5-7.5"[39m
                    [33mstroke-linecap[39m=[32m"round"[39m
                    [33mstroke-linejoin[39m=[32m"round"[39m
                  [36m/>[39m
                [36m</svg>[39m
              [36m</button>[39m
            [36m</div>[39m
            [36m<div[39m
              [33mstyle[39m=[32m"flex: 1 1 0%; padding: 16px 0px; overflow-y: auto;"[39m
            [36m>[39m
              [36m<div[39m
                [33mstyle[39m=[32m"padding: 0px 8px;"[39m
              [36m>[39m
                [36m<button[39m
                  [33maria-label[39m=[32m"navigation.schedule"[39m
                  [33mstyle[39m=[32m"display: flex; align-items: center; width: 100%; padding: 12px; margin-bottom: 4px; border: medium; border-radius: 8px; background-color: transparent; color: rgb(107, 114, 128); cursor: pointer; position: relative;"[39m
                [36m>[39m
                  [36m<div[39m
                    [33mstyle[39m=[32m"position: relative; flex-shrink: 0;"[39m
                  [36m>[39m
                    [36m<svg[39m
                      [33maria-hidden[39m=[32m"true"[39m
                      [33mdata-slot[39m=[32m"icon"[39m
                      [33mfill[39m=[32m"none"[39m
                      [33mstroke[39m=[32m"currentColor"[39m
                      [33mstroke-width[39m=[32m"1.5"[39m
                      [33mstyle[39m=[32m"width: 24px; height: 24px;"[39m
                      [33mviewBox[39m=[32m"0 0 24 24"[39m
                      [33mxmlns[39m=[32m"http://www.w3.org/2000/svg"[39m
                    [36m>[39m
                      [36m<path[39m
                        [33md[39m=[32m"M6.75 3v2.25M17.25 3v2.25M3 18.75V7.5a2.25 2.25 0 0 1 2.25-2.25h13.5A2.25 2.25 0 0 1 21 7.5v11.25m-18 0A2.25 2.25 0 0 0 5.25 21h13.5A2.25 2.25 0 0 0 21 18.75m-18 0v-7.5A2.25 2.25 0 0 1 5.25 9h13.5A2.25 2.25 0 0 1 21 11.25v7.5m-9-6h.008v.008H12v-.008ZM12 15h.008v.008H12V15Zm0 2.25h.008v.008H12v-.008ZM9.75 15h.008v.008H9.75V15Zm0 2.25h.008v.008H9.75v-.008ZM7.5 15h.008v.008H7.5V15Zm0 2.25h.008v.008H7.5v-.008Zm6.75-4.5h.008v.008h-.008v-.008Zm0 2.25h.008v.008h-.008V15Zm0 2.25h.008v.008h-.008v-.008Zm2.25-4.5h.008v.008H16.5v-.008Zm0 2.25h.008v.008H16.5V15Z"[39m
                        [33mstroke-linecap[39m=[32m"round"[39m
                        [33mstroke-linejoin[39m=[32m"round"[39m
                      [36m/>[39m
                    [36m</svg>[39m
                  [36m</div>[39m
                  [36m<span[39m
                    [33mstyle[39m=[32m"margin-left: 12px; font-size: 14px; font-weight: 500; white-space: nowrap;"[39m
                  [36m>[39m
                    [0mnavigation.schedule[0m
                  [36m</span>[39m
                [36m</button>[39m
                [36m<button[39m
                  [33maria-label[39m=[32m"navigation.booking"[39m
                  [33mstyle[39m=[32m"display: flex; align-items: center; width: 100%; padding: 12px; margin-bottom: 4px; border: medium; border-radius: 8px; background-color: transparent; color: rgb(107, 114, 128); cursor: pointer; position: relative;"[39m
                [36m>[39m
                  [36m<div[39m
                    [33mstyle[39m=[32m"position: relative; flex-shrink: 0;"[39m
                  [36m>[39m
                    [36m<svg[39m
                      [33maria-hidden[39m=[32m"true"[39m
                      [33mdata-slot[39m=[32m"icon"[39m
                      [33mfill[39m=[32m"none"[39m
                      [33mstroke[39m=[32m"currentColor"[39m
                      [33mstroke-width[39m=[32m"1.5"[39m
                      [33mstyle[39m=[32m"width: 24px; height: 24px;"[39m
                      [33mviewBox[39m=[32m"0 0 24 24"[39m
                      [33mxmlns[39m=[32m"http://www.w3.org/2000/svg"[39m
                    [36m>[39m
                      [36m<path[39m
                        [33md[39m=[32m"M16.5 6v.75m0 3v.75m0 3v.75m0 3V18m-9-5.25h5.25M7.5 15h3M3.375 5.25c-.621 0-1.125.504-1.125 1.125v3.026a2.999 2.999 0 0 1 0 5.198v3.026c0 .621.504 1.125 1.125 1.125h17.25c.621 0 1.125-.504 1.125-1.125v-3.026a2.999 2.999 0 0 1 0-5.198V6.375c0-.621-.504-1.125-1.125-1.125H3.375Z"[39m
                        [33mstroke-linecap[39m=[32m"round"[39m
                        [33mstroke-linejoin[39m=[32m"round"[39m
                      [36m/>[39m
          ...
 ❯ Object.getElementError ../node_modules/@testing-library/dom/dist/config.js:37:19
 ❯ getElementError ../node_modules/@testing-library/dom/dist/query-helpers.js:20:35
 ❯ getMultipleElementsFoundError ../node_modules/@testing-library/dom/dist/query-helpers.js:23:10
 ❯ ../node_modules/@testing-library/dom/dist/query-helpers.js:55:13
 ❯ ../node_modules/@testing-library/dom/dist/query-helpers.js:95:19
 ❯ src/pages/__tests__/SettingsScreen.test.tsx:233:21
    231|       
    232|       // Profile section
    233|       expect(screen.getByText('Profile')).toBeInTheDocument();
       |                     ^
    234|       expect(screen.getByText('Test User')).toBeInTheDocument();
    235|       

⎯⎯⎯⎯⎯⎯⎯⎯⎯⎯⎯⎯⎯⎯⎯⎯⎯⎯⎯⎯⎯[58/268]⎯

 FAIL  src/pages/__tests__/SettingsScreen.test.tsx > SettingsScreen > Requirements Validation > should include logout functionality (Requirement 15.7)
TestingLibraryElementError: Found multiple elements with the text: Logout

Here are the matching elements:

Ignored nodes: comments, script, style
[36m<h3[39m
  [33mclass[39m=[32m"text-lg font-semibold text-kawaii-neutral-800 dark:text-kawaii-neutral-100 mb-2"[39m
[36m>[39m
  [0mLogout[0m
[36m</h3>[39m

Ignored nodes: comments, script, style
[36m<button[39m
  [33mclass[39m=[32m"w-full sm:w-auto"[39m
  [33mvariant[39m=[32m"secondary"[39m
[36m>[39m
  [0mLogout[0m
[36m</button>[39m

Ignored nodes: comments, script, style
[36m<h3[39m
  [33mclass[39m=[32m"text-lg font-semibold text-kawaii-neutral-800 dark:text-kawaii-neutral-100 mb-2"[39m
[36m>[39m
  [0mLogout[0m
[36m</h3>[39m

Ignored nodes: comments, script, style
[36m<button[39m
  [33mclass[39m=[32m"w-full sm:w-auto"[39m
  [33mvariant[39m=[32m"secondary"[39m
[36m>[39m
  [0mLogout[0m
[36m</button>[39m

(If this is intentional, then use the `*AllBy*` variant of the query (like `queryAllByText`, `getAllByText`, or `findAllByText`)).

Ignored nodes: comments, script, style
[36m<body>[39m
  [36m<div>[39m
    [36m<a[39m
      [33mclass[39m=[32m"skip-link"[39m
      [33mhref[39m=[32m"#main-content"[39m
    [36m>[39m
      [0mSkip to main content[0m
    [36m</a>[39m
    [36m<div[39m
      [33mclass[39m=[32m"hidden md:block min-h-screen bg-[#f7f3eb] dark:bg-gray-900"[39m
    [36m>[39m
      [36m<div[39m
        [33maria-label[39m=[32m"Main navigation"[39m
        [33mrole[39m=[32m"navigation"[39m
        [33mstyle[39m=[32m"position: fixed; left: 0px; top: 0px; bottom: 0px; width: 240px; z-index: 10; padding-top: 0px; padding-left: 0px;"[39m
      [36m>[39m
        [36m<nav[39m
          [33maria-label[39m=[32m"Side navigation"[39m
          [33mrole[39m=[32m"navigation"[39m
          [33mstyle[39m=[32m"height: 100vh; width: 240px; background-color: white; border-right: 1px solid rgb(229, 231, 235);"[39m
        [36m>[39m
          [36m<div[39m
            [33mstyle[39m=[32m"display: flex; flex-direction: column; height: 100%;"[39m
          [36m>[39m
            [36m<div[39m
              [33mstyle[39m=[32m"display: flex; align-items: center; justify-content: space-between; height: 64px; padding: 0px 16px; border-bottom: 1px solid rgb(229, 231, 235);"[39m
            [36m>[39m
              [36m<div[39m
                [33mstyle[39m=[32m"font-size: 18px; font-weight: bold; color: rgb(59, 130, 246);"[39m
              [36m>[39m
                [0mJourno[0m
              [36m</div>[39m
              [36m<button[39m
                [33maria-label[39m=[32m"Collapse navigation"[39m
                [33mstyle[39m=[32m"display: flex; align-items: center; justify-content: center; width: 32px; height: 32px; border: medium; background-color: transparent; cursor: pointer; margin: 0px;"[39m
              [36m>[39m
                [36m<svg[39m
                  [33maria-hidden[39m=[32m"true"[39m
                  [33mdata-slot[39m=[32m"icon"[39m
                  [33mfill[39m=[32m"none"[39m
                  [33mstroke[39m=[32m"currentColor"[39m
                  [33mstroke-width[39m=[32m"1.5"[39m
                  [33mstyle[39m=[32m"width: 20px; height: 20px;"[39m
                  [33mviewBox[39m=[32m"0 0 24 24"[39m
                  [33mxmlns[39m=[32m"http://www.w3.org/2000/svg"[39m
                [36m>[39m
                  [36m<path[39m
                    [33md[39m=[32m"M15.75 19.5 8.25 12l7.5-7.5"[39m
                    [33mstroke-linecap[39m=[32m"round"[39m
                    [33mstroke-linejoin[39m=[32m"round"[39m
                  [36m/>[39m
                [36m</svg>[39m
              [36m</button>[39m
            [36m</div>[39m
            [36m<div[39m
              [33mstyle[39m=[32m"flex: 1 1 0%; padding: 16px 0px; overflow-y: auto;"[39m
            [36m>[39m
              [36m<div[39m
                [33mstyle[39m=[32m"padding: 0px 8px;"[39m
              [36m>[39m
                [36m<button[39m
                  [33maria-label[39m=[32m"navigation.schedule"[39m
                  [33mstyle[39m=[32m"display: flex; align-items: center; width: 100%; padding: 12px; margin-bottom: 4px; border: medium; border-radius: 8px; background-color: transparent; color: rgb(107, 114, 128); cursor: pointer; position: relative;"[39m
                [36m>[39m
                  [36m<div[39m
                    [33mstyle[39m=[32m"position: relative; flex-shrink: 0;"[39m
                  [36m>[39m
                    [36m<svg[39m
                      [33maria-hidden[39m=[32m"true"[39m
                      [33mdata-slot[39m=[32m"icon"[39m
                      [33mfill[39m=[32m"none"[39m
                      [33mstroke[39m=[32m"currentColor"[39m
                      [33mstroke-width[39m=[32m"1.5"[39m
                      [33mstyle[39m=[32m"width: 24px; height: 24px;"[39m
                      [33mviewBox[39m=[32m"0 0 24 24"[39m
                      [33mxmlns[39m=[32m"http://www.w3.org/2000/svg"[39m
                    [36m>[39m
                      [36m<path[39m
                        [33md[39m=[32m"M6.75 3v2.25M17.25 3v2.25M3 18.75V7.5a2.25 2.25 0 0 1 2.25-2.25h13.5A2.25 2.25 0 0 1 21 7.5v11.25m-18 0A2.25 2.25 0 0 0 5.25 21h13.5A2.25 2.25 0 0 0 21 18.75m-18 0v-7.5A2.25 2.25 0 0 1 5.25 9h13.5A2.25 2.25 0 0 1 21 11.25v7.5m-9-6h.008v.008H12v-.008ZM12 15h.008v.008H12V15Zm0 2.25h.008v.008H12v-.008ZM9.75 15h.008v.008H9.75V15Zm0 2.25h.008v.008H9.75v-.008ZM7.5 15h.008v.008H7.5V15Zm0 2.25h.008v.008H7.5v-.008Zm6.75-4.5h.008v.008h-.008v-.008Zm0 2.25h.008v.008h-.008V15Zm0 2.25h.008v.008h-.008v-.008Zm2.25-4.5h.008v.008H16.5v-.008Zm0 2.25h.008v.008H16.5V15Z"[39m
                        [33mstroke-linecap[39m=[32m"round"[39m
                        [33mstroke-linejoin[39m=[32m"round"[39m
                      [36m/>[39m
                    [36m</svg>[39m
                  [36m</div>[39m
                  [36m<span[39m
                    [33mstyle[39m=[32m"margin-left: 12px; font-size: 14px; font-weight: 500; white-space: nowrap;"[39m
                  [36m>[39m
                    [0mnavigation.schedule[0m
                  [36m</span>[39m
                [36m</button>[39m
                [36m<button[39m
                  [33maria-label[39m=[32m"navigation.booking"[39m
                  [33mstyle[39m=[32m"display: flex; align-items: center; width: 100%; padding: 12px; margin-bottom: 4px; border: medium; border-radius: 8px; background-color: transparent; color: rgb(107, 114, 128); cursor: pointer; position: relative;"[39m
                [36m>[39m
                  [36m<div[39m
                    [33mstyle[39m=[32m"position: relative; flex-shrink: 0;"[39m
                  [36m>[39m
                    [36m<svg[39m
                      [33maria-hidden[39m=[32m"true"[39m
                      [33mdata-slot[39m=[32m"icon"[39m
                      [33mfill[39m=[32m"none"[39m
                      [33mstroke[39m=[32m"currentColor"[39m
                      [33mstroke-width[39m=[32m"1.5"[39m
                      [33mstyle[39m=[32m"width: 24px; height: 24px;"[39m
                      [33mviewBox[39m=[32m"0 0 24 24"[39m
                      [33mxmlns[39m=[32m"http://www.w3.org/2000/svg"[39m
                    [36m>[39m
                      [36m<path[39m
                        [33md[39m=[32m"M16.5 6v.75m0 3v.75m0 3v.75m0 3V18m-9-5.25h5.25M7.5 15h3M3.375 5.25c-.621 0-1.125.504-1.125 1.125v3.026a2.999 2.999 0 0 1 0 5.198v3.026c0 .621.504 1.125 1.125 1.125h17.25c.621 0 1.125-.504 1.125-1.125v-3.026a2.999 2.999 0 0 1 0-5.198V6.375c0-.621-.504-1.125-1.125-1.125H3.375Z"[39m
                        [33mstroke-linecap[39m=[32m"round"[39m
                        [33mstroke-linejoin[39m=[32m"round"[39m
                      [36m/>[39m
          ...
 ❯ Object.getElementError ../node_modules/@testing-library/dom/dist/config.js:37:19
 ❯ getElementError ../node_modules/@testing-library/dom/dist/query-helpers.js:20:35
 ❯ getMultipleElementsFoundError ../node_modules/@testing-library/dom/dist/query-helpers.js:23:10
 ❯ ../node_modules/@testing-library/dom/dist/query-helpers.js:55:13
 ❯ ../node_modules/@testing-library/dom/dist/query-helpers.js:95:19
 ❯ src/pages/__tests__/SettingsScreen.test.tsx:243:21
    241|       renderComponent();
    242|       
    243|       expect(screen.getByText('Logout')).toBeInTheDocument();
       |                     ^
    244|       expect(screen.getByRole('button', { name: /logout/i })).toBeInTh…
    245|     });

⎯⎯⎯⎯⎯⎯⎯⎯⎯⎯⎯⎯⎯⎯⎯⎯⎯⎯⎯⎯⎯[59/268]⎯

 FAIL  src/pages/__tests__/ShoppingScreen.test.tsx > ShoppingScreen > renders loading state initially
 FAIL  src/pages/__tests__/ShoppingScreen.test.tsx > ShoppingScreen > renders shopping screen with trip title and stats
 FAIL  src/pages/__tests__/ShoppingScreen.test.tsx > ShoppingScreen > renders shopping items list
 FAIL  src/pages/__tests__/ShoppingScreen.test.tsx > ShoppingScreen > renders filter dropdown
 FAIL  src/pages/__tests__/ShoppingScreen.test.tsx > ShoppingScreen > renders empty state when no items
 FAIL  src/pages/__tests__/ShoppingScreen.test.tsx > ShoppingScreen > renders FAB for adding items
 FAIL  src/pages/__tests__/ShoppingScreen.test.tsx > ShoppingScreen > handles error state
 FAIL  src/pages/__tests__/ShoppingScreen.test.tsx > ShoppingScreen > renders navigation components
TypeError: vi.mocked(...).mockReturnValue is not a function
 ❯ src/pages/__tests__/ShoppingScreen.test.tsx:107:37
    105| 
    106|     // Mock auth store
    107|     vi.mocked(useEnhancedAuthStore).mockReturnValue({
       |                                     ^
    108|       accessToken: 'test-token',
    109|       logout: vi.fn(),

⎯⎯⎯⎯⎯⎯⎯⎯⎯⎯⎯⎯⎯⎯⎯⎯⎯⎯⎯⎯⎯[60/268]⎯

 FAIL  src/stores/__tests__/kawaiiThemeStore.darkMode.property.test.ts > Kawaii Theme Store - Dark Mode Property Tests > Property 2: dark mode toggle updates DOM and persists
Error: Property failed after 1 tests
{ seed: 2100250215, path: "0", endOnFailure: true }
Counterexample: [false]
Shrunk 0 time(s)

Hint: Enable verbose mode in order to have the list of all failing values encountered during the run
 ❯ buildError ../node_modules/fast-check/lib/check/runner/utils/RunDetailsFormatter.js:156:19
 ❯ throwIfFailed ../node_modules/fast-check/lib/check/runner/utils/RunDetailsFormatter.js:165:11
 ❯ reportRunDetails ../node_modules/fast-check/lib/check/runner/utils/RunDetailsFormatter.js:178:16
 ❯ Module.assert ../node_modules/fast-check/lib/check/runner/Runner.js:61:9
 ❯ src/stores/__tests__/kawaiiThemeStore.darkMode.property.test.ts:32:8
     30|    */
     31|   it('Property 2: dark mode toggle updates DOM and persists', () => {
     32|     fc.assert(
       |        ^
     33|       fc.property(
     34|         fc.boolean(),

Caused by: TypeError: useKawaiiThemeStore.getState is not a function
 ❯ src/stores/__tests__/kawaiiThemeStore.darkMode.property.test.ts:36:45
 ❯ Property.predicate ../node_modules/fast-check/lib/check/property/Property.js:14:54
 ❯ Property.run ../node_modules/fast-check/lib/check/property/Property.generic.js:43:33
 ❯ runIt ../node_modules/fast-check/lib/check/runner/Runner.js:14:30
 ❯ check ../node_modules/fast-check/lib/check/runner/Runner.js:54:11
 ❯ Module.assert ../node_modules/fast-check/lib/check/runner/Runner.js:57:17
 ❯ src/stores/__tests__/kawaiiThemeStore.darkMode.property.test.ts:32:8

⎯⎯⎯⎯⎯⎯⎯⎯⎯⎯⎯⎯⎯⎯⎯⎯⎯⎯⎯⎯⎯[61/268]⎯

 FAIL  src/stores/__tests__/kawaiiThemeStore.darkMode.property.test.ts > Kawaii Theme Store - Dark Mode Property Tests > Property 2.1: setting dark mode multiple times is idempotent
Error: Property failed after 1 tests
{ seed: 503558265, path: "0:0:0", endOnFailure: true }
Counterexample: [false,1]
Shrunk 2 time(s)

Hint: Enable verbose mode in order to have the list of all failing values encountered during the run
 ❯ buildError ../node_modules/fast-check/lib/check/runner/utils/RunDetailsFormatter.js:156:19
 ❯ throwIfFailed ../node_modules/fast-check/lib/check/runner/utils/RunDetailsFormatter.js:165:11
 ❯ reportRunDetails ../node_modules/fast-check/lib/check/runner/utils/RunDetailsFormatter.js:178:16
 ❯ Module.assert ../node_modules/fast-check/lib/check/runner/Runner.js:61:9
 ❯ src/stores/__tests__/kawaiiThemeStore.darkMode.property.test.ts:71:8
     69|    */
     70|   it('Property 2.1: setting dark mode multiple times is idempotent', (…
     71|     fc.assert(
       |        ^
     72|       fc.property(
     73|         fc.boolean(),

Caused by: TypeError: useKawaiiThemeStore.getState is not a function
 ❯ src/stores/__tests__/kawaiiThemeStore.darkMode.property.test.ts:76:45
 ❯ Property.predicate ../node_modules/fast-check/lib/check/property/Property.js:14:54
 ❯ Property.run ../node_modules/fast-check/lib/check/property/Property.generic.js:43:33
 ❯ runIt ../node_modules/fast-check/lib/check/runner/Runner.js:14:30
 ❯ check ../node_modules/fast-check/lib/check/runner/Runner.js:54:11
 ❯ Module.assert ../node_modules/fast-check/lib/check/runner/Runner.js:57:17
 ❯ src/stores/__tests__/kawaiiThemeStore.darkMode.property.test.ts:71:8

⎯⎯⎯⎯⎯⎯⎯⎯⎯⎯⎯⎯⎯⎯⎯⎯⎯⎯⎯⎯⎯[62/268]⎯

 FAIL  src/stores/__tests__/kawaiiThemeStore.darkMode.property.test.ts > Kawaii Theme Store - Dark Mode Property Tests > Property 2.2: dark mode sequence ends with last value
Error: Property failed after 1 tests
{ seed: 1248631060, path: "0", endOnFailure: true }
Counterexample: [[false]]
Shrunk 0 time(s)

Hint: Enable verbose mode in order to have the list of all failing values encountered during the run
 ❯ buildError ../node_modules/fast-check/lib/check/runner/utils/RunDetailsFormatter.js:156:19
 ❯ throwIfFailed ../node_modules/fast-check/lib/check/runner/utils/RunDetailsFormatter.js:165:11
 ❯ reportRunDetails ../node_modules/fast-check/lib/check/runner/utils/RunDetailsFormatter.js:178:16
 ❯ Module.assert ../node_modules/fast-check/lib/check/runner/Runner.js:61:9
 ❯ src/stores/__tests__/kawaiiThemeStore.darkMode.property.test.ts:104:8
    102|    */
    103|   it('Property 2.2: dark mode sequence ends with last value', () => {
    104|     fc.assert(
       |        ^
    105|       fc.property(
    106|         fc.array(fc.boolean(), { minLength: 1, maxLength: 10 }),

Caused by: TypeError: useKawaiiThemeStore.getState is not a function
 ❯ src/stores/__tests__/kawaiiThemeStore.darkMode.property.test.ts:108:45
 ❯ Property.predicate ../node_modules/fast-check/lib/check/property/Property.js:14:54
 ❯ Property.run ../node_modules/fast-check/lib/check/property/Property.generic.js:43:33
 ❯ runIt ../node_modules/fast-check/lib/check/runner/Runner.js:14:30
 ❯ check ../node_modules/fast-check/lib/check/runner/Runner.js:54:11
 ❯ Module.assert ../node_modules/fast-check/lib/check/runner/Runner.js:57:17
 ❯ src/stores/__tests__/kawaiiThemeStore.darkMode.property.test.ts:104:8

⎯⎯⎯⎯⎯⎯⎯⎯⎯⎯⎯⎯⎯⎯⎯⎯⎯⎯⎯⎯⎯[63/268]⎯

 FAIL  src/stores/__tests__/kawaiiThemeStore.darkMode.property.test.ts > Kawaii Theme Store - Dark Mode Property Tests > Property 2.3: dark mode persists across simulated reloads
Error: Property failed after 1 tests
{ seed: -799197582, path: "0:0", endOnFailure: true }
Counterexample: [false]
Shrunk 1 time(s)

Hint: Enable verbose mode in order to have the list of all failing values encountered during the run
 ❯ buildError ../node_modules/fast-check/lib/check/runner/utils/RunDetailsFormatter.js:156:19
 ❯ throwIfFailed ../node_modules/fast-check/lib/check/runner/utils/RunDetailsFormatter.js:165:11
 ❯ reportRunDetails ../node_modules/fast-check/lib/check/runner/utils/RunDetailsFormatter.js:178:16
 ❯ Module.assert ../node_modules/fast-check/lib/check/runner/Runner.js:61:9
 ❯ src/stores/__tests__/kawaiiThemeStore.darkMode.property.test.ts:137:8
    135|    */
    136|   it('Property 2.3: dark mode persists across simulated reloads', () =…
    137|     fc.assert(
       |        ^
    138|       fc.property(
    139|         fc.boolean(),

Caused by: TypeError: useKawaiiThemeStore.getState is not a function
 ❯ src/stores/__tests__/kawaiiThemeStore.darkMode.property.test.ts:141:45
 ❯ Property.predicate ../node_modules/fast-check/lib/check/property/Property.js:14:54
 ❯ Property.run ../node_modules/fast-check/lib/check/property/Property.generic.js:43:33
 ❯ runIt ../node_modules/fast-check/lib/check/runner/Runner.js:14:30
 ❯ check ../node_modules/fast-check/lib/check/runner/Runner.js:54:11
 ❯ Module.assert ../node_modules/fast-check/lib/check/runner/Runner.js:57:17
 ❯ src/stores/__tests__/kawaiiThemeStore.darkMode.property.test.ts:137:8

⎯⎯⎯⎯⎯⎯⎯⎯⎯⎯⎯⎯⎯⎯⎯⎯⎯⎯⎯⎯⎯[64/268]⎯

 FAIL  src/stores/__tests__/kawaiiThemeStore.darkMode.property.test.ts > Kawaii Theme Store - Dark Mode Property Tests > Property 2.4: dark mode toggle does not affect other settings
Error: Property failed after 1 tests
{ seed: -554084360, path: "0:0:0:0", endOnFailure: true }
Counterexample: [{"primaryColor":"#FFB3BA","fontSize":12,"animations":"none"},false]
Shrunk 3 time(s)

Hint: Enable verbose mode in order to have the list of all failing values encountered during the run
 ❯ buildError ../node_modules/fast-check/lib/check/runner/utils/RunDetailsFormatter.js:156:19
 ❯ throwIfFailed ../node_modules/fast-check/lib/check/runner/utils/RunDetailsFormatter.js:165:11
 ❯ reportRunDetails ../node_modules/fast-check/lib/check/runner/utils/RunDetailsFormatter.js:178:16
 ❯ Module.assert ../node_modules/fast-check/lib/check/runner/Runner.js:61:9
 ❯ src/stores/__tests__/kawaiiThemeStore.darkMode.property.test.ts:170:8
    168|    */
    169|   it('Property 2.4: dark mode toggle does not affect other settings', …
    170|     fc.assert(
       |        ^
    171|       fc.property(
    172|         fc.record({

Caused by: TypeError: useKawaiiThemeStore.getState is not a function
 ❯ src/stores/__tests__/kawaiiThemeStore.darkMode.property.test.ts:179:45
 ❯ Property.predicate ../node_modules/fast-check/lib/check/property/Property.js:14:54
 ❯ Property.run ../node_modules/fast-check/lib/check/property/Property.generic.js:43:33
 ❯ runIt ../node_modules/fast-check/lib/check/runner/Runner.js:14:30
 ❯ check ../node_modules/fast-check/lib/check/runner/Runner.js:54:11
 ❯ Module.assert ../node_modules/fast-check/lib/check/runner/Runner.js:57:17
 ❯ src/stores/__tests__/kawaiiThemeStore.darkMode.property.test.ts:170:8

⎯⎯⎯⎯⎯⎯⎯⎯⎯⎯⎯⎯⎯⎯⎯⎯⎯⎯⎯⎯⎯[65/268]⎯

 FAIL  src/stores/__tests__/kawaiiThemeStore.property.test.ts > Kawaii Theme Store - Property Tests > Property 1: theme round-trip preserves all settings
Error: Property failed after 1 tests
{ seed: -839518579, path: "0:0:0:0:0:0:0:0:0:0:0:0:0:0:0:0:0:0:0:0", endOnFailure: true }
Counterexample: [{"primaryColor":"#000000","fontSize":12,"darkMode":false,"animations":"none"}]
Shrunk 19 time(s)

Hint: Enable verbose mode in order to have the list of all failing values encountered during the run
 ❯ buildError ../node_modules/fast-check/lib/check/runner/utils/RunDetailsFormatter.js:156:19
 ❯ throwIfFailed ../node_modules/fast-check/lib/check/runner/utils/RunDetailsFormatter.js:165:11
 ❯ reportRunDetails ../node_modules/fast-check/lib/check/runner/utils/RunDetailsFormatter.js:178:16
 ❯ Module.assert ../node_modules/fast-check/lib/check/runner/Runner.js:61:9
 ❯ src/stores/__tests__/kawaiiThemeStore.property.test.ts:30:8
     28|    */
     29|   it('Property 1: theme round-trip preserves all settings', () => {
     30|     fc.assert(
       |        ^
     31|       fc.property(
     32|         fc.record({

Caused by: TypeError: useKawaiiThemeStore.getState is not a function
 ❯ src/stores/__tests__/kawaiiThemeStore.property.test.ts:42:45
 ❯ Property.predicate ../node_modules/fast-check/lib/check/property/Property.js:14:54
 ❯ Property.run ../node_modules/fast-check/lib/check/property/Property.generic.js:43:33
 ❯ runIt ../node_modules/fast-check/lib/check/runner/Runner.js:14:30
 ❯ check ../node_modules/fast-check/lib/check/runner/Runner.js:54:11
 ❯ Module.assert ../node_modules/fast-check/lib/check/runner/Runner.js:57:17
 ❯ src/stores/__tests__/kawaiiThemeStore.property.test.ts:30:8

⎯⎯⎯⎯⎯⎯⎯⎯⎯⎯⎯⎯⎯⎯⎯⎯⎯⎯⎯⎯⎯[66/268]⎯

 FAIL  src/stores/__tests__/kawaiiThemeStore.property.test.ts > Kawaii Theme Store - Property Tests > Property 1.1: font size is always clamped to valid range
Error: Property failed after 1 tests
{ seed: 2096255484, path: "0:0", endOnFailure: true }
Counterexample: [0]
Shrunk 1 time(s)

Hint: Enable verbose mode in order to have the list of all failing values encountered during the run
 ❯ buildError ../node_modules/fast-check/lib/check/runner/utils/RunDetailsFormatter.js:156:19
 ❯ throwIfFailed ../node_modules/fast-check/lib/check/runner/utils/RunDetailsFormatter.js:165:11
 ❯ reportRunDetails ../node_modules/fast-check/lib/check/runner/utils/RunDetailsFormatter.js:178:16
 ❯ Module.assert ../node_modules/fast-check/lib/check/runner/Runner.js:61:9
 ❯ src/stores/__tests__/kawaiiThemeStore.property.test.ts:95:8
     93|    */
     94|   it('Property 1.1: font size is always clamped to valid range', () =>…
     95|     fc.assert(
       |        ^
     96|       fc.property(
     97|         fc.integer({ min: -100, max: 200 }),

Caused by: TypeError: useKawaiiThemeStore.getState is not a function
 ❯ src/stores/__tests__/kawaiiThemeStore.property.test.ts:99:45
 ❯ Property.predicate ../node_modules/fast-check/lib/check/property/Property.js:14:54
 ❯ Property.run ../node_modules/fast-check/lib/check/property/Property.generic.js:43:33
 ❯ runIt ../node_modules/fast-check/lib/check/runner/Runner.js:14:30
 ❯ check ../node_modules/fast-check/lib/check/runner/Runner.js:54:11
 ❯ Module.assert ../node_modules/fast-check/lib/check/runner/Runner.js:57:17
 ❯ src/stores/__tests__/kawaiiThemeStore.property.test.ts:95:8

⎯⎯⎯⎯⎯⎯⎯⎯⎯⎯⎯⎯⎯⎯⎯⎯⎯⎯⎯⎯⎯[67/268]⎯

 FAIL  src/stores/__tests__/kawaiiThemeStore.property.test.ts > Kawaii Theme Store - Property Tests > Property 1.2: primary color is stored in valid hex format
Error: Property failed after 1 tests
{ seed: 1427877261, path: "0:0:0:0:0:0:0:0:0:0:0:0:0:0:0:0:0:0:0", endOnFailure: true }
Counterexample: ["#000000"]
Shrunk 18 time(s)

Hint: Enable verbose mode in order to have the list of all failing values encountered during the run
 ❯ buildError ../node_modules/fast-check/lib/check/runner/utils/RunDetailsFormatter.js:156:19
 ❯ throwIfFailed ../node_modules/fast-check/lib/check/runner/utils/RunDetailsFormatter.js:165:11
 ❯ reportRunDetails ../node_modules/fast-check/lib/check/runner/utils/RunDetailsFormatter.js:178:16
 ❯ Module.assert ../node_modules/fast-check/lib/check/runner/Runner.js:61:9
 ❯ src/stores/__tests__/kawaiiThemeStore.property.test.ts:125:8
    123|    */
    124|   it('Property 1.2: primary color is stored in valid hex format', () =…
    125|     fc.assert(
       |        ^
    126|       fc.property(
    127|         fc.string({ minLength: 6, maxLength: 6 })

Caused by: TypeError: useKawaiiThemeStore.getState is not a function
 ❯ src/stores/__tests__/kawaiiThemeStore.property.test.ts:131:45
 ❯ Property.predicate ../node_modules/fast-check/lib/check/property/Property.js:14:54
 ❯ Property.run ../node_modules/fast-check/lib/check/property/Property.generic.js:43:33
 ❯ runIt ../node_modules/fast-check/lib/check/runner/Runner.js:14:30
 ❯ check ../node_modules/fast-check/lib/check/runner/Runner.js:54:11
 ❯ Module.assert ../node_modules/fast-check/lib/check/runner/Runner.js:57:17
 ❯ src/stores/__tests__/kawaiiThemeStore.property.test.ts:125:8

⎯⎯⎯⎯⎯⎯⎯⎯⎯⎯⎯⎯⎯⎯⎯⎯⎯⎯⎯⎯⎯[68/268]⎯

 FAIL  src/stores/__tests__/kawaiiThemeStore.property.test.ts > Kawaii Theme Store - Property Tests > Property 1.3: animation type is always valid
Error: Property failed after 1 tests
{ seed: -1102469366, path: "0:0", endOnFailure: true }
Counterexample: ["none"]
Shrunk 1 time(s)

Hint: Enable verbose mode in order to have the list of all failing values encountered during the run
 ❯ buildError ../node_modules/fast-check/lib/check/runner/utils/RunDetailsFormatter.js:156:19
 ❯ throwIfFailed ../node_modules/fast-check/lib/check/runner/utils/RunDetailsFormatter.js:165:11
 ❯ reportRunDetails ../node_modules/fast-check/lib/check/runner/utils/RunDetailsFormatter.js:178:16
 ❯ Module.assert ../node_modules/fast-check/lib/check/runner/Runner.js:61:9
 ❯ src/stores/__tests__/kawaiiThemeStore.property.test.ts:155:8
    153|    */
    154|   it('Property 1.3: animation type is always valid', () => {
    155|     fc.assert(
       |        ^
    156|       fc.property(
    157|         fc.constantFrom<AnimationType>('none', 'snow', 'sakura'),

Caused by: TypeError: useKawaiiThemeStore.getState is not a function
 ❯ src/stores/__tests__/kawaiiThemeStore.property.test.ts:159:45
 ❯ Property.predicate ../node_modules/fast-check/lib/check/property/Property.js:14:54
 ❯ Property.run ../node_modules/fast-check/lib/check/property/Property.generic.js:43:33
 ❯ runIt ../node_modules/fast-check/lib/check/runner/Runner.js:14:30
 ❯ check ../node_modules/fast-check/lib/check/runner/Runner.js:54:11
 ❯ Module.assert ../node_modules/fast-check/lib/check/runner/Runner.js:57:17
 ❯ src/stores/__tests__/kawaiiThemeStore.property.test.ts:155:8

⎯⎯⎯⎯⎯⎯⎯⎯⎯⎯⎯⎯⎯⎯⎯⎯⎯⎯⎯⎯⎯[69/268]⎯

 FAIL  src/stores/__tests__/kawaiiThemeStore.property.test.ts > Kawaii Theme Store - Property Tests > Property 1.4: reset theme restores default values
Error: Property failed after 1 tests
{ seed: -1683747752, path: "0:0:0:0:0:0:0:0:0:0:0:0:0:0:0:0:0:0:0:0:0:0", endOnFailure: true }
Counterexample: [[{"primaryColor":"#000000","fontSize":12,"darkMode":false,"animations":"none"}]]
Shrunk 21 time(s)

Hint: Enable verbose mode in order to have the list of all failing values encountered during the run
 ❯ buildError ../node_modules/fast-check/lib/check/runner/utils/RunDetailsFormatter.js:156:19
 ❯ throwIfFailed ../node_modules/fast-check/lib/check/runner/utils/RunDetailsFormatter.js:165:11
 ❯ reportRunDetails ../node_modules/fast-check/lib/check/runner/utils/RunDetailsFormatter.js:178:16
 ❯ Module.assert ../node_modules/fast-check/lib/check/runner/Runner.js:61:9
 ❯ src/stores/__tests__/kawaiiThemeStore.property.test.ts:183:8
    181|    */
    182|   it('Property 1.4: reset theme restores default values', () => {
    183|     fc.assert(
       |        ^
    184|       fc.property(
    185|         fc.array(

Caused by: TypeError: useKawaiiThemeStore.getState is not a function
 ❯ src/stores/__tests__/kawaiiThemeStore.property.test.ts:197:45
 ❯ Property.predicate ../node_modules/fast-check/lib/check/property/Property.js:14:54
 ❯ Property.run ../node_modules/fast-check/lib/check/property/Property.generic.js:43:33
 ❯ runIt ../node_modules/fast-check/lib/check/runner/Runner.js:14:30
 ❯ check ../node_modules/fast-check/lib/check/runner/Runner.js:54:11
 ❯ Module.assert ../node_modules/fast-check/lib/check/runner/Runner.js:57:17
 ❯ src/stores/__tests__/kawaiiThemeStore.property.test.ts:183:8

⎯⎯⎯⎯⎯⎯⎯⎯⎯⎯⎯⎯⎯⎯⎯⎯⎯⎯⎯⎯⎯[70/268]⎯

 FAIL  src/stores/__tests__/notificationStore.test.ts > NotificationStore > fetchNotifications > should set loading state while fetching
AssertionError: expected false to be true // Object.is equality

[32m- Expected[39m
[31m+ Received[39m

[32m- true[39m
[31m+ false[39m

 ❯ src/stores/__tests__/notificationStore.test.ts:116:57
    114| 
    115|       // Check loading state
    116|       expect(useNotificationStore.getState().isLoading).toBe(true);
       |                                                         ^
    117| 
    118|       // Resolve the promise

⎯⎯⎯⎯⎯⎯⎯⎯⎯⎯⎯⎯⎯⎯⎯⎯⎯⎯⎯⎯⎯[71/268]⎯

 FAIL  src/stores/__tests__/notificationStore.test.ts > NotificationStore > fetchNotifications > should handle fetch errors
AssertionError: expected null to be 'Network error' // Object.is equality

[32m- Expected:[39m 
"Network error"

[31m+ Received:[39m 
null

 ❯ src/stores/__tests__/notificationStore.test.ts:135:27
    133| 
    134|       const state = useNotificationStore.getState();
    135|       expect(state.error).toBe(errorMessage);
       |                           ^
    136|       expect(state.isLoading).toBe(false);
    137|     });

⎯⎯⎯⎯⎯⎯⎯⎯⎯⎯⎯⎯⎯⎯⎯⎯⎯⎯⎯⎯⎯[72/268]⎯

 FAIL  src/stores/__tests__/notificationStore.test.ts > NotificationStore > fetchNotifications > should merge filters when fetching
AssertionError: expected "spy" to be called with arguments: [ { limit: 50, offset: +0, …(2) } ][90m

Number of calls: [1m0[22m
[39m
 ❯ src/stores/__tests__/notificationStore.test.ts:154:52
    152|       });
    153| 
    154|       expect(notificationService.getNotifications).toHaveBeenCalledWit…
       |                                                    ^
    155|         limit: 50,
    156|         offset: 0,

⎯⎯⎯⎯⎯⎯⎯⎯⎯⎯⎯⎯⎯⎯⎯⎯⎯⎯⎯⎯⎯[73/268]⎯

 FAIL  src/services/__tests__/activityLogService.test.ts > activityLogService > getActivityLog > should fetch activity log without filters
 FAIL  src/services/__tests__/activityLogService.test.ts > activityLogService > getActivityLog > should fetch activity log with filters
 FAIL  src/services/__tests__/activityLogService.test.ts > activityLogService > getActivitySummary > should fetch activity summary
RangeError: Maximum call stack size exceeded
 ❯ getAuthToken src/services/activityLogService.ts:22:17
     20|  */
     21| const getAuthToken = (): string | undefined => {
     22|   const token = getAuthToken();
       |                 ^
     23|   return token || undefined;
     24| };
 ❯ getAuthToken src/services/activityLogService.ts:22:17
 ❯ getAuthToken src/services/activityLogService.ts:22:17
 ❯ getAuthToken src/services/activityLogService.ts:22:17
 ❯ getAuthToken src/services/activityLogService.ts:22:17
 ❯ getAuthToken src/services/activityLogService.ts:22:17
 ❯ getAuthToken src/services/activityLogService.ts:22:17
 ❯ getAuthToken src/services/activityLogService.ts:22:17
 ❯ getAuthToken src/services/activityLogService.ts:22:17
 ❯ getAuthToken src/services/activityLogService.ts:22:17

⎯⎯⎯⎯⎯⎯⎯⎯⎯⎯⎯⎯⎯⎯⎯⎯⎯⎯⎯⎯⎯[74/268]⎯

 FAIL  src/services/__tests__/activityLogService.test.ts > activityLogService > getActivityLog > should handle errors when fetching activity log
AssertionError: expected [Function] to throw error including 'Network error' but got 'Maximum call stack size exceeded'

Expected: [32m"Network error"[39m
Received: [31m"Maximum call stack size exceeded"[39m

⎯⎯⎯⎯⎯⎯⎯⎯⎯⎯⎯⎯⎯⎯⎯⎯⎯⎯⎯⎯⎯[75/268]⎯

 FAIL  src/services/__tests__/activityLogService.test.ts > activityLogService > getActivityLog > should handle missing auth token
TypeError: vi.mocked(...).mockReturnValue is not a function
 ❯ src/services/__tests__/activityLogService.test.ts:109:48
    107| 
    108|     it('should handle missing auth token', async () => {
    109|       vi.mocked(useEnhancedAuthStore.getState).mockReturnValue({
       |                                                ^
    110|         accessToken: null
    111|       } as any);

⎯⎯⎯⎯⎯⎯⎯⎯⎯⎯⎯⎯⎯⎯⎯⎯⎯⎯⎯⎯⎯[76/268]⎯

 FAIL  src/services/__tests__/activityLogService.test.ts > activityLogService > getActivitySummary > should handle errors when fetching summary
AssertionError: expected [Function] to throw error including 'Server error' but got 'Maximum call stack size exceeded'

Expected: [32m"Server error"[39m
Received: [31m"Maximum call stack size exceeded"[39m

⎯⎯⎯⎯⎯⎯⎯⎯⎯⎯⎯⎯⎯⎯⎯⎯⎯⎯⎯⎯⎯[77/268]⎯

 FAIL  src/services/__tests__/invitationLinkService.test.ts > invitationLinkService > generateInvitationLink > should generate an invitation link successfully
 FAIL  src/services/__tests__/invitationLinkService.test.ts > invitationLinkService > generateInvitationLink > should generate a link with max uses
 FAIL  src/services/__tests__/invitationLinkService.test.ts > invitationLinkService > getInvitationLinks > should fetch all invitation links for a trip
 FAIL  src/services/__tests__/invitationLinkService.test.ts > invitationLinkService > getInvitationLinks > should return empty array when no links exist
 FAIL  src/services/__tests__/invitationLinkService.test.ts > invitationLinkService > revokeInvitationLink > should revoke an invitation link successfully
 FAIL  src/services/__tests__/invitationLinkService.test.ts > invitationLinkService > acceptInvitation > should accept an invitation successfully
RangeError: Maximum call stack size exceeded
 ❯ getAuthToken src/services/invitationLinkService.ts:25:17
     23|  */
     24| const getAuthToken = (): string | undefined => {
     25|   const token = getAuthToken();
       |                 ^
     26|   return token || undefined;
     27| };
 ❯ getAuthToken src/services/invitationLinkService.ts:25:17
 ❯ getAuthToken src/services/invitationLinkService.ts:25:17
 ❯ getAuthToken src/services/invitationLinkService.ts:25:17
 ❯ getAuthToken src/services/invitationLinkService.ts:25:17
 ❯ getAuthToken src/services/invitationLinkService.ts:25:17
 ❯ getAuthToken src/services/invitationLinkService.ts:25:17
 ❯ getAuthToken src/services/invitationLinkService.ts:25:17
 ❯ getAuthToken src/services/invitationLinkService.ts:25:17
 ❯ getAuthToken src/services/invitationLinkService.ts:25:17

⎯⎯⎯⎯⎯⎯⎯⎯⎯⎯⎯⎯⎯⎯⎯⎯⎯⎯⎯⎯⎯[78/268]⎯

 FAIL  src/services/__tests__/invitationLinkService.test.ts > invitationLinkService > generateInvitationLink > should throw error when user is not authorized
 FAIL  src/services/__tests__/invitationLinkService.test.ts > invitationLinkService > getInvitationLinks > should throw error when user is not authorized
 FAIL  src/services/__tests__/invitationLinkService.test.ts > invitationLinkService > revokeInvitationLink > should throw error when user is not authorized
AssertionError: expected RangeError: Maximum call stack size excee… to match object { code: 'UNAUTHORIZED', status: 403 }

[32m- Expected[39m
[31m+ Received[39m

[32m- {[39m
[32m-   "code": "UNAUTHORIZED",[39m
[32m-   "status": 403,[39m
[31m+ RangeError {[39m
[31m+   "message": "Maximum call stack size exceeded",[39m
[2m  }[22m

⎯⎯⎯⎯⎯⎯⎯⎯⎯⎯⎯⎯⎯⎯⎯⎯⎯⎯⎯⎯⎯[79/268]⎯

 FAIL  src/services/__tests__/invitationLinkService.test.ts > invitationLinkService > generateInvitationLink > should throw error when user is not authenticated
AssertionError: expected RangeError: Maximum call stack size excee… to match object { code: 'UNAUTHORIZED', status: 401 }

[32m- Expected[39m
[31m+ Received[39m

[32m- {[39m
[32m-   "code": "UNAUTHORIZED",[39m
[32m-   "status": 401,[39m
[31m+ RangeError {[39m
[31m+   "message": "Maximum call stack size exceeded",[39m
[2m  }[22m

⎯⎯⎯⎯⎯⎯⎯⎯⎯⎯⎯⎯⎯⎯⎯⎯⎯⎯⎯⎯⎯[80/268]⎯

 FAIL  src/services/__tests__/invitationLinkService.test.ts > invitationLinkService > revokeInvitationLink > should throw error when link not found
 FAIL  src/services/__tests__/invitationLinkService.test.ts > invitationLinkService > acceptInvitation > should throw error when link not found
AssertionError: expected RangeError: Maximum call stack size excee… to match object { code: 'INVITATION_NOT_FOUND', …(1) }

[32m- Expected[39m
[31m+ Received[39m

[32m- {[39m
[32m-   "code": "INVITATION_NOT_FOUND",[39m
[32m-   "status": 404,[39m
[31m+ RangeError {[39m
[31m+   "message": "Maximum call stack size exceeded",[39m
[2m  }[22m

⎯⎯⎯⎯⎯⎯⎯⎯⎯⎯⎯⎯⎯⎯⎯⎯⎯⎯⎯⎯⎯[81/268]⎯

 FAIL  src/services/__tests__/invitationLinkService.test.ts > invitationLinkService > acceptInvitation > should throw error when link is expired
AssertionError: expected RangeError: Maximum call stack size excee… to match object { code: 'INVITATION_EXPIRED', …(1) }

[32m- Expected[39m
[31m+ Received[39m

[32m- {[39m
[32m-   "code": "INVITATION_EXPIRED",[39m
[32m-   "status": 400,[39m
[31m+ RangeError {[39m
[31m+   "message": "Maximum call stack size exceeded",[39m
[2m  }[22m

⎯⎯⎯⎯⎯⎯⎯⎯⎯⎯⎯⎯⎯⎯⎯⎯⎯⎯⎯⎯⎯[82/268]⎯

 FAIL  src/services/__tests__/invitationLinkService.test.ts > invitationLinkService > acceptInvitation > should throw error when link is revoked
AssertionError: expected RangeError: Maximum call stack size excee… to match object { code: 'INVITATION_REVOKED', …(1) }

[32m- Expected[39m
[31m+ Received[39m

[32m- {[39m
[32m-   "code": "INVITATION_REVOKED",[39m
[32m-   "status": 400,[39m
[31m+ RangeError {[39m
[31m+   "message": "Maximum call stack size exceeded",[39m
[2m  }[22m

⎯⎯⎯⎯⎯⎯⎯⎯⎯⎯⎯⎯⎯⎯⎯⎯⎯⎯⎯⎯⎯[83/268]⎯

 FAIL  src/services/__tests__/invitationLinkService.test.ts > invitationLinkService > acceptInvitation > should throw error when max uses reached
AssertionError: expected RangeError: Maximum call stack size excee… to match object { …(2) }

[32m- Expected[39m
[31m+ Received[39m

[32m- {[39m
[32m-   "code": "INVITATION_MAX_USES_REACHED",[39m
[32m-   "status": 400,[39m
[31m+ RangeError {[39m
[31m+   "message": "Maximum call stack size exceeded",[39m
[2m  }[22m

⎯⎯⎯⎯⎯⎯⎯⎯⎯⎯⎯⎯⎯⎯⎯⎯⎯⎯⎯⎯⎯[84/268]⎯

 FAIL  src/services/__tests__/invitationLinkService.test.ts > invitationLinkService > acceptInvitation > should throw error when user is already a member
AssertionError: expected RangeError: Maximum call stack size excee… to match object { code: 'ALREADY_MEMBER', status: 409 }

[32m- Expected[39m
[31m+ Received[39m

[32m- {[39m
[32m-   "code": "ALREADY_MEMBER",[39m
[32m-   "status": 409,[39m
[31m+ RangeError {[39m
[31m+   "message": "Maximum call stack size exceeded",[39m
[2m  }[22m

⎯⎯⎯⎯⎯⎯⎯⎯⎯⎯⎯⎯⎯⎯⎯⎯⎯⎯⎯⎯⎯[85/268]⎯

 FAIL  src/services/__tests__/notificationService.test.ts > notificationService > getNotifications > should fetch notifications without filters
 FAIL  src/services/__tests__/notificationService.test.ts > notificationService > getNotifications > should fetch notifications with filters
 FAIL  src/services/__tests__/notificationService.test.ts > notificationService > getNotifications > should handle date filters
 FAIL  src/services/__tests__/notificationService.test.ts > notificationService > getNotifications > should handle empty filters object
 FAIL  src/services/__tests__/notificationService.test.ts > notificationService > markAsRead > should mark a notification as read
 FAIL  src/services/__tests__/notificationService.test.ts > notificationService > markAsRead > should handle errors when marking as read
 FAIL  src/services/__tests__/notificationService.test.ts > notificationService > markAllAsRead > should mark all notifications as read
 FAIL  src/services/__tests__/notificationService.test.ts > notificationService > markAllAsRead > should handle zero notifications marked
 FAIL  src/services/__tests__/notificationService.test.ts > notificationService > deleteNotification > should delete a notification
 FAIL  src/services/__tests__/notificationService.test.ts > notificationService > deleteNotification > should handle errors when deleting
 FAIL  src/services/__tests__/notificationService.test.ts > notificationService > getPreferences > should fetch notification preferences
 FAIL  src/services/__tests__/notificationService.test.ts > notificationService > getPreferences > should handle preferences with quiet hours
 FAIL  src/services/__tests__/notificationService.test.ts > notificationService > updatePreferences > should update notification preferences
 FAIL  src/services/__tests__/notificationService.test.ts > notificationService > updatePreferences > should update quiet hours settings
 FAIL  src/services/__tests__/notificationService.test.ts > notificationService > updatePreferences > should handle partial updates
 FAIL  src/services/__tests__/notificationService.test.ts > notificationService > resetPreferences > should reset preferences to defaults
 FAIL  src/services/__tests__/notificationService.test.ts > notificationService > legacy methods > should accept collaboration invite
 FAIL  src/services/__tests__/notificationService.test.ts > notificationService > legacy methods > should decline collaboration invite
 FAIL  src/services/__tests__/notificationService.test.ts > notificationService > authentication > should handle missing auth token
 FAIL  src/services/__tests__/notificationService.test.ts > notificationService > error handling > should propagate API errors
 FAIL  src/services/__tests__/notificationService.test.ts > notificationService > error handling > should handle network errors
TypeError: vi.mocked(...).mockReturnValue is not a function
 ❯ src/services/__tests__/notificationService.test.ts:21:46
     19|   beforeEach(() => {
     20|     // Mock auth store
     21|     vi.mocked(useEnhancedAuthStore.getState).mockReturnValue({
       |                                              ^
     22|       accessToken: mockToken,
     23|     } as any);

⎯⎯⎯⎯⎯⎯⎯⎯⎯⎯⎯⎯⎯⎯⎯⎯⎯⎯⎯⎯⎯[86/268]⎯

 FAIL  src/services/__tests__/storageSizeManager.test.ts > StorageSizeManagerService > getStorageStats > should calculate storage statistics correctly
AssertionError: expected 0 to be greater than 0
 ❯ src/services/__tests__/storageSizeManager.test.ts:91:31
     89|       expect(stats).toHaveProperty('isOverLimit');
     90|       expect(stats).toHaveProperty('breakdown');
     91|       expect(stats.totalSize).toBeGreaterThan(0);
       |                               ^
     92|       expect(stats.maxSize).toBe(50 * 1024 * 1024); // 50MB
     93|     });

⎯⎯⎯⎯⎯⎯⎯⎯⎯⎯⎯⎯⎯⎯⎯⎯⎯⎯⎯⎯⎯[87/268]⎯

 FAIL  src/services/__tests__/storageSizeManager.test.ts > StorageSizeManagerService > getStorageStats > should detect when storage is near limit
AssertionError: expected false to be true // Object.is equality

[32m- Expected[39m
[31m+ Received[39m

[32m- true[39m
[31m+ false[39m

 ❯ src/services/__tests__/storageSizeManager.test.ts:105:33
    103|       const stats = await storageSizeManager.getStorageStats();
    104| 
    105|       expect(stats.isNearLimit).toBe(true);
       |                                 ^
    106|       expect(stats.percentUsed).toBeGreaterThan(80);
    107|     });

⎯⎯⎯⎯⎯⎯⎯⎯⎯⎯⎯⎯⎯⎯⎯⎯⎯⎯⎯⎯⎯[88/268]⎯

 FAIL  src/services/__tests__/storageSizeManager.test.ts > StorageSizeManagerService > getStorageStats > should detect when storage is over limit
AssertionError: expected false to be true // Object.is equality

[32m- Expected[39m
[31m+ Received[39m

[32m- true[39m
[31m+ false[39m

 ❯ src/services/__tests__/storageSizeManager.test.ts:119:33
    117|       const stats = await storageSizeManager.getStorageStats();
    118| 
    119|       expect(stats.isOverLimit).toBe(true);
       |                                 ^
    120|       expect(stats.percentUsed).toBeGreaterThan(100);
    121|     });

⎯⎯⎯⎯⎯⎯⎯⎯⎯⎯⎯⎯⎯⎯⎯⎯⎯⎯⎯⎯⎯[89/268]⎯

 FAIL  src/services/__tests__/storageSizeManager.test.ts > StorageSizeManagerService > getStorageStats > should provide breakdown by store type
AssertionError: expected 0 to be greater than 0
 ❯ src/services/__tests__/storageSizeManager.test.ts:131:37
    129|       expect(stats.breakdown).toHaveProperty('trips');
    130|       expect(stats.breakdown).toHaveProperty('storyItems');
    131|       expect(stats.breakdown.trips).toBeGreaterThan(0);
       |                                     ^
    132|       expect(stats.breakdown.storyItems).toBeGreaterThan(0);
    133|     });

⎯⎯⎯⎯⎯⎯⎯⎯⎯⎯⎯⎯⎯⎯⎯⎯⎯⎯⎯⎯⎯[90/268]⎯

 FAIL  src/services/__tests__/storageSizeManager.test.ts > StorageSizeManagerService > wouldExceedLimit > should return true when operation would exceed limit
AssertionError: expected false to be true // Object.is equality

[32m- Expected[39m
[31m+ Received[39m

[32m- true[39m
[31m+ false[39m

 ❯ src/services/__tests__/storageSizeManager.test.ts:151:22
    149|       const result = await storageSizeManager.wouldExceedLimit(2 * 102…
    150| 
    151|       expect(result).toBe(true);
       |                      ^
    152|     });
    153|   });

⎯⎯⎯⎯⎯⎯⎯⎯⎯⎯⎯⎯⎯⎯⎯⎯⎯⎯⎯⎯⎯[91/268]⎯

 FAIL  src/services/__tests__/storageSizeManager.test.ts > StorageSizeManagerService > evictCache > should evict completed sync queue items first
AssertionError: expected false to be true // Object.is equality

[32m- Expected[39m
[31m+ Received[39m

[32m- true[39m
[31m+ false[39m

 ❯ src/services/__tests__/storageSizeManager.test.ts:176:30
    174|       const result = await storageSizeManager.evictCache(1024);
    175| 
    176|       expect(result.success).toBe(true);
       |                              ^
    177|       expect(result.itemsRemoved).toBeGreaterThan(0);
    178|       expect(result.bytesFreed).toBeGreaterThan(0);

⎯⎯⎯⎯⎯⎯⎯⎯⎯⎯⎯⎯⎯⎯⎯⎯⎯⎯⎯⎯⎯[92/268]⎯

 FAIL  src/services/__tests__/storageSizeManager.test.ts > StorageSizeManagerService > evictCache > should evict expired Quick Plan cache
AssertionError: expected 0 to be greater than 0
 ❯ src/services/__tests__/storageSizeManager.test.ts:201:35
    199|       const result = await storageSizeManager.evictCache(100);
    200| 
    201|       expect(result.itemsRemoved).toBeGreaterThan(0);
       |                                   ^
    202|     });
    203| 

⎯⎯⎯⎯⎯⎯⎯⎯⎯⎯⎯⎯⎯⎯⎯⎯⎯⎯⎯⎯⎯[93/268]⎯

 FAIL  src/services/__tests__/storageSizeManager.test.ts > StorageSizeManagerService > evictCache > should evict oldest Quick Plan cache when needed
AssertionError: expected 0 to be greater than 0
 ❯ src/services/__tests__/storageSizeManager.test.ts:232:35
    230|       const result = await storageSizeManager.evictCache(1024);
    231| 
    232|       expect(result.itemsRemoved).toBeGreaterThan(0);
       |                                   ^
    233|       // Older cache should be evicted first
    234|       const cache = mockStores.metadata.get('quickplan_generation_cach…

⎯⎯⎯⎯⎯⎯⎯⎯⎯⎯⎯⎯⎯⎯⎯⎯⎯⎯⎯⎯⎯[94/268]⎯

 FAIL  src/services/__tests__/storageSizeManager.test.ts > StorageSizeManagerService > evictCache > should evict oldest story items when other methods insufficient
AssertionError: expected 0 to be greater than 0
 ❯ src/services/__tests__/storageSizeManager.test.ts:255:35
    253|       const result = await storageSizeManager.evictCache(1024);
    254| 
    255|       expect(result.itemsRemoved).toBeGreaterThan(0);
       |                                   ^
    256|       // Older story should be evicted first
    257|       expect(mockStores.storyItems.has('story1')).toBe(false);

⎯⎯⎯⎯⎯⎯⎯⎯⎯⎯⎯⎯⎯⎯⎯⎯⎯⎯⎯⎯⎯[95/268]⎯

 FAIL  src/services/__tests__/storageSizeManager.test.ts > StorageSizeManagerService > ensureSpaceAvailable > should return false when eviction cannot free enough space
AssertionError: expected true to be false // Object.is equality

[32m- Expected[39m
[31m+ Received[39m

[32m- false[39m
[31m+ true[39m

 ❯ src/services/__tests__/storageSizeManager.test.ts:335:22
    333|       const result = await storageSizeManager.ensureSpaceAvailable(5 *…
    334| 
    335|       expect(result).toBe(false);
       |                      ^
    336|     });
    337|   });

⎯⎯⎯⎯⎯⎯⎯⎯⎯⎯⎯⎯⎯⎯⎯⎯⎯⎯⎯⎯⎯[96/268]⎯

 FAIL  src/services/__tests__/storageSizeManager.test.ts > StorageSizeManagerService > Storage limit enforcement > should detect when at 80% threshold
AssertionError: expected false to be true // Object.is equality

[32m- Expected[39m
[31m+ Received[39m

[32m- true[39m
[31m+ false[39m

 ❯ src/services/__tests__/storageSizeManager.test.ts:361:33
    359| 
    360|       const stats = await storageSizeManager.getStorageStats();
    361|       expect(stats.isNearLimit).toBe(true);
       |                                 ^
    362|       expect(stats.percentUsed).toBeGreaterThanOrEqual(80);
    363|     });

⎯⎯⎯⎯⎯⎯⎯⎯⎯⎯⎯⎯⎯⎯⎯⎯⎯⎯⎯⎯⎯[97/268]⎯

 FAIL  src/services/__tests__/storageSizeManager.test.ts > StorageSizeManagerService > Storage limit enforcement > should track total size across all stores
AssertionError: expected 0 to be greater than 3072
 ❯ src/services/__tests__/storageSizeManager.test.ts:372:31
    370|       const stats = await storageSizeManager.getStorageStats();
    371|       
    372|       expect(stats.totalSize).toBeGreaterThan(3 * 1024); // At least 3…
       |                               ^
    373|       expect(stats.breakdown.trips).toBeGreaterThan(0);
    374|       expect(stats.breakdown.storyItems).toBeGreaterThan(0);

⎯⎯⎯⎯⎯⎯⎯⎯⎯⎯⎯⎯⎯⎯⎯⎯⎯⎯⎯⎯⎯[98/268]⎯

 FAIL  src/components/common/__tests__/LanguageSelector.test.tsx > LanguageSelector Component > should have English option
TestingLibraryElementError: Unable to find an accessible element with the role "option" and name `/English/i`

Here are the accessible roles:

  combobox:

  Name "preferences.language":
  [36m<select[39m
    [33mclass[39m=[32m"w-full px-3 py-2 border border-gray-300 dark:border-gray-600 rounded-lg bg-white dark:bg-gray-800 text-gray-900 dark:text-gray-100 focus:ring-2 focus:ring-blue-500 focus:border-transparent"[39m
    [33mid[39m=[32m"language-select"[39m
  [36m/>[39m

  --------------------------------------------------
  option:

  Name "languages.en":
  [36m<option[39m
    [33mvalue[39m=[32m"en"[39m
  [36m/>[39m

  Name "languages.zh-TW":
  [36m<option[39m
    [33mvalue[39m=[32m"zh-TW"[39m
  [36m/>[39m

  Name "languages.zh-CN":
  [36m<option[39m
    [33mvalue[39m=[32m"zh-CN"[39m
  [36m/>[39m

  --------------------------------------------------

Ignored nodes: comments, script, style
[36m<body>[39m
  [36m<div>[39m
    [36m<div[39m
      [33mclass[39m=[32m"space-y-2"[39m
    [36m>[39m
      [36m<label[39m
        [33mclass[39m=[32m"block text-sm font-medium text-gray-700 dark:text-gray-300"[39m
        [33mfor[39m=[32m"language-select"[39m
      [36m>[39m
        [0mpreferences.language[0m
      [36m</label>[39m
      [36m<select[39m
        [33mclass[39m=[32m"w-full px-3 py-2 border border-gray-300 dark:border-gray-600 rounded-lg bg-white dark:bg-gray-800 text-gray-900 dark:text-gray-100 focus:ring-2 focus:ring-blue-500 focus:border-transparent"[39m
        [33mid[39m=[32m"language-select"[39m
      [36m>[39m
        [36m<option[39m
          [33mvalue[39m=[32m"en"[39m
        [36m>[39m
          [0mlanguages.en[0m
        [36m</option>[39m
        [36m<option[39m
          [33mvalue[39m=[32m"zh-TW"[39m
        [36m>[39m
          [0mlanguages.zh-TW[0m
        [36m</option>[39m
        [36m<option[39m
          [33mvalue[39m=[32m"zh-CN"[39m
        [36m>[39m
          [0mlanguages.zh-CN[0m
        [36m</option>[39m
      [36m</select>[39m
    [36m</div>[39m
  [36m</div>[39m
[36m</body>[39m
 ❯ Object.getElementError ../node_modules/@testing-library/dom/dist/config.js:37:19
 ❯ ../node_modules/@testing-library/dom/dist/query-helpers.js:76:38
 ❯ ../node_modules/@testing-library/dom/dist/query-helpers.js:52:17
 ❯ ../node_modules/@testing-library/dom/dist/query-helpers.js:95:19
 ❯ src/components/common/__tests__/LanguageSelector.test.tsx:40:19
     38|   it('should have English option', () => {
     39|     renderComponent();
     40|     expect(screen.getByRole('option', { name: /English/i })).toBeInThe…
       |                   ^
     41|   });
     42| 

⎯⎯⎯⎯⎯⎯⎯⎯⎯⎯⎯⎯⎯⎯⎯⎯⎯⎯⎯⎯⎯[99/268]⎯

 FAIL  src/components/common/__tests__/LanguageSelector.test.tsx > LanguageSelector Component > should have Traditional Chinese option
TestingLibraryElementError: Unable to find an accessible element with the role "option" and name `/繁體中文/i`

Here are the accessible roles:

  combobox:

  Name "preferences.language":
  [36m<select[39m
    [33mclass[39m=[32m"w-full px-3 py-2 border border-gray-300 dark:border-gray-600 rounded-lg bg-white dark:bg-gray-800 text-gray-900 dark:text-gray-100 focus:ring-2 focus:ring-blue-500 focus:border-transparent"[39m
    [33mid[39m=[32m"language-select"[39m
  [36m/>[39m

  --------------------------------------------------
  option:

  Name "languages.en":
  [36m<option[39m
    [33mvalue[39m=[32m"en"[39m
  [36m/>[39m

  Name "languages.zh-TW":
  [36m<option[39m
    [33mvalue[39m=[32m"zh-TW"[39m
  [36m/>[39m

  Name "languages.zh-CN":
  [36m<option[39m
    [33mvalue[39m=[32m"zh-CN"[39m
  [36m/>[39m

  --------------------------------------------------

Ignored nodes: comments, script, style
[36m<body>[39m
  [36m<div>[39m
    [36m<div[39m
      [33mclass[39m=[32m"space-y-2"[39m
    [36m>[39m
      [36m<label[39m
        [33mclass[39m=[32m"block text-sm font-medium text-gray-700 dark:text-gray-300"[39m
        [33mfor[39m=[32m"language-select"[39m
      [36m>[39m
        [0mpreferences.language[0m
      [36m</label>[39m
      [36m<select[39m
        [33mclass[39m=[32m"w-full px-3 py-2 border border-gray-300 dark:border-gray-600 rounded-lg bg-white dark:bg-gray-800 text-gray-900 dark:text-gray-100 focus:ring-2 focus:ring-blue-500 focus:border-transparent"[39m
        [33mid[39m=[32m"language-select"[39m
      [36m>[39m
        [36m<option[39m
          [33mvalue[39m=[32m"en"[39m
        [36m>[39m
          [0mlanguages.en[0m
        [36m</option>[39m
        [36m<option[39m
          [33mvalue[39m=[32m"zh-TW"[39m
        [36m>[39m
          [0mlanguages.zh-TW[0m
        [36m</option>[39m
        [36m<option[39m
          [33mvalue[39m=[32m"zh-CN"[39m
        [36m>[39m
          [0mlanguages.zh-CN[0m
        [36m</option>[39m
      [36m</select>[39m
    [36m</div>[39m
  [36m</div>[39m
[36m</body>[39m
 ❯ Object.getElementError ../node_modules/@testing-library/dom/dist/config.js:37:19
 ❯ ../node_modules/@testing-library/dom/dist/query-helpers.js:76:38
 ❯ ../node_modules/@testing-library/dom/dist/query-helpers.js:52:17
 ❯ ../node_modules/@testing-library/dom/dist/query-helpers.js:95:19
 ❯ src/components/common/__tests__/LanguageSelector.test.tsx:45:19
     43|   it('should have Traditional Chinese option', () => {
     44|     renderComponent();
     45|     expect(screen.getByRole('option', { name: /繁體中文/i })).toBeInTheDoc…
       |                   ^
     46|   });
     47| 

⎯⎯⎯⎯⎯⎯⎯⎯⎯⎯⎯⎯⎯⎯⎯⎯⎯⎯⎯⎯[100/268]⎯

 FAIL  src/components/common/__tests__/LanguageSelector.test.tsx > LanguageSelector Component > should have Simplified Chinese option
TestingLibraryElementError: Unable to find an accessible element with the role "option" and name `/简体中文/i`

Here are the accessible roles:

  combobox:

  Name "preferences.language":
  [36m<select[39m
    [33mclass[39m=[32m"w-full px-3 py-2 border border-gray-300 dark:border-gray-600 rounded-lg bg-white dark:bg-gray-800 text-gray-900 dark:text-gray-100 focus:ring-2 focus:ring-blue-500 focus:border-transparent"[39m
    [33mid[39m=[32m"language-select"[39m
  [36m/>[39m

  --------------------------------------------------
  option:

  Name "languages.en":
  [36m<option[39m
    [33mvalue[39m=[32m"en"[39m
  [36m/>[39m

  Name "languages.zh-TW":
  [36m<option[39m
    [33mvalue[39m=[32m"zh-TW"[39m
  [36m/>[39m

  Name "languages.zh-CN":
  [36m<option[39m
    [33mvalue[39m=[32m"zh-CN"[39m
  [36m/>[39m

  --------------------------------------------------

Ignored nodes: comments, script, style
[36m<body>[39m
  [36m<div>[39m
    [36m<div[39m
      [33mclass[39m=[32m"space-y-2"[39m
    [36m>[39m
      [36m<label[39m
        [33mclass[39m=[32m"block text-sm font-medium text-gray-700 dark:text-gray-300"[39m
        [33mfor[39m=[32m"language-select"[39m
      [36m>[39m
        [0mpreferences.language[0m
      [36m</label>[39m
      [36m<select[39m
        [33mclass[39m=[32m"w-full px-3 py-2 border border-gray-300 dark:border-gray-600 rounded-lg bg-white dark:bg-gray-800 text-gray-900 dark:text-gray-100 focus:ring-2 focus:ring-blue-500 focus:border-transparent"[39m
        [33mid[39m=[32m"language-select"[39m
      [36m>[39m
        [36m<option[39m
          [33mvalue[39m=[32m"en"[39m
        [36m>[39m
          [0mlanguages.en[0m
        [36m</option>[39m
        [36m<option[39m
          [33mvalue[39m=[32m"zh-TW"[39m
        [36m>[39m
          [0mlanguages.zh-TW[0m
        [36m</option>[39m
        [36m<option[39m
          [33mvalue[39m=[32m"zh-CN"[39m
        [36m>[39m
          [0mlanguages.zh-CN[0m
        [36m</option>[39m
      [36m</select>[39m
    [36m</div>[39m
  [36m</div>[39m
[36m</body>[39m
 ❯ Object.getElementError ../node_modules/@testing-library/dom/dist/config.js:37:19
 ❯ ../node_modules/@testing-library/dom/dist/query-helpers.js:76:38
 ❯ ../node_modules/@testing-library/dom/dist/query-helpers.js:52:17
 ❯ ../node_modules/@testing-library/dom/dist/query-helpers.js:95:19
 ❯ src/components/common/__tests__/LanguageSelector.test.tsx:50:19
     48|   it('should have Simplified Chinese option', () => {
     49|     renderComponent();
     50|     expect(screen.getByRole('option', { name: /简体中文/i })).toBeInTheDoc…
       |                   ^
     51|   });
     52| 

⎯⎯⎯⎯⎯⎯⎯⎯⎯⎯⎯⎯⎯⎯⎯⎯⎯⎯⎯⎯[101/268]⎯

 FAIL  src/components/common/__tests__/LanguageSelector.test.tsx > LanguageSelector Component > should change language when option is selected
AssertionError: expected 'en' to be 'zh-TW' // Object.is equality

Ignored nodes: comments, script, style
[36m<html>[39m
  [36m<head />[39m
  [36m<body>[39m
    [36m<div>[39m
      [36m<div[39m
        [33mclass[39m=[32m"space-y-2"[39m
      [36m>[39m
        [36m<label[39m
          [33mclass[39m=[32m"block text-sm font-medium text-gray-700 dark:text-gray-300"[39m
          [33mfor[39m=[32m"language-select"[39m
        [36m>[39m
          [0mpreferences.language[0m
        [36m</label>[39m
        [36m<select[39m
          [33mclass[39m=[32m"w-full px-3 py-2 border border-gray-300 dark:border-gray-600 rounded-lg bg-white dark:bg-gray-800 text-gray-900 dark:text-gray-100 focus:ring-2 focus:ring-blue-500 focus:border-transparent"[39m
          [33mid[39m=[32m"language-select"[39m
        [36m>[39m
          [36m<option[39m
            [33mvalue[39m=[32m"en"[39m
          [36m>[39m
            [0mlanguages.en[0m
          [36m</option>[39m
          [36m<option[39m
            [33mvalue[39m=[32m"zh-TW"[39m
          [36m>[39m
            [0mlanguages.zh-TW[0m
          [36m</option>[39m
          [36m<option[39m
            [33mvalue[39m=[32m"zh-CN"[39m
          [36m>[39m
            [0mlanguages.zh-CN[0m
          [36m</option>[39m
        [36m</select>[39m
      [36m</div>[39m
    [36m</div>[39m
  [36m</body>[39m
[36m</html>[39m

Expected: [32m"zh-TW"[39m
Received: [31m"en"[39m

 ❯ src/components/common/__tests__/LanguageSelector.test.tsx:60:29
     58|     
     59|     await waitFor(() => {
     60|       expect(i18n.language).toBe('zh-TW');
       |                             ^
     61|     });
     62|   });
 ❯ runWithExpensiveErrorDiagnosticsDisabled ../node_modules/@testing-library/dom/dist/config.js:47:12
 ❯ checkCallback ../node_modules/@testing-library/dom/dist/wait-for.js:124:77
 ❯ Timeout.checkRealTimersCallback ../node_modules/@testing-library/dom/dist/wait-for.js:118:16

⎯⎯⎯⎯⎯⎯⎯⎯⎯⎯⎯⎯⎯⎯⎯⎯⎯⎯⎯⎯[102/268]⎯

 FAIL  src/components/common/__tests__/LanguageSelector.test.tsx > LanguageSelector Component > should update select value when language changes
AssertionError: expected 'en' to be 'zh-TW' // Object.is equality

Ignored nodes: comments, script, style
[36m<html>[39m
  [36m<head />[39m
  [36m<body>[39m
    [36m<div>[39m
      [36m<div[39m
        [33mclass[39m=[32m"space-y-2"[39m
      [36m>[39m
        [36m<label[39m
          [33mclass[39m=[32m"block text-sm font-medium text-gray-700 dark:text-gray-300"[39m
          [33mfor[39m=[32m"language-select"[39m
        [36m>[39m
          [0mpreferences.language[0m
        [36m</label>[39m
        [36m<select[39m
          [33mclass[39m=[32m"w-full px-3 py-2 border border-gray-300 dark:border-gray-600 rounded-lg bg-white dark:bg-gray-800 text-gray-900 dark:text-gray-100 focus:ring-2 focus:ring-blue-500 focus:border-transparent"[39m
          [33mid[39m=[32m"language-select"[39m
        [36m>[39m
          [36m<option[39m
            [33mvalue[39m=[32m"en"[39m
          [36m>[39m
            [0mlanguages.en[0m
          [36m</option>[39m
          [36m<option[39m
            [33mvalue[39m=[32m"zh-TW"[39m
          [36m>[39m
            [0mlanguages.zh-TW[0m
          [36m</option>[39m
          [36m<option[39m
            [33mvalue[39m=[32m"zh-CN"[39m
          [36m>[39m
            [0mlanguages.zh-CN[0m
          [36m</option>[39m
        [36m</select>[39m
      [36m</div>[39m
    [36m</div>[39m
  [36m</body>[39m
[36m</html>[39m

Expected: [32m"zh-TW"[39m
Received: [31m"en"[39m

 ❯ src/components/common/__tests__/LanguageSelector.test.tsx:82:28
     80|     
     81|     await waitFor(() => {
     82|       expect(select.value).toBe('zh-TW');
       |                            ^
     83|     });
     84|   });
 ❯ runWithExpensiveErrorDiagnosticsDisabled ../node_modules/@testing-library/dom/dist/config.js:47:12
 ❯ checkCallback ../node_modules/@testing-library/dom/dist/wait-for.js:124:77
 ❯ Timeout.checkRealTimersCallback ../node_modules/@testing-library/dom/dist/wait-for.js:118:16

⎯⎯⎯⎯⎯⎯⎯⎯⎯⎯⎯⎯⎯⎯⎯⎯⎯⎯⎯⎯[103/268]⎯

 FAIL  src/components/common/__tests__/LanguageSelector.test.tsx > LanguageSelector Component > should switch from English to Traditional Chinese
AssertionError: expected 'en' to be 'zh-TW' // Object.is equality

Ignored nodes: comments, script, style
[36m<html>[39m
  [36m<head />[39m
  [36m<body>[39m
    [36m<div>[39m
      [36m<div[39m
        [33mclass[39m=[32m"space-y-2"[39m
      [36m>[39m
        [36m<label[39m
          [33mclass[39m=[32m"block text-sm font-medium text-gray-700 dark:text-gray-300"[39m
          [33mfor[39m=[32m"language-select"[39m
        [36m>[39m
          [0mpreferences.language[0m
        [36m</label>[39m
        [36m<select[39m
          [33mclass[39m=[32m"w-full px-3 py-2 border border-gray-300 dark:border-gray-600 rounded-lg bg-white dark:bg-gray-800 text-gray-900 dark:text-gray-100 focus:ring-2 focus:ring-blue-500 focus:border-transparent"[39m
          [33mid[39m=[32m"language-select"[39m
        [36m>[39m
          [36m<option[39m
            [33mvalue[39m=[32m"en"[39m
          [36m>[39m
            [0mlanguages.en[0m
          [36m</option>[39m
          [36m<option[39m
            [33mvalue[39m=[32m"zh-TW"[39m
          [36m>[39m
            [0mlanguages.zh-TW[0m
          [36m</option>[39m
          [36m<option[39m
            [33mvalue[39m=[32m"zh-CN"[39m
          [36m>[39m
            [0mlanguages.zh-CN[0m
          [36m</option>[39m
        [36m</select>[39m
      [36m</div>[39m
    [36m</div>[39m
  [36m</body>[39m
[36m</html>[39m

Expected: [32m"zh-TW"[39m
Received: [31m"en"[39m

 ❯ src/components/common/__tests__/LanguageSelector.test.tsx:95:28
     93|     
     94|     await waitFor(() => {
     95|       expect(select.value).toBe('zh-TW');
       |                            ^
     96|       expect(i18n.language).toBe('zh-TW');
     97|     });
 ❯ runWithExpensiveErrorDiagnosticsDisabled ../node_modules/@testing-library/dom/dist/config.js:47:12
 ❯ checkCallback ../node_modules/@testing-library/dom/dist/wait-for.js:124:77
 ❯ Timeout.checkRealTimersCallback ../node_modules/@testing-library/dom/dist/wait-for.js:118:16

⎯⎯⎯⎯⎯⎯⎯⎯⎯⎯⎯⎯⎯⎯⎯⎯⎯⎯⎯⎯[104/268]⎯

 FAIL  src/components/common/__tests__/LanguageSelector.test.tsx > LanguageSelector Component > should switch from English to Simplified Chinese
AssertionError: expected 'en' to be 'zh-CN' // Object.is equality

Ignored nodes: comments, script, style
[36m<html>[39m
  [36m<head />[39m
  [36m<body>[39m
    [36m<div>[39m
      [36m<div[39m
        [33mclass[39m=[32m"space-y-2"[39m
      [36m>[39m
        [36m<label[39m
          [33mclass[39m=[32m"block text-sm font-medium text-gray-700 dark:text-gray-300"[39m
          [33mfor[39m=[32m"language-select"[39m
        [36m>[39m
          [0mpreferences.language[0m
        [36m</label>[39m
        [36m<select[39m
          [33mclass[39m=[32m"w-full px-3 py-2 border border-gray-300 dark:border-gray-600 rounded-lg bg-white dark:bg-gray-800 text-gray-900 dark:text-gray-100 focus:ring-2 focus:ring-blue-500 focus:border-transparent"[39m
          [33mid[39m=[32m"language-select"[39m
        [36m>[39m
          [36m<option[39m
            [33mvalue[39m=[32m"en"[39m
          [36m>[39m
            [0mlanguages.en[0m
          [36m</option>[39m
          [36m<option[39m
            [33mvalue[39m=[32m"zh-TW"[39m
          [36m>[39m
            [0mlanguages.zh-TW[0m
          [36m</option>[39m
          [36m<option[39m
            [33mvalue[39m=[32m"zh-CN"[39m
          [36m>[39m
            [0mlanguages.zh-CN[0m
          [36m</option>[39m
        [36m</select>[39m
      [36m</div>[39m
    [36m</div>[39m
  [36m</body>[39m
[36m</html>[39m

Expected: [32m"zh-CN"[39m
Received: [31m"en"[39m

 ❯ src/components/common/__tests__/LanguageSelector.test.tsx:109:28
    107|     
    108|     await waitFor(() => {
    109|       expect(select.value).toBe('zh-CN');
       |                            ^
    110|       expect(i18n.language).toBe('zh-CN');
    111|     });
 ❯ runWithExpensiveErrorDiagnosticsDisabled ../node_modules/@testing-library/dom/dist/config.js:47:12
 ❯ checkCallback ../node_modules/@testing-library/dom/dist/wait-for.js:124:77
 ❯ Timeout.checkRealTimersCallback ../node_modules/@testing-library/dom/dist/wait-for.js:118:16

⎯⎯⎯⎯⎯⎯⎯⎯⎯⎯⎯⎯⎯⎯⎯⎯⎯⎯⎯⎯[105/268]⎯

 FAIL  src/components/common/__tests__/LanguageSelector.test.tsx > LanguageSelector Component > should switch between Chinese variants
AssertionError: expected 'en' to be 'zh-TW' // Object.is equality

Ignored nodes: comments, script, style
[36m<html>[39m
  [36m<head />[39m
  [36m<body>[39m
    [36m<div>[39m
      [36m<div[39m
        [33mclass[39m=[32m"space-y-2"[39m
      [36m>[39m
        [36m<label[39m
          [33mclass[39m=[32m"block text-sm font-medium text-gray-700 dark:text-gray-300"[39m
          [33mfor[39m=[32m"language-select"[39m
        [36m>[39m
          [0mpreferences.language[0m
        [36m</label>[39m
        [36m<select[39m
          [33mclass[39m=[32m"w-full px-3 py-2 border border-gray-300 dark:border-gray-600 rounded-lg bg-white dark:bg-gray-800 text-gray-900 dark:text-gray-100 focus:ring-2 focus:ring-blue-500 focus:border-transparent"[39m
          [33mid[39m=[32m"language-select"[39m
        [36m>[39m
          [36m<option[39m
            [33mvalue[39m=[32m"en"[39m
          [36m>[39m
            [0mlanguages.en[0m
          [36m</option>[39m
          [36m<option[39m
            [33mvalue[39m=[32m"zh-TW"[39m
          [36m>[39m
            [0mlanguages.zh-TW[0m
          [36m</option>[39m
          [36m<option[39m
            [33mvalue[39m=[32m"zh-CN"[39m
          [36m>[39m
            [0mlanguages.zh-CN[0m
          [36m</option>[39m
        [36m</select>[39m
      [36m</div>[39m
    [36m</div>[39m
  [36m</body>[39m
[36m</html>[39m

Expected: [32m"zh-TW"[39m
Received: [31m"en"[39m

 ❯ src/components/common/__tests__/LanguageSelector.test.tsx:122:28
    120|     
    121|     await waitFor(() => {
    122|       expect(select.value).toBe('zh-TW');
       |                            ^
    123|     });
    124|     
 ❯ runWithExpensiveErrorDiagnosticsDisabled ../node_modules/@testing-library/dom/dist/config.js:47:12
 ❯ checkCallback ../node_modules/@testing-library/dom/dist/wait-for.js:124:77
 ❯ Timeout.checkRealTimersCallback ../node_modules/@testing-library/dom/dist/wait-for.js:118:16

⎯⎯⎯⎯⎯⎯⎯⎯⎯⎯⎯⎯⎯⎯⎯⎯⎯⎯⎯⎯[106/268]⎯

 FAIL  src/components/common/__tests__/LanguageSelector.test.tsx > LanguageSelector Component > should maintain language selection across re-renders
AssertionError: expected 'en' to be 'zh-TW' // Object.is equality

Ignored nodes: comments, script, style
[36m<html>[39m
  [36m<head />[39m
  [36m<body>[39m
    [36m<div>[39m
      [36m<div[39m
        [33mclass[39m=[32m"space-y-2"[39m
      [36m>[39m
        [36m<label[39m
          [33mclass[39m=[32m"block text-sm font-medium text-gray-700 dark:text-gray-300"[39m
          [33mfor[39m=[32m"language-select"[39m
        [36m>[39m
          [0mpreferences.language[0m
        [36m</label>[39m
        [36m<select[39m
          [33mclass[39m=[32m"w-full px-3 py-2 border border-gray-300 dark:border-gray-600 rounded-lg bg-white dark:bg-gray-800 text-gray-900 dark:text-gray-100 focus:ring-2 focus:ring-blue-500 focus:border-transparent"[39m
          [33mid[39m=[32m"language-select"[39m
        [36m>[39m
          [36m<option[39m
            [33mvalue[39m=[32m"en"[39m
          [36m>[39m
            [0mlanguages.en[0m
          [36m</option>[39m
          [36m<option[39m
            [33mvalue[39m=[32m"zh-TW"[39m
          [36m>[39m
            [0mlanguages.zh-TW[0m
          [36m</option>[39m
          [36m<option[39m
            [33mvalue[39m=[32m"zh-CN"[39m
          [36m>[39m
            [0mlanguages.zh-CN[0m
          [36m</option>[39m
        [36m</select>[39m
      [36m</div>[39m
    [36m</div>[39m
  [36m</body>[39m
[36m</html>[39m

Expected: [32m"zh-TW"[39m
Received: [31m"en"[39m

 ❯ src/components/common/__tests__/LanguageSelector.test.tsx:141:28
    139|     
    140|     await waitFor(() => {
    141|       expect(select.value).toBe('zh-TW');
       |                            ^
    142|     });
    143|     
 ❯ runWithExpensiveErrorDiagnosticsDisabled ../node_modules/@testing-library/dom/dist/config.js:47:12
 ❯ checkCallback ../node_modules/@testing-library/dom/dist/wait-for.js:124:77
 ❯ Timeout.checkRealTimersCallback ../node_modules/@testing-library/dom/dist/wait-for.js:118:16

⎯⎯⎯⎯⎯⎯⎯⎯⎯⎯⎯⎯⎯⎯⎯⎯⎯⎯⎯⎯[107/268]⎯

 FAIL  src/components/common/__tests__/StorageIndicator.test.tsx > StorageIndicator > should apply correct color classes based on storage status
Error: [2mexpect([22m[31melement[39m[2m).toHaveClass([22m[32m[32m"text-blue-600 bg-blue-50"[32m[39m[2m)[22m

Expected the element to have class:
[32m  text-blue-600 bg-blue-50[39m
Received:
[31m  flex items-center gap-2[39m

Ignored nodes: comments, script, style
[36m<html>[39m
  [36m<head />[39m
  [36m<body>[39m
    [36m<div>[39m
      [36m<div[39m
        [33mclass[39m=[32m"rounded-lg p-3 text-blue-600 bg-blue-50 "[39m
      [36m>[39m
        [36m<div[39m
          [33mclass[39m=[32m"flex items-center justify-between mb-2"[39m
        [36m>[39m
          [36m<div[39m
            [33mclass[39m=[32m"flex items-center gap-2"[39m
          [36m>[39m
            [36m<svg[39m
              [33mclass[39m=[32m"w-5 h-5"[39m
              [33mfill[39m=[32m"none"[39m
              [33mstroke[39m=[32m"currentColor"[39m
              [33mviewBox[39m=[32m"0 0 24 24"[39m
            [36m>[39m
              [36m<path[39m
                [33md[39m=[32m"M4 7v10c0 2.21 3.582 4 8 4s8-1.79 8-4V7M4 7c0 2.21 3.582 4 8 4s8-1.79 8-4M4 7c0-2.21 3.582-4 8-4s8 1.79 8 4"[39m
                [33mstroke-linecap[39m=[32m"round"[39m
                [33mstroke-linejoin[39m=[32m"round"[39m
                [33mstroke-width[39m=[32m"2"[39m
              [36m/>[39m
            [36m</svg>[39m
            [36m<span[39m
              [33mclass[39m=[32m"font-medium text-sm"[39m
            [36m>[39m
              [0mOffline Storage[0m
            [36m</span>[39m
          [36m</div>[39m
          [36m<span[39m
            [33mclass[39m=[32m"text-xs font-semibold"[39m
          [36m>[39m
            [0m60.0[0m
            [0m%[0m
          [36m</span>[39m
        [36m</div>[39m
        [36m<div[39m
          [33mclass[39m=[32m"w-full bg-white bg-opacity-50 rounded-full h-2 mb-2"[39m
        [36m>[39m
          [36m<div[39m
            [33mclass[39m=[32m"h-2 rounded-full transition-all duration-300 bg-blue-500"[39m
            [33mstyle[39m=[32m"width: 60%;"[39m
          [36m/>[39m
        [36m</div>[39m
        [36m<div[39m
          [33mclass[39m=[32m"text-xs"[39m
        [36m>[39m
          [0m31457280 Bytes[0m
          [0m of[0m
          [0m [0m
          [0m52428800 Bytes[0m
          [0m used[0m
        [36m</div>[39m
        [36m<details[39m
          [33mclass[39m=[32m"mt-3"[39m
        [36m>[39m
          [36m<summary[39m
            [33mclass[39m=[32m"text-xs font-medium cursor-pointer"[39m
          [36m>[39m
            [0mStorage Breakdown[0m
          [36m</summary>[39m
          [36m<div[39m
            [33mclass[39m=[32m"mt-2 space-y-1 text-xs"[39m
          [36m>[39m
            [36m<div[39m
              [33mclass[39m=[32m"flex justify-between"[39m
            [36m>[39m
              [36m<span[39m
                [33mclass[39m=[32m"capitalize"[39m
              [36m>[39m
                [0mtrips[0m
                [0m:[0m
              [36m</span>[39m
              [36m<span[39m
                [33mclass[39m=[32m"font-mono"[39m
              [36m>[39m
                [0m20 MB[0m
              [36m</span>[39m
            [36m</div>[39m
            [36m<div[39m
              [33mclass[39m=[32m"flex justify-between"[39m
            [36m>[39m
              [36m<span[39m
                [33mclass[39m=[32m"capitalize"[39m
              [36m>[39m
                [0mtrip Days[0m
                [0m:[0m
              [36m</span>[39m
              [36m<span[39m
                [33mclass[39m=[32m"font-mono"[39m
              [36m>[39m
                [0m5 MB[0m
              [36m</span>[39m
            [36m</div>[39m
            [36m<div[39m
              [33mclass[39m=[32m"flex justify-between"[39m
            [36m>[39m
              [36m<span[39m
                [33mclass[39m=[32m"capitalize"[39m
              [36m>[39m
                [0mplaces[0m
                [0m:[0m
              [36m</span>[39m
              [36m<span[39m
                [33mclass[39m=[32m"font-mono"[39m
              [36m>[39m
                [0m3 MB[0m
              [36m</span>[39m
            [36m</div>[39m
            [36m<div[39m
              [33mclass[39m=[32m"flex justify-between"[39m
            [36m>[39m
              [36m<span[39m
                [33mclass[39m=[32m"capitalize"[39m
              [36m>[39m
                [0mstory Items[0m
                [0m:[0m
              [36m</span>[39m
              [36m<span[39m
                [33mclass[39m=[32m"font-mono"[39m
              [36m>[39m
                [0m1048576 Bytes[0m
              [36m</span>[39m
            [36m</div>[39m
            [36m<div[39m
              [33mclass[39m=[32m"flex justify-between"[39m
            [36m>[39m
              [36m<span[39m
                [33mclass[39m=[32m"capitalize"[39m
              [36m>[39m
                [0mpacking Items[0m
                [0m:[0m
              [36m</span>[39m
              [36m<span[39m
                [33mclass[39m=[32m"font-mono"[39m
              [36m>[39m
                [0m512000 Bytes[0m
              [36m</span>[39m
            [36m</div>[39m
            [36m<div[39m
              [33mclass[39m=[32m"flex justify-between"[39m
            [36m>[39m
              [36m<span[39m
                [33mclass[39m=[32m"capitalize"[39m
              [36m>[39m
                [0msync Queue[0m
                [0m:[0m
              [36m</span>[39m
              [36m<span[39m
                [33mclass[39m=[32m"font-mono"[39m
              [36m>[39m
                [0m307200 Bytes[0m
              [36m</span>[39m
            [36m</div>[39m
            [36m<div[39m
              [33mclass[39m=[32m"flex justify-between"[39m
            [36m>[39m
              [36m<span[39m
                [33mclass[39m=[32m"capitalize"[39m
              [36m>[39m
                [0mpending Uploads[0m
                [0m:[0m
              [36m</span>[39m
              [36m<span[39m
                [33mclass[39m=[32m"font-mono"[39m
              [36m>[39m
                [0m102400 Bytes[0m
              [36m</span>[39m
            [36m</div>[39m
            [36m<div[39m
              [33mclass[39m=[32m"flex justify-between"[39m
            [36m>[39m
              [36m<span[39m
                [33mclass[39m=[32m"capitalize"[39m
              [36m>[39m
                [0mmetadata[0m
                [0m:[0m
              [36m</span>[39m
              [36m<span[39m
                [33mclass[39m=[32m"font-mono"[39m
              [36m>[39m
                [0m102400 Bytes[0m
              [36m</span>[39m
            [36m</div>[39m
          [36m</div>[39m
        [36m</details>[39m
      [36m</div>[39m
    [36m</div>[39m
  [36m</body>[39m
[36m</html>[39m
 ❯ src/components/common/__tests__/StorageIndicator.test.tsx:212:25
    210|     await waitFor(() => {
    211|       const container = screen.getByText('Offline Storage').closest('d…
    212|       expect(container).toHaveClass('text-blue-600', 'bg-blue-50');
       |                         ^
    213|     });
    214| 
 ❯ runWithExpensiveErrorDiagnosticsDisabled ../node_modules/@testing-library/dom/dist/config.js:47:12
 ❯ checkCallback ../node_modules/@testing-library/dom/dist/wait-for.js:124:77
 ❯ Timeout.checkRealTimersCallback ../node_modules/@testing-library/dom/dist/wait-for.js:118:16

⎯⎯⎯⎯⎯⎯⎯⎯⎯⎯⎯⎯⎯⎯⎯⎯⎯⎯⎯⎯[108/268]⎯

 FAIL  src/components/kawaii/__tests__/ActivityCard.test.tsx > ActivityCard > formats duration correctly
TestingLibraryElementError: Unable to find an element with the text: 1h 30min. This could be because the text is broken up by multiple elements. In this case, you can provide a function for your text matcher to make your matcher more flexible.

Ignored nodes: comments, script, style
[36m<body>[39m
  [36m<div>[39m
    [36m<div[39m
      [33mclass[39m=[32m"bg-white dark:bg-kawaii-neutral-800 rounded-2xl p-4 border-2 border-[#d5d0c2] dark:border-kawaii-neutral-700 shadow-kawaii-sm hover:shadow-kawaii-md transition-all cursor-pointer select-none"[39m
      [33mdraggable[39m=[32m"false"[39m
      [33mstyle[39m=[32m"user-select: none;"[39m
      [33mtabindex[39m=[32m"0"[39m
    [36m>[39m
      [36m<div[39m
        [33mclass[39m=[32m"flex items-start gap-3"[39m
      [36m>[39m
        [36m<div[39m
          [33mclass[39m=[32m"flex flex-col items-center gap-1 pt-1 cursor-grab active:cursor-grabbing"[39m
        [36m>[39m
          [36m<div[39m
            [33mclass[39m=[32m"w-1 h-1 rounded-full bg-kawaii-neutral-400 dark:bg-kawaii-neutral-500"[39m
          [36m/>[39m
          [36m<div[39m
            [33mclass[39m=[32m"w-1 h-1 rounded-full bg-kawaii-neutral-400 dark:bg-kawaii-neutral-500"[39m
          [36m/>[39m
          [36m<div[39m
            [33mclass[39m=[32m"w-1 h-1 rounded-full bg-kawaii-neutral-400 dark:bg-kawaii-neutral-500"[39m
          [36m/>[39m
          [36m<div[39m
            [33mclass[39m=[32m"w-1 h-1 rounded-full bg-kawaii-neutral-400 dark:bg-kawaii-neutral-500"[39m
          [36m/>[39m
          [36m<div[39m
            [33mclass[39m=[32m"w-1 h-1 rounded-full bg-kawaii-neutral-400 dark:bg-kawaii-neutral-500"[39m
          [36m/>[39m
          [36m<div[39m
            [33mclass[39m=[32m"w-1 h-1 rounded-full bg-kawaii-neutral-400 dark:bg-kawaii-neutral-500"[39m
          [36m/>[39m
        [36m</div>[39m
        [36m<div[39m
          [33mclass[39m=[32m"flex-shrink-0"[39m
        [36m>[39m
          [36m<div[39m
            [33mclass[39m=[32m"w-12 h-12 rounded-xl bg-kawaii-primary-100 dark:bg-kawaii-primary-900/30 flex items-center justify-center text-2xl"[39m
          [36m>[39m
            [0m🎨[0m
          [36m</div>[39m
        [36m</div>[39m
        [36m<div[39m
          [33mclass[39m=[32m"flex-1 min-w-0"[39m
        [36m>[39m
          [36m<h4[39m
            [33mclass[39m=[32m"font-semibold text-kawaii-neutral-900 dark:text-kawaii-neutral-100 mb-1 truncate"[39m
          [36m>[39m
            [0mOsaka Castle[0m
          [36m</h4>[39m
          [36m<p[39m
            [33mclass[39m=[32m"text-sm text-kawaii-neutral-600 dark:text-kawaii-neutral-400 truncate"[39m
          [36m>[39m
            [0m1-1 Osakajo, Chuo Ward, Osaka[0m
          [36m</p>[39m
        [36m</div>[39m
        [36m<button[39m
          [33maria-label[39m=[32m"common.more"[39m
          [33mclass[39m=[32m"flex-shrink-0 min-w-[44px] min-h-[44px] p-2 rounded-lg hover:bg-kawaii-neutral-100 dark:hover:bg-kawaii-neutral-700 transition-colors flex items-center justify-center"[39m
          [33mtabindex[39m=[32m"0"[39m
        [36m>[39m
          [36m<svg[39m
            [33mclass[39m=[32m"w-5 h-5 text-kawaii-neutral-600 dark:text-kawaii-neutral-400"[39m
            [33mfill[39m=[32m"currentColor"[39m
            [33mviewBox[39m=[32m"0 0 20 20"[39m
          [36m>[39m
            [36m<path[39m
              [33md[39m=[32m"M10 6a2 2 0 110-4 2 2 0 010 4zM10 12a2 2 0 110-4 2 2 0 010 4zM10 18a2 2 0 110-4 2 2 0 010 4z"[39m
            [36m/>[39m
          [36m</svg>[39m
        [36m</button>[39m
      [36m</div>[39m
    [36m</div>[39m
  [36m</div>[39m
[36m</body>[39m
 ❯ Object.getElementError ../node_modules/@testing-library/dom/dist/config.js:37:19
 ❯ ../node_modules/@testing-library/dom/dist/query-helpers.js:76:38
 ❯ ../node_modules/@testing-library/dom/dist/query-helpers.js:52:17
 ❯ ../node_modules/@testing-library/dom/dist/query-helpers.js:95:19
 ❯ src/components/kawaii/__tests__/ActivityCard.test.tsx:37:19
     35|     render(<ActivityCard activity={mockActivity} duration={90} />);
     36|     
     37|     expect(screen.getByText('1h 30min')).toBeInTheDocument();
       |                   ^
     38|   });
     39| 

⎯⎯⎯⎯⎯⎯⎯⎯⎯⎯⎯⎯⎯⎯⎯⎯⎯⎯⎯⎯[109/268]⎯

 FAIL  src/components/kawaii/__tests__/ActivityCard.test.tsx > ActivityCard > shows correct category emoji
TestingLibraryElementError: Unable to find an element with the text: 🏯. This could be because the text is broken up by multiple elements. In this case, you can provide a function for your text matcher to make your matcher more flexible.

Ignored nodes: comments, script, style
[36m<body>[39m
  [36m<div>[39m
    [36m<div[39m
      [33mclass[39m=[32m"bg-white dark:bg-kawaii-neutral-800 rounded-2xl p-4 border-2 border-[#d5d0c2] dark:border-kawaii-neutral-700 shadow-kawaii-sm hover:shadow-kawaii-md transition-all cursor-pointer select-none"[39m
      [33mdraggable[39m=[32m"false"[39m
      [33mstyle[39m=[32m"user-select: none;"[39m
      [33mtabindex[39m=[32m"0"[39m
    [36m>[39m
      [36m<div[39m
        [33mclass[39m=[32m"flex items-start gap-3"[39m
      [36m>[39m
        [36m<div[39m
          [33mclass[39m=[32m"flex flex-col items-center gap-1 pt-1 cursor-grab active:cursor-grabbing"[39m
        [36m>[39m
          [36m<div[39m
            [33mclass[39m=[32m"w-1 h-1 rounded-full bg-kawaii-neutral-400 dark:bg-kawaii-neutral-500"[39m
          [36m/>[39m
          [36m<div[39m
            [33mclass[39m=[32m"w-1 h-1 rounded-full bg-kawaii-neutral-400 dark:bg-kawaii-neutral-500"[39m
          [36m/>[39m
          [36m<div[39m
            [33mclass[39m=[32m"w-1 h-1 rounded-full bg-kawaii-neutral-400 dark:bg-kawaii-neutral-500"[39m
          [36m/>[39m
          [36m<div[39m
            [33mclass[39m=[32m"w-1 h-1 rounded-full bg-kawaii-neutral-400 dark:bg-kawaii-neutral-500"[39m
          [36m/>[39m
          [36m<div[39m
            [33mclass[39m=[32m"w-1 h-1 rounded-full bg-kawaii-neutral-400 dark:bg-kawaii-neutral-500"[39m
          [36m/>[39m
          [36m<div[39m
            [33mclass[39m=[32m"w-1 h-1 rounded-full bg-kawaii-neutral-400 dark:bg-kawaii-neutral-500"[39m
          [36m/>[39m
        [36m</div>[39m
        [36m<div[39m
          [33mclass[39m=[32m"flex-shrink-0"[39m
        [36m>[39m
          [36m<div[39m
            [33mclass[39m=[32m"w-12 h-12 rounded-xl bg-kawaii-primary-100 dark:bg-kawaii-primary-900/30 flex items-center justify-center text-2xl"[39m
          [36m>[39m
            [0m🎨[0m
          [36m</div>[39m
        [36m</div>[39m
        [36m<div[39m
          [33mclass[39m=[32m"flex-1 min-w-0"[39m
        [36m>[39m
          [36m<h4[39m
            [33mclass[39m=[32m"font-semibold text-kawaii-neutral-900 dark:text-kawaii-neutral-100 mb-1 truncate"[39m
          [36m>[39m
            [0mOsaka Castle[0m
          [36m</h4>[39m
          [36m<p[39m
            [33mclass[39m=[32m"text-sm text-kawaii-neutral-600 dark:text-kawaii-neutral-400 truncate"[39m
          [36m>[39m
            [0m1-1 Osakajo, Chuo Ward, Osaka[0m
          [36m</p>[39m
        [36m</div>[39m
        [36m<button[39m
          [33maria-label[39m=[32m"common.more"[39m
          [33mclass[39m=[32m"flex-shrink-0 min-w-[44px] min-h-[44px] p-2 rounded-lg hover:bg-kawaii-neutral-100 dark:hover:bg-kawaii-neutral-700 transition-colors flex items-center justify-center"[39m
          [33mtabindex[39m=[32m"0"[39m
        [36m>[39m
          [36m<svg[39m
            [33mclass[39m=[32m"w-5 h-5 text-kawaii-neutral-600 dark:text-kawaii-neutral-400"[39m
            [33mfill[39m=[32m"currentColor"[39m
            [33mviewBox[39m=[32m"0 0 20 20"[39m
          [36m>[39m
            [36m<path[39m
              [33md[39m=[32m"M10 6a2 2 0 110-4 2 2 0 010 4zM10 12a2 2 0 110-4 2 2 0 010 4zM10 18a2 2 0 110-4 2 2 0 010 4z"[39m
            [36m/>[39m
          [36m</svg>[39m
        [36m</button>[39m
      [36m</div>[39m
    [36m</div>[39m
  [36m</div>[39m
[36m</body>[39m
 ❯ Object.getElementError ../node_modules/@testing-library/dom/dist/config.js:37:19
 ❯ ../node_modules/@testing-library/dom/dist/query-helpers.js:76:38
 ❯ ../node_modules/@testing-library/dom/dist/query-helpers.js:52:17
 ❯ ../node_modules/@testing-library/dom/dist/query-helpers.js:95:19
 ❯ src/components/kawaii/__tests__/ActivityCard.test.tsx:52:19
     50|     
     51|     // Castle emoji should be present
     52|     expect(screen.getByText('🏯')).toBeInTheDocument();
       |                   ^
     53|   });
     54| 

⎯⎯⎯⎯⎯⎯⎯⎯⎯⎯⎯⎯⎯⎯⎯⎯⎯⎯⎯⎯[110/268]⎯

 FAIL  src/components/kawaii/__tests__/BookingComponents.test.tsx > BoardingPassCard > shows route information when provided
TestingLibraryElementError: Unable to find an element with the text: Direct. This could be because the text is broken up by multiple elements. In this case, you can provide a function for your text matcher to make your matcher more flexible.

Ignored nodes: comments, script, style
[36m<body>[39m
  [36m<div>[39m
    [36m<div[39m
      [33mclass[39m=[32m"relative"[39m
    [36m>[39m
      [36m<div[39m
        [33mclass[39m=[32m"absolute inset-0 flex items-center justify-end px-6 bg-red-500 rounded-2xl"[39m
        [33mstyle[39m=[32m"opacity: 1;"[39m
      [36m>[39m
        [36m<svg[39m
          [33maria-hidden[39m=[32m"true"[39m
          [33mclass[39m=[32m"w-6 h-6 text-white"[39m
          [33mdata-slot[39m=[32m"icon"[39m
          [33mfill[39m=[32m"none"[39m
          [33mstroke[39m=[32m"currentColor"[39m
          [33mstroke-width[39m=[32m"1.5"[39m
          [33mviewBox[39m=[32m"0 0 24 24"[39m
          [33mxmlns[39m=[32m"http://www.w3.org/2000/svg"[39m
        [36m>[39m
          [36m<path[39m
            [33md[39m=[32m"m14.74 9-.346 9m-4.788 0L9.26 9m9.968-3.21c.342.052.682.107 1.022.166m-1.022-.165L18.16 19.673a2.25 2.25 0 0 1-2.244 2.077H8.084a2.25 2.25 0 0 1-2.244-2.077L4.772 5.79m14.456 0a48.108 48.108 0 0 0-3.478-.397m-12 .562c.34-.059.68-.114 1.022-.165m0 0a48.11 48.11 0 0 1 3.478-.397m7.5 0v-.916c0-1.18-.91-2.164-2.09-2.201a51.964 51.964 0 0 0-3.32 0c-1.18.037-2.09 1.022-2.09 2.201v.916m7.5 0a48.667 48.667 0 0 0-7.5 0"[39m
            [33mstroke-linecap[39m=[32m"round"[39m
            [33mstroke-linejoin[39m=[32m"round"[39m
          [36m/>[39m
        [36m</svg>[39m
      [36m</div>[39m
      [36m<div[39m
        [33manimate[39m=[32m"[object Object]"[39m
        [33mclass[39m=[32m"relative overflow-hidden rounded-2xl shadow-lg touch-manipulation"[39m
        [33mdrag[39m=[32m"x"[39m
        [33mdragconstraints[39m=[32m"[object Object]"[39m
        [33mdragelastic[39m=[32m"0.2"[39m
        [33mstyle[39m=[32m"opacity: 1;"[39m
        [33mtransition[39m=[32m"[object Object]"[39m
      [36m>[39m
        [36m<div[39m
          [33mclass[39m=[32m"relative bg-gradient-to-br from-[#FFB5B5] via-[#FFA5A5] to-[#FF9999] dark:from-pink-600 dark:via-pink-700 dark:to-rose-700 p-6 pb-8"[39m
        [36m>[39m
          [36m<div[39m
            [33mclass[39m=[32m"absolute top-0 right-0 w-32 h-32 bg-white/10 rounded-full -mr-16 -mt-16"[39m
          [36m/>[39m
          [36m<div[39m
            [33mclass[39m=[32m"absolute bottom-0 left-0 w-24 h-24 bg-white/10 rounded-full -ml-12 -mb-12"[39m
          [36m/>[39m
          [36m<div[39m
            [33mclass[39m=[32m"relative flex items-center justify-between mb-4"[39m
          [36m>[39m
            [36m<div[39m
              [33mclass[39m=[32m"flex items-center gap-2"[39m
            [36m>[39m
              [36m<span[39m
                [33mclass[39m=[32m"text-white/90 text-sm font-medium uppercase tracking-wide"[39m
              [36m>[39m
                [0mBOARDING PASS[0m
              [36m</span>[39m
            [36m</div>[39m
            [36m<div[39m
              [33mclass[39m=[32m"relative"[39m
            [36m>[39m
              [36m<button[39m
                [33maria-label[39m=[32m"Menu"[39m
                [33mclass[39m=[32m"p-2 rounded-lg text-white hover:bg-white/20 transition-colors duration-200 focus:outline-none focus:ring-2 focus:ring-white/50 min-w-[44px] min-h-[44px] flex items-center justify-center"[39m
              [36m>[39m
                [36m<svg[39m
                  [33maria-hidden[39m=[32m"true"[39m
                  [33mclass[39m=[32m"w-5 h-5"[39m
                  [33mdata-slot[39m=[32m"icon"[39m
                  [33mfill[39m=[32m"none"[39m
                  [33mstroke[39m=[32m"currentColor"[39m
                  [33mstroke-width[39m=[32m"1.5"[39m
                  [33mviewBox[39m=[32m"0 0 24 24"[39m
                  [33mxmlns[39m=[32m"http://www.w3.org/2000/svg"[39m
                [36m>[39m
                  [36m<path[39m
                    [33md[39m=[32m"M12 6.75a.75.75 0 1 1 0-1.5.75.75 0 0 1 0 1.5ZM12 12.75a.75.75 0 1 1 0-1.5.75.75 0 0 1 0 1.5ZM12 18.75a.75.75 0 1 1 0-1.5.75.75 0 0 1 0 1.5Z"[39m
                    [33mstroke-linecap[39m=[32m"round"[39m
                    [33mstroke-linejoin[39m=[32m"round"[39m
                  [36m/>[39m
                [36m</svg>[39m
              [36m</button>[39m
            [36m</div>[39m
          [36m</div>[39m
          [36m<div[39m
            [33mclass[39m=[32m"relative text-white text-xl font-bold mb-6"[39m
          [36m>[39m
            [0mLos Angeles[0m
            [0m → [0m
            [0mTokyo Narita[0m
          [36m</div>[39m
          [36m<div[39m
            [33mclass[39m=[32m"relative flex items-center justify-between"[39m
          [36m>[39m
            [36m<div[39m
              [33mclass[39m=[32m"flex-1"[39m
            [36m>[39m
              [36m<div[39m
                [33mclass[39m=[32m"text-white text-4xl font-bold mb-1"[39m
              [36m>[39m
                [0mLAX[0m
              [36m</div>[39m
              [36m<div[39m
                [33mclass[39m=[32m"text-white/80 text-xs mb-2"[39m
              [36m>[39m
                [0m出發[0m
              [36m</div>[39m
              [36m<div[39m
                [33mclass[39m=[32m"text-white text-2xl font-semibold"[39m
              [36m>[39m
                [0m10:30 AM[0m
              [36m</div>[39m
            [36m</div>[39m
            [36m<div[39m
              [33mclass[39m=[32m"flex-1 flex flex-col items-center px-4"[39m
            [36m>[39m
              [36m<div[39m
                [33mclass[39m=[32m"text-white text-3xl"[39m
              [36m>[39m
                [0m✈️[0m
              [36m</div>[39m
            [36m</div>[39m
            [36m<div[39m
              [33mclass[39m=[32m"flex-1 text-right"[39m
            [36m>[39m
              [36m<div[39m
                [33mclass[39m=[32m"text-white text-4xl font-bold mb-1"[39m
              [36m>[39m
                [0mNRT[0m
              [36m</div>[39m
              [36m<div[39m
                [33mclass[39m=[32m"text-white/80 text-xs mb-2"[39m
              [36m>[39m
                [0m抵達[0m
              [36m</div>[39m
              [36m<div[39m
                [33mclass[39m=[32m"text-white text-2xl font-semibold"[39m
              [36m>[39m
                [0m3:45 PM[0m
              [36m</div>[39m
            [36m</div>[39m
          [36m</div>[39m
          [36m<div[39m
            [33mclass[39m=[32m"absolute bottom-0 left-0 right-0 h-4 flex items-center justify-center gap-2"[39m
          [36m>[39m
            [36m<div[39m
              [33mclass[39m=[32m"w-1 h-1 rounded-full bg-white/30"[39m
            [36m/>[39m
            [36m<div[39m
              [33mclass[39m=[32m"w-1 h-1 rounded-full bg-white/30"[39m
            [36m/>[39m
            [36m<div[39m
              [33mclass[39m=[32m"w-1 h-1 rounded-full bg-white/30"[39m
            [36m/>[39m
            [36m<div[39m
              [33mclass[39m=[32m"w-1 h-1 rounded-full bg-white/30"[39m
            [36m/>[39m
            [36m<div[39m
              [33mclass[39m=[32m"w-1 h-1 rounded-full bg-white/30"[39m
            [36m/>[39m
            [36m<div[39m
              [33mclass[39m=[32m"w-1 h-1 rounded-full bg-white/30"[39m
            [36m/>[39m
            [36m<div[39m
              [33mclass[39m=[32m"w-1 h-1 rounded-full bg-white/30"[39m
            [36m/>[39m
            [36m<div[39m
              [33mclass[39m=[32m"w-1 h-1 rounded-full bg-white/30"[39m
            [36m/>[39m
            [36m<div[39m
              [33mclass[39m=[32m"w-1 h-1 rounded-full bg-white/30"[39m
            [36m/>[39m
            [36m<div[39m
              [33mclass[39m=[32m"w-1 h-1 rounded-full bg-white/30"[39m
            [36m/>[39m
            [36m<div[39m
              [33mclass[39m=[32m"w-1 h-1 rounded-full bg-white/30"[39m
            [36m/>[39m
            [36m<div[39m
              [33mclass[39m=[32m"w-1 h-1 rounded-full bg-white/30"[39m
            [36m/>[39m
            [36m<div[39m
              [33mclass[39m=[32m"w-1 h-1 rounded-full bg-white/30"[39m
            [36m/>[39m
            [36m<div[39m
              [33mclass[39m=[32m"w-1 h-1 rounded-full bg-white/30"[39m
            [36m/>[39m
            [36m<div[39m
              [33mclass[39m=[32m"w-1 h-1 rounded-full bg-white/30"[39m
            [36m/>[39m
            [36m<div[39m
              [33mclass[39m=[32m"w-1 h-1 rounded-full bg-white/30"[39m
            [36m/>[39m
            [36m<div[39m
              [33mclass[39m=[32m"w-1 h-1 rounded-full bg-white/30"[39m
            [36m/>[39m
            [36m<div[39m
              [33mclass[39m=[32m"w-1 h-1 rounded-full bg-white/30"[39m
            [36m/>[39m
            [36m<div[39m
              [33mclass[39m=[32m"w-1 h-1 rounded-full bg-white/30"[39m
            [36m/>[39m
            [36m<div[39m
              [33mclass[39m=[32m"w-1 h-1 rounded-full bg-white/30"[39m
            [36m/>[39m
          [36m</div>[39m
        [36m</div>[39m
        [36m<div[39m
          [33mclass[39m=[32m"relative bg-[#FFF5E6] dark:bg-kawaii-neutral-800 px-6 py-4"[39m
        [36m>[39m
          [36m<div[39m
            [33mclass[39m=[32m"flex items-center justify-between"[39m
          [36m>[39m
            [36m<div>[39m
              [36m<div[39m
                [33mclass[39m=[32m"text-[#8B7355] dark:text-kawaii-neutral-400 text-xs mb-1"[39m
              [36m>[39m
                [0m航班編號[0m
              [36m</div>[39m
              [36m<div[39m
                [33mclass[39m=[32m"text-[#4A4A4A] dark:text-kawaii-neutral-100 text-lg font-bold"[39m
              [36m>[39m
                [0mNH175[0m
              [36m</div>[39m
            [36m</div>[39m
            [36m<div[39m
              [33mclass[39m=[32m"text-right"[39m
            [36m>[39m
              [36m<div[39m
                [33mclass[39m=[32m"text-[#8B7355] dark:text-kawaii-neutral-400 text-xs mb-1"[39m
              [36m>[39m
                [0m日期[0m
              [36m</div>[39m
              [36m<div[39m
                [33mclass[39m=[32m"text-[#4A4A4A] dark:text-kawaii-neutral-100 text-lg font-bold"[39m
              [36m>[39m
                [0mMarch 15, 2024[0m
              [36m</div>[39m
            [36m</div>[39m
          [36m</div>[39m
        [36m</div>[39m
      [36m</div>[39m
    [36m</div>[39m
  [36m</div>[39m
[36m</body>[39m
 ❯ Object.getElementError ../node_modules/@testing-library/dom/dist/config.js:37:19
 ❯ ../node_modules/@testing-library/dom/dist/query-helpers.js:76:38
 ❯ ../node_modules/@testing-library/dom/dist/query-helpers.js:52:17
 ❯ ../node_modules/@testing-library/dom/dist/query-helpers.js:95:19
 ❯ src/components/kawaii/__tests__/BookingComponents.test.tsx:86:19
     84|     render(<BoardingPassCard booking={mockFlight} />);
     85|     
     86|     expect(screen.getByText('Direct')).toBeInTheDocument();
       |                   ^
     87|   });
     88| 

⎯⎯⎯⎯⎯⎯⎯⎯⎯⎯⎯⎯⎯⎯⎯⎯⎯⎯⎯⎯[111/268]⎯

 FAIL  src/components/kawaii/__tests__/BookingComponents.test.tsx > AccommodationCard > displays confirmation number when provided
TestingLibraryElementError: Unable to find an element with the text: /ABC123456/. This could be because the text is broken up by multiple elements. In this case, you can provide a function for your text matcher to make your matcher more flexible.

Ignored nodes: comments, script, style
[36m<body>[39m
  [36m<div>[39m
    [36m<div[39m
      [33mclass[39m=[32m"relative"[39m
    [36m>[39m
      [36m<div[39m
        [33mclass[39m=[32m"absolute inset-0 flex items-center justify-end px-6 bg-red-500 rounded-2xl"[39m
        [33mstyle[39m=[32m"opacity: 1;"[39m
      [36m>[39m
        [36m<svg[39m
          [33maria-hidden[39m=[32m"true"[39m
          [33mclass[39m=[32m"w-6 h-6 text-white"[39m
          [33mdata-slot[39m=[32m"icon"[39m
          [33mfill[39m=[32m"none"[39m
          [33mstroke[39m=[32m"currentColor"[39m
          [33mstroke-width[39m=[32m"1.5"[39m
          [33mviewBox[39m=[32m"0 0 24 24"[39m
          [33mxmlns[39m=[32m"http://www.w3.org/2000/svg"[39m
        [36m>[39m
          [36m<path[39m
            [33md[39m=[32m"m14.74 9-.346 9m-4.788 0L9.26 9m9.968-3.21c.342.052.682.107 1.022.166m-1.022-.165L18.16 19.673a2.25 2.25 0 0 1-2.244 2.077H8.084a2.25 2.25 0 0 1-2.244-2.077L4.772 5.79m14.456 0a48.108 48.108 0 0 0-3.478-.397m-12 .562c.34-.059.68-.114 1.022-.165m0 0a48.11 48.11 0 0 1 3.478-.397m7.5 0v-.916c0-1.18-.91-2.164-2.09-2.201a51.964 51.964 0 0 0-3.32 0c-1.18.037-2.09 1.022-2.09 2.201v.916m7.5 0a48.667 48.667 0 0 0-7.5 0"[39m
            [33mstroke-linecap[39m=[32m"round"[39m
            [33mstroke-linejoin[39m=[32m"round"[39m
          [36m/>[39m
        [36m</svg>[39m
      [36m</div>[39m
      [36m<div[39m
        [33manimate[39m=[32m"[object Object]"[39m
        [33mclass[39m=[32m"relative overflow-hidden bg-white dark:bg-kawaii-neutral-800 rounded-2xl shadow-lg touch-manipulation"[39m
        [33mdrag[39m=[32m"x"[39m
        [33mdragconstraints[39m=[32m"[object Object]"[39m
        [33mdragelastic[39m=[32m"0.2"[39m
        [33mstyle[39m=[32m"opacity: 1;"[39m
        [33mtransition[39m=[32m"[object Object]"[39m
      [36m>[39m
        [36m<div[39m
          [33mclass[39m=[32m"relative h-48 overflow-hidden"[39m
        [36m>[39m
          [36m<img[39m
            [33malt[39m=[32m"Map of 1-1-1 Marunouchi, Chiyoda-ku, Tokyo"[39m
            [33mclass[39m=[32m"w-full h-full object-cover"[39m
            [33msrc[39m=[32m"https://maps.googleapis.com/maps/api/staticmap?center=1-1-1%20Marunouchi%2C%20Chiyoda-ku%2C%20Tokyo&zoom=15&size=600x300&markers=color:red%7C1-1-1%20Marunouchi%2C%20Chiyoda-ku%2C%20Tokyo&key=AIzaSyBmFCy71VLlgNcbvEQNu2azuSM5flgArE4"[39m
          [36m/>[39m
          [36m<div[39m
            [33mclass[39m=[32m"absolute inset-0 bg-gradient-to-t from-black/40 to-transparent"[39m
          [36m/>[39m
          [36m<div[39m
            [33mclass[39m=[32m"absolute top-3 right-3 bg-white/90 dark:bg-kawaii-neutral-800/90 backdrop-blur-sm px-3 py-1.5 rounded-full flex items-center gap-1.5 shadow-md"[39m
          [36m>[39m
            [36m<svg[39m
              [33maria-hidden[39m=[32m"true"[39m
              [33mclass[39m=[32m"w-4 h-4 text-kawaii-primary-600 dark:text-kawaii-primary-400"[39m
              [33mdata-slot[39m=[32m"icon"[39m
              [33mfill[39m=[32m"none"[39m
              [33mstroke[39m=[32m"currentColor"[39m
              [33mstroke-width[39m=[32m"1.5"[39m
              [33mviewBox[39m=[32m"0 0 24 24"[39m
              [33mxmlns[39m=[32m"http://www.w3.org/2000/svg"[39m
            [36m>[39m
              [36m<path[39m
                [33md[39m=[32m"M15 10.5a3 3 0 1 1-6 0 3 3 0 0 1 6 0Z"[39m
                [33mstroke-linecap[39m=[32m"round"[39m
                [33mstroke-linejoin[39m=[32m"round"[39m
              [36m/>[39m
              [36m<path[39m
                [33md[39m=[32m"M19.5 10.5c0 7.142-7.5 11.25-7.5 11.25S4.5 17.642 4.5 10.5a7.5 7.5 0 1 1 15 0Z"[39m
                [33mstroke-linecap[39m=[32m"round"[39m
                [33mstroke-linejoin[39m=[32m"round"[39m
              [36m/>[39m
            [36m</svg>[39m
            [36m<span[39m
              [33mclass[39m=[32m"text-xs font-medium text-kawaii-neutral-700 dark:text-kawaii-neutral-300"[39m
            [36m>[39m
              [0mMap View[0m
            [36m</span>[39m
          [36m</div>[39m
        [36m</div>[39m
        [36m<div[39m
          [33mclass[39m=[32m"p-5"[39m
        [36m>[39m
          [36m<div[39m
            [33mclass[39m=[32m"flex items-start justify-between gap-3 mb-4"[39m
          [36m>[39m
            [36m<div[39m
              [33mclass[39m=[32m"flex-1 min-w-0"[39m
            [36m>[39m
              [36m<h3[39m
                [33mclass[39m=[32m"text-lg font-bold text-kawaii-neutral-900 dark:text-kawaii-neutral-100 truncate"[39m
              [36m>[39m
                [0mGrand Hotel Tokyo[0m
              [36m</h3>[39m
              [36m<p[39m
                [33mclass[39m=[32m"text-xs text-kawaii-neutral-500 dark:text-kawaii-neutral-400 mt-1"[39m
              [36m>[39m
                [0mbooking.confirmationNumber[0m
              [36m</p>[39m
            [36m</div>[39m
            [36m<div[39m
              [33mclass[39m=[32m"relative flex-shrink-0"[39m
            [36m>[39m
              [36m<button[39m
                [33maria-label[39m=[32m"Menu"[39m
                [33mclass[39m=[32m"p-2 rounded-lg text-kawaii-neutral-600 dark:text-kawaii-neutral-400 hover:bg-kawaii-neutral-100 dark:hover:bg-kawaii-neutral-700 transition-colors duration-200 focus:outline-none focus:ring-2 focus:ring-kawaii-primary-500 min-w-[44px] min-h-[44px] flex items-center justify-center"[39m
              [36m>[39m
                [36m<svg[39m
                  [33maria-hidden[39m=[32m"true"[39m
                  [33mclass[39m=[32m"w-5 h-5"[39m
                  [33mdata-slot[39m=[32m"icon"[39m
                  [33mfill[39m=[32m"none"[39m
                  [33mstroke[39m=[32m"currentColor"[39m
                  [33mstroke-width[39m=[32m"1.5"[39m
                  [33mviewBox[39m=[32m"0 0 24 24"[39m
                  [33mxmlns[39m=[32m"http://www.w3.org/2000/svg"[39m
                [36m>[39m
                  [36m<path[39m
                    [33md[39m=[32m"M12 6.75a.75.75 0 1 1 0-1.5.75.75 0 0 1 0 1.5ZM12 12.75a.75.75 0 1 1 0-1.5.75.75 0 0 1 0 1.5ZM12 18.75a.75.75 0 1 1 0-1.5.75.75 0 0 1 0 1.5Z"[39m
                    [33mstroke-linecap[39m=[32m"round"[39m
                    [33mstroke-linejoin[39m=[32m"round"[39m
                  [36m/>[39m
                [36m</svg>[39m
              [36m</button>[39m
            [36m</div>[39m
          [36m</div>[39m
          [36m<div[39m
            [33mclass[39m=[32m"flex items-start gap-2 mb-4"[39m
          [36m>[39m
            [36m<svg[39m
              [33maria-hidden[39m=[32m"true"[39m
              [33mclass[39m=[32m"w-5 h-5 text-kawaii-neutral-400 dark:text-kawaii-neutral-500 flex-shrink-0 mt-0.5"[39m
              [33mdata-slot[39m=[32m"icon"[39m
              [33mfill[39m=[32m"none"[39m
              [33mstroke[39m=[32m"currentColor"[39m
              [33mstroke-width[39m=[32m"1.5"[39m
              [33mviewBox[39m=[32m"0 0 24 24"[39m
              [33mxmlns[39m=[32m"http://www.w3.org/2000/svg"[39m
            [36m>[39m
              [36m<path[39m
                [33md[39m=[32m"M15 10.5a3 3 0 1 1-6 0 3 3 0 0 1 6 0Z"[39m
                [33mstroke-linecap[39m=[32m"round"[39m
                [33mstroke-linejoin[39m=[32m"round"[39m
              [36m/>[39m
              [36m<path[39m
                [33md[39m=[32m"M19.5 10.5c0 7.142-7.5 11.25-7.5 11.25S4.5 17.642 4.5 10.5a7.5 7.5 0 1 1 15 0Z"[39m
                [33mstroke-linecap[39m=[32m"round"[39m
                [33mstroke-linejoin[39m=[32m"round"[39m
              [36m/>[39m
            [36m</svg>[39m
            [36m<p[39m
              [33mclass[39m=[32m"text-sm text-kawaii-neutral-600 dark:text-kawaii-neutral-300 line-clamp-2"[39m
            [36m>[39m
              [0m1-1-1 Marunouchi, Chiyoda-ku, Tokyo[0m
            [36m</p>[39m
          [36m</div>[39m
          [36m<div[39m
            [33mclass[39m=[32m"flex items-center gap-4"[39m
          [36m>[39m
            [36m<div[39m
              [33mclass[39m=[32m"flex-1"[39m
            [36m>[39m
              [36m<div[39m
                [33mclass[39m=[32m"flex items-center gap-2 mb-1"[39m
              [36m>[39m
                [36m<svg[39m
                  [33maria-hidden[39m=[32m"true"[39m
                  [33mclass[39m=[32m"w-4 h-4 text-kawaii-neutral-400 dark:text-kawaii-neutral-500"[39m
                  [33mdata-slot[39m=[32m"icon"[39m
                  [33mfill[39m=[32m"none"[39m
                  [33mstroke[39m=[32m"currentColor"[39m
                  [33mstroke-width[39m=[32m"1.5"[39m
                  [33mviewBox[39m=[32m"0 0 24 24"[39m
                  [33mxmlns[39m=[32m"http://www.w3.org/2000/svg"[39m
                [36m>[39m
                  [36m<path[39m
                    [33md[39m=[32m"M6.75 3v2.25M17.25 3v2.25M3 18.75V7.5a2.25 2.25 0 0 1 2.25-2.25h13.5A2.25 2.25 0 0 1 21 7.5v11.25m-18 0A2.25 2.25 0 0 0 5.25 21h13.5A2.25 2.25 0 0 0 21 18.75m-18 0v-7.5A2.25 2.25 0 0 1 5.25 9h13.5A2.25 2.25 0 0 1 21 11.25v7.5"[39m
                    [33mstroke-linecap[39m=[32m"round"[39m
                    [33mstroke-linejoin[39m=[32m"round"[39m
                  [36m/>[39m
                [36m</svg>[39m
                [36m<span[39m
                  [33mclass[39m=[32m"text-xs text-kawaii-neutral-500 dark:text-kawaii-neutral-400"[39m
                [36m>[39m
                  [0mbooking.checkIn[0m
                [36m</span>[39m
              [36m</div>[39m
              [36m<p[39m
                [33mclass[39m=[32m"text-sm font-semibold text-kawaii-neutral-900 dark:text-kawaii-neutral-100"[39m
              [36m>[39m
                [0mMarch 15, 2024[0m
              [36m</p>[39m
            [36m</div>[39m
            [36m<div[39m
              [33mclass[39m=[32m"flex-shrink-0 text-kawaii-neutral-300 dark:text-kawaii-neutral-600"[39m
            [36m>[39m
              [36m<svg[39m
                [33mfill[39m=[32m"none"[39m
                [33mheight[39m=[32m"24"[39m
                [33mstroke[39m=[32m"currentColor"[39m
                [33mstroke-linecap[39m=[32m"round"[39m
                [33mstroke-linejoin[39m=[32m"round"[39m
                [33mstroke-width[39m=[32m"2"[39m
                [33mviewBox[39m=[32m"0 0 24 24"[39m
                [33mwidth[39m=[32m"24"[39m
              [36m>[39m
                [36m<path[39m
                  [33md[39m=[32m"M5 12h14M12 5l7 7-7 7"[39m
                [36m/>[39m
              [36m</svg>[39m
            [36m</div>[39m
            [36m<div[39m
              [33mclass[39m=[32m"flex-1"[39m
            [36m>[39m
              [36m<div[39m
                [33mclass[39m=[32m"flex items-center gap-2 mb-1"[39m
              [36m>[39m
                [36m<svg[39m
                  [33maria-hidden[39m=[32m"true"[39m
                  [33mclass[39m=[32m"w-4 h-4 text-kawaii-neutral-400 dark:text-kawaii-neutral-500"[39m
                  [33mdata-slot[39m=[32m"icon"[39m
                  [33mfill[39m=[32m"none"[39m
                  [33mstroke[39m=[32m"currentColor"[39m
                  [33mstroke-width[39m=[32m"1.5"[39m
                  [33mviewBox[39m=[32m"0 0 24 24"[39m
                  [33mxmlns[39m=[32m"http://www.w3.org/2000/svg"[39m
                [36m>[39m
                  [36m<path[39m
                    [33md[39m=[32m"M6.75 3v2.25M17.25 3v2.25M3 18.75V7.5a2.25 2.25 0 0 1 2.25-2.25h13.5A2.25 2.25 0 0 1 21 7.5v11.25m-18 0A2.25 2.25 0 0 0 5.25 21h13.5A2.25 2.25 0 0 0 21 18.75m-18 0v-7.5A2.25 2.25 0 0 1 5.25 9h13.5A2.25 2.25 0 0 1 21 11.25v7.5"[39m
                    [33mstroke-linecap[39m=[32m"round"[39m
                    [33mstroke-linejoin[39m=[32m"round"[39m
                  [36m/>[39m
                [36m</svg>[39m
                [36m<span[39m
                  [33mclass[39m=[32m"text-xs text-kawaii-neutral-500 dark:text-kawaii-neutral-400"[39m
                [36m>[39m
                  [0mbooking.checkOut[0m
                [36m</span>[39m
              [36m</div>[39m
              [36m<p[39m
                [33mclass[39m=[32m"text-sm font-semibold text-kawaii-neutral-900 dark:text-kawaii-neutral-100"[39m
              [36m>[39m
                [0mMarch 20, 2024[0m
              [36m</p>[39m
            [36m</div>[39m
          [36m</div>[39m
          [36m<div[39m
            [33mclass[39m=[32m"mt-4 pt-4 border-t border-kawaii-neutral-200 dark:border-kawaii-neutral-700"[39m
          [36m>[39m
            [36m<p[39m
              [33mclass[39m=[32m"text-sm text-kawaii-neutral-600 dark:text-kawaii-neutral-300 line-clamp-2"[39m
            [36m>[39m
              [0mRoom with city view[0m
            [36m</p>[39m
          [36m</div>[39m
        [36m</div>[39m
      [36m</div>[39m
    [36m</div>[39m
  [36m</div>[39m
[36m</body>[39m
 ❯ Object.getElementError ../node_modules/@testing-library/dom/dist/config.js:37:19
 ❯ ../node_modules/@testing-library/dom/dist/query-helpers.js:76:38
 ❯ ../node_modules/@testing-library/dom/dist/query-helpers.js:52:17
 ❯ ../node_modules/@testing-library/dom/dist/query-helpers.js:95:19
 ❯ src/components/kawaii/__tests__/BookingComponents.test.tsx:160:19
    158|     
    159|     // The component uses t('booking.confirmationNumber', { number: 'A…
    160|     expect(screen.getByText(/ABC123456/)).toBeInTheDocument();
       |                   ^
    161|   });
    162| 

⎯⎯⎯⎯⎯⎯⎯⎯⎯⎯⎯⎯⎯⎯⎯⎯⎯⎯⎯⎯[112/268]⎯

 FAIL  src/components/kawaii/__tests__/BottomNavigation.test.tsx > BottomNavigation > renders all 7 navigation tabs
TestingLibraryElementError: Unable to find a label with the text of: Schedule

Ignored nodes: comments, script, style
[36m<body>[39m
  [36m<div>[39m
    [36m<nav[39m
      [33maria-label[39m=[32m"Bottom navigation"[39m
      [33mclass[39m=[32m"fixed bottom-0 left-0 right-0 z-40 bg-white border-t border-kawaii-neutral-200 dark:bg-kawaii-neutral-900 dark:border-kawaii-neutral-800 shadow-lg"[39m
      [33mrole[39m=[32m"navigation"[39m
      [33mstyle[39m=[32m"padding-bottom: 0px;"[39m
    [36m>[39m
      [36m<div[39m
        [33mclass[39m=[32m"flex items-center h-16 px-2"[39m
        [33mstyle[39m=[32m"justify-content: space-around;"[39m
      [36m>[39m
        [36m<button[39m
          [33maria-current[39m=[32m"page"[39m
          [33maria-label[39m=[32m"navigation.schedule"[39m
          [33mclass[39m=[32m"flex flex-col items-center justify-center min-w-[44px] min-h-[44px] px-2 py-1 rounded-lg touch-manipulation focus:outline-none focus:ring-2 focus:ring-kawaii-primary-500 focus:ring-offset-2 transition-colors duration-200"[39m
          [33mtransition[39m=[32m"[object Object]"[39m
          [33mwhiletap[39m=[32m"[object Object]"[39m
        [36m>[39m
          [36m<div[39m
            [33manimate[39m=[32m"[object Object]"[39m
            [33mclass[39m=[32m"relative"[39m
            [33mtransition[39m=[32m"[object Object]"[39m
          [36m>[39m
            [36m<svg[39m
              [33maria-hidden[39m=[32m"true"[39m
              [33mclass[39m=[32m"w-6 h-6 text-kawaii-primary-600 dark:text-kawaii-primary-400"[39m
              [33mdata-slot[39m=[32m"icon"[39m
              [33mfill[39m=[32m"currentColor"[39m
              [33mviewBox[39m=[32m"0 0 24 24"[39m
              [33mxmlns[39m=[32m"http://www.w3.org/2000/svg"[39m
            [36m>[39m
              [36m<path[39m
                [33md[39m=[32m"M12.75 12.75a.75.75 0 1 1-1.5 0 .75.75 0 0 1 1.5 0ZM7.5 15.75a.75.75 0 1 0 0-1.5.75.75 0 0 0 0 1.5ZM8.25 17.25a.75.75 0 1 1-1.5 0 .75.75 0 0 1 1.5 0ZM9.75 15.75a.75.75 0 1 0 0-1.5.75.75 0 0 0 0 1.5ZM10.5 17.25a.75.75 0 1 1-1.5 0 .75.75 0 0 1 1.5 0ZM12 15.75a.75.75 0 1 0 0-1.5.75.75 0 0 0 0 1.5ZM12.75 17.25a.75.75 0 1 1-1.5 0 .75.75 0 0 1 1.5 0ZM14.25 15.75a.75.75 0 1 0 0-1.5.75.75 0 0 0 0 1.5ZM15 17.25a.75.75 0 1 1-1.5 0 .75.75 0 0 1 1.5 0ZM16.5 15.75a.75.75 0 1 0 0-1.5.75.75 0 0 0 0 1.5ZM15 12.75a.75.75 0 1 1-1.5 0 .75.75 0 0 1 1.5 0ZM16.5 13.5a.75.75 0 1 0 0-1.5.75.75 0 0 0 0 1.5Z"[39m
              [36m/>[39m
              [36m<path[39m
                [33mclip-rule[39m=[32m"evenodd"[39m
                [33md[39m=[32m"M6.75 2.25A.75.75 0 0 1 7.5 3v1.5h9V3A.75.75 0 0 1 18 3v1.5h.75a3 3 0 0 1 3 3v11.25a3 3 0 0 1-3 3H5.25a3 3 0 0 1-3-3V7.5a3 3 0 0 1 3-3H6V3a.75.75 0 0 1 .75-.75Zm13.5 9a1.5 1.5 0 0 0-1.5-1.5H5.25a1.5 1.5 0 0 0-1.5 1.5v7.5a1.5 1.5 0 0 0 1.5 1.5h13.5a1.5 1.5 0 0 0 1.5-1.5v-7.5Z"[39m
                [33mfill-rule[39m=[32m"evenodd"[39m
              [36m/>[39m
            [36m</svg>[39m
          [36m</div>[39m
          [36m<span[39m
            [33manimate[39m=[32m"[object Object]"[39m
            [33mclass[39m=[32m"text-[10px] font-medium mt-0.5 whitespace-nowrap text-kawaii-primary-600 dark:text-kawaii-primary-400"[39m
          [36m>[39m
            [0mnavigation.schedule[0m
          [36m</span>[39m
          [36m<div[39m
            [33mclass[39m=[32m"absolute bottom-0 left-1/2 w-12 h-1 bg-kawaii-primary-600 dark:bg-kawaii-primary-400 rounded-t-full"[39m
            [33mlayoutid[39m=[32m"activeTab"[39m
            [33mtransition[39m=[32m"[object Object]"[39m
          [36m/>[39m
        [36m</button>[39m
        [36m<button[39m
          [33maria-label[39m=[32m"navigation.booking"[39m
          [33mclass[39m=[32m"flex flex-col items-center justify-center min-w-[44px] min-h-[44px] px-2 py-1 rounded-lg touch-manipulation focus:outline-none focus:ring-2 focus:ring-kawaii-primary-500 focus:ring-offset-2 transition-colors duration-200"[39m
          [33mtransition[39m=[32m"[object Object]"[39m
          [33mwhiletap[39m=[32m"[object Object]"[39m
        [36m>[39m
          [36m<div[39m
            [33manimate[39m=[32m"[object Object]"[39m
            [33mclass[39m=[32m"relative"[39m
            [33mtransition[39m=[32m"[object Object]"[39m
          [36m>[39m
            [36m<svg[39m
              [33maria-hidden[39m=[32m"true"[39m
              [33mclass[39m=[32m"w-6 h-6 text-kawaii-neutral-500 dark:text-kawaii-neutral-400"[39m
              [33mdata-slot[39m=[32m"icon"[39m
              [33mfill[39m=[32m"none"[39m
              [33mstroke[39m=[32m"currentColor"[39m
              [33mstroke-width[39m=[32m"1.5"[39m
              [33mviewBox[39m=[32m"0 0 24 24"[39m
              [33mxmlns[39m=[32m"http://www.w3.org/2000/svg"[39m
            [36m>[39m
              [36m<path[39m
                [33md[39m=[32m"M16.5 6v.75m0 3v.75m0 3v.75m0 3V18m-9-5.25h5.25M7.5 15h3M3.375 5.25c-.621 0-1.125.504-1.125 1.125v3.026a2.999 2.999 0 0 1 0 5.198v3.026c0 .621.504 1.125 1.125 1.125h17.25c.621 0 1.125-.504 1.125-1.125v-3.026a2.999 2.999 0 0 1 0-5.198V6.375c0-.621-.504-1.125-1.125-1.125H3.375Z"[39m
                [33mstroke-linecap[39m=[32m"round"[39m
                [33mstroke-linejoin[39m=[32m"round"[39m
              [36m/>[39m
            [36m</svg>[39m
          [36m</div>[39m
          [36m<span[39m
            [33manimate[39m=[32m"[object Object]"[39m
            [33mclass[39m=[32m"text-[10px] font-medium mt-0.5 whitespace-nowrap text-kawaii-neutral-500 dark:text-kawaii-neutral-400"[39m
          [36m>[39m
            [0mnavigation.booking[0m
          [36m</span>[39m
        [36m</button>[39m
        [36m<button[39m
          [33maria-label[39m=[32m"navigation.budget"[39m
          [33mclass[39m=[32m"flex flex-col items-center justify-center min-w-[44px] min-h-[44px] px-2 py-1 rounded-lg touch-manipulation focus:outline-none focus:ring-2 focus:ring-kawaii-primary-500 focus:ring-offset-2 transition-colors duration-200"[39m
          [33mtransition[39m=[32m"[object Object]"[39m
          [33mwhiletap[39m=[32m"[object Object]"[39m
        [36m>[39m
          [36m<div[39m
            [33manimate[39m=[32m"[object Object]"[39m
            [33mclass[39m=[32m"relative"[39m
            [33mtransition[39m=[32m"[object Object]"[39m
          [36m>[39m
            [36m<svg[39m
              [33maria-hidden[39m=[32m"true"[39m
              [33mclass[39m=[32m"w-6 h-6 text-kawaii-neutral-500 dark:text-kawaii-neutral-400"[39m
              [33mdata-slot[39m=[32m"icon"[39m
              [33mfill[39m=[32m"none"[39m
              [33mstroke[39m=[32m"currentColor"[39m
              [33mstroke-width[39m=[32m"1.5"[39m
              [33mviewBox[39m=[32m"0 0 24 24"[39m
              [33mxmlns[39m=[32m"http://www.w3.org/2000/svg"[39m
            [36m>[39m
      ...
 ❯ Object.getElementError ../node_modules/@testing-library/dom/dist/config.js:37:19
 ❯ getAllByLabelText ../node_modules/@testing-library/dom/dist/queries/label-text.js:111:38
 ❯ ../node_modules/@testing-library/dom/dist/query-helpers.js:52:17
 ❯ ../node_modules/@testing-library/dom/dist/query-helpers.js:95:19
 ❯ src/components/kawaii/__tests__/BottomNavigation.test.tsx:43:19
     41|     renderWithRouter(<BottomNavigation />);
     42| 
     43|     expect(screen.getByLabelText('Schedule')).toBeInTheDocument();
       |                   ^
     44|     expect(screen.getByLabelText('Booking')).toBeInTheDocument();
     45|     expect(screen.getByLabelText('Budget')).toBeInTheDocument();

⎯⎯⎯⎯⎯⎯⎯⎯⎯⎯⎯⎯⎯⎯⎯⎯⎯⎯⎯⎯[113/268]⎯

 FAIL  src/components/kawaii/__tests__/BottomNavigation.test.tsx > BottomNavigation > renders tab labels
TestingLibraryElementError: Unable to find an element with the text: Schedule. This could be because the text is broken up by multiple elements. In this case, you can provide a function for your text matcher to make your matcher more flexible.

Ignored nodes: comments, script, style
[36m<body>[39m
  [36m<div>[39m
    [36m<nav[39m
      [33maria-label[39m=[32m"Bottom navigation"[39m
      [33mclass[39m=[32m"fixed bottom-0 left-0 right-0 z-40 bg-white border-t border-kawaii-neutral-200 dark:bg-kawaii-neutral-900 dark:border-kawaii-neutral-800 shadow-lg"[39m
      [33mrole[39m=[32m"navigation"[39m
      [33mstyle[39m=[32m"padding-bottom: 0px;"[39m
    [36m>[39m
      [36m<div[39m
        [33mclass[39m=[32m"flex items-center h-16 px-2"[39m
        [33mstyle[39m=[32m"justify-content: space-around;"[39m
      [36m>[39m
        [36m<button[39m
          [33maria-current[39m=[32m"page"[39m
          [33maria-label[39m=[32m"navigation.schedule"[39m
          [33mclass[39m=[32m"flex flex-col items-center justify-center min-w-[44px] min-h-[44px] px-2 py-1 rounded-lg touch-manipulation focus:outline-none focus:ring-2 focus:ring-kawaii-primary-500 focus:ring-offset-2 transition-colors duration-200"[39m
          [33mtransition[39m=[32m"[object Object]"[39m
          [33mwhiletap[39m=[32m"[object Object]"[39m
        [36m>[39m
          [36m<div[39m
            [33manimate[39m=[32m"[object Object]"[39m
            [33mclass[39m=[32m"relative"[39m
            [33mtransition[39m=[32m"[object Object]"[39m
          [36m>[39m
            [36m<svg[39m
              [33maria-hidden[39m=[32m"true"[39m
              [33mclass[39m=[32m"w-6 h-6 text-kawaii-primary-600 dark:text-kawaii-primary-400"[39m
              [33mdata-slot[39m=[32m"icon"[39m
              [33mfill[39m=[32m"currentColor"[39m
              [33mviewBox[39m=[32m"0 0 24 24"[39m
              [33mxmlns[39m=[32m"http://www.w3.org/2000/svg"[39m
            [36m>[39m
              [36m<path[39m
                [33md[39m=[32m"M12.75 12.75a.75.75 0 1 1-1.5 0 .75.75 0 0 1 1.5 0ZM7.5 15.75a.75.75 0 1 0 0-1.5.75.75 0 0 0 0 1.5ZM8.25 17.25a.75.75 0 1 1-1.5 0 .75.75 0 0 1 1.5 0ZM9.75 15.75a.75.75 0 1 0 0-1.5.75.75 0 0 0 0 1.5ZM10.5 17.25a.75.75 0 1 1-1.5 0 .75.75 0 0 1 1.5 0ZM12 15.75a.75.75 0 1 0 0-1.5.75.75 0 0 0 0 1.5ZM12.75 17.25a.75.75 0 1 1-1.5 0 .75.75 0 0 1 1.5 0ZM14.25 15.75a.75.75 0 1 0 0-1.5.75.75 0 0 0 0 1.5ZM15 17.25a.75.75 0 1 1-1.5 0 .75.75 0 0 1 1.5 0ZM16.5 15.75a.75.75 0 1 0 0-1.5.75.75 0 0 0 0 1.5ZM15 12.75a.75.75 0 1 1-1.5 0 .75.75 0 0 1 1.5 0ZM16.5 13.5a.75.75 0 1 0 0-1.5.75.75 0 0 0 0 1.5Z"[39m
              [36m/>[39m
              [36m<path[39m
                [33mclip-rule[39m=[32m"evenodd"[39m
                [33md[39m=[32m"M6.75 2.25A.75.75 0 0 1 7.5 3v1.5h9V3A.75.75 0 0 1 18 3v1.5h.75a3 3 0 0 1 3 3v11.25a3 3 0 0 1-3 3H5.25a3 3 0 0 1-3-3V7.5a3 3 0 0 1 3-3H6V3a.75.75 0 0 1 .75-.75Zm13.5 9a1.5 1.5 0 0 0-1.5-1.5H5.25a1.5 1.5 0 0 0-1.5 1.5v7.5a1.5 1.5 0 0 0 1.5 1.5h13.5a1.5 1.5 0 0 0 1.5-1.5v-7.5Z"[39m
                [33mfill-rule[39m=[32m"evenodd"[39m
              [36m/>[39m
            [36m</svg>[39m
          [36m</div>[39m
          [36m<span[39m
            [33manimate[39m=[32m"[object Object]"[39m
            [33mclass[39m=[32m"text-[10px] font-medium mt-0.5 whitespace-nowrap text-kawaii-primary-600 dark:text-kawaii-primary-400"[39m
          [36m>[39m
            [0mnavigation.schedule[0m
          [36m</span>[39m
          [36m<div[39m
            [33mclass[39m=[32m"absolute bottom-0 left-1/2 w-12 h-1 bg-kawaii-primary-600 dark:bg-kawaii-primary-400 rounded-t-full"[39m
            [33mlayoutid[39m=[32m"activeTab"[39m
            [33mtransition[39m=[32m"[object Object]"[39m
          [36m/>[39m
        [36m</button>[39m
        [36m<button[39m
          [33maria-label[39m=[32m"navigation.booking"[39m
          [33mclass[39m=[32m"flex flex-col items-center justify-center min-w-[44px] min-h-[44px] px-2 py-1 rounded-lg touch-manipulation focus:outline-none focus:ring-2 focus:ring-kawaii-primary-500 focus:ring-offset-2 transition-colors duration-200"[39m
          [33mtransition[39m=[32m"[object Object]"[39m
          [33mwhiletap[39m=[32m"[object Object]"[39m
        [36m>[39m
          [36m<div[39m
            [33manimate[39m=[32m"[object Object]"[39m
            [33mclass[39m=[32m"relative"[39m
            [33mtransition[39m=[32m"[object Object]"[39m
          [36m>[39m
            [36m<svg[39m
              [33maria-hidden[39m=[32m"true"[39m
              [33mclass[39m=[32m"w-6 h-6 text-kawaii-neutral-500 dark:text-kawaii-neutral-400"[39m
              [33mdata-slot[39m=[32m"icon"[39m
              [33mfill[39m=[32m"none"[39m
              [33mstroke[39m=[32m"currentColor"[39m
              [33mstroke-width[39m=[32m"1.5"[39m
              [33mviewBox[39m=[32m"0 0 24 24"[39m
              [33mxmlns[39m=[32m"http://www.w3.org/2000/svg"[39m
            [36m>[39m
              [36m<path[39m
                [33md[39m=[32m"M16.5 6v.75m0 3v.75m0 3v.75m0 3V18m-9-5.25h5.25M7.5 15h3M3.375 5.25c-.621 0-1.125.504-1.125 1.125v3.026a2.999 2.999 0 0 1 0 5.198v3.026c0 .621.504 1.125 1.125 1.125h17.25c.621 0 1.125-.504 1.125-1.125v-3.026a2.999 2.999 0 0 1 0-5.198V6.375c0-.621-.504-1.125-1.125-1.125H3.375Z"[39m
                [33mstroke-linecap[39m=[32m"round"[39m
                [33mstroke-linejoin[39m=[32m"round"[39m
              [36m/>[39m
            [36m</svg>[39m
          [36m</div>[39m
          [36m<span[39m
            [33manimate[39m=[32m"[object Object]"[39m
            [33mclass[39m=[32m"text-[10px] font-medium mt-0.5 whitespace-nowrap text-kawaii-neutral-500 dark:text-kawaii-neutral-400"[39m
          [36m>[39m
            [0mnavigation.booking[0m
          [36m</span>[39m
        [36m</button>[39m
        [36m<button[39m
          [33maria-label[39m=[32m"navigation.budget"[39m
          [33mclass[39m=[32m"flex flex-col items-center justify-center min-w-[44px] min-h-[44px] px-2 py-1 rounded-lg touch-manipulation focus:outline-none focus:ring-2 focus:ring-kawaii-primary-500 focus:ring-offset-2 transition-colors duration-200"[39m
          [33mtransition[39m=[32m"[object Object]"[39m
          [33mwhiletap[39m=[32m"[object Object]"[39m
        [36m>[39m
          [36m<div[39m
            [33manimate[39m=[32m"[object Object]"[39m
            [33mclass[39m=[32m"relative"[39m
            [33mtransition[39m=[32m"[object Object]"[39m
          [36m>[39m
            [36m<svg[39m
              [33maria-hidden[39m=[32m"true"[39m
              [33mclass[39m=[32m"w-6 h-6 text-kawaii-neutral-500 dark:text-kawaii-neutral-400"[39m
              [33mdata-slot[39m=[32m"icon"[39m
              [33mfill[39m=[32m"none"[39m
              [33mstroke[39m=[32m"currentColor"[39m
              [33mstroke-width[39m=[32m"1.5"[39m
              [33mviewBox[39m=[32m"0 0 24 24"[39m
              [33mxmlns[39m=[32m"http://www.w3.org/2000/svg"[39m
            [36m>[39m
      ...
 ❯ Object.getElementError ../node_modules/@testing-library/dom/dist/config.js:37:19
 ❯ ../node_modules/@testing-library/dom/dist/query-helpers.js:76:38
 ❯ ../node_modules/@testing-library/dom/dist/query-helpers.js:52:17
 ❯ ../node_modules/@testing-library/dom/dist/query-helpers.js:95:19
 ❯ src/components/kawaii/__tests__/BottomNavigation.test.tsx:55:19
     53|     renderWithRouter(<BottomNavigation />);
     54| 
     55|     expect(screen.getByText('Schedule')).toBeInTheDocument();
       |                   ^
     56|     expect(screen.getByText('Booking')).toBeInTheDocument();
     57|     expect(screen.getByText('Budget')).toBeInTheDocument();

⎯⎯⎯⎯⎯⎯⎯⎯⎯⎯⎯⎯⎯⎯⎯⎯⎯⎯⎯⎯[114/268]⎯

 FAIL  src/components/kawaii/__tests__/BottomNavigation.test.tsx > BottomNavigation > highlights the active tab
TestingLibraryElementError: Unable to find a label with the text of: Schedule

Ignored nodes: comments, script, style
[36m<body>[39m
  [36m<div>[39m
    [36m<nav[39m
      [33maria-label[39m=[32m"Bottom navigation"[39m
      [33mclass[39m=[32m"fixed bottom-0 left-0 right-0 z-40 bg-white border-t border-kawaii-neutral-200 dark:bg-kawaii-neutral-900 dark:border-kawaii-neutral-800 shadow-lg"[39m
      [33mrole[39m=[32m"navigation"[39m
      [33mstyle[39m=[32m"padding-bottom: 0px;"[39m
    [36m>[39m
      [36m<div[39m
        [33mclass[39m=[32m"flex items-center h-16 px-2"[39m
        [33mstyle[39m=[32m"justify-content: space-around;"[39m
      [36m>[39m
        [36m<button[39m
          [33maria-current[39m=[32m"page"[39m
          [33maria-label[39m=[32m"navigation.schedule"[39m
          [33mclass[39m=[32m"flex flex-col items-center justify-center min-w-[44px] min-h-[44px] px-2 py-1 rounded-lg touch-manipulation focus:outline-none focus:ring-2 focus:ring-kawaii-primary-500 focus:ring-offset-2 transition-colors duration-200"[39m
          [33mtransition[39m=[32m"[object Object]"[39m
          [33mwhiletap[39m=[32m"[object Object]"[39m
        [36m>[39m
          [36m<div[39m
            [33manimate[39m=[32m"[object Object]"[39m
            [33mclass[39m=[32m"relative"[39m
            [33mtransition[39m=[32m"[object Object]"[39m
          [36m>[39m
            [36m<svg[39m
              [33maria-hidden[39m=[32m"true"[39m
              [33mclass[39m=[32m"w-6 h-6 text-kawaii-primary-600 dark:text-kawaii-primary-400"[39m
              [33mdata-slot[39m=[32m"icon"[39m
              [33mfill[39m=[32m"currentColor"[39m
              [33mviewBox[39m=[32m"0 0 24 24"[39m
              [33mxmlns[39m=[32m"http://www.w3.org/2000/svg"[39m
            [36m>[39m
              [36m<path[39m
                [33md[39m=[32m"M12.75 12.75a.75.75 0 1 1-1.5 0 .75.75 0 0 1 1.5 0ZM7.5 15.75a.75.75 0 1 0 0-1.5.75.75 0 0 0 0 1.5ZM8.25 17.25a.75.75 0 1 1-1.5 0 .75.75 0 0 1 1.5 0ZM9.75 15.75a.75.75 0 1 0 0-1.5.75.75 0 0 0 0 1.5ZM10.5 17.25a.75.75 0 1 1-1.5 0 .75.75 0 0 1 1.5 0ZM12 15.75a.75.75 0 1 0 0-1.5.75.75 0 0 0 0 1.5ZM12.75 17.25a.75.75 0 1 1-1.5 0 .75.75 0 0 1 1.5 0ZM14.25 15.75a.75.75 0 1 0 0-1.5.75.75 0 0 0 0 1.5ZM15 17.25a.75.75 0 1 1-1.5 0 .75.75 0 0 1 1.5 0ZM16.5 15.75a.75.75 0 1 0 0-1.5.75.75 0 0 0 0 1.5ZM15 12.75a.75.75 0 1 1-1.5 0 .75.75 0 0 1 1.5 0ZM16.5 13.5a.75.75 0 1 0 0-1.5.75.75 0 0 0 0 1.5Z"[39m
              [36m/>[39m
              [36m<path[39m
                [33mclip-rule[39m=[32m"evenodd"[39m
                [33md[39m=[32m"M6.75 2.25A.75.75 0 0 1 7.5 3v1.5h9V3A.75.75 0 0 1 18 3v1.5h.75a3 3 0 0 1 3 3v11.25a3 3 0 0 1-3 3H5.25a3 3 0 0 1-3-3V7.5a3 3 0 0 1 3-3H6V3a.75.75 0 0 1 .75-.75Zm13.5 9a1.5 1.5 0 0 0-1.5-1.5H5.25a1.5 1.5 0 0 0-1.5 1.5v7.5a1.5 1.5 0 0 0 1.5 1.5h13.5a1.5 1.5 0 0 0 1.5-1.5v-7.5Z"[39m
                [33mfill-rule[39m=[32m"evenodd"[39m
              [36m/>[39m
            [36m</svg>[39m
          [36m</div>[39m
          [36m<span[39m
            [33manimate[39m=[32m"[object Object]"[39m
            [33mclass[39m=[32m"text-[10px] font-medium mt-0.5 whitespace-nowrap text-kawaii-primary-600 dark:text-kawaii-primary-400"[39m
          [36m>[39m
            [0mnavigation.schedule[0m
          [36m</span>[39m
          [36m<div[39m
            [33mclass[39m=[32m"absolute bottom-0 left-1/2 w-12 h-1 bg-kawaii-primary-600 dark:bg-kawaii-primary-400 rounded-t-full"[39m
            [33mlayoutid[39m=[32m"activeTab"[39m
            [33mtransition[39m=[32m"[object Object]"[39m
          [36m/>[39m
        [36m</button>[39m
        [36m<button[39m
          [33maria-label[39m=[32m"navigation.booking"[39m
          [33mclass[39m=[32m"flex flex-col items-center justify-center min-w-[44px] min-h-[44px] px-2 py-1 rounded-lg touch-manipulation focus:outline-none focus:ring-2 focus:ring-kawaii-primary-500 focus:ring-offset-2 transition-colors duration-200"[39m
          [33mtransition[39m=[32m"[object Object]"[39m
          [33mwhiletap[39m=[32m"[object Object]"[39m
        [36m>[39m
          [36m<div[39m
            [33manimate[39m=[32m"[object Object]"[39m
            [33mclass[39m=[32m"relative"[39m
            [33mtransition[39m=[32m"[object Object]"[39m
          [36m>[39m
            [36m<svg[39m
              [33maria-hidden[39m=[32m"true"[39m
              [33mclass[39m=[32m"w-6 h-6 text-kawaii-neutral-500 dark:text-kawaii-neutral-400"[39m
              [33mdata-slot[39m=[32m"icon"[39m
              [33mfill[39m=[32m"none"[39m
              [33mstroke[39m=[32m"currentColor"[39m
              [33mstroke-width[39m=[32m"1.5"[39m
              [33mviewBox[39m=[32m"0 0 24 24"[39m
              [33mxmlns[39m=[32m"http://www.w3.org/2000/svg"[39m
            [36m>[39m
              [36m<path[39m
                [33md[39m=[32m"M16.5 6v.75m0 3v.75m0 3v.75m0 3V18m-9-5.25h5.25M7.5 15h3M3.375 5.25c-.621 0-1.125.504-1.125 1.125v3.026a2.999 2.999 0 0 1 0 5.198v3.026c0 .621.504 1.125 1.125 1.125h17.25c.621 0 1.125-.504 1.125-1.125v-3.026a2.999 2.999 0 0 1 0-5.198V6.375c0-.621-.504-1.125-1.125-1.125H3.375Z"[39m
                [33mstroke-linecap[39m=[32m"round"[39m
                [33mstroke-linejoin[39m=[32m"round"[39m
              [36m/>[39m
            [36m</svg>[39m
          [36m</div>[39m
          [36m<span[39m
            [33manimate[39m=[32m"[object Object]"[39m
            [33mclass[39m=[32m"text-[10px] font-medium mt-0.5 whitespace-nowrap text-kawaii-neutral-500 dark:text-kawaii-neutral-400"[39m
          [36m>[39m
            [0mnavigation.booking[0m
          [36m</span>[39m
        [36m</button>[39m
        [36m<button[39m
          [33maria-label[39m=[32m"navigation.budget"[39m
          [33mclass[39m=[32m"flex flex-col items-center justify-center min-w-[44px] min-h-[44px] px-2 py-1 rounded-lg touch-manipulation focus:outline-none focus:ring-2 focus:ring-kawaii-primary-500 focus:ring-offset-2 transition-colors duration-200"[39m
          [33mtransition[39m=[32m"[object Object]"[39m
          [33mwhiletap[39m=[32m"[object Object]"[39m
        [36m>[39m
          [36m<div[39m
            [33manimate[39m=[32m"[object Object]"[39m
            [33mclass[39m=[32m"relative"[39m
            [33mtransition[39m=[32m"[object Object]"[39m
          [36m>[39m
            [36m<svg[39m
              [33maria-hidden[39m=[32m"true"[39m
              [33mclass[39m=[32m"w-6 h-6 text-kawaii-neutral-500 dark:text-kawaii-neutral-400"[39m
              [33mdata-slot[39m=[32m"icon"[39m
              [33mfill[39m=[32m"none"[39m
              [33mstroke[39m=[32m"currentColor"[39m
              [33mstroke-width[39m=[32m"1.5"[39m
              [33mviewBox[39m=[32m"0 0 24 24"[39m
              [33mxmlns[39m=[32m"http://www.w3.org/2000/svg"[39m
            [36m>[39m
      ...
 ❯ Object.getElementError ../node_modules/@testing-library/dom/dist/config.js:37:19
 ❯ getAllByLabelText ../node_modules/@testing-library/dom/dist/queries/label-text.js:111:38
 ❯ ../node_modules/@testing-library/dom/dist/query-helpers.js:52:17
 ❯ ../node_modules/@testing-library/dom/dist/query-helpers.js:95:19
 ❯ src/components/kawaii/__tests__/BottomNavigation.test.tsx:67:35
     65|     renderWithRouter(<BottomNavigation activeTab="schedule" />);
     66| 
     67|     const scheduleButton = screen.getByLabelText('Schedule');
       |                                   ^
     68|     expect(scheduleButton).toHaveAttribute('aria-current', 'page');
     69|   });

⎯⎯⎯⎯⎯⎯⎯⎯⎯⎯⎯⎯⎯⎯⎯⎯⎯⎯⎯⎯[115/268]⎯

 FAIL  src/components/kawaii/__tests__/BottomNavigation.test.tsx > BottomNavigation > calls onTabChange when a tab is clicked
TestingLibraryElementError: Unable to find a label with the text of: Booking

Ignored nodes: comments, script, style
[36m<body>[39m
  [36m<div>[39m
    [36m<nav[39m
      [33maria-label[39m=[32m"Bottom navigation"[39m
      [33mclass[39m=[32m"fixed bottom-0 left-0 right-0 z-40 bg-white border-t border-kawaii-neutral-200 dark:bg-kawaii-neutral-900 dark:border-kawaii-neutral-800 shadow-lg"[39m
      [33mrole[39m=[32m"navigation"[39m
      [33mstyle[39m=[32m"padding-bottom: 0px;"[39m
    [36m>[39m
      [36m<div[39m
        [33mclass[39m=[32m"flex items-center h-16 px-2"[39m
        [33mstyle[39m=[32m"justify-content: space-around;"[39m
      [36m>[39m
        [36m<button[39m
          [33maria-current[39m=[32m"page"[39m
          [33maria-label[39m=[32m"navigation.schedule"[39m
          [33mclass[39m=[32m"flex flex-col items-center justify-center min-w-[44px] min-h-[44px] px-2 py-1 rounded-lg touch-manipulation focus:outline-none focus:ring-2 focus:ring-kawaii-primary-500 focus:ring-offset-2 transition-colors duration-200"[39m
          [33mtransition[39m=[32m"[object Object]"[39m
          [33mwhiletap[39m=[32m"[object Object]"[39m
        [36m>[39m
          [36m<div[39m
            [33manimate[39m=[32m"[object Object]"[39m
            [33mclass[39m=[32m"relative"[39m
            [33mtransition[39m=[32m"[object Object]"[39m
          [36m>[39m
            [36m<svg[39m
              [33maria-hidden[39m=[32m"true"[39m
              [33mclass[39m=[32m"w-6 h-6 text-kawaii-primary-600 dark:text-kawaii-primary-400"[39m
              [33mdata-slot[39m=[32m"icon"[39m
              [33mfill[39m=[32m"currentColor"[39m
              [33mviewBox[39m=[32m"0 0 24 24"[39m
              [33mxmlns[39m=[32m"http://www.w3.org/2000/svg"[39m
            [36m>[39m
              [36m<path[39m
                [33md[39m=[32m"M12.75 12.75a.75.75 0 1 1-1.5 0 .75.75 0 0 1 1.5 0ZM7.5 15.75a.75.75 0 1 0 0-1.5.75.75 0 0 0 0 1.5ZM8.25 17.25a.75.75 0 1 1-1.5 0 .75.75 0 0 1 1.5 0ZM9.75 15.75a.75.75 0 1 0 0-1.5.75.75 0 0 0 0 1.5ZM10.5 17.25a.75.75 0 1 1-1.5 0 .75.75 0 0 1 1.5 0ZM12 15.75a.75.75 0 1 0 0-1.5.75.75 0 0 0 0 1.5ZM12.75 17.25a.75.75 0 1 1-1.5 0 .75.75 0 0 1 1.5 0ZM14.25 15.75a.75.75 0 1 0 0-1.5.75.75 0 0 0 0 1.5ZM15 17.25a.75.75 0 1 1-1.5 0 .75.75 0 0 1 1.5 0ZM16.5 15.75a.75.75 0 1 0 0-1.5.75.75 0 0 0 0 1.5ZM15 12.75a.75.75 0 1 1-1.5 0 .75.75 0 0 1 1.5 0ZM16.5 13.5a.75.75 0 1 0 0-1.5.75.75 0 0 0 0 1.5Z"[39m
              [36m/>[39m
              [36m<path[39m
                [33mclip-rule[39m=[32m"evenodd"[39m
                [33md[39m=[32m"M6.75 2.25A.75.75 0 0 1 7.5 3v1.5h9V3A.75.75 0 0 1 18 3v1.5h.75a3 3 0 0 1 3 3v11.25a3 3 0 0 1-3 3H5.25a3 3 0 0 1-3-3V7.5a3 3 0 0 1 3-3H6V3a.75.75 0 0 1 .75-.75Zm13.5 9a1.5 1.5 0 0 0-1.5-1.5H5.25a1.5 1.5 0 0 0-1.5 1.5v7.5a1.5 1.5 0 0 0 1.5 1.5h13.5a1.5 1.5 0 0 0 1.5-1.5v-7.5Z"[39m
                [33mfill-rule[39m=[32m"evenodd"[39m
              [36m/>[39m
            [36m</svg>[39m
          [36m</div>[39m
          [36m<span[39m
            [33manimate[39m=[32m"[object Object]"[39m
            [33mclass[39m=[32m"text-[10px] font-medium mt-0.5 whitespace-nowrap text-kawaii-primary-600 dark:text-kawaii-primary-400"[39m
          [36m>[39m
            [0mnavigation.schedule[0m
          [36m</span>[39m
          [36m<div[39m
            [33mclass[39m=[32m"absolute bottom-0 left-1/2 w-12 h-1 bg-kawaii-primary-600 dark:bg-kawaii-primary-400 rounded-t-full"[39m
            [33mlayoutid[39m=[32m"activeTab"[39m
            [33mtransition[39m=[32m"[object Object]"[39m
          [36m/>[39m
        [36m</button>[39m
        [36m<button[39m
          [33maria-label[39m=[32m"navigation.booking"[39m
          [33mclass[39m=[32m"flex flex-col items-center justify-center min-w-[44px] min-h-[44px] px-2 py-1 rounded-lg touch-manipulation focus:outline-none focus:ring-2 focus:ring-kawaii-primary-500 focus:ring-offset-2 transition-colors duration-200"[39m
          [33mtransition[39m=[32m"[object Object]"[39m
          [33mwhiletap[39m=[32m"[object Object]"[39m
        [36m>[39m
          [36m<div[39m
            [33manimate[39m=[32m"[object Object]"[39m
            [33mclass[39m=[32m"relative"[39m
            [33mtransition[39m=[32m"[object Object]"[39m
          [36m>[39m
            [36m<svg[39m
              [33maria-hidden[39m=[32m"true"[39m
              [33mclass[39m=[32m"w-6 h-6 text-kawaii-neutral-500 dark:text-kawaii-neutral-400"[39m
              [33mdata-slot[39m=[32m"icon"[39m
              [33mfill[39m=[32m"none"[39m
              [33mstroke[39m=[32m"currentColor"[39m
              [33mstroke-width[39m=[32m"1.5"[39m
              [33mviewBox[39m=[32m"0 0 24 24"[39m
              [33mxmlns[39m=[32m"http://www.w3.org/2000/svg"[39m
            [36m>[39m
              [36m<path[39m
                [33md[39m=[32m"M16.5 6v.75m0 3v.75m0 3v.75m0 3V18m-9-5.25h5.25M7.5 15h3M3.375 5.25c-.621 0-1.125.504-1.125 1.125v3.026a2.999 2.999 0 0 1 0 5.198v3.026c0 .621.504 1.125 1.125 1.125h17.25c.621 0 1.125-.504 1.125-1.125v-3.026a2.999 2.999 0 0 1 0-5.198V6.375c0-.621-.504-1.125-1.125-1.125H3.375Z"[39m
                [33mstroke-linecap[39m=[32m"round"[39m
                [33mstroke-linejoin[39m=[32m"round"[39m
              [36m/>[39m
            [36m</svg>[39m
          [36m</div>[39m
          [36m<span[39m
            [33manimate[39m=[32m"[object Object]"[39m
            [33mclass[39m=[32m"text-[10px] font-medium mt-0.5 whitespace-nowrap text-kawaii-neutral-500 dark:text-kawaii-neutral-400"[39m
          [36m>[39m
            [0mnavigation.booking[0m
          [36m</span>[39m
        [36m</button>[39m
        [36m<button[39m
          [33maria-label[39m=[32m"navigation.budget"[39m
          [33mclass[39m=[32m"flex flex-col items-center justify-center min-w-[44px] min-h-[44px] px-2 py-1 rounded-lg touch-manipulation focus:outline-none focus:ring-2 focus:ring-kawaii-primary-500 focus:ring-offset-2 transition-colors duration-200"[39m
          [33mtransition[39m=[32m"[object Object]"[39m
          [33mwhiletap[39m=[32m"[object Object]"[39m
        [36m>[39m
          [36m<div[39m
            [33manimate[39m=[32m"[object Object]"[39m
            [33mclass[39m=[32m"relative"[39m
            [33mtransition[39m=[32m"[object Object]"[39m
          [36m>[39m
            [36m<svg[39m
              [33maria-hidden[39m=[32m"true"[39m
              [33mclass[39m=[32m"w-6 h-6 text-kawaii-neutral-500 dark:text-kawaii-neutral-400"[39m
              [33mdata-slot[39m=[32m"icon"[39m
              [33mfill[39m=[32m"none"[39m
              [33mstroke[39m=[32m"currentColor"[39m
              [33mstroke-width[39m=[32m"1.5"[39m
              [33mviewBox[39m=[32m"0 0 24 24"[39m
              [33mxmlns[39m=[32m"http://www.w3.org/2000/svg"[39m
            [36m>[39m
      ...
 ❯ Object.getElementError ../node_modules/@testing-library/dom/dist/config.js:37:19
 ❯ getAllByLabelText ../node_modules/@testing-library/dom/dist/queries/label-text.js:111:38
 ❯ ../node_modules/@testing-library/dom/dist/query-helpers.js:52:17
 ❯ ../node_modules/@testing-library/dom/dist/query-helpers.js:95:19
 ❯ src/components/kawaii/__tests__/BottomNavigation.test.tsx:75:34
     73|     renderWithRouter(<BottomNavigation onTabChange={onTabChange} />);
     74| 
     75|     const bookingButton = screen.getByLabelText('Booking');
       |                                  ^
     76|     fireEvent.click(bookingButton);
     77| 

⎯⎯⎯⎯⎯⎯⎯⎯⎯⎯⎯⎯⎯⎯⎯⎯⎯⎯⎯⎯[116/268]⎯

 FAIL  src/components/kawaii/__tests__/BottomNavigation.test.tsx > BottomNavigation > has proper accessibility attributes
TestingLibraryElementError: Unable to find a label with the text of: Budget

Ignored nodes: comments, script, style
[36m<body>[39m
  [36m<div>[39m
    [36m<nav[39m
      [33maria-label[39m=[32m"Bottom navigation"[39m
      [33mclass[39m=[32m"fixed bottom-0 left-0 right-0 z-40 bg-white border-t border-kawaii-neutral-200 dark:bg-kawaii-neutral-900 dark:border-kawaii-neutral-800 shadow-lg"[39m
      [33mrole[39m=[32m"navigation"[39m
      [33mstyle[39m=[32m"padding-bottom: 0px;"[39m
    [36m>[39m
      [36m<div[39m
        [33mclass[39m=[32m"flex items-center h-16 px-2"[39m
        [33mstyle[39m=[32m"justify-content: space-around;"[39m
      [36m>[39m
        [36m<button[39m
          [33maria-label[39m=[32m"navigation.schedule"[39m
          [33mclass[39m=[32m"flex flex-col items-center justify-center min-w-[44px] min-h-[44px] px-2 py-1 rounded-lg touch-manipulation focus:outline-none focus:ring-2 focus:ring-kawaii-primary-500 focus:ring-offset-2 transition-colors duration-200"[39m
          [33mtransition[39m=[32m"[object Object]"[39m
          [33mwhiletap[39m=[32m"[object Object]"[39m
        [36m>[39m
          [36m<div[39m
            [33manimate[39m=[32m"[object Object]"[39m
            [33mclass[39m=[32m"relative"[39m
            [33mtransition[39m=[32m"[object Object]"[39m
          [36m>[39m
            [36m<svg[39m
              [33maria-hidden[39m=[32m"true"[39m
              [33mclass[39m=[32m"w-6 h-6 text-kawaii-neutral-500 dark:text-kawaii-neutral-400"[39m
              [33mdata-slot[39m=[32m"icon"[39m
              [33mfill[39m=[32m"none"[39m
              [33mstroke[39m=[32m"currentColor"[39m
              [33mstroke-width[39m=[32m"1.5"[39m
              [33mviewBox[39m=[32m"0 0 24 24"[39m
              [33mxmlns[39m=[32m"http://www.w3.org/2000/svg"[39m
            [36m>[39m
              [36m<path[39m
                [33md[39m=[32m"M6.75 3v2.25M17.25 3v2.25M3 18.75V7.5a2.25 2.25 0 0 1 2.25-2.25h13.5A2.25 2.25 0 0 1 21 7.5v11.25m-18 0A2.25 2.25 0 0 0 5.25 21h13.5A2.25 2.25 0 0 0 21 18.75m-18 0v-7.5A2.25 2.25 0 0 1 5.25 9h13.5A2.25 2.25 0 0 1 21 11.25v7.5m-9-6h.008v.008H12v-.008ZM12 15h.008v.008H12V15Zm0 2.25h.008v.008H12v-.008ZM9.75 15h.008v.008H9.75V15Zm0 2.25h.008v.008H9.75v-.008ZM7.5 15h.008v.008H7.5V15Zm0 2.25h.008v.008H7.5v-.008Zm6.75-4.5h.008v.008h-.008v-.008Zm0 2.25h.008v.008h-.008V15Zm0 2.25h.008v.008h-.008v-.008Zm2.25-4.5h.008v.008H16.5v-.008Zm0 2.25h.008v.008H16.5V15Z"[39m
                [33mstroke-linecap[39m=[32m"round"[39m
                [33mstroke-linejoin[39m=[32m"round"[39m
              [36m/>[39m
            [36m</svg>[39m
          [36m</div>[39m
          [36m<span[39m
            [33manimate[39m=[32m"[object Object]"[39m
            [33mclass[39m=[32m"text-[10px] font-medium mt-0.5 whitespace-nowrap text-kawaii-neutral-500 dark:text-kawaii-neutral-400"[39m
          [36m>[39m
            [0mnavigation.schedule[0m
          [36m</span>[39m
        [36m</button>[39m
        [36m<button[39m
          [33maria-label[39m=[32m"navigation.booking"[39m
          [33mclass[39m=[32m"flex flex-col items-center justify-center min-w-[44px] min-h-[44px] px-2 py-1 rounded-lg touch-manipulation focus:outline-none focus:ring-2 focus:ring-kawaii-primary-500 focus:ring-offset-2 transition-colors duration-200"[39m
          [33mtransition[39m=[32m"[object Object]"[39m
          [33mwhiletap[39m=[32m"[object Object]"[39m
        [36m>[39m
          [36m<div[39m
            [33manimate[39m=[32m"[object Object]"[39m
            [33mclass[39m=[32m"relative"[39m
            [33mtransition[39m=[32m"[object Object]"[39m
          [36m>[39m
            [36m<svg[39m
              [33maria-hidden[39m=[32m"true"[39m
              [33mclass[39m=[32m"w-6 h-6 text-kawaii-neutral-500 dark:text-kawaii-neutral-400"[39m
              [33mdata-slot[39m=[32m"icon"[39m
              [33mfill[39m=[32m"none"[39m
              [33mstroke[39m=[32m"currentColor"[39m
              [33mstroke-width[39m=[32m"1.5"[39m
              [33mviewBox[39m=[32m"0 0 24 24"[39m
              [33mxmlns[39m=[32m"http://www.w3.org/2000/svg"[39m
            [36m>[39m
              [36m<path[39m
                [33md[39m=[32m"M16.5 6v.75m0 3v.75m0 3v.75m0 3V18m-9-5.25h5.25M7.5 15h3M3.375 5.25c-.621 0-1.125.504-1.125 1.125v3.026a2.999 2.999 0 0 1 0 5.198v3.026c0 .621.504 1.125 1.125 1.125h17.25c.621 0 1.125-.504 1.125-1.125v-3.026a2.999 2.999 0 0 1 0-5.198V6.375c0-.621-.504-1.125-1.125-1.125H3.375Z"[39m
                [33mstroke-linecap[39m=[32m"round"[39m
                [33mstroke-linejoin[39m=[32m"round"[39m
              [36m/>[39m
            [36m</svg>[39m
          [36m</div>[39m
          [36m<span[39m
            [33manimate[39m=[32m"[object Object]"[39m
            [33mclass[39m=[32m"text-[10px] font-medium mt-0.5 whitespace-nowrap text-kawaii-neutral-500 dark:text-kawaii-neutral-400"[39m
          [36m>[39m
            [0mnavigation.booking[0m
          [36m</span>[39m
        [36m</button>[39m
        [36m<button[39m
          [33maria-current[39m=[32m"page"[39m
          [33maria-label[39m=[32m"navigation.budget"[39m
          [33mclass[39m=[32m"flex flex-col items-center justify-center min-w-[44px] min-h-[44px] px-2 py-1 rounded-lg touch-manipulation focus:outline-none focus:ring-2 focus:ring-kawaii-primary-500 focus:ring-offset-2 transition-colors duration-200"[39m
          [33mtransition[39m=[32m"[object Object]"[39m
          [33mwhiletap[39m=[32m"[object Object]"[39m
        [36m>[39m
          [36m<div[39m
            [33manimate[39m=[32m"[object Object]"[39m
            [33mclass[39m=[32m"relative"[39m
            [33mtransition[39m=[32m"[object Object]"[39m
          [36m>[39m
            [36m<svg[39m
              [33maria-hidden[39m=[32m"true"[39m
              [33mclass[39m=[32m"w-6 h-6 text-kawaii-primary-600 dark:text-kawaii-primary-400"[39m
              [33mdata-slot[39m=[32m"icon"[39m
              [33mfill[39m=[32m"currentColor"[39m
              [33mviewBox[39m=[32m"0 0 24 24"[39m
              [33mxmlns[39m=[32m"http://www.w3.org/2000/svg"[39m
            [36m>[39m
              [36m<path[39m
                [33md[39m=[32m"M10.464 8.746c.227-.18.497-.311.786-.394v2.795a2.252 2.252 0 0 1-.786-.393c-.394-.313-.546-.681-.546-1.004 0-.323.152-.691.546-1.004ZM12.75 15.662v-2.824c.347.085.664.228.921.421.427.32.579.686.579.991 0 .305-.152.671-.579.991a2.534 2.534 0 0 1-.921.42Z"[39m
              [36m/>[39m
              [36m<path[39m
                [33mclip-rule[39m=[32m"evenodd"[39m
                [33md[39m=[32m"M12 2.25c-5.385 0-9.75 4.365-9.75 9.75s4.365 9.75 9.75 9.75 9.75-4.365 9.75-9.75S17.385 2.25 12 2.25ZM12.75 6a.75.75 0 0 0-1.5 0v.816a3.836 3.836 0 0 0-1.72.756c-.712.566-1.112 1.35-1.112 2.178 0 .829.4 1.612 1.113 2.178.502.4 1.102.647 ...
 ❯ Object.getElementError ../node_modules/@testing-library/dom/dist/config.js:37:19
 ❯ getAllByLabelText ../node_modules/@testing-library/dom/dist/queries/label-text.js:111:38
 ❯ ../node_modules/@testing-library/dom/dist/query-helpers.js:52:17
 ❯ ../node_modules/@testing-library/dom/dist/query-helpers.js:95:19
 ❯ src/components/kawaii/__tests__/BottomNavigation.test.tsx:96:33
     94|     expect(nav).toBeInTheDocument();
     95| 
     96|     const budgetButton = screen.getByLabelText('Budget');
       |                                 ^
     97|     expect(budgetButton).toHaveAttribute('aria-current', 'page');
     98|   });

⎯⎯⎯⎯⎯⎯⎯⎯⎯⎯⎯⎯⎯⎯⎯⎯⎯⎯⎯⎯[117/268]⎯

 FAIL  src/components/kawaii/__tests__/BottomNavigation.test.tsx > BottomNavigation > renders icons for all tabs
AssertionError: expected [ <button …(5)>…(3)</button>, …(7) ] to have a length of 7 but got 8

[32m- Expected[39m
[31m+ Received[39m

[32m- 7[39m
[31m+ 8[39m

 ❯ src/components/kawaii/__tests__/BottomNavigation.test.tsx:116:21
    114|     // Check that each button has an SVG icon
    115|     const buttons = screen.getAllByRole('button');
    116|     expect(buttons).toHaveLength(7);
       |                     ^
    117| 
    118|     buttons.forEach((button) => {

⎯⎯⎯⎯⎯⎯⎯⎯⎯⎯⎯⎯⎯⎯⎯⎯⎯⎯⎯⎯[118/268]⎯

 FAIL  src/components/kawaii/__tests__/BottomNavigation.test.tsx > BottomNavigation - Property Tests > active tab is always styled with primary color class
Error: Property failed after 1 tests
{ seed: 1420328441, path: "0:0", endOnFailure: true }
Counterexample: ["schedule"]
Shrunk 1 time(s)

Hint: Enable verbose mode in order to have the list of all failing values encountered during the run
 ❯ buildError ../node_modules/fast-check/lib/check/runner/utils/RunDetailsFormatter.js:156:19
 ❯ throwIfFailed ../node_modules/fast-check/lib/check/runner/utils/RunDetailsFormatter.js:165:11
 ❯ reportRunDetails ../node_modules/fast-check/lib/check/runner/utils/RunDetailsFormatter.js:178:16
 ❯ Module.assert ../node_modules/fast-check/lib/check/runner/Runner.js:61:9
 ❯ src/components/kawaii/__tests__/BottomNavigation.test.tsx:139:8
    137|     const tabIds = ['schedule', 'booking', 'budget', 'shopping', 'chec…
    138|     
    139|     fc.assert(
       |        ^
    140|       fc.property(
    141|         fc.constantFrom(...tabIds),

Caused by: AssertionError: expected [ <button …(5)>…(3)</button>, …(7) ] to have a length of 7 but got 8

[32m- Expected[39m
[31m+ Received[39m

[32m- 7[39m
[31m+ 8[39m

 ❯ src/components/kawaii/__tests__/BottomNavigation.test.tsx:151:29
 ❯ Property.predicate ../node_modules/fast-check/lib/check/property/Property.js:14:54
 ❯ Property.run ../node_modules/fast-check/lib/check/property/Property.generic.js:43:33
 ❯ runIt ../node_modules/fast-check/lib/check/runner/Runner.js:14:30
 ❯ check ../node_modules/fast-check/lib/check/runner/Runner.js:54:11
 ❯ Module.assert ../node_modules/fast-check/lib/check/runner/Runner.js:57:17
 ❯ src/components/kawaii/__tests__/BottomNavigation.test.tsx:139:8

⎯⎯⎯⎯⎯⎯⎯⎯⎯⎯⎯⎯⎯⎯⎯⎯⎯⎯⎯⎯[119/268]⎯

 FAIL  src/components/kawaii/__tests__/Button.test.tsx > Kawaii Button Component > applies primary variant by default
Error: [2mexpect([22m[31melement[39m[2m).toHaveClass([22m[32m[32m"kawaii-button-primary"[32m[39m[2m)[22m

Expected the element to have class:
[32m  kawaii-button-primary[39m
Received:
[31m  truncate[39m
 ❯ src/components/kawaii/__tests__/Button.test.tsx:18:20
     16|     render(<Button>Primary</Button>);
     17|     const button = screen.getByText('Primary');
     18|     expect(button).toHaveClass('kawaii-button-primary');
       |                    ^
     19|   });
     20| 

⎯⎯⎯⎯⎯⎯⎯⎯⎯⎯⎯⎯⎯⎯⎯⎯⎯⎯⎯⎯[120/268]⎯

 FAIL  src/components/kawaii/__tests__/Button.test.tsx > Kawaii Button Component > applies secondary variant when specified
Error: [2mexpect([22m[31melement[39m[2m).toHaveClass([22m[32m[32m"kawaii-button-secondary"[32m[39m[2m)[22m

Expected the element to have class:
[32m  kawaii-button-secondary[39m
Received:
[31m  truncate[39m
 ❯ src/components/kawaii/__tests__/Button.test.tsx:24:20
     22|     render(<Button variant="secondary">Secondary</Button>);
     23|     const button = screen.getByText('Secondary');
     24|     expect(button).toHaveClass('kawaii-button-secondary');
       |                    ^
     25|   });
     26| 

⎯⎯⎯⎯⎯⎯⎯⎯⎯⎯⎯⎯⎯⎯⎯⎯⎯⎯⎯⎯[121/268]⎯

 FAIL  src/components/kawaii/__tests__/Button.test.tsx > Kawaii Button Component > applies ghost variant when specified
Error: [2mexpect([22m[31melement[39m[2m).toHaveClass([22m[32m[32m"kawaii-button-ghost"[32m[39m[2m)[22m

Expected the element to have class:
[32m  kawaii-button-ghost[39m
Received:
[31m  truncate[39m
 ❯ src/components/kawaii/__tests__/Button.test.tsx:30:20
     28|     render(<Button variant="ghost">Ghost</Button>);
     29|     const button = screen.getByText('Ghost');
     30|     expect(button).toHaveClass('kawaii-button-ghost');
       |                    ^
     31|   });
     32| 

⎯⎯⎯⎯⎯⎯⎯⎯⎯⎯⎯⎯⎯⎯⎯⎯⎯⎯⎯⎯[122/268]⎯

 FAIL  src/components/kawaii/__tests__/Button.test.tsx > Kawaii Button Component > disables button when disabled prop is true
Error: [2mexpect([22m[31melement[39m[2m).toBeDisabled()[22m

Received element is not disabled:
  [31m<span
  class="truncate"
/>[39m
 ❯ src/components/kawaii/__tests__/Button.test.tsx:36:20
     34|     render(<Button disabled>Disabled</Button>);
     35|     const button = screen.getByText('Disabled');
     36|     expect(button).toBeDisabled();
       |                    ^
     37|   });
     38| 

⎯⎯⎯⎯⎯⎯⎯⎯⎯⎯⎯⎯⎯⎯⎯⎯⎯⎯⎯⎯[123/268]⎯

 FAIL  src/components/kawaii/__tests__/Button.test.tsx > Kawaii Button Component > shows loading spinner when loading
Error: [2mexpect([22m[31melement[39m[2m).toBeDisabled()[22m

Received element is not disabled:
  [31m<span
  class="truncate"
/>[39m
 ❯ src/components/kawaii/__tests__/Button.test.tsx:42:20
     40|     render(<Button loading>Loading</Button>);
     41|     const button = screen.getByText('Loading');
     42|     expect(button).toBeDisabled();
       |                    ^
     43|     expect(button.querySelector('svg')).toBeInTheDocument();
     44|   });

⎯⎯⎯⎯⎯⎯⎯⎯⎯⎯⎯⎯⎯⎯⎯⎯⎯⎯⎯⎯[124/268]⎯

 FAIL  src/components/kawaii/__tests__/Button.test.tsx > Kawaii Button Component > applies fullWidth class when fullWidth is true
Error: [2mexpect([22m[31melement[39m[2m).toHaveClass([22m[32m[32m"w-full"[32m[39m[2m)[22m

Expected the element to have class:
[32m  w-full[39m
Received:
[31m  truncate[39m
 ❯ src/components/kawaii/__tests__/Button.test.tsx:61:20
     59|     render(<Button fullWidth>Full Width</Button>);
     60|     const button = screen.getByText('Full Width');
     61|     expect(button).toHaveClass('w-full');
       |                    ^
     62|   });
     63| });

⎯⎯⎯⎯⎯⎯⎯⎯⎯⎯⎯⎯⎯⎯⎯⎯⎯⎯⎯⎯[125/268]⎯

 FAIL  src/components/kawaii/__tests__/ChecklistComponents.test.tsx > ChecklistItem > renders checklist item with title and category
 FAIL  src/components/kawaii/__tests__/ChecklistComponents.test.tsx > ChecklistItem > shows unchecked state for incomplete items
 FAIL  src/components/kawaii/__tests__/ChecklistComponents.test.tsx > ChecklistItem > shows checked state for completed items
 FAIL  src/components/kawaii/__tests__/ChecklistComponents.test.tsx > ChecklistItem > applies strike-through to completed items
 FAIL  src/components/kawaii/__tests__/ChecklistComponents.test.tsx > ChecklistItem > calls onToggle when checkbox is clicked
 FAIL  src/components/kawaii/__tests__/ChecklistComponents.test.tsx > ChecklistItem > shows menu when three-dot button is clicked
 FAIL  src/components/kawaii/__tests__/ChecklistComponents.test.tsx > ChecklistItem > calls onEdit when edit button is clicked
 FAIL  src/components/kawaii/__tests__/ChecklistComponents.test.tsx > ChecklistItem > renders without category badge when category is null
Error: [vitest] No "AnimatePresence" export is defined on the "framer-motion" mock. Did you forget to return it from "vi.mock"?
If you need to partially mock a module, you can use "importOriginal" helper inside:

vi[33m.[39m[34mmock[39m([35mimport[39m([32m"framer-motion"[39m)[33m,[39m [35masync[39m (importOriginal) [33m=>[39m {
  [35mconst[39m actual [33m=[39m [35mawait[39m [34mimportOriginal[39m()
  [35mreturn[39m {
    [33m...[39mactual[33m,[39m
    [90m// your mocked methods[39m
  }
})

 ❯ ChecklistItem src/components/kawaii/ChecklistItem.tsx:180:14
    178| 
    179|             {/* Dropdown menu */}
    180|             <AnimatePresence>
       |              ^
    181|               {showMenu && (
    182|                 <motion.div
 ❯ renderWithHooks ../node_modules/react-dom/cjs/react-dom.development.js:15486:18
 ❯ mountIndeterminateComponent ../node_modules/react-dom/cjs/react-dom.development.js:20103:13
 ❯ beginWork ../node_modules/react-dom/cjs/react-dom.development.js:21626:16
 ❯ beginWork$1 ../node_modules/react-dom/cjs/react-dom.development.js:27465:14
 ❯ performUnitOfWork ../node_modules/react-dom/cjs/react-dom.development.js:26599:12
 ❯ workLoopSync ../node_modules/react-dom/cjs/react-dom.development.js:26505:5
 ❯ renderRootSync ../node_modules/react-dom/cjs/react-dom.development.js:26473:7

⎯⎯⎯⎯⎯⎯⎯⎯⎯⎯⎯⎯⎯⎯⎯⎯⎯⎯⎯⎯[126/268]⎯

 FAIL  src/components/kawaii/__tests__/CollaborationComponents.test.tsx > Collaboration Components > PresenceIndicator > should render viewer count
TestingLibraryElementError: Unable to find an element with the text: /2 viewers/i. This could be because the text is broken up by multiple elements. In this case, you can provide a function for your text matcher to make your matcher more flexible.

Ignored nodes: comments, script, style
[36m<body>[39m
  [36m<div>[39m
    [36m<div[39m
      [33mclass[39m=[32m"flex items-center gap-2 "[39m
      [33mstyle[39m=[32m"opacity: 0; transform: scale(0.9);"[39m
    [36m>[39m
      [36m<div[39m
        [33mclass[39m=[32m"flex -space-x-2"[39m
      [36m>[39m
        [36m<div[39m
          [33mclass[39m=[32m"w-10 h-10 rounded-full bg-pink-500 flex items-center justify-center text-white text-xs font-bold border-2 border-white dark:border-gray-800 shadow-sm"[39m
          [33mstyle[39m=[32m"transform: scale(0);"[39m
          [33mtitle[39m=[32m"user1@example.com"[39m
        [36m>[39m
          [0mUS[0m
        [36m</div>[39m
        [36m<div[39m
          [33mclass[39m=[32m"w-10 h-10 rounded-full bg-purple-500 flex items-center justify-center text-white text-xs font-bold border-2 border-white dark:border-gray-800 shadow-sm"[39m
          [33mstyle[39m=[32m"transform: scale(0);"[39m
          [33mtitle[39m=[32m"user2@example.com"[39m
        [36m>[39m
          [0mUS[0m
        [36m</div>[39m
      [36m</div>[39m
      [36m<span[39m
        [33mclass[39m=[32m"text-sm text-gray-600 dark:text-gray-400"[39m
      [36m>[39m
        [0mpresence.multipleViewers[0m
      [36m</span>[39m
    [36m</div>[39m
  [36m</div>[39m
[36m</body>[39m
 ❯ Object.getElementError ../node_modules/@testing-library/dom/dist/config.js:37:19
 ❯ ../node_modules/@testing-library/dom/dist/query-helpers.js:76:38
 ❯ ../node_modules/@testing-library/dom/dist/query-helpers.js:52:17
 ❯ ../node_modules/@testing-library/dom/dist/query-helpers.js:95:19
 ❯ src/components/kawaii/__tests__/CollaborationComponents.test.tsx:41:21
     39|       
     40|       render(<PresenceIndicator tripId="trip-123" />);
     41|       expect(screen.getByText(/2 viewers/i)).toBeInTheDocument();
       |                     ^
     42|     });
     43| 

⎯⎯⎯⎯⎯⎯⎯⎯⎯⎯⎯⎯⎯⎯⎯⎯⎯⎯⎯⎯[127/268]⎯

 FAIL  src/components/kawaii/__tests__/CollaborationComponents.test.tsx > Collaboration Components > PresenceIndicator > should render single viewer text
TestingLibraryElementError: Unable to find an element with the text: /1 viewer/i. This could be because the text is broken up by multiple elements. In this case, you can provide a function for your text matcher to make your matcher more flexible.

Ignored nodes: comments, script, style
[36m<body>[39m
  [36m<div>[39m
    [36m<div[39m
      [33mclass[39m=[32m"flex items-center gap-2 "[39m
      [33mstyle[39m=[32m"opacity: 0; transform: scale(0.9);"[39m
    [36m>[39m
      [36m<div[39m
        [33mclass[39m=[32m"flex -space-x-2"[39m
      [36m>[39m
        [36m<div[39m
          [33mclass[39m=[32m"w-10 h-10 rounded-full bg-pink-500 flex items-center justify-center text-white text-xs font-bold border-2 border-white dark:border-gray-800 shadow-sm"[39m
          [33mstyle[39m=[32m"transform: scale(0);"[39m
          [33mtitle[39m=[32m"user1@example.com"[39m
        [36m>[39m
          [0mUS[0m
        [36m</div>[39m
      [36m</div>[39m
      [36m<span[39m
        [33mclass[39m=[32m"text-sm text-gray-600 dark:text-gray-400"[39m
      [36m>[39m
        [0mpresence.oneViewer[0m
      [36m</span>[39m
    [36m</div>[39m
  [36m</div>[39m
[36m</body>[39m
 ❯ Object.getElementError ../node_modules/@testing-library/dom/dist/config.js:37:19
 ❯ ../node_modules/@testing-library/dom/dist/query-helpers.js:76:38
 ❯ ../node_modules/@testing-library/dom/dist/query-helpers.js:52:17
 ❯ ../node_modules/@testing-library/dom/dist/query-helpers.js:95:19
 ❯ src/components/kawaii/__tests__/CollaborationComponents.test.tsx:53:21
     51|       
     52|       render(<PresenceIndicator tripId="trip-123" />);
     53|       expect(screen.getByText(/1 viewer/i)).toBeInTheDocument();
       |                     ^
     54|     });
     55| 

⎯⎯⎯⎯⎯⎯⎯⎯⎯⎯⎯⎯⎯⎯⎯⎯⎯⎯⎯⎯[128/268]⎯

 FAIL  src/components/kawaii/__tests__/CollaborationComponents.test.tsx > Collaboration Components > EditingIndicator > should render when someone is editing
TestingLibraryElementError: Unable to find an element with the text: /John Doe is editing/i. This could be because the text is broken up by multiple elements. In this case, you can provide a function for your text matcher to make your matcher more flexible.

Ignored nodes: comments, script, style
[36m<body>[39m
  [36m<div>[39m
    [36m<div[39m
      [33mclass[39m=[32m"inline-flex items-center gap-1.5 px-2 py-1 rounded-full bg-amber-100 dark:bg-amber-900/30 text-amber-800 dark:text-amber-200 "[39m
      [33mstyle[39m=[32m"opacity: 0; transform: translateX(-10px);"[39m
    [36m>[39m
      [36m<div>[39m
        [36m<svg[39m
          [33maria-hidden[39m=[32m"true"[39m
          [33mclass[39m=[32m"w-3 h-3"[39m
          [33mdata-slot[39m=[32m"icon"[39m
          [33mfill[39m=[32m"none"[39m
          [33mstroke[39m=[32m"currentColor"[39m
          [33mstroke-width[39m=[32m"1.5"[39m
          [33mviewBox[39m=[32m"0 0 24 24"[39m
          [33mxmlns[39m=[32m"http://www.w3.org/2000/svg"[39m
        [36m>[39m
          [36m<path[39m
            [33md[39m=[32m"m16.862 4.487 1.687-1.688a1.875 1.875 0 1 1 2.652 2.652L6.832 19.82a4.5 4.5 0 0 1-1.897 1.13l-2.685.8.8-2.685a4.5 4.5 0 0 1 1.13-1.897L16.863 4.487Zm0 0L19.5 7.125"[39m
            [33mstroke-linecap[39m=[32m"round"[39m
            [33mstroke-linejoin[39m=[32m"round"[39m
          [36m/>[39m
        [36m</svg>[39m
      [36m</div>[39m
      [36m<span[39m
        [33mclass[39m=[32m"text-xs font-medium"[39m
      [36m>[39m
        [0mediting.userEditing[0m
      [36m</span>[39m
    [36m</div>[39m
  [36m</div>[39m
[36m</body>[39m
 ❯ Object.getElementError ../node_modules/@testing-library/dom/dist/config.js:37:19
 ❯ ../node_modules/@testing-library/dom/dist/query-helpers.js:76:38
 ❯ ../node_modules/@testing-library/dom/dist/query-helpers.js:52:17
 ❯ ../node_modules/@testing-library/dom/dist/query-helpers.js:95:19
 ❯ src/components/kawaii/__tests__/CollaborationComponents.test.tsx:92:21
     90|       
     91|       render(<EditingIndicator tripId="trip-123" itemId="item-456" />);
     92|       expect(screen.getByText(/John Doe is editing/i)).toBeInTheDocume…
       |                     ^
     93|     });
     94| 

⎯⎯⎯⎯⎯⎯⎯⎯⎯⎯⎯⎯⎯⎯⎯⎯⎯⎯⎯⎯[129/268]⎯

 FAIL  src/components/kawaii/__tests__/CollaborationComponents.test.tsx > Collaboration Components > EditingIndicator > should use email as fallback for name
TestingLibraryElementError: Unable to find an element with the text: /john\.doe is editing/i. This could be because the text is broken up by multiple elements. In this case, you can provide a function for your text matcher to make your matcher more flexible.

Ignored nodes: comments, script, style
[36m<body>[39m
  [36m<div>[39m
    [36m<div[39m
      [33mclass[39m=[32m"inline-flex items-center gap-1.5 px-2 py-1 rounded-full bg-amber-100 dark:bg-amber-900/30 text-amber-800 dark:text-amber-200 "[39m
      [33mstyle[39m=[32m"opacity: 0; transform: translateX(-10px);"[39m
    [36m>[39m
      [36m<div>[39m
        [36m<svg[39m
          [33maria-hidden[39m=[32m"true"[39m
          [33mclass[39m=[32m"w-3 h-3"[39m
          [33mdata-slot[39m=[32m"icon"[39m
          [33mfill[39m=[32m"none"[39m
          [33mstroke[39m=[32m"currentColor"[39m
          [33mstroke-width[39m=[32m"1.5"[39m
          [33mviewBox[39m=[32m"0 0 24 24"[39m
          [33mxmlns[39m=[32m"http://www.w3.org/2000/svg"[39m
        [36m>[39m
          [36m<path[39m
            [33md[39m=[32m"m16.862 4.487 1.687-1.688a1.875 1.875 0 1 1 2.652 2.652L6.832 19.82a4.5 4.5 0 0 1-1.897 1.13l-2.685.8.8-2.685a4.5 4.5 0 0 1 1.13-1.897L16.863 4.487Zm0 0L19.5 7.125"[39m
            [33mstroke-linecap[39m=[32m"round"[39m
            [33mstroke-linejoin[39m=[32m"round"[39m
          [36m/>[39m
        [36m</svg>[39m
      [36m</div>[39m
      [36m<span[39m
        [33mclass[39m=[32m"text-xs font-medium"[39m
      [36m>[39m
        [0mediting.userEditing[0m
      [36m</span>[39m
    [36m</div>[39m
  [36m</div>[39m
[36m</body>[39m
 ❯ Object.getElementError ../node_modules/@testing-library/dom/dist/config.js:37:19
 ❯ ../node_modules/@testing-library/dom/dist/query-helpers.js:76:38
 ❯ ../node_modules/@testing-library/dom/dist/query-helpers.js:52:17
 ❯ ../node_modules/@testing-library/dom/dist/query-helpers.js:95:19
 ❯ src/components/kawaii/__tests__/CollaborationComponents.test.tsx:107:21
    105|       
    106|       render(<EditingIndicator tripId="trip-123" itemId="item-456" />);
    107|       expect(screen.getByText(/john\.doe is editing/i)).toBeInTheDocum…
       |                     ^
    108|     });
    109|   });

⎯⎯⎯⎯⎯⎯⎯⎯⎯⎯⎯⎯⎯⎯⎯⎯⎯⎯⎯⎯[130/268]⎯

 FAIL  src/components/kawaii/__tests__/CountdownTimer.test.tsx > Kawaii CountdownTimer Component > Rendering > renders countdown timer with all time units
TestingLibraryElementError: Unable to find an element with the text: Days. This could be because the text is broken up by multiple elements. In this case, you can provide a function for your text matcher to make your matcher more flexible.

Ignored nodes: comments, script, style
[36m<body>[39m
  [36m<div>[39m
    [36m<div[39m
      [33mclass[39m=[32m"bg-white dark:bg-neutral-800 rounded-3xl p-6 shadow-kawaii-sm border-2 border-neutral-200 dark:border-neutral-700"[39m
    [36m>[39m
      [36m<h3[39m
        [33mclass[39m=[32m"text-sm font-medium text-neutral-600 dark:text-neutral-400 mb-3"[39m
      [36m>[39m
        [0m距離出發[0m
      [36m</h3>[39m
      [36m<div[39m
        [33mclass[39m=[32m"flex items-baseline gap-2 mb-4"[39m
      [36m>[39m
        [36m<span[39m
          [33mclass[39m=[32m"text-5xl font-bold text-kawaii-600 dark:text-kawaii-400"[39m
        [36m>[39m
          [0m5[0m
        [36m</span>[39m
        [36m<span[39m
          [33mclass[39m=[32m"text-lg text-neutral-600 dark:text-neutral-400"[39m
        [36m>[39m
          [0m天[0m
        [36m</span>[39m
        [36m<span[39m
          [33mclass[39m=[32m"text-3xl font-bold text-kawaii-600 dark:text-kawaii-400 ml-2"[39m
        [36m>[39m
          [0m00[0m
        [36m</span>[39m
        [36m<span[39m
          [33mclass[39m=[32m"text-lg text-neutral-600 dark:text-neutral-400"[39m
        [36m>[39m
          [0m:[0m
        [36m</span>[39m
        [36m<span[39m
          [33mclass[39m=[32m"text-3xl font-bold text-kawaii-600 dark:text-kawaii-400"[39m
        [36m>[39m
          [0m00[0m
        [36m</span>[39m
        [36m<span[39m
          [33mclass[39m=[32m"text-lg text-neutral-600 dark:text-neutral-400"[39m
        [36m>[39m
          [0m:[0m
        [36m</span>[39m
        [36m<span[39m
          [33mclass[39m=[32m"text-3xl font-bold text-kawaii-600 dark:text-kawaii-400"[39m
        [36m>[39m
          [0m00[0m
        [36m</span>[39m
      [36m</div>[39m
      [36m<div[39m
        [33mclass[39m=[32m"relative mb-4"[39m
      [36m>[39m
        [36m<div[39m
          [33mclass[39m=[32m"h-2 bg-neutral-200 dark:bg-neutral-700 rounded-full overflow-hidden"[39m
        [36m>[39m
          [36m<div[39m
            [33mclass[39m=[32m"h-full bg-gradient-to-r from-kawaii-400 to-kawaii-500 rounded-full"[39m
            [33mstyle[39m=[32m"width: 0px;"[39m
          [36m/>[39m
        [36m</div>[39m
        [36m<div[39m
          [33mclass[39m=[32m"absolute -top-2 transform -translate-x-1/2"[39m
          [33mstyle[39m=[32m"left: 0%;"[39m
        [36m>[39m
          [36m<div>[39m
            [36m<svg[39m
              [33mclass[39m=[32m"w-8 h-8 text-neutral-800 dark:text-neutral-200 drop-shadow-md"[39m
              [33mfill[39m=[32m"currentColor"[39m
              [33mviewBox[39m=[32m"0 0 24 24"[39m
              [33mxmlns[39m=[32m"http://www.w3.org/2000/svg"[39m
            [36m>[39m
              [36m<path[39m
                [33md[39m=[32m"M21 16v-2l-8-5V3.5c0-.83-.67-1.5-1.5-1.5S10 2.67 10 3.5V9l-8 5v2l8-2.5V19l-2 1.5V22l3.5-1 3.5 1v-1.5L13 19v-5.5l8 2.5z"[39m
              [36m/>[39m
            [36m</svg>[39m
          [36m</div>[39m
        [36m</div>[39m
      [36m</div>[39m
      [36m<p[39m
        [33mclass[39m=[32m"text-sm text-neutral-600 dark:text-neutral-400"[39m
      [36m>[39m
        [0m2026/02/22[0m
        [0m 出發[0m
      [36m</p>[39m
    [36m</div>[39m
  [36m</div>[39m
[36m</body>[39m
 ❯ Object.getElementError ../node_modules/@testing-library/dom/dist/config.js:37:19
 ❯ ../node_modules/@testing-library/dom/dist/query-helpers.js:76:38
 ❯ ../node_modules/@testing-library/dom/dist/query-helpers.js:52:17
 ❯ ../node_modules/@testing-library/dom/dist/query-helpers.js:95:19
 ❯ src/components/kawaii/__tests__/CountdownTimer.test.tsx:31:21
     29|       render(<CountdownTimer departureDate={futureDate} />);
     30| 
     31|       expect(screen.getByText('Days')).toBeInTheDocument();
       |                     ^
     32|       expect(screen.getByText('Hours')).toBeInTheDocument();
     33|       expect(screen.getByText('Minutes')).toBeInTheDocument();

⎯⎯⎯⎯⎯⎯⎯⎯⎯⎯⎯⎯⎯⎯⎯⎯⎯⎯⎯⎯[131/268]⎯

 FAIL  src/components/kawaii/__tests__/CountdownTimer.test.tsx > Kawaii CountdownTimer Component > Rendering > renders helper text
TestingLibraryElementError: Unable to find an element with the text: Until your adventure begins. This could be because the text is broken up by multiple elements. In this case, you can provide a function for your text matcher to make your matcher more flexible.

Ignored nodes: comments, script, style
[36m<body>[39m
  [36m<div>[39m
    [36m<div[39m
      [33mclass[39m=[32m"bg-white dark:bg-neutral-800 rounded-3xl p-6 shadow-kawaii-sm border-2 border-neutral-200 dark:border-neutral-700"[39m
    [36m>[39m
      [36m<h3[39m
        [33mclass[39m=[32m"text-sm font-medium text-neutral-600 dark:text-neutral-400 mb-3"[39m
      [36m>[39m
        [0m距離出發[0m
      [36m</h3>[39m
      [36m<div[39m
        [33mclass[39m=[32m"flex items-baseline gap-2 mb-4"[39m
      [36m>[39m
        [36m<span[39m
          [33mclass[39m=[32m"text-5xl font-bold text-kawaii-600 dark:text-kawaii-400"[39m
        [36m>[39m
          [0m5[0m
        [36m</span>[39m
        [36m<span[39m
          [33mclass[39m=[32m"text-lg text-neutral-600 dark:text-neutral-400"[39m
        [36m>[39m
          [0m天[0m
        [36m</span>[39m
        [36m<span[39m
          [33mclass[39m=[32m"text-3xl font-bold text-kawaii-600 dark:text-kawaii-400 ml-2"[39m
        [36m>[39m
          [0m00[0m
        [36m</span>[39m
        [36m<span[39m
          [33mclass[39m=[32m"text-lg text-neutral-600 dark:text-neutral-400"[39m
        [36m>[39m
          [0m:[0m
        [36m</span>[39m
        [36m<span[39m
          [33mclass[39m=[32m"text-3xl font-bold text-kawaii-600 dark:text-kawaii-400"[39m
        [36m>[39m
          [0m00[0m
        [36m</span>[39m
        [36m<span[39m
          [33mclass[39m=[32m"text-lg text-neutral-600 dark:text-neutral-400"[39m
        [36m>[39m
          [0m:[0m
        [36m</span>[39m
        [36m<span[39m
          [33mclass[39m=[32m"text-3xl font-bold text-kawaii-600 dark:text-kawaii-400"[39m
        [36m>[39m
          [0m00[0m
        [36m</span>[39m
      [36m</div>[39m
      [36m<div[39m
        [33mclass[39m=[32m"relative mb-4"[39m
      [36m>[39m
        [36m<div[39m
          [33mclass[39m=[32m"h-2 bg-neutral-200 dark:bg-neutral-700 rounded-full overflow-hidden"[39m
        [36m>[39m
          [36m<div[39m
            [33mclass[39m=[32m"h-full bg-gradient-to-r from-kawaii-400 to-kawaii-500 rounded-full"[39m
            [33mstyle[39m=[32m"width: 0px;"[39m
          [36m/>[39m
        [36m</div>[39m
        [36m<div[39m
          [33mclass[39m=[32m"absolute -top-2 transform -translate-x-1/2"[39m
          [33mstyle[39m=[32m"left: 0%;"[39m
        [36m>[39m
          [36m<div>[39m
            [36m<svg[39m
              [33mclass[39m=[32m"w-8 h-8 text-neutral-800 dark:text-neutral-200 drop-shadow-md"[39m
              [33mfill[39m=[32m"currentColor"[39m
              [33mviewBox[39m=[32m"0 0 24 24"[39m
              [33mxmlns[39m=[32m"http://www.w3.org/2000/svg"[39m
            [36m>[39m
              [36m<path[39m
                [33md[39m=[32m"M21 16v-2l-8-5V3.5c0-.83-.67-1.5-1.5-1.5S10 2.67 10 3.5V9l-8 5v2l8-2.5V19l-2 1.5V22l3.5-1 3.5 1v-1.5L13 19v-5.5l8 2.5z"[39m
              [36m/>[39m
            [36m</svg>[39m
          [36m</div>[39m
        [36m</div>[39m
      [36m</div>[39m
      [36m<p[39m
        [33mclass[39m=[32m"text-sm text-neutral-600 dark:text-neutral-400"[39m
      [36m>[39m
        [0m2026/02/22[0m
        [0m 出發[0m
      [36m</p>[39m
    [36m</div>[39m
  [36m</div>[39m
[36m</body>[39m
 ❯ Object.getElementError ../node_modules/@testing-library/dom/dist/config.js:37:19
 ❯ ../node_modules/@testing-library/dom/dist/query-helpers.js:76:38
 ❯ ../node_modules/@testing-library/dom/dist/query-helpers.js:52:17
 ❯ ../node_modules/@testing-library/dom/dist/query-helpers.js:95:19
 ❯ src/components/kawaii/__tests__/CountdownTimer.test.tsx:41:21
     39|       render(<CountdownTimer departureDate={futureDate} />);
     40| 
     41|       expect(screen.getByText('Until your adventure begins')).toBeInTh…
       |                     ^
     42|     });
     43| 

⎯⎯⎯⎯⎯⎯⎯⎯⎯⎯⎯⎯⎯⎯⎯⎯⎯⎯⎯⎯[132/268]⎯

 FAIL  src/components/kawaii/__tests__/CountdownTimer.test.tsx > Kawaii CountdownTimer Component > Countdown Calculation > displays correct countdown for future date
Error: [2mexpect([22m[31mreceived[39m[2m).toHaveTextContent()[22m

[31mreceived[39m value must be a Node.
Received has type:  Null
Received has value: [31mnull[39m
 ❯ src/components/kawaii/__tests__/CountdownTimer.test.tsx:64:27
     62|       // Should show 05 days - check within the Days section
     63|       const daysSection = container.querySelector('.flex.flex-col.item…
     64|       expect(daysSection).toHaveTextContent('05');
       |                           ^
     65|       expect(daysSection).toHaveTextContent('Days');
     66|     });

⎯⎯⎯⎯⎯⎯⎯⎯⎯⎯⎯⎯⎯⎯⎯⎯⎯⎯⎯⎯[133/268]⎯

 FAIL  src/components/kawaii/__tests__/CountdownTimer.test.tsx > Kawaii CountdownTimer Component > Countdown Calculation > displays hours correctly
TestingLibraryElementError: Unable to find an element with the text: Hours. This could be because the text is broken up by multiple elements. In this case, you can provide a function for your text matcher to make your matcher more flexible.

Ignored nodes: comments, script, style
[36m<body>[39m
  [36m<div>[39m
    [36m<div[39m
      [33mclass[39m=[32m"bg-white dark:bg-neutral-800 rounded-3xl p-6 shadow-kawaii-sm border-2 border-neutral-200 dark:border-neutral-700"[39m
    [36m>[39m
      [36m<h3[39m
        [33mclass[39m=[32m"text-sm font-medium text-neutral-600 dark:text-neutral-400 mb-3"[39m
      [36m>[39m
        [0m距離出發[0m
      [36m</h3>[39m
      [36m<div[39m
        [33mclass[39m=[32m"flex items-baseline gap-2 mb-4"[39m
      [36m>[39m
        [36m<span[39m
          [33mclass[39m=[32m"text-5xl font-bold text-kawaii-600 dark:text-kawaii-400"[39m
        [36m>[39m
          [0m0[0m
        [36m</span>[39m
        [36m<span[39m
          [33mclass[39m=[32m"text-lg text-neutral-600 dark:text-neutral-400"[39m
        [36m>[39m
          [0m天[0m
        [36m</span>[39m
        [36m<span[39m
          [33mclass[39m=[32m"text-3xl font-bold text-kawaii-600 dark:text-kawaii-400 ml-2"[39m
        [36m>[39m
          [0m12[0m
        [36m</span>[39m
        [36m<span[39m
          [33mclass[39m=[32m"text-lg text-neutral-600 dark:text-neutral-400"[39m
        [36m>[39m
          [0m:[0m
        [36m</span>[39m
        [36m<span[39m
          [33mclass[39m=[32m"text-3xl font-bold text-kawaii-600 dark:text-kawaii-400"[39m
        [36m>[39m
          [0m00[0m
        [36m</span>[39m
        [36m<span[39m
          [33mclass[39m=[32m"text-lg text-neutral-600 dark:text-neutral-400"[39m
        [36m>[39m
          [0m:[0m
        [36m</span>[39m
        [36m<span[39m
          [33mclass[39m=[32m"text-3xl font-bold text-kawaii-600 dark:text-kawaii-400"[39m
        [36m>[39m
          [0m00[0m
        [36m</span>[39m
      [36m</div>[39m
      [36m<div[39m
        [33mclass[39m=[32m"relative mb-4"[39m
      [36m>[39m
        [36m<div[39m
          [33mclass[39m=[32m"h-2 bg-neutral-200 dark:bg-neutral-700 rounded-full overflow-hidden"[39m
        [36m>[39m
          [36m<div[39m
            [33mclass[39m=[32m"h-full bg-gradient-to-r from-kawaii-400 to-kawaii-500 rounded-full"[39m
            [33mstyle[39m=[32m"width: 0px;"[39m
          [36m/>[39m
        [36m</div>[39m
        [36m<div[39m
          [33mclass[39m=[32m"absolute -top-2 transform -translate-x-1/2"[39m
          [33mstyle[39m=[32m"left: 0%;"[39m
        [36m>[39m
          [36m<div>[39m
            [36m<svg[39m
              [33mclass[39m=[32m"w-8 h-8 text-neutral-800 dark:text-neutral-200 drop-shadow-md"[39m
              [33mfill[39m=[32m"currentColor"[39m
              [33mviewBox[39m=[32m"0 0 24 24"[39m
              [33mxmlns[39m=[32m"http://www.w3.org/2000/svg"[39m
            [36m>[39m
              [36m<path[39m
                [33md[39m=[32m"M21 16v-2l-8-5V3.5c0-.83-.67-1.5-1.5-1.5S10 2.67 10 3.5V9l-8 5v2l8-2.5V19l-2 1.5V22l3.5-1 3.5 1v-1.5L13 19v-5.5l8 2.5z"[39m
              [36m/>[39m
            [36m</svg>[39m
          [36m</div>[39m
        [36m</div>[39m
      [36m</div>[39m
      [36m<p[39m
        [33mclass[39m=[32m"text-sm text-neutral-600 dark:text-neutral-400"[39m
      [36m>[39m
        [0m2024/01/01[0m
        [0m 出發[0m
      [36m</p>[39m
    [36m</div>[39m
  [36m</div>[39m
[36m</body>[39m
 ❯ Object.getElementError ../node_modules/@testing-library/dom/dist/config.js:37:19
 ❯ ../node_modules/@testing-library/dom/dist/query-helpers.js:76:38
 ❯ ../node_modules/@testing-library/dom/dist/query-helpers.js:52:17
 ❯ ../node_modules/@testing-library/dom/dist/query-helpers.js:95:19
 ❯ src/components/kawaii/__tests__/CountdownTimer.test.tsx:77:21
     75|       // Should show 12 hours
     76|       expect(screen.getByText('12')).toBeInTheDocument();
     77|       expect(screen.getByText('Hours')).toBeInTheDocument();
       |                     ^
     78|     });
     79| 

⎯⎯⎯⎯⎯⎯⎯⎯⎯⎯⎯⎯⎯⎯⎯⎯⎯⎯⎯⎯[134/268]⎯

 FAIL  src/components/kawaii/__tests__/CountdownTimer.test.tsx > Kawaii CountdownTimer Component > Timer Updates > updates countdown every second
TestingLibraryElementError: Unable to find an element with the text: Days. This could be because the text is broken up by multiple elements. In this case, you can provide a function for your text matcher to make your matcher more flexible.

Ignored nodes: comments, script, style
[36m<body>[39m
  [36m<div>[39m
    [36m<div[39m
      [33mclass[39m=[32m"bg-white dark:bg-neutral-800 rounded-3xl p-6 shadow-kawaii-sm border-2 border-neutral-200 dark:border-neutral-700"[39m
    [36m>[39m
      [36m<h3[39m
        [33mclass[39m=[32m"text-sm font-medium text-neutral-600 dark:text-neutral-400 mb-3"[39m
      [36m>[39m
        [0m距離出發[0m
      [36m</h3>[39m
      [36m<div[39m
        [33mclass[39m=[32m"flex items-baseline gap-2 mb-4"[39m
      [36m>[39m
        [36m<span[39m
          [33mclass[39m=[32m"text-5xl font-bold text-kawaii-600 dark:text-kawaii-400"[39m
        [36m>[39m
          [0m0[0m
        [36m</span>[39m
        [36m<span[39m
          [33mclass[39m=[32m"text-lg text-neutral-600 dark:text-neutral-400"[39m
        [36m>[39m
          [0m天[0m
        [36m</span>[39m
        [36m<span[39m
          [33mclass[39m=[32m"text-3xl font-bold text-kawaii-600 dark:text-kawaii-400 ml-2"[39m
        [36m>[39m
          [0m00[0m
        [36m</span>[39m
        [36m<span[39m
          [33mclass[39m=[32m"text-lg text-neutral-600 dark:text-neutral-400"[39m
        [36m>[39m
          [0m:[0m
        [36m</span>[39m
        [36m<span[39m
          [33mclass[39m=[32m"text-3xl font-bold text-kawaii-600 dark:text-kawaii-400"[39m
        [36m>[39m
          [0m00[0m
        [36m</span>[39m
        [36m<span[39m
          [33mclass[39m=[32m"text-lg text-neutral-600 dark:text-neutral-400"[39m
        [36m>[39m
          [0m:[0m
        [36m</span>[39m
        [36m<span[39m
          [33mclass[39m=[32m"text-3xl font-bold text-kawaii-600 dark:text-kawaii-400"[39m
        [36m>[39m
          [0m08[0m
        [36m</span>[39m
      [36m</div>[39m
      [36m<div[39m
        [33mclass[39m=[32m"relative mb-4"[39m
      [36m>[39m
        [36m<div[39m
          [33mclass[39m=[32m"h-2 bg-neutral-200 dark:bg-neutral-700 rounded-full overflow-hidden"[39m
        [36m>[39m
          [36m<div[39m
            [33mclass[39m=[32m"h-full bg-gradient-to-r from-kawaii-400 to-kawaii-500 rounded-full"[39m
            [33mstyle[39m=[32m"width: 0px;"[39m
          [36m/>[39m
        [36m</div>[39m
        [36m<div[39m
          [33mclass[39m=[32m"absolute -top-2 transform -translate-x-1/2"[39m
          [33mstyle[39m=[32m"left: 0%;"[39m
        [36m>[39m
          [36m<div[39m
            [33mstyle[39m=[32m"transform: none;"[39m
          [36m>[39m
            [36m<svg[39m
              [33mclass[39m=[32m"w-8 h-8 text-neutral-800 dark:text-neutral-200 drop-shadow-md"[39m
              [33mfill[39m=[32m"currentColor"[39m
              [33mviewBox[39m=[32m"0 0 24 24"[39m
              [33mxmlns[39m=[32m"http://www.w3.org/2000/svg"[39m
            [36m>[39m
              [36m<path[39m
                [33md[39m=[32m"M21 16v-2l-8-5V3.5c0-.83-.67-1.5-1.5-1.5S10 2.67 10 3.5V9l-8 5v2l8-2.5V19l-2 1.5V22l3.5-1 3.5 1v-1.5L13 19v-5.5l8 2.5z"[39m
              [36m/>[39m
            [36m</svg>[39m
          [36m</div>[39m
        [36m</div>[39m
      [36m</div>[39m
      [36m<p[39m
        [33mclass[39m=[32m"text-sm text-neutral-600 dark:text-neutral-400"[39m
      [36m>[39m
        [0m2026/02/17[0m
        [0m 出發[0m
      [36m</p>[39m
    [36m</div>[39m
  [36m</div>[39m
[36m</body>[39m
 ❯ Object.getElementError ../node_modules/@testing-library/dom/dist/config.js:37:19
 ❯ ../node_modules/@testing-library/dom/dist/query-helpers.js:76:38
 ❯ ../node_modules/@testing-library/dom/dist/query-helpers.js:52:17
 ❯ ../node_modules/@testing-library/dom/dist/query-helpers.js:95:19
 ❯ src/components/kawaii/__tests__/CountdownTimer.test.tsx:126:21
    124| 
    125|       // The countdown should have updated (we can't predict exact val…
    126|       expect(screen.getByText('Days')).toBeInTheDocument();
       |                     ^
    127|       expect(screen.getByText('Seconds')).toBeInTheDocument();
    128|       

⎯⎯⎯⎯⎯⎯⎯⎯⎯⎯⎯⎯⎯⎯⎯⎯⎯⎯⎯⎯[135/268]⎯

 FAIL  src/components/kawaii/__tests__/CountdownTimer.test.tsx > Kawaii CountdownTimer Component > Expired State > shows expired message when departure date has passed
TestingLibraryElementError: Unable to find an element with the text: /Your trip has started!/i. This could be because the text is broken up by multiple elements. In this case, you can provide a function for your text matcher to make your matcher more flexible.

Ignored nodes: comments, script, style
[36m<body>[39m
  [36m<div>[39m
    [36m<div[39m
      [33mclass[39m=[32m"bg-white dark:bg-neutral-800 rounded-3xl p-6 shadow-kawaii-sm border-2 border-neutral-200 dark:border-neutral-700"[39m
    [36m>[39m
      [36m<h3[39m
        [33mclass[39m=[32m"text-sm font-medium text-neutral-600 dark:text-neutral-400 mb-3"[39m
      [36m>[39m
        [0m距離出發[0m
      [36m</h3>[39m
      [36m<div[39m
        [33mclass[39m=[32m"flex items-baseline gap-2 mb-4"[39m
      [36m>[39m
        [36m<span[39m
          [33mclass[39m=[32m"text-5xl font-bold text-kawaii-600 dark:text-kawaii-400"[39m
        [36m>[39m
          [0m0[0m
        [36m</span>[39m
        [36m<span[39m
          [33mclass[39m=[32m"text-lg text-neutral-600 dark:text-neutral-400"[39m
        [36m>[39m
          [0m天[0m
        [36m</span>[39m
        [36m<span[39m
          [33mclass[39m=[32m"text-3xl font-bold text-kawaii-600 dark:text-kawaii-400 ml-2"[39m
        [36m>[39m
          [0m00[0m
        [36m</span>[39m
        [36m<span[39m
          [33mclass[39m=[32m"text-lg text-neutral-600 dark:text-neutral-400"[39m
        [36m>[39m
          [0m:[0m
        [36m</span>[39m
        [36m<span[39m
          [33mclass[39m=[32m"text-3xl font-bold text-kawaii-600 dark:text-kawaii-400"[39m
        [36m>[39m
          [0m00[0m
        [36m</span>[39m
        [36m<span[39m
          [33mclass[39m=[32m"text-lg text-neutral-600 dark:text-neutral-400"[39m
        [36m>[39m
          [0m:[0m
        [36m</span>[39m
        [36m<span[39m
          [33mclass[39m=[32m"text-3xl font-bold text-kawaii-600 dark:text-kawaii-400"[39m
        [36m>[39m
          [0m00[0m
        [36m</span>[39m
      [36m</div>[39m
      [36m<div[39m
        [33mclass[39m=[32m"relative mb-4"[39m
      [36m>[39m
        [36m<div[39m
          [33mclass[39m=[32m"h-2 bg-neutral-200 dark:bg-neutral-700 rounded-full overflow-hidden"[39m
        [36m>[39m
          [36m<div[39m
            [33mclass[39m=[32m"h-full bg-gradient-to-r from-kawaii-400 to-kawaii-500 rounded-full"[39m
            [33mstyle[39m=[32m"width: 0px;"[39m
          [36m/>[39m
        [36m</div>[39m
        [36m<div[39m
          [33mclass[39m=[32m"absolute -top-2 transform -translate-x-1/2"[39m
          [33mstyle[39m=[32m"left: 0%;"[39m
        [36m>[39m
          [36m<div>[39m
            [36m<svg[39m
              [33mclass[39m=[32m"w-8 h-8 text-neutral-800 dark:text-neutral-200 drop-shadow-md"[39m
              [33mfill[39m=[32m"currentColor"[39m
              [33mviewBox[39m=[32m"0 0 24 24"[39m
              [33mxmlns[39m=[32m"http://www.w3.org/2000/svg"[39m
            [36m>[39m
              [36m<path[39m
                [33md[39m=[32m"M21 16v-2l-8-5V3.5c0-.83-.67-1.5-1.5-1.5S10 2.67 10 3.5V9l-8 5v2l8-2.5V19l-2 1.5V22l3.5-1 3.5 1v-1.5L13 19v-5.5l8 2.5z"[39m
              [36m/>[39m
            [36m</svg>[39m
          [36m</div>[39m
        [36m</div>[39m
      [36m</div>[39m
      [36m<p[39m
        [33mclass[39m=[32m"text-sm text-neutral-600 dark:text-neutral-400"[39m
      [36m>[39m
        [0m2024/01/01[0m
        [0m 出發[0m
      [36m</p>[39m
    [36m</div>[39m
  [36m</div>[39m
[36m</body>[39m
 ❯ Object.getElementError ../node_modules/@testing-library/dom/dist/config.js:37:19
 ❯ ../node_modules/@testing-library/dom/dist/query-helpers.js:76:38
 ❯ ../node_modules/@testing-library/dom/dist/query-helpers.js:52:17
 ❯ ../node_modules/@testing-library/dom/dist/query-helpers.js:95:19
 ❯ src/components/kawaii/__tests__/CountdownTimer.test.tsx:168:21
    166|       render(<CountdownTimer departureDate={pastDate} />);
    167| 
    168|       expect(screen.getByText(/Your trip has started!/i)).toBeInTheDoc…
       |                     ^
    169|       expect(screen.getByText(/Have an amazing journey!/i)).toBeInTheD…
    170|     });

⎯⎯⎯⎯⎯⎯⎯⎯⎯⎯⎯⎯⎯⎯⎯⎯⎯⎯⎯⎯[136/268]⎯

 FAIL  src/components/kawaii/__tests__/CountdownTimer.test.tsx > Kawaii CountdownTimer Component > Edge Cases > handles exactly 0 seconds remaining
TestingLibraryElementError: Unable to find an element with the text: /Your trip has started!/i. This could be because the text is broken up by multiple elements. In this case, you can provide a function for your text matcher to make your matcher more flexible.

Ignored nodes: comments, script, style
[36m<body>[39m
  [36m<div>[39m
    [36m<div[39m
      [33mclass[39m=[32m"bg-white dark:bg-neutral-800 rounded-3xl p-6 shadow-kawaii-sm border-2 border-neutral-200 dark:border-neutral-700"[39m
    [36m>[39m
      [36m<h3[39m
        [33mclass[39m=[32m"text-sm font-medium text-neutral-600 dark:text-neutral-400 mb-3"[39m
      [36m>[39m
        [0m距離出發[0m
      [36m</h3>[39m
      [36m<div[39m
        [33mclass[39m=[32m"flex items-baseline gap-2 mb-4"[39m
      [36m>[39m
        [36m<span[39m
          [33mclass[39m=[32m"text-5xl font-bold text-kawaii-600 dark:text-kawaii-400"[39m
        [36m>[39m
          [0m0[0m
        [36m</span>[39m
        [36m<span[39m
          [33mclass[39m=[32m"text-lg text-neutral-600 dark:text-neutral-400"[39m
        [36m>[39m
          [0m天[0m
        [36m</span>[39m
        [36m<span[39m
          [33mclass[39m=[32m"text-3xl font-bold text-kawaii-600 dark:text-kawaii-400 ml-2"[39m
        [36m>[39m
          [0m00[0m
        [36m</span>[39m
        [36m<span[39m
          [33mclass[39m=[32m"text-lg text-neutral-600 dark:text-neutral-400"[39m
        [36m>[39m
          [0m:[0m
        [36m</span>[39m
        [36m<span[39m
          [33mclass[39m=[32m"text-3xl font-bold text-kawaii-600 dark:text-kawaii-400"[39m
        [36m>[39m
          [0m00[0m
        [36m</span>[39m
        [36m<span[39m
          [33mclass[39m=[32m"text-lg text-neutral-600 dark:text-neutral-400"[39m
        [36m>[39m
          [0m:[0m
        [36m</span>[39m
        [36m<span[39m
          [33mclass[39m=[32m"text-3xl font-bold text-kawaii-600 dark:text-kawaii-400"[39m
        [36m>[39m
          [0m00[0m
        [36m</span>[39m
      [36m</div>[39m
      [36m<div[39m
        [33mclass[39m=[32m"relative mb-4"[39m
      [36m>[39m
        [36m<div[39m
          [33mclass[39m=[32m"h-2 bg-neutral-200 dark:bg-neutral-700 rounded-full overflow-hidden"[39m
        [36m>[39m
          [36m<div[39m
            [33mclass[39m=[32m"h-full bg-gradient-to-r from-kawaii-400 to-kawaii-500 rounded-full"[39m
            [33mstyle[39m=[32m"width: 0px;"[39m
          [36m/>[39m
        [36m</div>[39m
        [36m<div[39m
          [33mclass[39m=[32m"absolute -top-2 transform -translate-x-1/2"[39m
          [33mstyle[39m=[32m"left: 0%;"[39m
        [36m>[39m
          [36m<div>[39m
            [36m<svg[39m
              [33mclass[39m=[32m"w-8 h-8 text-neutral-800 dark:text-neutral-200 drop-shadow-md"[39m
              [33mfill[39m=[32m"currentColor"[39m
              [33mviewBox[39m=[32m"0 0 24 24"[39m
              [33mxmlns[39m=[32m"http://www.w3.org/2000/svg"[39m
            [36m>[39m
              [36m<path[39m
                [33md[39m=[32m"M21 16v-2l-8-5V3.5c0-.83-.67-1.5-1.5-1.5S10 2.67 10 3.5V9l-8 5v2l8-2.5V19l-2 1.5V22l3.5-1 3.5 1v-1.5L13 19v-5.5l8 2.5z"[39m
              [36m/>[39m
            [36m</svg>[39m
          [36m</div>[39m
        [36m</div>[39m
      [36m</div>[39m
      [36m<p[39m
        [33mclass[39m=[32m"text-sm text-neutral-600 dark:text-neutral-400"[39m
      [36m>[39m
        [0m2024/01/01[0m
        [0m 出發[0m
      [36m</p>[39m
    [36m</div>[39m
  [36m</div>[39m
[36m</body>[39m
 ❯ Object.getElementError ../node_modules/@testing-library/dom/dist/config.js:37:19
 ❯ ../node_modules/@testing-library/dom/dist/query-helpers.js:76:38
 ❯ ../node_modules/@testing-library/dom/dist/query-helpers.js:52:17
 ❯ ../node_modules/@testing-library/dom/dist/query-helpers.js:95:19
 ❯ src/components/kawaii/__tests__/CountdownTimer.test.tsx:227:21
    225| 
    226|       // Should show expired state
    227|       expect(screen.getByText(/Your trip has started!/i)).toBeInTheDoc…
       |                     ^
    228|     });
    229| 

⎯⎯⎯⎯⎯⎯⎯⎯⎯⎯⎯⎯⎯⎯⎯⎯⎯⎯⎯⎯[137/268]⎯

 FAIL  src/components/kawaii/__tests__/CountdownTimer.test.tsx > Kawaii CountdownTimer Component > Edge Cases > handles large number of days
TestingLibraryElementError: Unable to find an element with the text: Days. This could be because the text is broken up by multiple elements. In this case, you can provide a function for your text matcher to make your matcher more flexible.

Ignored nodes: comments, script, style
[36m<body>[39m
  [36m<div>[39m
    [36m<div[39m
      [33mclass[39m=[32m"bg-white dark:bg-neutral-800 rounded-3xl p-6 shadow-kawaii-sm border-2 border-neutral-200 dark:border-neutral-700"[39m
    [36m>[39m
      [36m<h3[39m
        [33mclass[39m=[32m"text-sm font-medium text-neutral-600 dark:text-neutral-400 mb-3"[39m
      [36m>[39m
        [0m距離出發[0m
      [36m</h3>[39m
      [36m<div[39m
        [33mclass[39m=[32m"flex items-baseline gap-2 mb-4"[39m
      [36m>[39m
        [36m<span[39m
          [33mclass[39m=[32m"text-5xl font-bold text-kawaii-600 dark:text-kawaii-400"[39m
        [36m>[39m
          [0m366[0m
        [36m</span>[39m
        [36m<span[39m
          [33mclass[39m=[32m"text-lg text-neutral-600 dark:text-neutral-400"[39m
        [36m>[39m
          [0m天[0m
        [36m</span>[39m
        [36m<span[39m
          [33mclass[39m=[32m"text-3xl font-bold text-kawaii-600 dark:text-kawaii-400 ml-2"[39m
        [36m>[39m
          [0m00[0m
        [36m</span>[39m
        [36m<span[39m
          [33mclass[39m=[32m"text-lg text-neutral-600 dark:text-neutral-400"[39m
        [36m>[39m
          [0m:[0m
        [36m</span>[39m
        [36m<span[39m
          [33mclass[39m=[32m"text-3xl font-bold text-kawaii-600 dark:text-kawaii-400"[39m
        [36m>[39m
          [0m00[0m
        [36m</span>[39m
        [36m<span[39m
          [33mclass[39m=[32m"text-lg text-neutral-600 dark:text-neutral-400"[39m
        [36m>[39m
          [0m:[0m
        [36m</span>[39m
        [36m<span[39m
          [33mclass[39m=[32m"text-3xl font-bold text-kawaii-600 dark:text-kawaii-400"[39m
        [36m>[39m
          [0m00[0m
        [36m</span>[39m
      [36m</div>[39m
      [36m<div[39m
        [33mclass[39m=[32m"relative mb-4"[39m
      [36m>[39m
        [36m<div[39m
          [33mclass[39m=[32m"h-2 bg-neutral-200 dark:bg-neutral-700 rounded-full overflow-hidden"[39m
        [36m>[39m
          [36m<div[39m
            [33mclass[39m=[32m"h-full bg-gradient-to-r from-kawaii-400 to-kawaii-500 rounded-full"[39m
            [33mstyle[39m=[32m"width: 0px;"[39m
          [36m/>[39m
        [36m</div>[39m
        [36m<div[39m
          [33mclass[39m=[32m"absolute -top-2 transform -translate-x-1/2"[39m
          [33mstyle[39m=[32m"left: 0%;"[39m
        [36m>[39m
          [36m<div>[39m
            [36m<svg[39m
              [33mclass[39m=[32m"w-8 h-8 text-neutral-800 dark:text-neutral-200 drop-shadow-md"[39m
              [33mfill[39m=[32m"currentColor"[39m
              [33mviewBox[39m=[32m"0 0 24 24"[39m
              [33mxmlns[39m=[32m"http://www.w3.org/2000/svg"[39m
            [36m>[39m
              [36m<path[39m
                [33md[39m=[32m"M21 16v-2l-8-5V3.5c0-.83-.67-1.5-1.5-1.5S10 2.67 10 3.5V9l-8 5v2l8-2.5V19l-2 1.5V22l3.5-1 3.5 1v-1.5L13 19v-5.5l8 2.5z"[39m
              [36m/>[39m
            [36m</svg>[39m
          [36m</div>[39m
        [36m</div>[39m
      [36m</div>[39m
      [36m<p[39m
        [33mclass[39m=[32m"text-sm text-neutral-600 dark:text-neutral-400"[39m
      [36m>[39m
        [0m2025/01/01[0m
        [0m 出發[0m
      [36m</p>[39m
    [36m</div>[39m
  [36m</div>[39m
[36m</body>[39m
 ❯ Object.getElementError ../node_modules/@testing-library/dom/dist/config.js:37:19
 ❯ ../node_modules/@testing-library/dom/dist/query-helpers.js:76:38
 ❯ ../node_modules/@testing-library/dom/dist/query-helpers.js:52:17
 ❯ ../node_modules/@testing-library/dom/dist/query-helpers.js:95:19
 ❯ src/components/kawaii/__tests__/CountdownTimer.test.tsx:238:21
    236| 
    237|       // Should display the countdown (exact number depends on leap ye…
    238|       expect(screen.getByText('Days')).toBeInTheDocument();
       |                     ^
    239|     });
    240| 

⎯⎯⎯⎯⎯⎯⎯⎯⎯⎯⎯⎯⎯⎯⎯⎯⎯⎯⎯⎯[138/268]⎯

 FAIL  src/components/kawaii/__tests__/CountdownTimer.test.tsx > Kawaii CountdownTimer Component > Edge Cases > handles invalid date gracefully
AssertionError: expected [Function] to not throw an error but 'RangeError: Invalid time value' was thrown

[32m- Expected:[39m 
undefined

[31m+ Received:[39m 
"RangeError: Invalid time value"

 ❯ src/components/kawaii/__tests__/CountdownTimer.test.tsx:247:14
    245|       expect(() => {
    246|         render(<CountdownTimer departureDate={invalidDate} />);
    247|       }).not.toThrow();
       |              ^
    248|     });
    249|   });

⎯⎯⎯⎯⎯⎯⎯⎯⎯⎯⎯⎯⎯⎯⎯⎯⎯⎯⎯⎯[139/268]⎯

 FAIL  src/components/kawaii/__tests__/CountdownTimer.test.tsx > Kawaii CountdownTimer Component > Accessibility > has readable text for screen readers
TestingLibraryElementError: Unable to find an element with the text: Days. This could be because the text is broken up by multiple elements. In this case, you can provide a function for your text matcher to make your matcher more flexible.

Ignored nodes: comments, script, style
[36m<body>[39m
  [36m<div>[39m
    [36m<div[39m
      [33mclass[39m=[32m"bg-white dark:bg-neutral-800 rounded-3xl p-6 shadow-kawaii-sm border-2 border-neutral-200 dark:border-neutral-700"[39m
    [36m>[39m
      [36m<h3[39m
        [33mclass[39m=[32m"text-sm font-medium text-neutral-600 dark:text-neutral-400 mb-3"[39m
      [36m>[39m
        [0m距離出發[0m
      [36m</h3>[39m
      [36m<div[39m
        [33mclass[39m=[32m"flex items-baseline gap-2 mb-4"[39m
      [36m>[39m
        [36m<span[39m
          [33mclass[39m=[32m"text-5xl font-bold text-kawaii-600 dark:text-kawaii-400"[39m
        [36m>[39m
          [0m5[0m
        [36m</span>[39m
        [36m<span[39m
          [33mclass[39m=[32m"text-lg text-neutral-600 dark:text-neutral-400"[39m
        [36m>[39m
          [0m天[0m
        [36m</span>[39m
        [36m<span[39m
          [33mclass[39m=[32m"text-3xl font-bold text-kawaii-600 dark:text-kawaii-400 ml-2"[39m
        [36m>[39m
          [0m00[0m
        [36m</span>[39m
        [36m<span[39m
          [33mclass[39m=[32m"text-lg text-neutral-600 dark:text-neutral-400"[39m
        [36m>[39m
          [0m:[0m
        [36m</span>[39m
        [36m<span[39m
          [33mclass[39m=[32m"text-3xl font-bold text-kawaii-600 dark:text-kawaii-400"[39m
        [36m>[39m
          [0m00[0m
        [36m</span>[39m
        [36m<span[39m
          [33mclass[39m=[32m"text-lg text-neutral-600 dark:text-neutral-400"[39m
        [36m>[39m
          [0m:[0m
        [36m</span>[39m
        [36m<span[39m
          [33mclass[39m=[32m"text-3xl font-bold text-kawaii-600 dark:text-kawaii-400"[39m
        [36m>[39m
          [0m00[0m
        [36m</span>[39m
      [36m</div>[39m
      [36m<div[39m
        [33mclass[39m=[32m"relative mb-4"[39m
      [36m>[39m
        [36m<div[39m
          [33mclass[39m=[32m"h-2 bg-neutral-200 dark:bg-neutral-700 rounded-full overflow-hidden"[39m
        [36m>[39m
          [36m<div[39m
            [33mclass[39m=[32m"h-full bg-gradient-to-r from-kawaii-400 to-kawaii-500 rounded-full"[39m
            [33mstyle[39m=[32m"width: 0px;"[39m
          [36m/>[39m
        [36m</div>[39m
        [36m<div[39m
          [33mclass[39m=[32m"absolute -top-2 transform -translate-x-1/2"[39m
          [33mstyle[39m=[32m"left: 0%;"[39m
        [36m>[39m
          [36m<div>[39m
            [36m<svg[39m
              [33mclass[39m=[32m"w-8 h-8 text-neutral-800 dark:text-neutral-200 drop-shadow-md"[39m
              [33mfill[39m=[32m"currentColor"[39m
              [33mviewBox[39m=[32m"0 0 24 24"[39m
              [33mxmlns[39m=[32m"http://www.w3.org/2000/svg"[39m
            [36m>[39m
              [36m<path[39m
                [33md[39m=[32m"M21 16v-2l-8-5V3.5c0-.83-.67-1.5-1.5-1.5S10 2.67 10 3.5V9l-8 5v2l8-2.5V19l-2 1.5V22l3.5-1 3.5 1v-1.5L13 19v-5.5l8 2.5z"[39m
              [36m/>[39m
            [36m</svg>[39m
          [36m</div>[39m
        [36m</div>[39m
      [36m</div>[39m
      [36m<p[39m
        [33mclass[39m=[32m"text-sm text-neutral-600 dark:text-neutral-400"[39m
      [36m>[39m
        [0m2024/01/06[0m
        [0m 出發[0m
      [36m</p>[39m
    [36m</div>[39m
  [36m</div>[39m
[36m</body>[39m
 ❯ Object.getElementError ../node_modules/@testing-library/dom/dist/config.js:37:19
 ❯ ../node_modules/@testing-library/dom/dist/query-helpers.js:76:38
 ❯ ../node_modules/@testing-library/dom/dist/query-helpers.js:52:17
 ❯ ../node_modules/@testing-library/dom/dist/query-helpers.js:95:19
 ❯ src/components/kawaii/__tests__/CountdownTimer.test.tsx:257:21
    255| 
    256|       // Labels should be present for screen readers
    257|       expect(screen.getByText('Days')).toBeInTheDocument();
       |                     ^
    258|       expect(screen.getByText('Hours')).toBeInTheDocument();
    259|       expect(screen.getByText('Minutes')).toBeInTheDocument();

⎯⎯⎯⎯⎯⎯⎯⎯⎯⎯⎯⎯⎯⎯⎯⎯⎯⎯⎯⎯[140/268]⎯

 FAIL  src/components/kawaii/__tests__/DateSelector.test.tsx > DateSelector > Rendering > renders day of week and month for each date
TestingLibraryElementError: Unable to find an element with the text: Mar. This could be because the text is broken up by multiple elements. In this case, you can provide a function for your text matcher to make your matcher more flexible.

Ignored nodes: comments, script, style
[36m<body>[39m
  [36m<div>[39m
    [36m<div[39m
      [33mclass[39m=[32m"relative bg-transparent"[39m
    [36m>[39m
      [36m<div[39m
        [33mclass[39m=[32m"flex gap-2 sm:gap-3 overflow-x-auto px-3 sm:px-5 py-2 sm:py-3 [&::-webkit-scrollbar]:hidden [-ms-overflow-style:none] [scrollbar-width:none] scroll-smooth"[39m
        [33mstyle[39m=[32m"scroll-snap-type: x mandatory;"[39m
      [36m>[39m
        [36m<div[39m
          [33mstyle[39m=[32m"scroll-snap-align: center;"[39m
        [36m>[39m
          [36m<button[39m
            [33mclass[39m=[32m"flex-shrink-0 flex flex-col items-center justify-center relative min-w-[72px] sm:min-w-[88px] min-h-[84px] sm:min-h-[100px] rounded-[24px] sm:rounded-[32px] transition-all duration-200 focus:outline-none touch-manipulation bg-gradient-to-br from-pink-50 to-pink-100 border-2 border-pink-400 shadow-md"[39m
            [33mtabindex[39m=[32m"0"[39m
          [36m>[39m
            [36m<div[39m
              [33mclass[39m=[32m"rounded-xl sm:rounded-2xl px-2 sm:px-3 py-0.5 sm:py-1 mb-1.5 sm:mb-2 text-[10px] sm:text-xs font-semibold uppercase tracking-wide bg-pink-400 text-white"[39m
            [36m>[39m
              [0mFri[0m
            [36m</div>[39m
            [36m<div[39m
              [33mclass[39m=[32m"text-3xl sm:text-4xl font-black leading-none text-pink-500"[39m
            [36m>[39m
              [0m15[0m
            [36m</div>[39m
          [36m</button>[39m
        [36m</div>[39m
      [36m</div>[39m
    [36m</div>[39m
  [36m</div>[39m
[36m</body>[39m
 ❯ Object.getElementError ../node_modules/@testing-library/dom/dist/config.js:37:19
 ❯ ../node_modules/@testing-library/dom/dist/query-helpers.js:76:38
 ❯ ../node_modules/@testing-library/dom/dist/query-helpers.js:52:17
 ❯ ../node_modules/@testing-library/dom/dist/query-helpers.js:95:19
 ❯ src/components/kawaii/__tests__/DateSelector.test.tsx:66:21
     64|       
     65|       // Check for month
     66|       expect(screen.getByText('Mar')).toBeInTheDocument();
       |                     ^
     67|     });
     68| 

⎯⎯⎯⎯⎯⎯⎯⎯⎯⎯⎯⎯⎯⎯⎯⎯⎯⎯⎯⎯[141/268]⎯

 FAIL  src/components/kawaii/__tests__/DateSelector.test.tsx > DateSelector > Selected Date Highlighting > highlights the selected date
Error: [2mexpect([22m[31melement[39m[2m).toHaveClass([22m[32m[32m"from-kawaii-primary-500"[32m[39m[2m)[22m

Expected the element to have class:
[32m  from-kawaii-primary-500[39m
Received:
[31m  flex-shrink-0 flex flex-col items-center justify-center relative min-w-[72px] sm:min-w-[88px] min-h-[84px] sm:min-h-[100px] rounded-[24px] sm:rounded-[32px] transition-all duration-200 focus:outline-none touch-manipulation bg-gradient-to-br from-pink-50 to-pink-100 border-2 border-pink-400 shadow-md[39m
 ❯ src/components/kawaii/__tests__/DateSelector.test.tsx:105:30
    103| 
    104|       const selectedButton = screen.getByText('17').closest('button');
    105|       expect(selectedButton).toHaveClass('from-kawaii-primary-500');
       |                              ^
    106|       expect(selectedButton).toHaveClass('to-kawaii-primary-400');
    107|     });

⎯⎯⎯⎯⎯⎯⎯⎯⎯⎯⎯⎯⎯⎯⎯⎯⎯⎯⎯⎯[142/268]⎯

 FAIL  src/components/kawaii/__tests__/DateSelector.test.tsx > DateSelector > Selected Date Highlighting > updates highlighting when selected date changes
Error: [2mexpect([22m[31melement[39m[2m).toHaveClass([22m[32m[32m"from-kawaii-primary-500"[32m[39m[2m)[22m

Expected the element to have class:
[32m  from-kawaii-primary-500[39m
Received:
[31m  flex-shrink-0 flex flex-col items-center justify-center relative min-w-[72px] sm:min-w-[88px] min-h-[84px] sm:min-h-[100px] rounded-[24px] sm:rounded-[32px] transition-all duration-200 focus:outline-none touch-manipulation bg-gradient-to-br from-pink-50 to-pink-100 border-2 border-pink-400 shadow-md[39m
 ❯ src/components/kawaii/__tests__/DateSelector.test.tsx:133:30
    131| 
    132|       let selectedButton = screen.getByText('15').closest('button');
    133|       expect(selectedButton).toHaveClass('from-kawaii-primary-500');
       |                              ^
    134| 
    135|       // Change selected date

⎯⎯⎯⎯⎯⎯⎯⎯⎯⎯⎯⎯⎯⎯⎯⎯⎯⎯⎯⎯[143/268]⎯

 FAIL  src/components/kawaii/__tests__/DateSelector.test.tsx > DateSelector > Accessibility > has focus styles on date pills
Error: [2mexpect([22m[31melement[39m[2m).toHaveClass([22m[32m[32m"focus:ring-2"[32m[39m[2m)[22m

Expected the element to have class:
[32m  focus:ring-2[39m
Received:
[31m  flex-shrink-0 flex flex-col items-center justify-center relative min-w-[72px] sm:min-w-[88px] min-h-[84px] sm:min-h-[100px] rounded-[24px] sm:rounded-[32px] transition-all duration-200 focus:outline-none touch-manipulation bg-gradient-to-br from-pink-50 to-pink-100 border-2 border-pink-400 shadow-md[39m
 ❯ src/components/kawaii/__tests__/DateSelector.test.tsx:277:22
    275|       const button = screen.getByText('15').closest('button');
    276|       expect(button).toHaveClass('focus:outline-none');
    277|       expect(button).toHaveClass('focus:ring-2');
       |                      ^
    278|     });
    279| 

⎯⎯⎯⎯⎯⎯⎯⎯⎯⎯⎯⎯⎯⎯⎯⎯⎯⎯⎯⎯[144/268]⎯

 FAIL  src/components/kawaii/__tests__/DateSelector.test.tsx > DateSelector > Styling and Layout > has gradient fade edges
AssertionError: expected 0 to be greater than or equal to 2
 ❯ src/components/kawaii/__tests__/DateSelector.test.tsx:333:32
    331| 
    332|       const gradients = container.querySelectorAll('.bg-gradient-to-r,…
    333|       expect(gradients.length).toBeGreaterThanOrEqual(2); // Left and …
       |                                ^
    334|     });
    335| 

⎯⎯⎯⎯⎯⎯⎯⎯⎯⎯⎯⎯⎯⎯⎯⎯⎯⎯⎯⎯[145/268]⎯

 FAIL  src/components/kawaii/__tests__/DateSelector.test.tsx > DateSelector > Styling and Layout > has minimum touch target size
Error: [2mexpect([22m[31melement[39m[2m).toHaveClass([22m[32m[32m"min-h-[80px]"[32m[39m[2m)[22m

Expected the element to have class:
[32m  min-h-[80px][39m
Received:
[31m  flex-shrink-0 flex flex-col items-center justify-center relative min-w-[72px] sm:min-w-[88px] min-h-[84px] sm:min-h-[100px] rounded-[24px] sm:rounded-[32px] transition-all duration-200 focus:outline-none touch-manipulation bg-gradient-to-br from-pink-50 to-pink-100 border-2 border-pink-400 shadow-md[39m
 ❯ src/components/kawaii/__tests__/DateSelector.test.tsx:346:22
    344| 
    345|       const button = screen.getByText('15').closest('button');
    346|       expect(button).toHaveClass('min-h-[80px]');
       |                      ^
    347|     });
    348|   });

⎯⎯⎯⎯⎯⎯⎯⎯⎯⎯⎯⎯⎯⎯⎯⎯⎯⎯⎯⎯[146/268]⎯

 FAIL  src/components/kawaii/__tests__/DateSelector.test.tsx > DateSelector > Edge Cases > handles dates from different months
TestingLibraryElementError: Unable to find an element with the text: Mar. This could be because the text is broken up by multiple elements. In this case, you can provide a function for your text matcher to make your matcher more flexible.

Ignored nodes: comments, script, style
[36m<body>[39m
  [36m<div>[39m
    [36m<div[39m
      [33mclass[39m=[32m"relative bg-transparent"[39m
    [36m>[39m
      [36m<div[39m
        [33mclass[39m=[32m"flex gap-2 sm:gap-3 overflow-x-auto px-3 sm:px-5 py-2 sm:py-3 [&::-webkit-scrollbar]:hidden [-ms-overflow-style:none] [scrollbar-width:none] scroll-smooth"[39m
        [33mstyle[39m=[32m"scroll-snap-type: x mandatory;"[39m
      [36m>[39m
        [36m<div[39m
          [33mstyle[39m=[32m"scroll-snap-align: center;"[39m
        [36m>[39m
          [36m<button[39m
            [33mclass[39m=[32m"flex-shrink-0 flex flex-col items-center justify-center relative min-w-[72px] sm:min-w-[88px] min-h-[84px] sm:min-h-[100px] rounded-[24px] sm:rounded-[32px] transition-all duration-200 focus:outline-none touch-manipulation bg-gradient-to-br from-pink-50 to-pink-100 border-2 border-pink-400 shadow-md"[39m
            [33mtabindex[39m=[32m"0"[39m
          [36m>[39m
            [36m<div[39m
              [33mclass[39m=[32m"rounded-xl sm:rounded-2xl px-2 sm:px-3 py-0.5 sm:py-1 mb-1.5 sm:mb-2 text-[10px] sm:text-xs font-semibold uppercase tracking-wide bg-pink-400 text-white"[39m
            [36m>[39m
              [0mSat[0m
            [36m</div>[39m
            [36m<div[39m
              [33mclass[39m=[32m"text-3xl sm:text-4xl font-black leading-none text-pink-500"[39m
            [36m>[39m
              [0m30[0m
            [36m</div>[39m
          [36m</button>[39m
        [36m</div>[39m
        [36m<div[39m
          [33mstyle[39m=[32m"scroll-snap-align: center;"[39m
        [36m>[39m
          [36m<button[39m
            [33mclass[39m=[32m"flex-shrink-0 flex flex-col items-center justify-center relative min-w-[72px] sm:min-w-[88px] min-h-[84px] sm:min-h-[100px] rounded-[24px] sm:rounded-[32px] transition-all duration-200 focus:outline-none touch-manipulation bg-white border border-gray-200"[39m
            [33mtabindex[39m=[32m"0"[39m
          [36m>[39m
            [36m<div[39m
              [33mclass[39m=[32m"rounded-xl sm:rounded-2xl px-2 sm:px-3 py-0.5 sm:py-1 mb-1.5 sm:mb-2 text-[10px] sm:text-xs font-semibold uppercase tracking-wide bg-gray-100 text-gray-400 opacity-70"[39m
            [36m>[39m
              [0mSun[0m
            [36m</div>[39m
            [36m<div[39m
              [33mclass[39m=[32m"text-3xl sm:text-4xl font-black leading-none text-gray-400 opacity-60"[39m
            [36m>[39m
              [0m31[0m
            [36m</div>[39m
          [36m</button>[39m
        [36m</div>[39m
        [36m<div[39m
          [33mstyle[39m=[32m"scroll-snap-align: center;"[39m
        [36m>[39m
          [36m<button[39m
            [33mclass[39m=[32m"flex-shrink-0 flex flex-col items-center justify-center relative min-w-[72px] sm:min-w-[88px] min-h-[84px] sm:min-h-[100px] rounded-[24px] sm:rounded-[32px] transition-all duration-200 focus:outline-none touch-manipulation bg-white border border-gray-200"[39m
            [33mtabindex[39m=[32m"0"[39m
          [36m>[39m
            [36m<div[39m
              [33mclass[39m=[32m"rounded-xl sm:rounded-2xl px-2 sm:px-3 py-0.5 sm:py-1 mb-1.5 sm:mb-2 text-[10px] sm:text-xs font-semibold uppercase tracking-wide bg-gray-100 text-gray-400 opacity-70"[39m
            [36m>[39m
              [0mMon[0m
            [36m</div>[39m
            [36m<div[39m
              [33mclass[39m=[32m"text-3xl sm:text-4xl font-black leading-none text-gray-400 opacity-60"[39m
            [36m>[39m
              [0m1[0m
            [36m</div>[39m
          [36m</button>[39m
        [36m</div>[39m
        [36m<div[39m
          [33mstyle[39m=[32m"scroll-snap-align: center;"[39m
        [36m>[39m
          [36m<button[39m
            [33mclass[39m=[32m"flex-shrink-0 flex flex-col items-center justify-center relative min-w-[72px] sm:min-w-[88px] min-h-[84px] sm:min-h-[100px] rounded-[24px] sm:rounded-[32px] transition-all duration-200 focus:outline-none touch-manipulation bg-white border border-gray-200"[39m
            [33mtabindex[39m=[32m"0"[39m
          [36m>[39m
            [36m<div[39m
              [33mclass[39m=[32m"rounded-xl sm:rounded-2xl px-2 sm:px-3 py-0.5 sm:py-1 mb-1.5 sm:mb-2 text-[10px] sm:text-xs font-semibold uppercase tracking-wide bg-gray-100 text-gray-400 opacity-70"[39m
            [36m>[39m
              [0mTue[0m
            [36m</div>[39m
            [36m<div[39m
              [33mclass[39m=[32m"text-3xl sm:text-4xl font-black leading-none text-gray-400 opacity-60"[39m
            [36m>[39m
              [0m2[0m
            [36m</div>[39m
          [36m</button>[39m
        [36m</div>[39m
      [36m</div>[39m
    [36m</div>[39m
  [36m</div>[39m
[36m</body>[39m
 ❯ Object.getElementError ../node_modules/@testing-library/dom/dist/config.js:37:19
 ❯ ../node_modules/@testing-library/dom/dist/query-helpers.js:76:38
 ❯ ../node_modules/@testing-library/dom/dist/query-helpers.js:109:15
 ❯ src/components/kawaii/__tests__/DateSelector.test.tsx:373:21
    371|       
    372|       // Check for both months
    373|       expect(screen.getAllByText('Mar')).toHaveLength(2);
       |                     ^
    374|       expect(screen.getAllByText('Apr')).toHaveLength(2);
    375|     });

⎯⎯⎯⎯⎯⎯⎯⎯⎯⎯⎯⎯⎯⎯⎯⎯⎯⎯⎯⎯[147/268]⎯

 FAIL  src/components/kawaii/__tests__/DayCard.test.tsx > DayCard > renders day number and date
 FAIL  src/components/kawaii/__tests__/DayCard.test.tsx > DayCard > does not render weather widget when forecast is not provided
 FAIL  src/components/kawaii/__tests__/DayCard.test.tsx > DayCard > renders hotel section when hotel place exists
 FAIL  src/components/kawaii/__tests__/DayCard.test.tsx > DayCard > expands hotel section when clicked
 FAIL  src/components/kawaii/__tests__/DayCard.test.tsx > DayCard > renders flights section when flight places exist
 FAIL  src/components/kawaii/__tests__/DayCard.test.tsx > DayCard > renders activities section when activity places exist
 FAIL  src/components/kawaii/__tests__/DayCard.test.tsx > DayCard > renders activity details in expanded activities section
 FAIL  src/components/kawaii/__tests__/DayCard.test.tsx > DayCard > calls onActivityClick when activity is clicked
 FAIL  src/components/kawaii/__tests__/DayCard.test.tsx > DayCard > renders empty state when no places exist
 FAIL  src/components/kawaii/__tests__/DayCard.test.tsx > DayCard > separates hotel, flights, and activities correctly
 FAIL  src/components/kawaii/__tests__/DayCard.test.tsx > DayCard > opens Google Maps when hotel address is clicked
 FAIL  src/components/kawaii/__tests__/DayCard.test.tsx > DayCard > opens Google Maps when activity address is clicked
 FAIL  src/components/kawaii/__tests__/DayCard.test.tsx > DayCard > displays activity time when available
 FAIL  src/components/kawaii/__tests__/DayCard.test.tsx > DayCard > displays activity notes when available
 FAIL  src/components/kawaii/__tests__/DayCard.test.tsx > DayCard > applies custom className
Error: [vitest] No "Reorder" export is defined on the "framer-motion" mock. Did you forget to return it from "vi.mock"?
If you need to partially mock a module, you can use "importOriginal" helper inside:

vi[33m.[39m[34mmock[39m([35mimport[39m([32m"framer-motion"[39m)[33m,[39m [35masync[39m (importOriginal) [33m=>[39m {
  [35mconst[39m actual [33m=[39m [35mawait[39m [34mimportOriginal[39m()
  [35mreturn[39m {
    [33m...[39mactual[33m,[39m
    [90m// your mocked methods[39m
  }
})

 ❯ DayCard src/components/kawaii/DayCard.tsx:182:10
    180|         <h3 className="text-gray-500 text-sm font-medium mb-4">活動安排</h…
    181|         
    182|         <Reorder.Group
       |          ^
    183|           axis="y"
    184|           values={regularActivities}
 ❯ renderWithHooks ../node_modules/react-dom/cjs/react-dom.development.js:15486:18
 ❯ mountIndeterminateComponent ../node_modules/react-dom/cjs/react-dom.development.js:20103:13
 ❯ beginWork ../node_modules/react-dom/cjs/react-dom.development.js:21626:16
 ❯ beginWork$1 ../node_modules/react-dom/cjs/react-dom.development.js:27465:14
 ❯ performUnitOfWork ../node_modules/react-dom/cjs/react-dom.development.js:26599:12
 ❯ workLoopSync ../node_modules/react-dom/cjs/react-dom.development.js:26505:5
 ❯ renderRootSync ../node_modules/react-dom/cjs/react-dom.development.js:26473:7

⎯⎯⎯⎯⎯⎯⎯⎯⎯⎯⎯⎯⎯⎯⎯⎯⎯⎯⎯⎯[148/268]⎯

 FAIL  src/components/kawaii/__tests__/MemberCard.test.tsx > MemberCard > Requirement 14.3: Display role > displays owner role badge
TestingLibraryElementError: Unable to find an element with the text: Owner. This could be because the text is broken up by multiple elements. In this case, you can provide a function for your text matcher to make your matcher more flexible.

Ignored nodes: comments, script, style
[36m<body>[39m
  [36m<div>[39m
    [36m<div[39m
      [33mclass[39m=[32m"relative"[39m
    [36m>[39m
      [36m<div[39m
        [33manimate[39m=[32m"[object Object]"[39m
        [33mclass[39m=[32m"relative overflow-hidden bg-white dark:bg-kawaii-neutral-800 rounded-2xl shadow-sm hover:shadow-md transition-shadow duration-200 touch-manipulation"[39m
        [33mtransition[39m=[32m"[object Object]"[39m
      [36m>[39m
        [36m<div[39m
          [33mclass[39m=[32m"flex items-center gap-4 p-4"[39m
        [36m>[39m
          [36m<div[39m
            [33mclass[39m=[32m"relative flex-shrink-0"[39m
          [36m>[39m
            [36m<div[39m
              [33mclass[39m=[32m"w-12 h-12 rounded-full flex items-center justify-center bg-gradient-to-br from-kawaii-primary to-kawaii-secondary text-white font-semibold text-lg shadow-sm dark:from-kawaii-primary-500 dark:to-kawaii-secondary-500"[39m
            [36m>[39m
              [0mJD[0m
            [36m</div>[39m
            [36m<div[39m
              [33maria-label[39m=[32m"Offline"[39m
              [33mclass[39m=[32m"absolute bottom-0 right-0 w-3.5 h-3.5 rounded-full border-2 border-white dark:border-kawaii-neutral-800 bg-gray-400 dark:bg-gray-600"[39m
            [36m/>[39m
          [36m</div>[39m
          [36m<div[39m
            [33mclass[39m=[32m"flex-1 min-w-0"[39m
          [36m>[39m
            [36m<div[39m
              [33mclass[39m=[32m"text-base font-semibold mb-0.5 text-kawaii-neutral-900 dark:text-kawaii-neutral-100 truncate"[39m
            [36m>[39m
              [0mJohn Doe[0m
            [36m</div>[39m
            [36m<div[39m
              [33mclass[39m=[32m"text-sm mb-1.5 text-kawaii-neutral-600 dark:text-kawaii-neutral-400 truncate"[39m
            [36m>[39m
              [0mjohn@example.com[0m
            [36m</div>[39m
            [36m<span[39m
              [33mclass[39m=[32m"inline-flex items-center px-2 py-0.5 text-xs font-medium rounded-full bg-purple-100 dark:bg-purple-900/40 text-purple-800 dark:text-purple-200"[39m
            [36m>[39m
              [0mroles.owner[0m
            [36m</span>[39m
          [36m</div>[39m
        [36m</div>[39m
      [36m</div>[39m
    [36m</div>[39m
  [36m</div>[39m
[36m</body>[39m
 ❯ Object.getElementError ../node_modules/@testing-library/dom/dist/config.js:37:19
 ❯ ../node_modules/@testing-library/dom/dist/query-helpers.js:76:38
 ❯ ../node_modules/@testing-library/dom/dist/query-helpers.js:52:17
 ❯ ../node_modules/@testing-library/dom/dist/query-helpers.js:95:19
 ❯ src/components/kawaii/__tests__/MemberCard.test.tsx:105:21
    103|       render(<MemberCard member={ownerMember} />);
    104|       
    105|       expect(screen.getByText('Owner')).toBeInTheDocument();
       |                     ^
    106|     });
    107| 

⎯⎯⎯⎯⎯⎯⎯⎯⎯⎯⎯⎯⎯⎯⎯⎯⎯⎯⎯⎯[149/268]⎯

 FAIL  src/components/kawaii/__tests__/MemberCard.test.tsx > MemberCard > Requirement 14.3: Display role > displays editor role badge
TestingLibraryElementError: Unable to find an element with the text: Editor. This could be because the text is broken up by multiple elements. In this case, you can provide a function for your text matcher to make your matcher more flexible.

Ignored nodes: comments, script, style
[36m<body>[39m
  [36m<div>[39m
    [36m<div[39m
      [33mclass[39m=[32m"relative"[39m
    [36m>[39m
      [36m<div[39m
        [33manimate[39m=[32m"[object Object]"[39m
        [33mclass[39m=[32m"relative overflow-hidden bg-white dark:bg-kawaii-neutral-800 rounded-2xl shadow-sm hover:shadow-md transition-shadow duration-200 touch-manipulation"[39m
        [33mtransition[39m=[32m"[object Object]"[39m
      [36m>[39m
        [36m<div[39m
          [33mclass[39m=[32m"flex items-center gap-4 p-4"[39m
        [36m>[39m
          [36m<div[39m
            [33mclass[39m=[32m"relative flex-shrink-0"[39m
          [36m>[39m
            [36m<div[39m
              [33mclass[39m=[32m"w-12 h-12 rounded-full flex items-center justify-center bg-gradient-to-br from-kawaii-primary to-kawaii-secondary text-white font-semibold text-lg shadow-sm dark:from-kawaii-primary-500 dark:to-kawaii-secondary-500"[39m
            [36m>[39m
              [0mJD[0m
            [36m</div>[39m
            [36m<div[39m
              [33maria-label[39m=[32m"Offline"[39m
              [33mclass[39m=[32m"absolute bottom-0 right-0 w-3.5 h-3.5 rounded-full border-2 border-white dark:border-kawaii-neutral-800 bg-gray-400 dark:bg-gray-600"[39m
            [36m/>[39m
          [36m</div>[39m
          [36m<div[39m
            [33mclass[39m=[32m"flex-1 min-w-0"[39m
          [36m>[39m
            [36m<div[39m
              [33mclass[39m=[32m"text-base font-semibold mb-0.5 text-kawaii-neutral-900 dark:text-kawaii-neutral-100 truncate"[39m
            [36m>[39m
              [0mJohn Doe[0m
            [36m</div>[39m
            [36m<div[39m
              [33mclass[39m=[32m"text-sm mb-1.5 text-kawaii-neutral-600 dark:text-kawaii-neutral-400 truncate"[39m
            [36m>[39m
              [0mjohn@example.com[0m
            [36m</div>[39m
            [36m<span[39m
              [33mclass[39m=[32m"inline-flex items-center px-2 py-0.5 text-xs font-medium rounded-full bg-blue-100 dark:bg-blue-900/40 text-blue-800 dark:text-blue-200"[39m
            [36m>[39m
              [0mroles.editor[0m
            [36m</span>[39m
          [36m</div>[39m
        [36m</div>[39m
      [36m</div>[39m
    [36m</div>[39m
  [36m</div>[39m
[36m</body>[39m
 ❯ Object.getElementError ../node_modules/@testing-library/dom/dist/config.js:37:19
 ❯ ../node_modules/@testing-library/dom/dist/query-helpers.js:76:38
 ❯ ../node_modules/@testing-library/dom/dist/query-helpers.js:52:17
 ❯ ../node_modules/@testing-library/dom/dist/query-helpers.js:95:19
 ❯ src/components/kawaii/__tests__/MemberCard.test.tsx:111:21
    109|       render(<MemberCard member={mockMember} />);
    110|       
    111|       expect(screen.getByText('Editor')).toBeInTheDocument();
       |                     ^
    112|     });
    113| 

⎯⎯⎯⎯⎯⎯⎯⎯⎯⎯⎯⎯⎯⎯⎯⎯⎯⎯⎯⎯[150/268]⎯

 FAIL  src/components/kawaii/__tests__/MemberCard.test.tsx > MemberCard > Requirement 14.3: Display role > displays viewer role badge
TestingLibraryElementError: Unable to find an element with the text: Viewer. This could be because the text is broken up by multiple elements. In this case, you can provide a function for your text matcher to make your matcher more flexible.

Ignored nodes: comments, script, style
[36m<body>[39m
  [36m<div>[39m
    [36m<div[39m
      [33mclass[39m=[32m"relative"[39m
    [36m>[39m
      [36m<div[39m
        [33manimate[39m=[32m"[object Object]"[39m
        [33mclass[39m=[32m"relative overflow-hidden bg-white dark:bg-kawaii-neutral-800 rounded-2xl shadow-sm hover:shadow-md transition-shadow duration-200 touch-manipulation"[39m
        [33mtransition[39m=[32m"[object Object]"[39m
      [36m>[39m
        [36m<div[39m
          [33mclass[39m=[32m"flex items-center gap-4 p-4"[39m
        [36m>[39m
          [36m<div[39m
            [33mclass[39m=[32m"relative flex-shrink-0"[39m
          [36m>[39m
            [36m<div[39m
              [33mclass[39m=[32m"w-12 h-12 rounded-full flex items-center justify-center bg-gradient-to-br from-kawaii-primary to-kawaii-secondary text-white font-semibold text-lg shadow-sm dark:from-kawaii-primary-500 dark:to-kawaii-secondary-500"[39m
            [36m>[39m
              [0mJD[0m
            [36m</div>[39m
            [36m<div[39m
              [33maria-label[39m=[32m"Offline"[39m
              [33mclass[39m=[32m"absolute bottom-0 right-0 w-3.5 h-3.5 rounded-full border-2 border-white dark:border-kawaii-neutral-800 bg-gray-400 dark:bg-gray-600"[39m
            [36m/>[39m
          [36m</div>[39m
          [36m<div[39m
            [33mclass[39m=[32m"flex-1 min-w-0"[39m
          [36m>[39m
            [36m<div[39m
              [33mclass[39m=[32m"text-base font-semibold mb-0.5 text-kawaii-neutral-900 dark:text-kawaii-neutral-100 truncate"[39m
            [36m>[39m
              [0mJohn Doe[0m
            [36m</div>[39m
            [36m<div[39m
              [33mclass[39m=[32m"text-sm mb-1.5 text-kawaii-neutral-600 dark:text-kawaii-neutral-400 truncate"[39m
            [36m>[39m
              [0mjohn@example.com[0m
            [36m</div>[39m
            [36m<span[39m
              [33mclass[39m=[32m"inline-flex items-center px-2 py-0.5 text-xs font-medium rounded-full bg-gray-100 dark:bg-gray-800/60 text-gray-800 dark:text-gray-200"[39m
            [36m>[39m
              [0mroles.viewer[0m
            [36m</span>[39m
          [36m</div>[39m
        [36m</div>[39m
      [36m</div>[39m
    [36m</div>[39m
  [36m</div>[39m
[36m</body>[39m
 ❯ Object.getElementError ../node_modules/@testing-library/dom/dist/config.js:37:19
 ❯ ../node_modules/@testing-library/dom/dist/query-helpers.js:76:38
 ❯ ../node_modules/@testing-library/dom/dist/query-helpers.js:52:17
 ❯ ../node_modules/@testing-library/dom/dist/query-helpers.js:95:19
 ❯ src/components/kawaii/__tests__/MemberCard.test.tsx:118:21
    116|       render(<MemberCard member={viewerMember} />);
    117|       
    118|       expect(screen.getByText('Viewer')).toBeInTheDocument();
       |                     ^
    119|     });
    120|   });

⎯⎯⎯⎯⎯⎯⎯⎯⎯⎯⎯⎯⎯⎯⎯⎯⎯⎯⎯⎯[151/268]⎯

 FAIL  src/components/kawaii/__tests__/ResponsiveLayout.test.tsx > ResponsiveLayout > Safe Area Insets > applies safe area inset classes
Error: [2mexpect([22m[31melement[39m[2m).toHaveClass([22m[32m[32m"pt-safe"[32m[39m[2m)[22m

Expected the element to have class:
[32m  pt-safe[39m
Received:
[31m  transition-all duration-300 overflow-x-hidden w-full max-w-full min-h-screen pl-60[39m
 ❯ src/components/kawaii/__tests__/ResponsiveLayout.test.tsx:154:27
    152| 
    153|       const mainElement = screen.getByRole('main');
    154|       expect(mainElement).toHaveClass('pt-safe');
       |                           ^
    155|     });
    156|   });

⎯⎯⎯⎯⎯⎯⎯⎯⎯⎯⎯⎯⎯⎯⎯⎯⎯⎯⎯⎯[152/268]⎯

 FAIL  src/components/kawaii/__tests__/ResponsiveLayout.test.tsx > ResponsiveLayout > Responsive Behavior > applies correct margin for side navigation
Error: [2mexpect([22m[31melement[39m[2m).toHaveClass([22m[32m[32m"ml-[240px]"[32m[39m[2m)[22m

Expected the element to have class:
[32m  ml-[240px][39m
Received:
[31m  transition-all duration-300 overflow-x-hidden w-full max-w-full min-h-screen pl-60[39m
 ❯ src/components/kawaii/__tests__/ResponsiveLayout.test.tsx:173:27
    171| 
    172|       const mainElement = screen.getByRole('main');
    173|       expect(mainElement).toHaveClass('ml-[240px]'); // Margin for sid…
       |                           ^
    174|     });
    175|   });

⎯⎯⎯⎯⎯⎯⎯⎯⎯⎯⎯⎯⎯⎯⎯⎯⎯⎯⎯⎯[153/268]⎯

 FAIL  src/components/kawaii/__tests__/SettingsComponents.test.tsx > ThemeCustomization > renders theme customization component
 FAIL  src/components/kawaii/__tests__/SettingsComponents.test.tsx > ThemeCustomization > displays all 6 preset colors
 FAIL  src/components/kawaii/__tests__/SettingsComponents.test.tsx > ThemeCustomization > applies preset color when clicked
 FAIL  src/components/kawaii/__tests__/SettingsComponents.test.tsx > ThemeCustomization > shows custom color picker when custom button clicked
 FAIL  src/components/kawaii/__tests__/SettingsComponents.test.tsx > ThemeCustomization > displays live preview indicator
 FAIL  src/components/kawaii/__tests__/SettingsComponents.test.tsx > ThemeCustomization > highlights selected preset color
TypeError: useKawaiiThemeStore.getState is not a function
 ❯ src/components/kawaii/__tests__/SettingsComponents.test.tsx:36:39
     34|   beforeEach(() => {
     35|     // Reset theme store to default
     36|     const store = useKawaiiThemeStore.getState();
       |                                       ^
     37|     store.resetTheme();
     38|   });

⎯⎯⎯⎯⎯⎯⎯⎯⎯⎯⎯⎯⎯⎯⎯⎯⎯⎯⎯⎯[154/268]⎯

 FAIL  src/components/kawaii/__tests__/SettingsComponents.test.tsx > FontSizeSlider > renders font size slider component
 FAIL  src/components/kawaii/__tests__/SettingsComponents.test.tsx > FontSizeSlider > displays current font size value
 FAIL  src/components/kawaii/__tests__/SettingsComponents.test.tsx > FontSizeSlider > displays size reference labels
 FAIL  src/components/kawaii/__tests__/SettingsComponents.test.tsx > FontSizeSlider > changes font size when slider moved
 FAIL  src/components/kawaii/__tests__/SettingsComponents.test.tsx > FontSizeSlider > changes font size when size label clicked
 FAIL  src/components/kawaii/__tests__/SettingsComponents.test.tsx > FontSizeSlider > displays preview text
 FAIL  src/components/kawaii/__tests__/SettingsComponents.test.tsx > FontSizeSlider > shows reset button when font size is not default
 FAIL  src/components/kawaii/__tests__/SettingsComponents.test.tsx > FontSizeSlider > resets font size when reset button clicked
TypeError: useKawaiiThemeStore.getState is not a function
 ❯ src/components/kawaii/__tests__/SettingsComponents.test.tsx:96:39
     94| describe('FontSizeSlider', () => {
     95|   beforeEach(() => {
     96|     const store = useKawaiiThemeStore.getState();
       |                                       ^
     97|     store.resetTheme();
     98|   });

⎯⎯⎯⎯⎯⎯⎯⎯⎯⎯⎯⎯⎯⎯⎯⎯⎯⎯⎯⎯[155/268]⎯

 FAIL  src/components/kawaii/__tests__/SettingsComponents.test.tsx > DarkModeToggle > renders dark mode toggle component
 FAIL  src/components/kawaii/__tests__/SettingsComponents.test.tsx > DarkModeToggle > displays correct description for light mode
 FAIL  src/components/kawaii/__tests__/SettingsComponents.test.tsx > DarkModeToggle > displays correct description for dark mode
 FAIL  src/components/kawaii/__tests__/SettingsComponents.test.tsx > DarkModeToggle > toggles dark mode when clicked
 FAIL  src/components/kawaii/__tests__/SettingsComponents.test.tsx > DarkModeToggle > displays appropriate info text for light mode
 FAIL  src/components/kawaii/__tests__/SettingsComponents.test.tsx > DarkModeToggle > displays appropriate info text for dark mode
 FAIL  src/components/kawaii/__tests__/SettingsComponents.test.tsx > DarkModeToggle > has correct aria attributes
TypeError: useKawaiiThemeStore.getState is not a function
 ❯ src/components/kawaii/__tests__/SettingsComponents.test.tsx:171:39
    169| describe('DarkModeToggle', () => {
    170|   beforeEach(() => {
    171|     const store = useKawaiiThemeStore.getState();
       |                                       ^
    172|     store.resetTheme();
    173|   });

⎯⎯⎯⎯⎯⎯⎯⎯⎯⎯⎯⎯⎯⎯⎯⎯⎯⎯⎯⎯[156/268]⎯

 FAIL  src/components/kawaii/__tests__/SettingsComponents.test.tsx > AnimationSelector > renders animation selector component
 FAIL  src/components/kawaii/__tests__/SettingsComponents.test.tsx > AnimationSelector > displays all animation options
 FAIL  src/components/kawaii/__tests__/SettingsComponents.test.tsx > AnimationSelector > displays descriptions for each option
 FAIL  src/components/kawaii/__tests__/SettingsComponents.test.tsx > AnimationSelector > selects animation when clicked
 FAIL  src/components/kawaii/__tests__/SettingsComponents.test.tsx > AnimationSelector > highlights selected animation
 FAIL  src/components/kawaii/__tests__/SettingsComponents.test.tsx > AnimationSelector > displays info for selected animation
 FAIL  src/components/kawaii/__tests__/SettingsComponents.test.tsx > AnimationSelector > shows performance note when animation is active
 FAIL  src/components/kawaii/__tests__/SettingsComponents.test.tsx > AnimationSelector > does not show performance note when no animation
TypeError: useKawaiiThemeStore.getState is not a function
 ❯ src/components/kawaii/__tests__/SettingsComponents.test.tsx:229:39
    227| describe('AnimationSelector', () => {
    228|   beforeEach(() => {
    229|     const store = useKawaiiThemeStore.getState();
       |                                       ^
    230|     store.resetTheme();
    231|   });

⎯⎯⎯⎯⎯⎯⎯⎯⎯⎯⎯⎯⎯⎯⎯⎯⎯⎯⎯⎯[157/268]⎯

 FAIL  src/components/kawaii/__tests__/SettingsComponents.test.tsx > Settings Components Integration > theme changes persist across components
TestingLibraryElementError: Unable to find a label with the text of: Select Blue theme

Ignored nodes: comments, script, style
[36m<body>[39m
  [36m<div>[39m
    [36m<div>[39m
      [36m<div[39m
        [33mclass[39m=[32m"rounded-xl transition-all duration-300 bg-white dark:bg-kawaii-neutral-800 shadow-md p-6"[39m
        [33mstyle[39m=[32m"transform: none;"[39m
      [36m>[39m
        [36m<h3[39m
          [33mclass[39m=[32m"text-lg font-semibold text-kawaii-neutral-800 dark:text-kawaii-neutral-100 mb-4"[39m
        [36m>[39m
          [0mTheme Color[0m
        [36m</h3>[39m
        [36m<p[39m
          [33mclass[39m=[32m"text-sm text-kawaii-neutral-600 dark:text-kawaii-neutral-400 mb-6"[39m
        [36m>[39m
          [0mChoose a preset color or create your own custom theme[0m
        [36m</p>[39m
        [36m<div[39m
          [33mclass[39m=[32m"mb-6"[39m
        [36m>[39m
          [36m<label[39m
            [33mclass[39m=[32m"block text-sm font-medium text-kawaii-neutral-700 dark:text-kawaii-neutral-300 mb-3"[39m
          [36m>[39m
            [0mPreset Colors[0m
          [36m</label>[39m
          [36m<div[39m
            [33mclass[39m=[32m"grid grid-cols-6 gap-3"[39m
          [36m>[39m
            [36m<button[39m
              [33maria-label[39m=[32m"Select Kawaii Pink theme"[39m
              [33maria-pressed[39m=[32m"true"[39m
              [33mclass[39m=[32m"relative w-full aspect-square rounded-full min-h-[44px] min-w-[44px] focus:outline-none focus-visible:ring-2 focus-visible:ring-offset-2 transition-all duration-200 ring-2 ring-offset-2 ring-kawaii-neutral-400 dark:ring-kawaii-neutral-500"[39m
              [33mstyle[39m=[32m"background-color: rgb(255, 179, 186);"[39m
              [33mtabindex[39m=[32m"0"[39m
            [36m>[39m
              [36m<div[39m
                [33mclass[39m=[32m"absolute inset-0 flex items-center justify-center"[39m
                [33mstyle[39m=[32m"transform: scale(0);"[39m
              [36m>[39m
                [36m<svg[39m
                  [33mclass[39m=[32m"w-6 h-6 text-white drop-shadow-md"[39m
                  [33mfill[39m=[32m"none"[39m
                  [33mstroke[39m=[32m"currentColor"[39m
                  [33mviewBox[39m=[32m"0 0 24 24"[39m
                [36m>[39m
                  [36m<path[39m
                    [33md[39m=[32m"M5 13l4 4L19 7"[39m
                    [33mstroke-linecap[39m=[32m"round"[39m
                    [33mstroke-linejoin[39m=[32m"round"[39m
                    [33mstroke-width[39m=[32m"3"[39m
                  [36m/>[39m
                [36m</svg>[39m
              [36m</div>[39m
            [36m</button>[39m
            [36m<button[39m
              [33maria-label[39m=[32m"Select Kawaii Orange theme"[39m
              [33maria-pressed[39m=[32m"false"[39m
              [33mclass[39m=[32m"relative w-full aspect-square rounded-full min-h-[44px] min-w-[44px] focus:outline-none focus-visible:ring-2 focus-visible:ring-offset-2 transition-all duration-200"[39m
              [33mstyle[39m=[32m"background-color: rgb(244, 164, 96);"[39m
              [33mtabindex[39m=[32m"0"[39m
            [36m/>[39m
            [36m<button[39m
              [33maria-label[39m=[32m"Select Kawaii Blue theme"[39m
              [33maria-pressed[39m=[32m"false"[39m
              [33mclass[39m=[32m"relative w-full aspect-square rounded-full min-h-[44px] min-w-[44px] focus:outline-none focus-visible:ring-2 focus-visible:ring-offset-2 transition-all duration-200"[39m
              [33mstyle[39m=[32m"background-color: rgb(107, 155, 209);"[39m
              [33mtabindex[39m=[32m"0"[39m
            [36m/>[39m
            [36m<button[39m
              [33maria-label[39m=[32m"Select Kawaii Teal theme"[39m
              [33maria-pressed[39m=[32m"false"[39m
              [33mclass[39m=[32m"relative w-full aspect-square rounded-full min-h-[44px] min-w-[44px] focus:outline-none focus-visible:ring-2 focus-visible:ring-offset-2 transition-all duration-200"[39m
              [33mstyle[39m=[32m"background-color: rgb(126, 206, 196);"[39m
              [33mtabindex[39m=[32m"0"[39m
            [36m/>[39m
            [36m<button[39m
              [33maria-label[39m=[32m"Select Kawaii Purple theme"[39m
              [33maria-pressed[39m=[32m"false"[39m
              [33mclass[39m=[32m"relative w-full aspect-square rounded-full min-h-[44px] min-w-[44px] focus:outline-none focus-visible:ring-2 focus-visible:ring-offset-2 transition-all duration-200"[39m
              [33mstyle[39m=[32m"background-color: rgb(197, 179, 230);"[39m
              [33mtabindex[39m=[32m"0"[39m
            [36m/>[39m
            [36m<button[39m
              [33maria-label[39m=[32m"Select Kawaii Yellow theme"[39m
              [33maria-pressed[39m=[32m"false"[39m
              [33mclass[39m=[32m"relative w-full aspect-square rounded-full min-h-[44px] min-w-[44px] focus:outline-none focus-visible:ring-2 focus-visible:ring-offset-2 transition-all duration-200"[39m
              [33mstyle[39m=[32m"background-color: rgb(255, 217, 125);"[39m
              [33mtabindex[39m=[32m"0"[39m
            [36m/>[39m
          [36m</div>[39m
          [36m<div[39m
            [33mclass[39m=[32m"grid grid-cols-6 gap-3 mt-2"[39m
          [36m>[39m
            [36m<div[39m
              [33mclass[39m=[32m"text-center text-xs text-kawaii-neutral-600 dark:text-kawaii-neutral-400"[39m
            [36m>[39m
              [0mKawaii Pink[0m
            [36m</div>[39m
            [36m<div[39m
              [33mclass[39m=[32m"text-center text-xs text-kawaii-neutral-600 dark:text-kawaii-neutral-400"[39m
            [36m>[39m
              [0mKawaii Orange[0m
            [36m</div>[39m
            [36m<div[39m
              [33mclass[39m=[32m"text-center text-xs text-kawaii-neutral-600 dark:text-kawaii-neutral-400"[39m
            [36m>[39m
              [0mKawaii Blue[0m
            [36m</div>[39m
            [36m<div[39m
              [33mclass[39m=[32m"text-center text-xs text-kawaii-neutral-600 dark:text-kawaii-neutral-400"[39m
            [36m>[39m
              [0mKawaii Teal[0m
            [36m</div>[39m
            [36m<div[39m
              [33mclass[39m=[32m"text-center text-xs text-kawaii-neutral-600 dark:text-kawaii-neutral-400"[39m
            [36m>[39m
              [0mKawaii Purple[0m
            [36m</div>[39m
            [36m<div[39m
              [33mclass[39m=[32m"text-center text-xs text-kawaii-neutral-600 dark:text-kawaii-neutral-400"[39m
            [36m>[39m
              [0mKawaii Yellow[0m
            [36m</div>[39m
          [36m</div>[39m
        [36m</div>[39m
        [36m<div>[39m
          [36m<label[39m
            [33mclass[39m=[32m"block text-sm font-medium text-kawaii-neutral-700 dark:text-kawaii-neutral-300 mb-3"...
 ❯ Object.getElementError ../node_modules/@testing-library/dom/dist/config.js:37:19
 ❯ getAllByLabelText ../node_modules/@testing-library/dom/dist/queries/label-text.js:111:38
 ❯ ../node_modules/@testing-library/dom/dist/query-helpers.js:52:17
 ❯ ../node_modules/@testing-library/dom/dist/query-helpers.js:95:19
 ❯ src/components/kawaii/__tests__/SettingsComponents.test.tsx:378:31
    376|     
    377|     // Change theme color
    378|     const blueButton = screen.getByLabelText('Select Blue theme');
       |                               ^
    379|     await user.click(blueButton);
    380|     

⎯⎯⎯⎯⎯⎯⎯⎯⎯⎯⎯⎯⎯⎯⎯⎯⎯⎯⎯⎯[158/268]⎯

 FAIL  src/components/kawaii/__tests__/SideNavigation.test.tsx > SideNavigation > renders all navigation items
TestingLibraryElementError: Unable to find a label with the text of: Schedule

Ignored nodes: comments, script, style
[36m<body>[39m
  [36m<div>[39m
    [36m<nav[39m
      [33maria-label[39m=[32m"Side navigation"[39m
      [33mrole[39m=[32m"navigation"[39m
      [33mstyle[39m=[32m"height: 100vh; width: 240px; background-color: white; border-right: 1px solid rgb(229, 231, 235);"[39m
    [36m>[39m
      [36m<div[39m
        [33mstyle[39m=[32m"display: flex; flex-direction: column; height: 100%;"[39m
      [36m>[39m
        [36m<div[39m
          [33mstyle[39m=[32m"display: flex; align-items: center; justify-content: space-between; height: 64px; padding: 0px 16px; border-bottom: 1px solid rgb(229, 231, 235);"[39m
        [36m>[39m
          [36m<div[39m
            [33mstyle[39m=[32m"font-size: 18px; font-weight: bold; color: rgb(59, 130, 246);"[39m
          [36m>[39m
            [0mJourno[0m
          [36m</div>[39m
          [36m<button[39m
            [33maria-label[39m=[32m"Collapse navigation"[39m
            [33mstyle[39m=[32m"display: flex; align-items: center; justify-content: center; width: 32px; height: 32px; border: medium; background-color: transparent; cursor: pointer; margin: 0px;"[39m
          [36m>[39m
            [36m<svg[39m
              [33maria-hidden[39m=[32m"true"[39m
              [33mdata-slot[39m=[32m"icon"[39m
              [33mfill[39m=[32m"none"[39m
              [33mstroke[39m=[32m"currentColor"[39m
              [33mstroke-width[39m=[32m"1.5"[39m
              [33mstyle[39m=[32m"width: 20px; height: 20px;"[39m
              [33mviewBox[39m=[32m"0 0 24 24"[39m
              [33mxmlns[39m=[32m"http://www.w3.org/2000/svg"[39m
            [36m>[39m
              [36m<path[39m
                [33md[39m=[32m"M15.75 19.5 8.25 12l7.5-7.5"[39m
                [33mstroke-linecap[39m=[32m"round"[39m
                [33mstroke-linejoin[39m=[32m"round"[39m
              [36m/>[39m
            [36m</svg>[39m
          [36m</button>[39m
        [36m</div>[39m
        [36m<div[39m
          [33mstyle[39m=[32m"flex: 1 1 0%; padding: 16px 0px; overflow-y: auto;"[39m
        [36m>[39m
          [36m<div[39m
            [33mstyle[39m=[32m"padding: 0px 8px;"[39m
          [36m>[39m
            [36m<button[39m
              [33maria-current[39m=[32m"page"[39m
              [33maria-label[39m=[32m"navigation.schedule"[39m
              [33mstyle[39m=[32m"display: flex; align-items: center; width: 100%; padding: 12px; margin-bottom: 4px; border: medium; border-radius: 8px; background-color: rgb(239, 246, 255); color: rgb(59, 130, 246); cursor: pointer; position: relative;"[39m
            [36m>[39m
              [36m<div[39m
                [33mstyle[39m=[32m"position: relative; flex-shrink: 0;"[39m
              [36m>[39m
                [36m<svg[39m
                  [33maria-hidden[39m=[32m"true"[39m
                  [33mdata-slot[39m=[32m"icon"[39m
                  [33mfill[39m=[32m"currentColor"[39m
                  [33mstyle[39m=[32m"width: 24px; height: 24px;"[39m
                  [33mviewBox[39m=[32m"0 0 24 24"[39m
                  [33mxmlns[39m=[32m"http://www.w3.org/2000/svg"[39m
                [36m>[39m
                  [36m<path[39m
                    [33md[39m=[32m"M12.75 12.75a.75.75 0 1 1-1.5 0 .75.75 0 0 1 1.5 0ZM7.5 15.75a.75.75 0 1 0 0-1.5.75.75 0 0 0 0 1.5ZM8.25 17.25a.75.75 0 1 1-1.5 0 .75.75 0 0 1 1.5 0ZM9.75 15.75a.75.75 0 1 0 0-1.5.75.75 0 0 0 0 1.5ZM10.5 17.25a.75.75 0 1 1-1.5 0 .75.75 0 0 1 1.5 0ZM12 15.75a.75.75 0 1 0 0-1.5.75.75 0 0 0 0 1.5ZM12.75 17.25a.75.75 0 1 1-1.5 0 .75.75 0 0 1 1.5 0ZM14.25 15.75a.75.75 0 1 0 0-1.5.75.75 0 0 0 0 1.5ZM15 17.25a.75.75 0 1 1-1.5 0 .75.75 0 0 1 1.5 0ZM16.5 15.75a.75.75 0 1 0 0-1.5.75.75 0 0 0 0 1.5ZM15 12.75a.75.75 0 1 1-1.5 0 .75.75 0 0 1 1.5 0ZM16.5 13.5a.75.75 0 1 0 0-1.5.75.75 0 0 0 0 1.5Z"[39m
                  [36m/>[39m
                  [36m<path[39m
                    [33mclip-rule[39m=[32m"evenodd"[39m
                    [33md[39m=[32m"M6.75 2.25A.75.75 0 0 1 7.5 3v1.5h9V3A.75.75 0 0 1 18 3v1.5h.75a3 3 0 0 1 3 3v11.25a3 3 0 0 1-3 3H5.25a3 3 0 0 1-3-3V7.5a3 3 0 0 1 3-3H6V3a.75.75 0 0 1 .75-.75Zm13.5 9a1.5 1.5 0 0 0-1.5-1.5H5.25a1.5 1.5 0 0 0-1.5 1.5v7.5a1.5 1.5 0 0 0 1.5 1.5h13.5a1.5 1.5 0 0 0 1.5-1.5v-7.5Z"[39m
                    [33mfill-rule[39m=[32m"evenodd"[39m
                  [36m/>[39m
                [36m</svg>[39m
              [36m</div>[39m
              [36m<span[39m
                [33mstyle[39m=[32m"margin-left: 12px; font-size: 14px; font-weight: 500; white-space: nowrap;"[39m
              [36m>[39m
                [0mnavigation.schedule[0m
              [36m</span>[39m
              [36m<div[39m
                [33mstyle[39m=[32m"position: absolute; left: 0px; top: 50%; width: 4px; height: 32px; background-color: rgb(59, 130, 246); border-radius: 0 9999px 9999px 0; transform: translateY(-50%);"[39m
              [36m/>[39m
            [36m</button>[39m
            [36m<button[39m
              [33maria-label[39m=[32m"navigation.booking"[39m
              [33mstyle[39m=[32m"display: flex; align-items: center; width: 100%; padding: 12px; margin-bottom: 4px; border: medium; border-radius: 8px; background-color: transparent; color: rgb(107, 114, 128); cursor: pointer; position: relative;"[39m
            [36m>[39m
              [36m<div[39m
                [33mstyle[39m=[32m"position: relative; flex-shrink: 0;"[39m
              [36m>[39m
                [36m<svg[39m
                  [33maria-hidden[39m=[32m"true"[39m
                  [33mdata-slot[39m=[32m"icon"[39m
                  [33mfill[39m=[32m"none"[39m
                  [33mstroke[39m=[32m"currentColor"[39m
                  [33mstroke-width[39m=[32m"1.5"[39m
                  [33mstyle[39m=[32m"width: 24px; height: 24px;"[39m
                  [33mviewBox[39m=[32m"0 0 24 24"[39m
                  [33mxmlns[39m=[32m"http://www.w3.org/2000/svg"[39m
                [36m>[39m
                  [36m<path[39m
                    [33md[39m=[32m"M16.5 6v.75m0 3v.75m0 3v.75m0 3V18m-9-5.25h5.25M7.5 15h3M3.375 5.25c-.621 0-1.125.504-1.125 1.125v3.026a2.999 2.999 0 0 1 0 5.198v3.026c0 .621.504 1.125 1.125 1.125h17.25c.621 0 1.125-.504 1.125-1.125v-3.026a2.999 2.999 0 0 1 0-5.198V6.375c0-.621-.504-1.125-1.125-1.125H3.375Z"[39m
                    [33mstroke-linecap[39m=[32m"round"[39m
                    [33mstroke-linejoin[39m=[32m"round"[39m
                  [36m/>[39m
                [36m</svg>[39m
              [36m</div>[39m
              [36m<span[39m
                [33mstyle[39m=[32m"margin-left: 12px; font-size: 14px; font-weight: 500; white-space: nowrap;"[39m
              [36m>[39m
                [0mnavigation.booking[0m
              [36m</span>[39m
            [36m</button>[39m
            [36m...
 ❯ Object.getElementError ../node_modules/@testing-library/dom/dist/config.js:37:19
 ❯ getAllByLabelText ../node_modules/@testing-library/dom/dist/queries/label-text.js:111:38
 ❯ ../node_modules/@testing-library/dom/dist/query-helpers.js:52:17
 ❯ ../node_modules/@testing-library/dom/dist/query-helpers.js:95:19
 ❯ src/components/kawaii/__tests__/SideNavigation.test.tsx:22:19
     20|     // Check that all 7 navigation items are present using aria-labels
     21|     // The mock returns translation keys, so we use the actual English…
     22|     expect(screen.getByLabelText(translations['navigation.schedule']))…
       |                   ^
     23|     expect(screen.getByLabelText(translations['navigation.booking'])).…
     24|     expect(screen.getByLabelText(translations['navigation.budget'])).t…

⎯⎯⎯⎯⎯⎯⎯⎯⎯⎯⎯⎯⎯⎯⎯⎯⎯⎯⎯⎯[159/268]⎯

 FAIL  src/components/kawaii/__tests__/SideNavigation.test.tsx > SideNavigation > renders in expanded state by default
TestingLibraryElementError: Unable to find an element with the text: Schedule. This could be because the text is broken up by multiple elements. In this case, you can provide a function for your text matcher to make your matcher more flexible.

Ignored nodes: comments, script, style
[36m<body>[39m
  [36m<div>[39m
    [36m<nav[39m
      [33maria-label[39m=[32m"Side navigation"[39m
      [33mrole[39m=[32m"navigation"[39m
      [33mstyle[39m=[32m"height: 100vh; width: 240px; background-color: white; border-right: 1px solid rgb(229, 231, 235);"[39m
    [36m>[39m
      [36m<div[39m
        [33mstyle[39m=[32m"display: flex; flex-direction: column; height: 100%;"[39m
      [36m>[39m
        [36m<div[39m
          [33mstyle[39m=[32m"display: flex; align-items: center; justify-content: space-between; height: 64px; padding: 0px 16px; border-bottom: 1px solid rgb(229, 231, 235);"[39m
        [36m>[39m
          [36m<div[39m
            [33mstyle[39m=[32m"font-size: 18px; font-weight: bold; color: rgb(59, 130, 246);"[39m
          [36m>[39m
            [0mJourno[0m
          [36m</div>[39m
          [36m<button[39m
            [33maria-label[39m=[32m"Collapse navigation"[39m
            [33mstyle[39m=[32m"display: flex; align-items: center; justify-content: center; width: 32px; height: 32px; border: medium; background-color: transparent; cursor: pointer; margin: 0px;"[39m
          [36m>[39m
            [36m<svg[39m
              [33maria-hidden[39m=[32m"true"[39m
              [33mdata-slot[39m=[32m"icon"[39m
              [33mfill[39m=[32m"none"[39m
              [33mstroke[39m=[32m"currentColor"[39m
              [33mstroke-width[39m=[32m"1.5"[39m
              [33mstyle[39m=[32m"width: 20px; height: 20px;"[39m
              [33mviewBox[39m=[32m"0 0 24 24"[39m
              [33mxmlns[39m=[32m"http://www.w3.org/2000/svg"[39m
            [36m>[39m
              [36m<path[39m
                [33md[39m=[32m"M15.75 19.5 8.25 12l7.5-7.5"[39m
                [33mstroke-linecap[39m=[32m"round"[39m
                [33mstroke-linejoin[39m=[32m"round"[39m
              [36m/>[39m
            [36m</svg>[39m
          [36m</button>[39m
        [36m</div>[39m
        [36m<div[39m
          [33mstyle[39m=[32m"flex: 1 1 0%; padding: 16px 0px; overflow-y: auto;"[39m
        [36m>[39m
          [36m<div[39m
            [33mstyle[39m=[32m"padding: 0px 8px;"[39m
          [36m>[39m
            [36m<button[39m
              [33maria-current[39m=[32m"page"[39m
              [33maria-label[39m=[32m"navigation.schedule"[39m
              [33mstyle[39m=[32m"display: flex; align-items: center; width: 100%; padding: 12px; margin-bottom: 4px; border: medium; border-radius: 8px; background-color: rgb(239, 246, 255); color: rgb(59, 130, 246); cursor: pointer; position: relative;"[39m
            [36m>[39m
              [36m<div[39m
                [33mstyle[39m=[32m"position: relative; flex-shrink: 0;"[39m
              [36m>[39m
                [36m<svg[39m
                  [33maria-hidden[39m=[32m"true"[39m
                  [33mdata-slot[39m=[32m"icon"[39m
                  [33mfill[39m=[32m"currentColor"[39m
                  [33mstyle[39m=[32m"width: 24px; height: 24px;"[39m
                  [33mviewBox[39m=[32m"0 0 24 24"[39m
                  [33mxmlns[39m=[32m"http://www.w3.org/2000/svg"[39m
                [36m>[39m
                  [36m<path[39m
                    [33md[39m=[32m"M12.75 12.75a.75.75 0 1 1-1.5 0 .75.75 0 0 1 1.5 0ZM7.5 15.75a.75.75 0 1 0 0-1.5.75.75 0 0 0 0 1.5ZM8.25 17.25a.75.75 0 1 1-1.5 0 .75.75 0 0 1 1.5 0ZM9.75 15.75a.75.75 0 1 0 0-1.5.75.75 0 0 0 0 1.5ZM10.5 17.25a.75.75 0 1 1-1.5 0 .75.75 0 0 1 1.5 0ZM12 15.75a.75.75 0 1 0 0-1.5.75.75 0 0 0 0 1.5ZM12.75 17.25a.75.75 0 1 1-1.5 0 .75.75 0 0 1 1.5 0ZM14.25 15.75a.75.75 0 1 0 0-1.5.75.75 0 0 0 0 1.5ZM15 17.25a.75.75 0 1 1-1.5 0 .75.75 0 0 1 1.5 0ZM16.5 15.75a.75.75 0 1 0 0-1.5.75.75 0 0 0 0 1.5ZM15 12.75a.75.75 0 1 1-1.5 0 .75.75 0 0 1 1.5 0ZM16.5 13.5a.75.75 0 1 0 0-1.5.75.75 0 0 0 0 1.5Z"[39m
                  [36m/>[39m
                  [36m<path[39m
                    [33mclip-rule[39m=[32m"evenodd"[39m
                    [33md[39m=[32m"M6.75 2.25A.75.75 0 0 1 7.5 3v1.5h9V3A.75.75 0 0 1 18 3v1.5h.75a3 3 0 0 1 3 3v11.25a3 3 0 0 1-3 3H5.25a3 3 0 0 1-3-3V7.5a3 3 0 0 1 3-3H6V3a.75.75 0 0 1 .75-.75Zm13.5 9a1.5 1.5 0 0 0-1.5-1.5H5.25a1.5 1.5 0 0 0-1.5 1.5v7.5a1.5 1.5 0 0 0 1.5 1.5h13.5a1.5 1.5 0 0 0 1.5-1.5v-7.5Z"[39m
                    [33mfill-rule[39m=[32m"evenodd"[39m
                  [36m/>[39m
                [36m</svg>[39m
              [36m</div>[39m
              [36m<span[39m
                [33mstyle[39m=[32m"margin-left: 12px; font-size: 14px; font-weight: 500; white-space: nowrap;"[39m
              [36m>[39m
                [0mnavigation.schedule[0m
              [36m</span>[39m
              [36m<div[39m
                [33mstyle[39m=[32m"position: absolute; left: 0px; top: 50%; width: 4px; height: 32px; background-color: rgb(59, 130, 246); border-radius: 0 9999px 9999px 0; transform: translateY(-50%);"[39m
              [36m/>[39m
            [36m</button>[39m
            [36m<button[39m
              [33maria-label[39m=[32m"navigation.booking"[39m
              [33mstyle[39m=[32m"display: flex; align-items: center; width: 100%; padding: 12px; margin-bottom: 4px; border: medium; border-radius: 8px; background-color: transparent; color: rgb(107, 114, 128); cursor: pointer; position: relative;"[39m
            [36m>[39m
              [36m<div[39m
                [33mstyle[39m=[32m"position: relative; flex-shrink: 0;"[39m
              [36m>[39m
                [36m<svg[39m
                  [33maria-hidden[39m=[32m"true"[39m
                  [33mdata-slot[39m=[32m"icon"[39m
                  [33mfill[39m=[32m"none"[39m
                  [33mstroke[39m=[32m"currentColor"[39m
                  [33mstroke-width[39m=[32m"1.5"[39m
                  [33mstyle[39m=[32m"width: 24px; height: 24px;"[39m
                  [33mviewBox[39m=[32m"0 0 24 24"[39m
                  [33mxmlns[39m=[32m"http://www.w3.org/2000/svg"[39m
                [36m>[39m
                  [36m<path[39m
                    [33md[39m=[32m"M16.5 6v.75m0 3v.75m0 3v.75m0 3V18m-9-5.25h5.25M7.5 15h3M3.375 5.25c-.621 0-1.125.504-1.125 1.125v3.026a2.999 2.999 0 0 1 0 5.198v3.026c0 .621.504 1.125 1.125 1.125h17.25c.621 0 1.125-.504 1.125-1.125v-3.026a2.999 2.999 0 0 1 0-5.198V6.375c0-.621-.504-1.125-1.125-1.125H3.375Z"[39m
                    [33mstroke-linecap[39m=[32m"round"[39m
                    [33mstroke-linejoin[39m=[32m"round"[39m
                  [36m/>[39m
                [36m</svg>[39m
              [36m</div>[39m
              [36m<span[39m
                [33mstyle[39m=[32m"margin-left: 12px; font-size: 14px; font-weight: 500; white-space: nowrap;"[39m
              [36m>[39m
                [0mnavigation.booking[0m
              [36m</span>[39m
            [36m</button>[39m
            [36m...
 ❯ Object.getElementError ../node_modules/@testing-library/dom/dist/config.js:37:19
 ❯ ../node_modules/@testing-library/dom/dist/query-helpers.js:76:38
 ❯ ../node_modules/@testing-library/dom/dist/query-helpers.js:52:17
 ❯ ../node_modules/@testing-library/dom/dist/query-helpers.js:95:19
 ❯ src/components/kawaii/__tests__/SideNavigation.test.tsx:38:19
     36| 
     37|     // Check that labels are visible (expanded state)
     38|     expect(screen.getByText(translations['navigation.schedule'])).toBe…
       |                   ^
     39|     expect(screen.getByText(translations['navigation.booking'])).toBeI…
     40|   });

⎯⎯⎯⎯⎯⎯⎯⎯⎯⎯⎯⎯⎯⎯⎯⎯⎯⎯⎯⎯[160/268]⎯

 FAIL  src/components/kawaii/__tests__/SideNavigation.test.tsx > SideNavigation > calls onTabChange when a tab is clicked
TestingLibraryElementError: Unable to find a label with the text of: Budget

Ignored nodes: comments, script, style
[36m<body>[39m
  [36m<div>[39m
    [36m<nav[39m
      [33maria-label[39m=[32m"Side navigation"[39m
      [33mrole[39m=[32m"navigation"[39m
      [33mstyle[39m=[32m"height: 100vh; width: 240px; background-color: white; border-right: 1px solid rgb(229, 231, 235);"[39m
    [36m>[39m
      [36m<div[39m
        [33mstyle[39m=[32m"display: flex; flex-direction: column; height: 100%;"[39m
      [36m>[39m
        [36m<div[39m
          [33mstyle[39m=[32m"display: flex; align-items: center; justify-content: space-between; height: 64px; padding: 0px 16px; border-bottom: 1px solid rgb(229, 231, 235);"[39m
        [36m>[39m
          [36m<div[39m
            [33mstyle[39m=[32m"font-size: 18px; font-weight: bold; color: rgb(59, 130, 246);"[39m
          [36m>[39m
            [0mJourno[0m
          [36m</div>[39m
          [36m<button[39m
            [33maria-label[39m=[32m"Collapse navigation"[39m
            [33mstyle[39m=[32m"display: flex; align-items: center; justify-content: center; width: 32px; height: 32px; border: medium; background-color: transparent; cursor: pointer; margin: 0px;"[39m
          [36m>[39m
            [36m<svg[39m
              [33maria-hidden[39m=[32m"true"[39m
              [33mdata-slot[39m=[32m"icon"[39m
              [33mfill[39m=[32m"none"[39m
              [33mstroke[39m=[32m"currentColor"[39m
              [33mstroke-width[39m=[32m"1.5"[39m
              [33mstyle[39m=[32m"width: 20px; height: 20px;"[39m
              [33mviewBox[39m=[32m"0 0 24 24"[39m
              [33mxmlns[39m=[32m"http://www.w3.org/2000/svg"[39m
            [36m>[39m
              [36m<path[39m
                [33md[39m=[32m"M15.75 19.5 8.25 12l7.5-7.5"[39m
                [33mstroke-linecap[39m=[32m"round"[39m
                [33mstroke-linejoin[39m=[32m"round"[39m
              [36m/>[39m
            [36m</svg>[39m
          [36m</button>[39m
        [36m</div>[39m
        [36m<div[39m
          [33mstyle[39m=[32m"flex: 1 1 0%; padding: 16px 0px; overflow-y: auto;"[39m
        [36m>[39m
          [36m<div[39m
            [33mstyle[39m=[32m"padding: 0px 8px;"[39m
          [36m>[39m
            [36m<button[39m
              [33maria-current[39m=[32m"page"[39m
              [33maria-label[39m=[32m"navigation.schedule"[39m
              [33mstyle[39m=[32m"display: flex; align-items: center; width: 100%; padding: 12px; margin-bottom: 4px; border: medium; border-radius: 8px; background-color: rgb(239, 246, 255); color: rgb(59, 130, 246); cursor: pointer; position: relative;"[39m
            [36m>[39m
              [36m<div[39m
                [33mstyle[39m=[32m"position: relative; flex-shrink: 0;"[39m
              [36m>[39m
                [36m<svg[39m
                  [33maria-hidden[39m=[32m"true"[39m
                  [33mdata-slot[39m=[32m"icon"[39m
                  [33mfill[39m=[32m"currentColor"[39m
                  [33mstyle[39m=[32m"width: 24px; height: 24px;"[39m
                  [33mviewBox[39m=[32m"0 0 24 24"[39m
                  [33mxmlns[39m=[32m"http://www.w3.org/2000/svg"[39m
                [36m>[39m
                  [36m<path[39m
                    [33md[39m=[32m"M12.75 12.75a.75.75 0 1 1-1.5 0 .75.75 0 0 1 1.5 0ZM7.5 15.75a.75.75 0 1 0 0-1.5.75.75 0 0 0 0 1.5ZM8.25 17.25a.75.75 0 1 1-1.5 0 .75.75 0 0 1 1.5 0ZM9.75 15.75a.75.75 0 1 0 0-1.5.75.75 0 0 0 0 1.5ZM10.5 17.25a.75.75 0 1 1-1.5 0 .75.75 0 0 1 1.5 0ZM12 15.75a.75.75 0 1 0 0-1.5.75.75 0 0 0 0 1.5ZM12.75 17.25a.75.75 0 1 1-1.5 0 .75.75 0 0 1 1.5 0ZM14.25 15.75a.75.75 0 1 0 0-1.5.75.75 0 0 0 0 1.5ZM15 17.25a.75.75 0 1 1-1.5 0 .75.75 0 0 1 1.5 0ZM16.5 15.75a.75.75 0 1 0 0-1.5.75.75 0 0 0 0 1.5ZM15 12.75a.75.75 0 1 1-1.5 0 .75.75 0 0 1 1.5 0ZM16.5 13.5a.75.75 0 1 0 0-1.5.75.75 0 0 0 0 1.5Z"[39m
                  [36m/>[39m
                  [36m<path[39m
                    [33mclip-rule[39m=[32m"evenodd"[39m
                    [33md[39m=[32m"M6.75 2.25A.75.75 0 0 1 7.5 3v1.5h9V3A.75.75 0 0 1 18 3v1.5h.75a3 3 0 0 1 3 3v11.25a3 3 0 0 1-3 3H5.25a3 3 0 0 1-3-3V7.5a3 3 0 0 1 3-3H6V3a.75.75 0 0 1 .75-.75Zm13.5 9a1.5 1.5 0 0 0-1.5-1.5H5.25a1.5 1.5 0 0 0-1.5 1.5v7.5a1.5 1.5 0 0 0 1.5 1.5h13.5a1.5 1.5 0 0 0 1.5-1.5v-7.5Z"[39m
                    [33mfill-rule[39m=[32m"evenodd"[39m
                  [36m/>[39m
                [36m</svg>[39m
              [36m</div>[39m
              [36m<span[39m
                [33mstyle[39m=[32m"margin-left: 12px; font-size: 14px; font-weight: 500; white-space: nowrap;"[39m
              [36m>[39m
                [0mnavigation.schedule[0m
              [36m</span>[39m
              [36m<div[39m
                [33mstyle[39m=[32m"position: absolute; left: 0px; top: 50%; width: 4px; height: 32px; background-color: rgb(59, 130, 246); border-radius: 0 9999px 9999px 0; transform: translateY(-50%);"[39m
              [36m/>[39m
            [36m</button>[39m
            [36m<button[39m
              [33maria-label[39m=[32m"navigation.booking"[39m
              [33mstyle[39m=[32m"display: flex; align-items: center; width: 100%; padding: 12px; margin-bottom: 4px; border: medium; border-radius: 8px; background-color: transparent; color: rgb(107, 114, 128); cursor: pointer; position: relative;"[39m
            [36m>[39m
              [36m<div[39m
                [33mstyle[39m=[32m"position: relative; flex-shrink: 0;"[39m
              [36m>[39m
                [36m<svg[39m
                  [33maria-hidden[39m=[32m"true"[39m
                  [33mdata-slot[39m=[32m"icon"[39m
                  [33mfill[39m=[32m"none"[39m
                  [33mstroke[39m=[32m"currentColor"[39m
                  [33mstroke-width[39m=[32m"1.5"[39m
                  [33mstyle[39m=[32m"width: 24px; height: 24px;"[39m
                  [33mviewBox[39m=[32m"0 0 24 24"[39m
                  [33mxmlns[39m=[32m"http://www.w3.org/2000/svg"[39m
                [36m>[39m
                  [36m<path[39m
                    [33md[39m=[32m"M16.5 6v.75m0 3v.75m0 3v.75m0 3V18m-9-5.25h5.25M7.5 15h3M3.375 5.25c-.621 0-1.125.504-1.125 1.125v3.026a2.999 2.999 0 0 1 0 5.198v3.026c0 .621.504 1.125 1.125 1.125h17.25c.621 0 1.125-.504 1.125-1.125v-3.026a2.999 2.999 0 0 1 0-5.198V6.375c0-.621-.504-1.125-1.125-1.125H3.375Z"[39m
                    [33mstroke-linecap[39m=[32m"round"[39m
                    [33mstroke-linejoin[39m=[32m"round"[39m
                  [36m/>[39m
                [36m</svg>[39m
              [36m</div>[39m
              [36m<span[39m
                [33mstyle[39m=[32m"margin-left: 12px; font-size: 14px; font-weight: 500; white-space: nowrap;"[39m
              [36m>[39m
                [0mnavigation.booking[0m
              [36m</span>[39m
            [36m</button>[39m
            [36m...
 ❯ Object.getElementError ../node_modules/@testing-library/dom/dist/config.js:37:19
 ❯ getAllByLabelText ../node_modules/@testing-library/dom/dist/queries/label-text.js:111:38
 ❯ ../node_modules/@testing-library/dom/dist/query-helpers.js:52:17
 ❯ ../node_modules/@testing-library/dom/dist/query-helpers.js:95:19
 ❯ src/components/kawaii/__tests__/SideNavigation.test.tsx:63:30
     61| 
     62|     // Click on the Budget tab
     63|     const budgetTab = screen.getByLabelText(translations['navigation.b…
       |                              ^
     64|     fireEvent.click(budgetTab);
     65| 

⎯⎯⎯⎯⎯⎯⎯⎯⎯⎯⎯⎯⎯⎯⎯⎯⎯⎯⎯⎯[161/268]⎯

 FAIL  src/components/kawaii/__tests__/SideNavigation.test.tsx > SideNavigation > highlights the active tab
TestingLibraryElementError: Unable to find a label with the text of: Shopping

Ignored nodes: comments, script, style
[36m<body>[39m
  [36m<div>[39m
    [36m<nav[39m
      [33maria-label[39m=[32m"Side navigation"[39m
      [33mrole[39m=[32m"navigation"[39m
      [33mstyle[39m=[32m"height: 100vh; width: 240px; background-color: white; border-right: 1px solid rgb(229, 231, 235);"[39m
    [36m>[39m
      [36m<div[39m
        [33mstyle[39m=[32m"display: flex; flex-direction: column; height: 100%;"[39m
      [36m>[39m
        [36m<div[39m
          [33mstyle[39m=[32m"display: flex; align-items: center; justify-content: space-between; height: 64px; padding: 0px 16px; border-bottom: 1px solid rgb(229, 231, 235);"[39m
        [36m>[39m
          [36m<div[39m
            [33mstyle[39m=[32m"font-size: 18px; font-weight: bold; color: rgb(59, 130, 246);"[39m
          [36m>[39m
            [0mJourno[0m
          [36m</div>[39m
          [36m<button[39m
            [33maria-label[39m=[32m"Collapse navigation"[39m
            [33mstyle[39m=[32m"display: flex; align-items: center; justify-content: center; width: 32px; height: 32px; border: medium; background-color: transparent; cursor: pointer; margin: 0px;"[39m
          [36m>[39m
            [36m<svg[39m
              [33maria-hidden[39m=[32m"true"[39m
              [33mdata-slot[39m=[32m"icon"[39m
              [33mfill[39m=[32m"none"[39m
              [33mstroke[39m=[32m"currentColor"[39m
              [33mstroke-width[39m=[32m"1.5"[39m
              [33mstyle[39m=[32m"width: 20px; height: 20px;"[39m
              [33mviewBox[39m=[32m"0 0 24 24"[39m
              [33mxmlns[39m=[32m"http://www.w3.org/2000/svg"[39m
            [36m>[39m
              [36m<path[39m
                [33md[39m=[32m"M15.75 19.5 8.25 12l7.5-7.5"[39m
                [33mstroke-linecap[39m=[32m"round"[39m
                [33mstroke-linejoin[39m=[32m"round"[39m
              [36m/>[39m
            [36m</svg>[39m
          [36m</button>[39m
        [36m</div>[39m
        [36m<div[39m
          [33mstyle[39m=[32m"flex: 1 1 0%; padding: 16px 0px; overflow-y: auto;"[39m
        [36m>[39m
          [36m<div[39m
            [33mstyle[39m=[32m"padding: 0px 8px;"[39m
          [36m>[39m
            [36m<button[39m
              [33maria-label[39m=[32m"navigation.schedule"[39m
              [33mstyle[39m=[32m"display: flex; align-items: center; width: 100%; padding: 12px; margin-bottom: 4px; border: medium; border-radius: 8px; background-color: transparent; color: rgb(107, 114, 128); cursor: pointer; position: relative;"[39m
            [36m>[39m
              [36m<div[39m
                [33mstyle[39m=[32m"position: relative; flex-shrink: 0;"[39m
              [36m>[39m
                [36m<svg[39m
                  [33maria-hidden[39m=[32m"true"[39m
                  [33mdata-slot[39m=[32m"icon"[39m
                  [33mfill[39m=[32m"none"[39m
                  [33mstroke[39m=[32m"currentColor"[39m
                  [33mstroke-width[39m=[32m"1.5"[39m
                  [33mstyle[39m=[32m"width: 24px; height: 24px;"[39m
                  [33mviewBox[39m=[32m"0 0 24 24"[39m
                  [33mxmlns[39m=[32m"http://www.w3.org/2000/svg"[39m
                [36m>[39m
                  [36m<path[39m
                    [33md[39m=[32m"M6.75 3v2.25M17.25 3v2.25M3 18.75V7.5a2.25 2.25 0 0 1 2.25-2.25h13.5A2.25 2.25 0 0 1 21 7.5v11.25m-18 0A2.25 2.25 0 0 0 5.25 21h13.5A2.25 2.25 0 0 0 21 18.75m-18 0v-7.5A2.25 2.25 0 0 1 5.25 9h13.5A2.25 2.25 0 0 1 21 11.25v7.5m-9-6h.008v.008H12v-.008ZM12 15h.008v.008H12V15Zm0 2.25h.008v.008H12v-.008ZM9.75 15h.008v.008H9.75V15Zm0 2.25h.008v.008H9.75v-.008ZM7.5 15h.008v.008H7.5V15Zm0 2.25h.008v.008H7.5v-.008Zm6.75-4.5h.008v.008h-.008v-.008Zm0 2.25h.008v.008h-.008V15Zm0 2.25h.008v.008h-.008v-.008Zm2.25-4.5h.008v.008H16.5v-.008Zm0 2.25h.008v.008H16.5V15Z"[39m
                    [33mstroke-linecap[39m=[32m"round"[39m
                    [33mstroke-linejoin[39m=[32m"round"[39m
                  [36m/>[39m
                [36m</svg>[39m
              [36m</div>[39m
              [36m<span[39m
                [33mstyle[39m=[32m"margin-left: 12px; font-size: 14px; font-weight: 500; white-space: nowrap;"[39m
              [36m>[39m
                [0mnavigation.schedule[0m
              [36m</span>[39m
            [36m</button>[39m
            [36m<button[39m
              [33maria-label[39m=[32m"navigation.booking"[39m
              [33mstyle[39m=[32m"display: flex; align-items: center; width: 100%; padding: 12px; margin-bottom: 4px; border: medium; border-radius: 8px; background-color: transparent; color: rgb(107, 114, 128); cursor: pointer; position: relative;"[39m
            [36m>[39m
              [36m<div[39m
                [33mstyle[39m=[32m"position: relative; flex-shrink: 0;"[39m
              [36m>[39m
                [36m<svg[39m
                  [33maria-hidden[39m=[32m"true"[39m
                  [33mdata-slot[39m=[32m"icon"[39m
                  [33mfill[39m=[32m"none"[39m
                  [33mstroke[39m=[32m"currentColor"[39m
                  [33mstroke-width[39m=[32m"1.5"[39m
                  [33mstyle[39m=[32m"width: 24px; height: 24px;"[39m
                  [33mviewBox[39m=[32m"0 0 24 24"[39m
                  [33mxmlns[39m=[32m"http://www.w3.org/2000/svg"[39m
                [36m>[39m
                  [36m<path[39m
                    [33md[39m=[32m"M16.5 6v.75m0 3v.75m0 3v.75m0 3V18m-9-5.25h5.25M7.5 15h3M3.375 5.25c-.621 0-1.125.504-1.125 1.125v3.026a2.999 2.999 0 0 1 0 5.198v3.026c0 .621.504 1.125 1.125 1.125h17.25c.621 0 1.125-.504 1.125-1.125v-3.026a2.999 2.999 0 0 1 0-5.198V6.375c0-.621-.504-1.125-1.125-1.125H3.375Z"[39m
                    [33mstroke-linecap[39m=[32m"round"[39m
                    [33mstroke-linejoin[39m=[32m"round"[39m
                  [36m/>[39m
                [36m</svg>[39m
              [36m</div>[39m
              [36m<span[39m
                [33mstyle[39m=[32m"margin-left: 12px; font-size: 14px; font-weight: 500; white-space: nowrap;"[39m
              [36m>[39m
                [0mnavigation.booking[0m
              [36m</span>[39m
            [36m</button>[39m
            [36m<button[39m
              [33maria-label[39m=[32m"navigation.budget"[39m
              [33mstyle[39m=[32m"display: flex; align-items: center; width: 100%; padding: 12px; margin-bottom: 4px; border: medium; border-radius: 8px; background-color: transparent; color: rgb(107, 114, 128); cursor: pointer; position: relative;"[39m
            [36m>[39m
              [36m<div[39m
                [33mstyle[39m=[32m"position: relative; flex-shrink: 0;"[39m
              [36m>[39m
                [36m<svg[39m
                  [33maria-hidden[39m=[32m"true"[39m
                  [33mdata-slot[39m=[32m"icon...
 ❯ Object.getElementError ../node_modules/@testing-library/dom/dist/config.js:37:19
 ❯ getAllByLabelText ../node_modules/@testing-library/dom/dist/queries/label-text.js:111:38
 ❯ ../node_modules/@testing-library/dom/dist/query-helpers.js:52:17
 ❯ ../node_modules/@testing-library/dom/dist/query-helpers.js:95:19
 ❯ src/components/kawaii/__tests__/SideNavigation.test.tsx:96:32
     94| 
     95|     // Check that the shopping tab has aria-current="page"
     96|     const shoppingTab = screen.getByLabelText(translations['navigation…
       |                                ^
     97|     expect(shoppingTab).toHaveAttribute('aria-current', 'page');
     98|   });

⎯⎯⎯⎯⎯⎯⎯⎯⎯⎯⎯⎯⎯⎯⎯⎯⎯⎯⎯⎯[162/268]⎯

 FAIL  src/components/kawaii/__tests__/StickerDisplay.test.tsx > StickerDisplay > renders nothing when no placements exist
 FAIL  src/components/kawaii/__tests__/StickerDisplay.test.tsx > StickerDisplay > renders stickers for element
 FAIL  src/components/kawaii/__tests__/StickerDisplay.test.tsx > StickerDisplay > calls getElementPlacements with correct elementId
 FAIL  src/components/kawaii/__tests__/StickerDisplay.test.tsx > StickerDisplay > shows remove button when editable
 FAIL  src/components/kawaii/__tests__/StickerDisplay.test.tsx > StickerDisplay > does not show remove button when not editable
 FAIL  src/components/kawaii/__tests__/StickerDisplay.test.tsx > StickerDisplay > calls removePlacement when remove button clicked
 FAIL  src/components/kawaii/__tests__/StickerDisplay.test.tsx > StickerDisplay > applies correct positioning styles
 FAIL  src/components/kawaii/__tests__/StickerDisplay.test.tsx > StickerDisplay > handles missing sticker gracefully
 FAIL  src/components/kawaii/__tests__/StickerDisplay.test.tsx > StickerDisplay > applies custom className
TypeError: Cannot read properties of undefined (reading 'length')
 ❯ StickerDisplay src/components/kawaii/StickerDisplay.tsx:103:42
    101|       console.log('🛑 Cleaning up StickerDisplay');
    102|     };
    103|   }, [elementId, elementType, placements.length]); // Re-run when plac…
       |                                          ^
    104| 
    105|   const elementPlacements = getElementPlacements(elementId);
 ❯ renderWithHooks ../node_modules/react-dom/cjs/react-dom.development.js:15486:18
 ❯ mountIndeterminateComponent ../node_modules/react-dom/cjs/react-dom.development.js:20103:13
 ❯ beginWork ../node_modules/react-dom/cjs/react-dom.development.js:21626:16
 ❯ beginWork$1 ../node_modules/react-dom/cjs/react-dom.development.js:27465:14
 ❯ performUnitOfWork ../node_modules/react-dom/cjs/react-dom.development.js:26599:12
 ❯ workLoopSync ../node_modules/react-dom/cjs/react-dom.development.js:26505:5
 ❯ renderRootSync ../node_modules/react-dom/cjs/react-dom.development.js:26473:7
 ❯ recoverFromConcurrentError ../node_modules/react-dom/cjs/react-dom.development.js:25889:20
 ❯ performConcurrentWorkOnRoot ../node_modules/react-dom/cjs/react-dom.development.js:25789:22

⎯⎯⎯⎯⎯⎯⎯⎯⎯⎯⎯⎯⎯⎯⎯⎯⎯⎯⎯⎯[163/268]⎯

 FAIL  src/components/kawaii/__tests__/WeatherWidget.test.tsx > WeatherWidget > renders weather information correctly
TestingLibraryElementError: Unable to find an element with the text: 12°C. This could be because the text is broken up by multiple elements. In this case, you can provide a function for your text matcher to make your matcher more flexible.

Ignored nodes: comments, script, style
[36m<body>[39m
  [36m<div>[39m
    [36m<div[39m
      [33mclass[39m=[32m"bg-white dark:bg-neutral-800 rounded-2xl sm:rounded-3xl shadow-lg border border-neutral-200 dark:border-neutral-700 relative overflow-hidden"[39m
      [33mstyle[39m=[32m"opacity: 0; transform: translateY(20px);"[39m
    [36m>[39m
      [36m<div[39m
        [33mclass[39m=[32m"p-4"[39m
      [36m>[39m
        [36m<div[39m
          [33mclass[39m=[32m"flex items-start justify-between mb-2"[39m
        [36m>[39m
          [36m<div[39m
            [33mclass[39m=[32m"flex items-center gap-1.5"[39m
          [36m>[39m
            [36m<span[39m
              [33mclass[39m=[32m"text-base sm:text-lg font-medium text-neutral-900 dark:text-neutral-100"[39m
            [36m>[39m
              [0m大阪[0m
            [36m</span>[39m
          [36m</div>[39m
          [36m<button[39m
            [33maria-label[39m=[32m"weather.refresh"[39m
            [33mclass[39m=[32m"min-w-[44px] min-h-[44px] p-2 rounded-lg hover:bg-neutral-100 dark:hover:bg-neutral-700 transition-colors flex items-center justify-center"[39m
            [33mtabindex[39m=[32m"0"[39m
          [36m>[39m
            [36m<svg[39m
              [33mclass[39m=[32m"w-4 h-4 text-neutral-400 dark:text-neutral-500"[39m
              [33mfill[39m=[32m"none"[39m
              [33mstroke[39m=[32m"currentColor"[39m
              [33mviewBox[39m=[32m"0 0 24 24"[39m
            [36m>[39m
              [36m<path[39m
                [33md[39m=[32m"M4 4v5h.582m15.356 2A8.001 8.001 0 004.582 9m0 0H9m11 11v-5h-.581m0 0a8.003 8.003 0 01-15.357-2m15.357 2H15"[39m
                [33mstroke-linecap[39m=[32m"round"[39m
                [33mstroke-linejoin[39m=[32m"round"[39m
                [33mstroke-width[39m=[32m"2"[39m
              [36m/>[39m
            [36m</svg>[39m
          [36m</button>[39m
        [36m</div>[39m
        [36m<div[39m
          [33mclass[39m=[32m"flex items-center justify-between"[39m
        [36m>[39m
          [36m<div[39m
            [33mclass[39m=[32m"flex-1"[39m
          [36m>[39m
            [36m<div[39m
              [33mclass[39m=[32m"flex items-baseline gap-1 mb-1"[39m
            [36m>[39m
              [36m<span[39m
                [33mclass[39m=[32m"text-6xl sm:text-7xl font-light text-neutral-900 dark:text-neutral-100 leading-none"[39m
              [36m>[39m
                [0mNaN[0m
                [0m°[0m
              [36m</span>[39m
            [36m</div>[39m
            [36m<div[39m
              [33mclass[39m=[32m"flex items-center gap-2 text-neutral-700 dark:text-neutral-300"[39m
            [36m>[39m
              [36m<span[39m
                [33mclass[39m=[32m"text-lg font-medium"[39m
              [36m>[39m
                [0mPartly Cloudy[0m
              [36m</span>[39m
            [36m</div>[39m
            [36m<div[39m
              [33mclass[39m=[32m"flex items-center gap-3 mt-1 text-sm text-neutral-500 dark:text-neutral-400"[39m
            [36m>[39m
              [36m<span>[39m
                [0mH:[0m
                [0mNaN[0m
                [0m°[0m
              [36m</span>[39m
              [36m<span>[39m
                [0mL:[0m
                [0mNaN[0m
                [0m°[0m
              [36m</span>[39m
            [36m</div>[39m
          [36m</div>[39m
          [36m<div[39m
            [33mclass[39m=[32m"flex-shrink-0"[39m
          [36m>[39m
            [36m<div[39m
              [33mclass[39m=[32m"text-7xl sm:text-8xl"[39m
            [36m>[39m
              [0m☁️[0m
            [36m</div>[39m
          [36m</div>[39m
        [36m</div>[39m
      [36m</div>[39m
    [36m</div>[39m
  [36m</div>[39m
[36m</body>[39m
 ❯ Object.getElementError ../node_modules/@testing-library/dom/dist/config.js:37:19
 ❯ ../node_modules/@testing-library/dom/dist/query-helpers.js:76:38
 ❯ ../node_modules/@testing-library/dom/dist/query-helpers.js:52:17
 ❯ ../node_modules/@testing-library/dom/dist/query-helpers.js:95:19
 ❯ src/components/kawaii/__tests__/WeatherWidget.test.tsx:22:19
     20|     render(<WeatherWidget forecast={mockForecast} />);
     21|     
     22|     expect(screen.getByText('12°C')).toBeInTheDocument();
       |                   ^
     23|     expect(screen.getByText(/4°C/)).toBeInTheDocument();
     24|     expect(screen.getByText('Partly Cloudy')).toBeInTheDocument();

⎯⎯⎯⎯⎯⎯⎯⎯⎯⎯⎯⎯⎯⎯⎯⎯⎯⎯⎯⎯[164/268]⎯

 FAIL  src/components/kawaii/__tests__/WeatherWidget.test.tsx > WeatherWidget > renders compact version
TestingLibraryElementError: Unable to find an element with the text: 12°C. This could be because the text is broken up by multiple elements. In this case, you can provide a function for your text matcher to make your matcher more flexible.

Ignored nodes: comments, script, style
[36m<body>[39m
  [36m<div>[39m
    [36m<div[39m
      [33mclass[39m=[32m"bg-white dark:bg-neutral-800 rounded-2xl sm:rounded-3xl shadow-lg border border-neutral-200 dark:border-neutral-700 relative overflow-hidden"[39m
      [33mstyle[39m=[32m"opacity: 0; transform: translateY(20px);"[39m
    [36m>[39m
      [36m<div[39m
        [33mclass[39m=[32m"p-4"[39m
      [36m>[39m
        [36m<div[39m
          [33mclass[39m=[32m"flex items-start justify-between mb-2"[39m
        [36m>[39m
          [36m<div[39m
            [33mclass[39m=[32m"flex items-center gap-1.5"[39m
          [36m>[39m
            [36m<span[39m
              [33mclass[39m=[32m"text-base sm:text-lg font-medium text-neutral-900 dark:text-neutral-100"[39m
            [36m>[39m
              [0m大阪[0m
            [36m</span>[39m
          [36m</div>[39m
          [36m<button[39m
            [33maria-label[39m=[32m"weather.refresh"[39m
            [33mclass[39m=[32m"min-w-[44px] min-h-[44px] p-2 rounded-lg hover:bg-neutral-100 dark:hover:bg-neutral-700 transition-colors flex items-center justify-center"[39m
            [33mtabindex[39m=[32m"0"[39m
          [36m>[39m
            [36m<svg[39m
              [33mclass[39m=[32m"w-4 h-4 text-neutral-400 dark:text-neutral-500"[39m
              [33mfill[39m=[32m"none"[39m
              [33mstroke[39m=[32m"currentColor"[39m
              [33mviewBox[39m=[32m"0 0 24 24"[39m
            [36m>[39m
              [36m<path[39m
                [33md[39m=[32m"M4 4v5h.582m15.356 2A8.001 8.001 0 004.582 9m0 0H9m11 11v-5h-.581m0 0a8.003 8.003 0 01-15.357-2m15.357 2H15"[39m
                [33mstroke-linecap[39m=[32m"round"[39m
                [33mstroke-linejoin[39m=[32m"round"[39m
                [33mstroke-width[39m=[32m"2"[39m
              [36m/>[39m
            [36m</svg>[39m
          [36m</button>[39m
        [36m</div>[39m
        [36m<div[39m
          [33mclass[39m=[32m"flex items-center justify-between"[39m
        [36m>[39m
          [36m<div[39m
            [33mclass[39m=[32m"flex-1"[39m
          [36m>[39m
            [36m<div[39m
              [33mclass[39m=[32m"flex items-baseline gap-1 mb-1"[39m
            [36m>[39m
              [36m<span[39m
                [33mclass[39m=[32m"text-6xl sm:text-7xl font-light text-neutral-900 dark:text-neutral-100 leading-none"[39m
              [36m>[39m
                [0mNaN[0m
                [0m°[0m
              [36m</span>[39m
            [36m</div>[39m
            [36m<div[39m
              [33mclass[39m=[32m"flex items-center gap-2 text-neutral-700 dark:text-neutral-300"[39m
            [36m>[39m
              [36m<span[39m
                [33mclass[39m=[32m"text-lg font-medium"[39m
              [36m>[39m
                [0mPartly Cloudy[0m
              [36m</span>[39m
            [36m</div>[39m
            [36m<div[39m
              [33mclass[39m=[32m"flex items-center gap-3 mt-1 text-sm text-neutral-500 dark:text-neutral-400"[39m
            [36m>[39m
              [36m<span>[39m
                [0mH:[0m
                [0mNaN[0m
                [0m°[0m
              [36m</span>[39m
              [36m<span>[39m
                [0mL:[0m
                [0mNaN[0m
                [0m°[0m
              [36m</span>[39m
            [36m</div>[39m
          [36m</div>[39m
          [36m<div[39m
            [33mclass[39m=[32m"flex-shrink-0"[39m
          [36m>[39m
            [36m<div[39m
              [33mclass[39m=[32m"text-7xl sm:text-8xl"[39m
            [36m>[39m
              [0m☁️[0m
            [36m</div>[39m
          [36m</div>[39m
        [36m</div>[39m
      [36m</div>[39m
    [36m</div>[39m
  [36m</div>[39m
[36m</body>[39m
 ❯ Object.getElementError ../node_modules/@testing-library/dom/dist/config.js:37:19
 ❯ ../node_modules/@testing-library/dom/dist/query-helpers.js:76:38
 ❯ ../node_modules/@testing-library/dom/dist/query-helpers.js:52:17
 ❯ ../node_modules/@testing-library/dom/dist/query-helpers.js:95:19
 ❯ src/components/kawaii/__tests__/WeatherWidget.test.tsx:30:19
     28|     render(<WeatherWidget forecast={mockForecast} compact />);
     29|     
     30|     expect(screen.getByText('12°C')).toBeInTheDocument();
       |                   ^
     31|     expect(screen.getByText(/4°C/)).toBeInTheDocument();
     32|   });

⎯⎯⎯⎯⎯⎯⎯⎯⎯⎯⎯⎯⎯⎯⎯⎯⎯⎯⎯⎯[165/268]⎯

 FAIL  src/components/kawaii/__tests__/WeatherWidget.test.tsx > WeatherWidget > displays precipitation chance when available
TestingLibraryElementError: Unable to find an element with the text: /20%/. This could be because the text is broken up by multiple elements. In this case, you can provide a function for your text matcher to make your matcher more flexible.

Ignored nodes: comments, script, style
[36m<body>[39m
  [36m<div>[39m
    [36m<div[39m
      [33mclass[39m=[32m"bg-white dark:bg-neutral-800 rounded-2xl sm:rounded-3xl shadow-lg border border-neutral-200 dark:border-neutral-700 relative overflow-hidden"[39m
      [33mstyle[39m=[32m"opacity: 0; transform: translateY(20px);"[39m
    [36m>[39m
      [36m<div[39m
        [33mclass[39m=[32m"p-4"[39m
      [36m>[39m
        [36m<div[39m
          [33mclass[39m=[32m"flex items-start justify-between mb-2"[39m
        [36m>[39m
          [36m<div[39m
            [33mclass[39m=[32m"flex items-center gap-1.5"[39m
          [36m>[39m
            [36m<span[39m
              [33mclass[39m=[32m"text-base sm:text-lg font-medium text-neutral-900 dark:text-neutral-100"[39m
            [36m>[39m
              [0m大阪[0m
            [36m</span>[39m
          [36m</div>[39m
          [36m<button[39m
            [33maria-label[39m=[32m"weather.refresh"[39m
            [33mclass[39m=[32m"min-w-[44px] min-h-[44px] p-2 rounded-lg hover:bg-neutral-100 dark:hover:bg-neutral-700 transition-colors flex items-center justify-center"[39m
            [33mtabindex[39m=[32m"0"[39m
          [36m>[39m
            [36m<svg[39m
              [33mclass[39m=[32m"w-4 h-4 text-neutral-400 dark:text-neutral-500"[39m
              [33mfill[39m=[32m"none"[39m
              [33mstroke[39m=[32m"currentColor"[39m
              [33mviewBox[39m=[32m"0 0 24 24"[39m
            [36m>[39m
              [36m<path[39m
                [33md[39m=[32m"M4 4v5h.582m15.356 2A8.001 8.001 0 004.582 9m0 0H9m11 11v-5h-.581m0 0a8.003 8.003 0 01-15.357-2m15.357 2H15"[39m
                [33mstroke-linecap[39m=[32m"round"[39m
                [33mstroke-linejoin[39m=[32m"round"[39m
                [33mstroke-width[39m=[32m"2"[39m
              [36m/>[39m
            [36m</svg>[39m
          [36m</button>[39m
        [36m</div>[39m
        [36m<div[39m
          [33mclass[39m=[32m"flex items-center justify-between"[39m
        [36m>[39m
          [36m<div[39m
            [33mclass[39m=[32m"flex-1"[39m
          [36m>[39m
            [36m<div[39m
              [33mclass[39m=[32m"flex items-baseline gap-1 mb-1"[39m
            [36m>[39m
              [36m<span[39m
                [33mclass[39m=[32m"text-6xl sm:text-7xl font-light text-neutral-900 dark:text-neutral-100 leading-none"[39m
              [36m>[39m
                [0mNaN[0m
                [0m°[0m
              [36m</span>[39m
            [36m</div>[39m
            [36m<div[39m
              [33mclass[39m=[32m"flex items-center gap-2 text-neutral-700 dark:text-neutral-300"[39m
            [36m>[39m
              [36m<span[39m
                [33mclass[39m=[32m"text-lg font-medium"[39m
              [36m>[39m
                [0mPartly Cloudy[0m
              [36m</span>[39m
            [36m</div>[39m
            [36m<div[39m
              [33mclass[39m=[32m"flex items-center gap-3 mt-1 text-sm text-neutral-500 dark:text-neutral-400"[39m
            [36m>[39m
              [36m<span>[39m
                [0mH:[0m
                [0mNaN[0m
                [0m°[0m
              [36m</span>[39m
              [36m<span>[39m
                [0mL:[0m
                [0mNaN[0m
                [0m°[0m
              [36m</span>[39m
            [36m</div>[39m
          [36m</div>[39m
          [36m<div[39m
            [33mclass[39m=[32m"flex-shrink-0"[39m
          [36m>[39m
            [36m<div[39m
              [33mclass[39m=[32m"text-7xl sm:text-8xl"[39m
            [36m>[39m
              [0m☁️[0m
            [36m</div>[39m
          [36m</div>[39m
        [36m</div>[39m
      [36m</div>[39m
    [36m</div>[39m
  [36m</div>[39m
[36m</body>[39m
 ❯ Object.getElementError ../node_modules/@testing-library/dom/dist/config.js:37:19
 ❯ ../node_modules/@testing-library/dom/dist/query-helpers.js:76:38
 ❯ ../node_modules/@testing-library/dom/dist/query-helpers.js:52:17
 ❯ ../node_modules/@testing-library/dom/dist/query-helpers.js:95:19
 ❯ src/components/kawaii/__tests__/WeatherWidget.test.tsx:43:19
     41|     render(<WeatherWidget forecast={mockForecast} />);
     42|     
     43|     expect(screen.getByText(/20%/)).toBeInTheDocument();
       |                   ^
     44|   });
     45| });

⎯⎯⎯⎯⎯⎯⎯⎯⎯⎯⎯⎯⎯⎯⎯⎯⎯⎯⎯⎯[166/268]⎯

 FAIL  src/components/trip/__tests__/TripEditor.test.tsx > TripEditor - Create Trip Form > Form Validation > should display validation error when title is empty
TestingLibraryElementError: Unable to find an element with the text: /title is required/i. This could be because the text is broken up by multiple elements. In this case, you can provide a function for your text matcher to make your matcher more flexible.

Ignored nodes: comments, script, style
[36m<body>[39m
  [36m<div>[39m
    [36m<form[39m
      [33mclass[39m=[32m"space-y-6"[39m
    [36m>[39m
      [36m<div[39m
        [33mclass[39m=[32m"w-full"[39m
      [36m>[39m
        [36m<label[39m
          [33mclass[39m=[32m"block text-sm font-medium text-gray-700 dark:text-gray-300 mb-1"[39m
          [33mfor[39m=[32m"input-trip-title"[39m
        [36m>[39m
          [0mTrip Title[0m
          [36m<span[39m
            [33mclass[39m=[32m"text-red-500 ml-1"[39m
          [36m>[39m
            [0m*[0m
          [36m</span>[39m
        [36m</label>[39m
        [36m<input[39m
          [33maria-invalid[39m=[32m"false"[39m
          [33mclass[39m=[32m"
          w-full px-3 py-2 border rounded-lg min-h-touch
          bg-white text-gray-900
          focus-visible:outline-none focus-visible:ring-2 focus-visible:ring-blue-500 focus-visible:border-blue-500
          disabled:bg-gray-100 disabled:cursor-not-allowed disabled:opacity-60
          dark:bg-gray-800 dark:border-gray-600 dark:text-white
          border-gray-400 dark:border-gray-500
          
        "[39m
          [33mid[39m=[32m"input-trip-title"[39m
          [33mname[39m=[32m"title"[39m
          [33mplaceholder[39m=[32m"e.g., Tokyo Adventure 2025"[39m
          [33mrequired[39m=[32m""[39m
          [33mvalue[39m=[32m""[39m
        [36m/>[39m
      [36m</div>[39m
      [36m<div[39m
        [33mclass[39m=[32m"w-full"[39m
      [36m>[39m
        [36m<label[39m
          [33mclass[39m=[32m"block text-sm font-medium text-gray-700 dark:text-gray-300 mb-1"[39m
          [33mfor[39m=[32m"input-destination"[39m
        [36m>[39m
          [0mDestination[0m
        [36m</label>[39m
        [36m<input[39m
          [33maria-invalid[39m=[32m"false"[39m
          [33mclass[39m=[32m"
          w-full px-3 py-2 border rounded-lg min-h-touch
          bg-white text-gray-900
          focus-visible:outline-none focus-visible:ring-2 focus-visible:ring-blue-500 focus-visible:border-blue-500
          disabled:bg-gray-100 disabled:cursor-not-allowed disabled:opacity-60
          dark:bg-gray-800 dark:border-gray-600 dark:text-white
          border-gray-400 dark:border-gray-500
          
        "[39m
          [33mid[39m=[32m"input-destination"[39m
          [33mname[39m=[32m"destination"[39m
          [33mplaceholder[39m=[32m"e.g., Tokyo, Japan"[39m
          [33mvalue[39m=[32m""[39m
        [36m/>[39m
      [36m</div>[39m
      [36m<div[39m
        [33mclass[39m=[32m"grid grid-cols-1 md:grid-cols-2 gap-4"[39m
      [36m>[39m
        [36m<div[39m
          [33mclass[39m=[32m"w-full"[39m
        [36m>[39m
          [36m<label[39m
            [33mclass[39m=[32m"block text-sm font-medium text-gray-700 dark:text-gray-300 mb-1"[39m
            [33mfor[39m=[32m"input-start-date"[39m
          [36m>[39m
            [0mStart Date[0m
          [36m</label>[39m
          [36m<input[39m
            [33maria-invalid[39m=[32m"false"[39m
            [33mclass[39m=[32m"
          w-full px-3 py-2 border rounded-lg min-h-touch
          bg-white text-gray-900
          focus-visible:outline-none focus-visible:ring-2 focus-visible:ring-blue-500 focus-visible:border-blue-500
          disabled:bg-gray-100 disabled:cursor-not-allowed disabled:opacity-60
          dark:bg-gray-800 dark:border-gray-600 dark:text-white
          border-gray-400 dark:border-gray-500
          
        "[39m
            [33mid[39m=[32m"input-start-date"[39m
            [33mname[39m=[32m"start_date"[39m
            [33mtype[39m=[32m"date"[39m
            [33mvalue[39m=[32m""[39m
          [36m/>[39m
        [36m</div>[39m
        [36m<div[39m
          [33mclass[39m=[32m"w-full"[39m
        [36m>[39m
          [36m<label[39m
            [33mclass[39m=[32m"block text-sm font-medium text-gray-700 dark:text-gray-300 mb-1"[39m
            [33mfor[39m=[32m"input-end-date"[39m
          [36m>[39m
            [0mEnd Date[0m
          [36m</label>[39m
          [36m<input[39m
            [33maria-invalid[39m=[32m"false"[39m
            [33mclass[39m=[32m"
          w-full px-3 py-2 border rounded-lg min-h-touch
          bg-white text-gray-900
          focus-visible:outline-none focus-visible:ring-2 focus-visible:ring-blue-500 focus-visible:border-blue-500
          disabled:bg-gray-100 disabled:cursor-not-allowed disabled:opacity-60
          dark:bg-gray-800 dark:border-gray-600 dark:text-white
          border-gray-400 dark:border-gray-500
          
        "[39m
            [33mid[39m=[32m"input-end-date"[39m
            [33mname[39m=[32m"end_date"[39m
            [33mtype[39m=[32m"date"[39m
            [33mvalue[39m=[32m""[39m
          [36m/>[39m
        [36m</div>[39m
      [36m</div>[39m
      [36m<div[39m
        [33mclass[39m=[32m"grid grid-cols-1 md:grid-cols-2 gap-4"[39m
      [36m>[39m
        [36m<div[39m
          [33mclass[39m=[32m"w-full"[39m
        [36m>[39m
          [36m<label[39m
            [33mclass[39m=[32m"block text-sm font-medium text-gray-700 dark:text-gray-300 mb-1"[39m
            [33mfor[39m=[32m"input-total-budget-(optional)"[39m
          [36m>[39m
            [0mTotal Budget (Optional)[0m
          [36m</label>[39m
          [36m<input[39m
            [33maria-invalid[39m=[32m"false"[39m
            [33mclass[39m=[32m"
          w-full px-3 py-2 border rounded-lg min-h-touch
          bg-white text-gray-900
          focus-visible:outline-none focus-visible:ring-2 focus-visible:ring-blue-500 focus-visible:border-blue-500
          disabled:bg-gray-100 disabled:cursor-not-allowed disabled:opacity-60
          dark:bg-gray-800 dark:border-gray-600 dark:text-white
          border-gray-400 dark:border-gray-500
          
        "[39m
            [33mid[39m=[32m"input-total-budget-(optional)"[39m
            [33mmin[39m=[32m"0"[39m
            [33mname[39m=[32m"total_budget"[39m
            [33mplaceholder[39m=[32m"0.00"[39m
            [33mstep[39m=[32m"0.01"[39m
            [33mtype[39m=[32m"number"[39m
            [33mvalue[39m=[32m""[39m
          [36m/>[39m
        [36m</div>[39m
        [36m<div>[39m
          [36m<label[39m
            [33mclass[39m=[32m"block text-sm font-medium text-gray-700 dark:text-gray-300 mb-2"[39m
          [36m>[39m
            [0mCurrency[0m
          [36m</label>[39m
          [36m<select[39m
            [33mclass[39m=[32m"w-full px-3 py-2 border border-gray-300 dark:border-gray-600 rounded-lg 
              focus:ring-2 focus:ring-blue-500 focus:border-transparent
              bg-white dark:bg-gray-800 text-gray-900 dark:text-white"[39m
            [33mname[39m=[32m"currency_code"[39m
          [36m>[39m
            [36m<option[39m
              [33...

Ignored nodes: comments, script, style
[36m<html>[39m
  [36m<head />[39m
  [36m<body>[39m
    [36m<div>[39m
      [36m<form[39m
        [33mclass[39m=[32m"space-y-6"[39m
      [36m>[39m
        [36m<div[39m
          [33mclass[39m=[32m"w-full"[39m
        [36m>[39m
          [36m<label[39m
            [33mclass[39m=[32m"block text-sm font-medium text-gray-700 dark:text-gray-300 mb-1"[39m
            [33mfor[39m=[32m"input-trip-title"[39m
          [36m>[39m
            [0mTrip Title[0m
            [36m<span[39m
              [33mclass[39m=[32m"text-red-500 ml-1"[39m
            [36m>[39m
              [0m*[0m
            [36m</span>[39m
          [36m</label>[39m
          [36m<input[39m
            [33maria-invalid[39m=[32m"false"[39m
            [33mclass[39m=[32m"
          w-full px-3 py-2 border rounded-lg min-h-touch
          bg-white text-gray-900
          focus-visible:outline-none focus-visible:ring-2 focus-visible:ring-blue-500 focus-visible:border-blue-500
          disabled:bg-gray-100 disabled:cursor-not-allowed disabled:opacity-60
          dark:bg-gray-800 dark:border-gray-600 dark:text-white
          border-gray-400 dark:border-gray-500
          
        "[39m
            [33mid[39m=[32m"input-trip-title"[39m
            [33mname[39m=[32m"title"[39m
            [33mplaceholder[39m=[32m"e.g., Tokyo Adventure 2025"[39m
            [33mrequired[39m=[32m""[39m
            [33mvalue[39m=[32m""[39m
          [36m/>[39m
        [36m</div>[39m
        [36m<div[39m
          [33mclass[39m=[32m"w-full"[39m
        [36m>[39m
          [36m<label[39m
            [33mclass[39m=[32m"block text-sm font-medium text-gray-700 dark:text-gray-300 mb-1"[39m
            [33mfor[39m=[32m"input-destination"[39m
          [36m>[39m
            [0mDestination[0m
          [36m</label>[39m
          [36m<input[39m
            [33maria-invalid[39m=[32m"false"[39m
            [33mclass[39m=[32m"
          w-full px-3 py-2 border rounded-lg min-h-touch
          bg-white text-gray-900
          focus-visible:outline-none focus-visible:ring-2 focus-visible:ring-blue-500 focus-visible:border-blue-500
          disabled:bg-gray-100 disabled:cursor-not-allowed disabled:opacity-60
          dark:bg-gray-800 dark:border-gray-600 dark:text-white
          border-gray-400 dark:border-gray-500
          
        "[39m
            [33mid[39m=[32m"input-destination"[39m
            [33mname[39m=[32m"destination"[39m
            [33mplaceholder[39m=[32m"e.g., Tokyo, Japan"[39m
            [33mvalue[39m=[32m""[39m
          [36m/>[39m
        [36m</div>[39m
        [36m<div[39m
          [33mclass[39m=[32m"grid grid-cols-1 md:grid-cols-2 gap-4"[39m
        [36m>[39m
          [36m<div[39m
            [33mclass[39m=[32m"w-full"[39m
          [36m>[39m
            [36m<label[39m
              [33mclass[39m=[32m"block text-sm font-medium text-gray-700 dark:text-gray-300 mb-1"[39m
              [33mfor[39m=[32m"input-start-date"[39m
            [36m>[39m
              [0mStart Date[0m
            [36m</label>[39m
            [36m<input[39m
              [33maria-invalid[39m=[32m"false"[39m
              [33mclass[39m=[32m"
          w-full px-3 py-2 border rounded-lg min-h-touch
          bg-white text-gray-900
          focus-visible:outline-none focus-visible:ring-2 focus-visible:ring-blue-500 focus-visible:border-blue-500
          disabled:bg-gray-100 disabled:cursor-not-allowed disabled:opacity-60
          dark:bg-gray-800 dark:border-gray-600 dark:text-white
          border-gray-400 dark:border-gray-500
          
        "[39m
              [33mid[39m=[32m"input-start-date"[39m
              [33mname[39m=[32m"start_date"[39m
              [33mtype[39m=[32m"date"[39m
              [33mvalue[39m=[32m""[39m
            [36m/>[39m
          [36m</div>[39m
          [36m<div[39m
            [33mclass[39m=[32m"w-full"[39m
          [36m>[39m
            [36m<label[39m
              [33mclass[39m=[32m"block text-sm font-medium text-gray-700 dark:text-gray-300 mb-1"[39m
              [33mfor[39m=[32m"input-end-date"[39m
            [36m>[39m
              [0mEnd Date[0m
            [36m</label>[39m
            [36m<input[39m
              [33maria-invalid[39m=[32m"false"[39m
              [33mclass[39m=[32m"
          w-full px-3 py-2 border rounded-lg min-h-touch
          bg-white text-gray-900
          focus-visible:outline-none focus-visible:ring-2 focus-visible:ring-blue-500 focus-visible:border-blue-500
          disabled:bg-gray-100 disabled:cursor-not-allowed disabled:opacity-60
          dark:bg-gray-800 dark:border-gray-600 dark:text-white
          border-gray-400 dark:border-gray-500
          
        "[39m
              [33mid[39m=[32m"input-end-date"[39m
              [33mname[39m=[32m"end_date"[39m
              [33mtype[39m=[32m"date"[39m
              [33mvalue[39m=[32m""[39m
            [36m/>[39m
          [36m</div>[39m
        [36m</div>[39m
        [36m<div[39m
          [33mclass[39m=[32m"grid grid-cols-1 md:grid-cols-2 gap-4"[39m
        [36m>[39m
          [36m<div[39m
            [33mclass[39m=[32m"w-full"[39m
          [36m>[39m
            [36m<label[39m
              [33mclass[39m=[32m"block text-sm font-medium text-gray-700 dark:text-gray-300 mb-1"[39m
              [33mfor[39m=[32m"input-total-budget-(optional)"[39m
            [36m>[39m
              [0mTotal Budget (Optional)[0m
            [36m</label>[39m
            [36m<input[39m
              [33maria-invalid[39m=[32m"false"[39m
              [33mclass[39m=[32m"
          w-full px-3 py-2 border rounded-lg min-h-touch
          bg-white text-gray-900
          focus-visible:outline-none focus-visible:ring-2 focus-visible:ring-blue-500 focus-visible:border-blue-500
          disabled:bg-gray-100 disabled:cursor-not-allowed disabled:opacity-60
          dark:bg-gray-800 dark:border-gray-600 dark:text-white
          border-gray-400 dark:border-gray-500
          
        "[39m
              [33mid[39m=[32m"input-total-budget-(optional)"[39m
              [33mmin[39m=[32m"0"[39m
              [33mname[39m=[32m"total_budget"[39m
              [33mplaceholder[39m=[32m"0.00"[39m
              [33mstep[39m=[32m"0.01"[39m
              [33mtype[39m=[32m"number"[39m
              [33mvalue[39m=[32m""[39m
            [36m/>[39m
          [36m</div>[39m
          [36m<div>[39m
            [36m<label[39m
              [33mclass[39m=[32m"block text-sm font-medium text-gray-700 dark:text-gray-300 mb-2"[39m
            [36m>[39m
              [0mCurrency[0m
            [36m</label>[39m
            [36m<select[39m
              [33mclass[39m=[32m"w-full px-3 py-2 border border-gray-300 dark:border-gray-600 rounded...
 ❯ Proxy.waitForWrapper ../node_modules/@testing-library/dom/dist/wait-for.js:163:27
 ❯ src/components/trip/__tests__/TripEditor.test.tsx:40:13
     38| 
     39|       // Should show validation error
     40|       await waitFor(() => {
       |             ^
     41|         expect(screen.getByText(/title is required/i)).toBeInTheDocume…
     42|       });

⎯⎯⎯⎯⎯⎯⎯⎯⎯⎯⎯⎯⎯⎯⎯⎯⎯⎯⎯⎯[167/268]⎯

 FAIL  src/components/trip/__tests__/TripEditor.test.tsx > TripEditor - Create Trip Form > Form Validation > should validate budget is positive
TestingLibraryElementError: Unable to find an element with the text: /must be at least 0/i. This could be because the text is broken up by multiple elements. In this case, you can provide a function for your text matcher to make your matcher more flexible.

Ignored nodes: comments, script, style
[36m<body>[39m
  [36m<div>[39m
    [36m<form[39m
      [33mclass[39m=[32m"space-y-6"[39m
    [36m>[39m
      [36m<div[39m
        [33mclass[39m=[32m"w-full"[39m
      [36m>[39m
        [36m<label[39m
          [33mclass[39m=[32m"block text-sm font-medium text-gray-700 dark:text-gray-300 mb-1"[39m
          [33mfor[39m=[32m"input-trip-title"[39m
        [36m>[39m
          [0mTrip Title[0m
          [36m<span[39m
            [33mclass[39m=[32m"text-red-500 ml-1"[39m
          [36m>[39m
            [0m*[0m
          [36m</span>[39m
        [36m</label>[39m
        [36m<input[39m
          [33maria-invalid[39m=[32m"false"[39m
          [33mclass[39m=[32m"
          w-full px-3 py-2 border rounded-lg min-h-touch
          bg-white text-gray-900
          focus-visible:outline-none focus-visible:ring-2 focus-visible:ring-blue-500 focus-visible:border-blue-500
          disabled:bg-gray-100 disabled:cursor-not-allowed disabled:opacity-60
          dark:bg-gray-800 dark:border-gray-600 dark:text-white
          border-gray-400 dark:border-gray-500
          
        "[39m
          [33mid[39m=[32m"input-trip-title"[39m
          [33mname[39m=[32m"title"[39m
          [33mplaceholder[39m=[32m"e.g., Tokyo Adventure 2025"[39m
          [33mrequired[39m=[32m""[39m
          [33mvalue[39m=[32m"Test Trip"[39m
        [36m/>[39m
      [36m</div>[39m
      [36m<div[39m
        [33mclass[39m=[32m"w-full"[39m
      [36m>[39m
        [36m<label[39m
          [33mclass[39m=[32m"block text-sm font-medium text-gray-700 dark:text-gray-300 mb-1"[39m
          [33mfor[39m=[32m"input-destination"[39m
        [36m>[39m
          [0mDestination[0m
        [36m</label>[39m
        [36m<input[39m
          [33maria-invalid[39m=[32m"false"[39m
          [33mclass[39m=[32m"
          w-full px-3 py-2 border rounded-lg min-h-touch
          bg-white text-gray-900
          focus-visible:outline-none focus-visible:ring-2 focus-visible:ring-blue-500 focus-visible:border-blue-500
          disabled:bg-gray-100 disabled:cursor-not-allowed disabled:opacity-60
          dark:bg-gray-800 dark:border-gray-600 dark:text-white
          border-gray-400 dark:border-gray-500
          
        "[39m
          [33mid[39m=[32m"input-destination"[39m
          [33mname[39m=[32m"destination"[39m
          [33mplaceholder[39m=[32m"e.g., Tokyo, Japan"[39m
          [33mvalue[39m=[32m""[39m
        [36m/>[39m
      [36m</div>[39m
      [36m<div[39m
        [33mclass[39m=[32m"grid grid-cols-1 md:grid-cols-2 gap-4"[39m
      [36m>[39m
        [36m<div[39m
          [33mclass[39m=[32m"w-full"[39m
        [36m>[39m
          [36m<label[39m
            [33mclass[39m=[32m"block text-sm font-medium text-gray-700 dark:text-gray-300 mb-1"[39m
            [33mfor[39m=[32m"input-start-date"[39m
          [36m>[39m
            [0mStart Date[0m
          [36m</label>[39m
          [36m<input[39m
            [33maria-invalid[39m=[32m"false"[39m
            [33mclass[39m=[32m"
          w-full px-3 py-2 border rounded-lg min-h-touch
          bg-white text-gray-900
          focus-visible:outline-none focus-visible:ring-2 focus-visible:ring-blue-500 focus-visible:border-blue-500
          disabled:bg-gray-100 disabled:cursor-not-allowed disabled:opacity-60
          dark:bg-gray-800 dark:border-gray-600 dark:text-white
          border-gray-400 dark:border-gray-500
          
        "[39m
            [33mid[39m=[32m"input-start-date"[39m
            [33mname[39m=[32m"start_date"[39m
            [33mtype[39m=[32m"date"[39m
            [33mvalue[39m=[32m""[39m
          [36m/>[39m
        [36m</div>[39m
        [36m<div[39m
          [33mclass[39m=[32m"w-full"[39m
        [36m>[39m
          [36m<label[39m
            [33mclass[39m=[32m"block text-sm font-medium text-gray-700 dark:text-gray-300 mb-1"[39m
            [33mfor[39m=[32m"input-end-date"[39m
          [36m>[39m
            [0mEnd Date[0m
          [36m</label>[39m
          [36m<input[39m
            [33maria-invalid[39m=[32m"false"[39m
            [33mclass[39m=[32m"
          w-full px-3 py-2 border rounded-lg min-h-touch
          bg-white text-gray-900
          focus-visible:outline-none focus-visible:ring-2 focus-visible:ring-blue-500 focus-visible:border-blue-500
          disabled:bg-gray-100 disabled:cursor-not-allowed disabled:opacity-60
          dark:bg-gray-800 dark:border-gray-600 dark:text-white
          border-gray-400 dark:border-gray-500
          
        "[39m
            [33mid[39m=[32m"input-end-date"[39m
            [33mname[39m=[32m"end_date"[39m
            [33mtype[39m=[32m"date"[39m
            [33mvalue[39m=[32m""[39m
          [36m/>[39m
        [36m</div>[39m
      [36m</div>[39m
      [36m<div[39m
        [33mclass[39m=[32m"grid grid-cols-1 md:grid-cols-2 gap-4"[39m
      [36m>[39m
        [36m<div[39m
          [33mclass[39m=[32m"w-full"[39m
        [36m>[39m
          [36m<label[39m
            [33mclass[39m=[32m"block text-sm font-medium text-gray-700 dark:text-gray-300 mb-1"[39m
            [33mfor[39m=[32m"input-total-budget-(optional)"[39m
          [36m>[39m
            [0mTotal Budget (Optional)[0m
          [36m</label>[39m
          [36m<input[39m
            [33maria-invalid[39m=[32m"false"[39m
            [33mclass[39m=[32m"
          w-full px-3 py-2 border rounded-lg min-h-touch
          bg-white text-gray-900
          focus-visible:outline-none focus-visible:ring-2 focus-visible:ring-blue-500 focus-visible:border-blue-500
          disabled:bg-gray-100 disabled:cursor-not-allowed disabled:opacity-60
          dark:bg-gray-800 dark:border-gray-600 dark:text-white
          border-gray-400 dark:border-gray-500
          
        "[39m
            [33mid[39m=[32m"input-total-budget-(optional)"[39m
            [33mmin[39m=[32m"0"[39m
            [33mname[39m=[32m"total_budget"[39m
            [33mplaceholder[39m=[32m"0.00"[39m
            [33mstep[39m=[32m"0.01"[39m
            [33mtype[39m=[32m"number"[39m
            [33mvalue[39m=[32m"-100"[39m
          [36m/>[39m
        [36m</div>[39m
        [36m<div>[39m
          [36m<label[39m
            [33mclass[39m=[32m"block text-sm font-medium text-gray-700 dark:text-gray-300 mb-2"[39m
          [36m>[39m
            [0mCurrency[0m
          [36m</label>[39m
          [36m<select[39m
            [33mclass[39m=[32m"w-full px-3 py-2 border border-gray-300 dark:border-gray-600 rounded-lg 
              focus:ring-2 focus:ring-blue-500 focus:border-transparent
              bg-white dark:bg-gray-800 text-gray-900 dark:text-white"[39m
            [33mname[39m=[32m"currency_code"[39m
          [36m>[39m
            [36m<option[39m
     ...

Ignored nodes: comments, script, style
[36m<html>[39m
  [36m<head />[39m
  [36m<body>[39m
    [36m<div>[39m
      [36m<form[39m
        [33mclass[39m=[32m"space-y-6"[39m
      [36m>[39m
        [36m<div[39m
          [33mclass[39m=[32m"w-full"[39m
        [36m>[39m
          [36m<label[39m
            [33mclass[39m=[32m"block text-sm font-medium text-gray-700 dark:text-gray-300 mb-1"[39m
            [33mfor[39m=[32m"input-trip-title"[39m
          [36m>[39m
            [0mTrip Title[0m
            [36m<span[39m
              [33mclass[39m=[32m"text-red-500 ml-1"[39m
            [36m>[39m
              [0m*[0m
            [36m</span>[39m
          [36m</label>[39m
          [36m<input[39m
            [33maria-invalid[39m=[32m"false"[39m
            [33mclass[39m=[32m"
          w-full px-3 py-2 border rounded-lg min-h-touch
          bg-white text-gray-900
          focus-visible:outline-none focus-visible:ring-2 focus-visible:ring-blue-500 focus-visible:border-blue-500
          disabled:bg-gray-100 disabled:cursor-not-allowed disabled:opacity-60
          dark:bg-gray-800 dark:border-gray-600 dark:text-white
          border-gray-400 dark:border-gray-500
          
        "[39m
            [33mid[39m=[32m"input-trip-title"[39m
            [33mname[39m=[32m"title"[39m
            [33mplaceholder[39m=[32m"e.g., Tokyo Adventure 2025"[39m
            [33mrequired[39m=[32m""[39m
            [33mvalue[39m=[32m"Test Trip"[39m
          [36m/>[39m
        [36m</div>[39m
        [36m<div[39m
          [33mclass[39m=[32m"w-full"[39m
        [36m>[39m
          [36m<label[39m
            [33mclass[39m=[32m"block text-sm font-medium text-gray-700 dark:text-gray-300 mb-1"[39m
            [33mfor[39m=[32m"input-destination"[39m
          [36m>[39m
            [0mDestination[0m
          [36m</label>[39m
          [36m<input[39m
            [33maria-invalid[39m=[32m"false"[39m
            [33mclass[39m=[32m"
          w-full px-3 py-2 border rounded-lg min-h-touch
          bg-white text-gray-900
          focus-visible:outline-none focus-visible:ring-2 focus-visible:ring-blue-500 focus-visible:border-blue-500
          disabled:bg-gray-100 disabled:cursor-not-allowed disabled:opacity-60
          dark:bg-gray-800 dark:border-gray-600 dark:text-white
          border-gray-400 dark:border-gray-500
          
        "[39m
            [33mid[39m=[32m"input-destination"[39m
            [33mname[39m=[32m"destination"[39m
            [33mplaceholder[39m=[32m"e.g., Tokyo, Japan"[39m
            [33mvalue[39m=[32m""[39m
          [36m/>[39m
        [36m</div>[39m
        [36m<div[39m
          [33mclass[39m=[32m"grid grid-cols-1 md:grid-cols-2 gap-4"[39m
        [36m>[39m
          [36m<div[39m
            [33mclass[39m=[32m"w-full"[39m
          [36m>[39m
            [36m<label[39m
              [33mclass[39m=[32m"block text-sm font-medium text-gray-700 dark:text-gray-300 mb-1"[39m
              [33mfor[39m=[32m"input-start-date"[39m
            [36m>[39m
              [0mStart Date[0m
            [36m</label>[39m
            [36m<input[39m
              [33maria-invalid[39m=[32m"false"[39m
              [33mclass[39m=[32m"
          w-full px-3 py-2 border rounded-lg min-h-touch
          bg-white text-gray-900
          focus-visible:outline-none focus-visible:ring-2 focus-visible:ring-blue-500 focus-visible:border-blue-500
          disabled:bg-gray-100 disabled:cursor-not-allowed disabled:opacity-60
          dark:bg-gray-800 dark:border-gray-600 dark:text-white
          border-gray-400 dark:border-gray-500
          
        "[39m
              [33mid[39m=[32m"input-start-date"[39m
              [33mname[39m=[32m"start_date"[39m
              [33mtype[39m=[32m"date"[39m
              [33mvalue[39m=[32m""[39m
            [36m/>[39m
          [36m</div>[39m
          [36m<div[39m
            [33mclass[39m=[32m"w-full"[39m
          [36m>[39m
            [36m<label[39m
              [33mclass[39m=[32m"block text-sm font-medium text-gray-700 dark:text-gray-300 mb-1"[39m
              [33mfor[39m=[32m"input-end-date"[39m
            [36m>[39m
              [0mEnd Date[0m
            [36m</label>[39m
            [36m<input[39m
              [33maria-invalid[39m=[32m"false"[39m
              [33mclass[39m=[32m"
          w-full px-3 py-2 border rounded-lg min-h-touch
          bg-white text-gray-900
          focus-visible:outline-none focus-visible:ring-2 focus-visible:ring-blue-500 focus-visible:border-blue-500
          disabled:bg-gray-100 disabled:cursor-not-allowed disabled:opacity-60
          dark:bg-gray-800 dark:border-gray-600 dark:text-white
          border-gray-400 dark:border-gray-500
          
        "[39m
              [33mid[39m=[32m"input-end-date"[39m
              [33mname[39m=[32m"end_date"[39m
              [33mtype[39m=[32m"date"[39m
              [33mvalue[39m=[32m""[39m
            [36m/>[39m
          [36m</div>[39m
        [36m</div>[39m
        [36m<div[39m
          [33mclass[39m=[32m"grid grid-cols-1 md:grid-cols-2 gap-4"[39m
        [36m>[39m
          [36m<div[39m
            [33mclass[39m=[32m"w-full"[39m
          [36m>[39m
            [36m<label[39m
              [33mclass[39m=[32m"block text-sm font-medium text-gray-700 dark:text-gray-300 mb-1"[39m
              [33mfor[39m=[32m"input-total-budget-(optional)"[39m
            [36m>[39m
              [0mTotal Budget (Optional)[0m
            [36m</label>[39m
            [36m<input[39m
              [33maria-invalid[39m=[32m"false"[39m
              [33mclass[39m=[32m"
          w-full px-3 py-2 border rounded-lg min-h-touch
          bg-white text-gray-900
          focus-visible:outline-none focus-visible:ring-2 focus-visible:ring-blue-500 focus-visible:border-blue-500
          disabled:bg-gray-100 disabled:cursor-not-allowed disabled:opacity-60
          dark:bg-gray-800 dark:border-gray-600 dark:text-white
          border-gray-400 dark:border-gray-500
          
        "[39m
              [33mid[39m=[32m"input-total-budget-(optional)"[39m
              [33mmin[39m=[32m"0"[39m
              [33mname[39m=[32m"total_budget"[39m
              [33mplaceholder[39m=[32m"0.00"[39m
              [33mstep[39m=[32m"0.01"[39m
              [33mtype[39m=[32m"number"[39m
              [33mvalue[39m=[32m"-100"[39m
            [36m/>[39m
          [36m</div>[39m
          [36m<div>[39m
            [36m<label[39m
              [33mclass[39m=[32m"block text-sm font-medium text-gray-700 dark:text-gray-300 mb-2"[39m
            [36m>[39m
              [0mCurrency[0m
            [36m</label>[39m
            [36m<select[39m
              [33mclass[39m=[32m"w-full px-3 py-2 border border-gray-300 dark:border-gra...
 ❯ Proxy.waitForWrapper ../node_modules/@testing-library/dom/dist/wait-for.js:163:27
 ❯ src/components/trip/__tests__/TripEditor.test.tsx:103:13
    101| 
    102|       // Should show validation error
    103|       await waitFor(() => {
       |             ^
    104|         expect(screen.getByText(/must be at least 0/i)).toBeInTheDocum…
    105|       });

⎯⎯⎯⎯⎯⎯⎯⎯⎯⎯⎯⎯⎯⎯⎯⎯⎯⎯⎯⎯[168/268]⎯

 FAIL  src/components/trip/__tests__/TripEditor.test.tsx > TripEditor - Create Trip Form > Form Validation > should clear field error when user corrects the input
TestingLibraryElementError: Unable to find an element with the text: /title is required/i. This could be because the text is broken up by multiple elements. In this case, you can provide a function for your text matcher to make your matcher more flexible.

Ignored nodes: comments, script, style
[36m<body>[39m
  [36m<div>[39m
    [36m<form[39m
      [33mclass[39m=[32m"space-y-6"[39m
    [36m>[39m
      [36m<div[39m
        [33mclass[39m=[32m"w-full"[39m
      [36m>[39m
        [36m<label[39m
          [33mclass[39m=[32m"block text-sm font-medium text-gray-700 dark:text-gray-300 mb-1"[39m
          [33mfor[39m=[32m"input-trip-title"[39m
        [36m>[39m
          [0mTrip Title[0m
          [36m<span[39m
            [33mclass[39m=[32m"text-red-500 ml-1"[39m
          [36m>[39m
            [0m*[0m
          [36m</span>[39m
        [36m</label>[39m
        [36m<input[39m
          [33maria-invalid[39m=[32m"false"[39m
          [33mclass[39m=[32m"
          w-full px-3 py-2 border rounded-lg min-h-touch
          bg-white text-gray-900
          focus-visible:outline-none focus-visible:ring-2 focus-visible:ring-blue-500 focus-visible:border-blue-500
          disabled:bg-gray-100 disabled:cursor-not-allowed disabled:opacity-60
          dark:bg-gray-800 dark:border-gray-600 dark:text-white
          border-gray-400 dark:border-gray-500
          
        "[39m
          [33mid[39m=[32m"input-trip-title"[39m
          [33mname[39m=[32m"title"[39m
          [33mplaceholder[39m=[32m"e.g., Tokyo Adventure 2025"[39m
          [33mrequired[39m=[32m""[39m
          [33mvalue[39m=[32m""[39m
        [36m/>[39m
      [36m</div>[39m
      [36m<div[39m
        [33mclass[39m=[32m"w-full"[39m
      [36m>[39m
        [36m<label[39m
          [33mclass[39m=[32m"block text-sm font-medium text-gray-700 dark:text-gray-300 mb-1"[39m
          [33mfor[39m=[32m"input-destination"[39m
        [36m>[39m
          [0mDestination[0m
        [36m</label>[39m
        [36m<input[39m
          [33maria-invalid[39m=[32m"false"[39m
          [33mclass[39m=[32m"
          w-full px-3 py-2 border rounded-lg min-h-touch
          bg-white text-gray-900
          focus-visible:outline-none focus-visible:ring-2 focus-visible:ring-blue-500 focus-visible:border-blue-500
          disabled:bg-gray-100 disabled:cursor-not-allowed disabled:opacity-60
          dark:bg-gray-800 dark:border-gray-600 dark:text-white
          border-gray-400 dark:border-gray-500
          
        "[39m
          [33mid[39m=[32m"input-destination"[39m
          [33mname[39m=[32m"destination"[39m
          [33mplaceholder[39m=[32m"e.g., Tokyo, Japan"[39m
          [33mvalue[39m=[32m""[39m
        [36m/>[39m
      [36m</div>[39m
      [36m<div[39m
        [33mclass[39m=[32m"grid grid-cols-1 md:grid-cols-2 gap-4"[39m
      [36m>[39m
        [36m<div[39m
          [33mclass[39m=[32m"w-full"[39m
        [36m>[39m
          [36m<label[39m
            [33mclass[39m=[32m"block text-sm font-medium text-gray-700 dark:text-gray-300 mb-1"[39m
            [33mfor[39m=[32m"input-start-date"[39m
          [36m>[39m
            [0mStart Date[0m
          [36m</label>[39m
          [36m<input[39m
            [33maria-invalid[39m=[32m"false"[39m
            [33mclass[39m=[32m"
          w-full px-3 py-2 border rounded-lg min-h-touch
          bg-white text-gray-900
          focus-visible:outline-none focus-visible:ring-2 focus-visible:ring-blue-500 focus-visible:border-blue-500
          disabled:bg-gray-100 disabled:cursor-not-allowed disabled:opacity-60
          dark:bg-gray-800 dark:border-gray-600 dark:text-white
          border-gray-400 dark:border-gray-500
          
        "[39m
            [33mid[39m=[32m"input-start-date"[39m
            [33mname[39m=[32m"start_date"[39m
            [33mtype[39m=[32m"date"[39m
            [33mvalue[39m=[32m""[39m
          [36m/>[39m
        [36m</div>[39m
        [36m<div[39m
          [33mclass[39m=[32m"w-full"[39m
        [36m>[39m
          [36m<label[39m
            [33mclass[39m=[32m"block text-sm font-medium text-gray-700 dark:text-gray-300 mb-1"[39m
            [33mfor[39m=[32m"input-end-date"[39m
          [36m>[39m
            [0mEnd Date[0m
          [36m</label>[39m
          [36m<input[39m
            [33maria-invalid[39m=[32m"false"[39m
            [33mclass[39m=[32m"
          w-full px-3 py-2 border rounded-lg min-h-touch
          bg-white text-gray-900
          focus-visible:outline-none focus-visible:ring-2 focus-visible:ring-blue-500 focus-visible:border-blue-500
          disabled:bg-gray-100 disabled:cursor-not-allowed disabled:opacity-60
          dark:bg-gray-800 dark:border-gray-600 dark:text-white
          border-gray-400 dark:border-gray-500
          
        "[39m
            [33mid[39m=[32m"input-end-date"[39m
            [33mname[39m=[32m"end_date"[39m
            [33mtype[39m=[32m"date"[39m
            [33mvalue[39m=[32m""[39m
          [36m/>[39m
        [36m</div>[39m
      [36m</div>[39m
      [36m<div[39m
        [33mclass[39m=[32m"grid grid-cols-1 md:grid-cols-2 gap-4"[39m
      [36m>[39m
        [36m<div[39m
          [33mclass[39m=[32m"w-full"[39m
        [36m>[39m
          [36m<label[39m
            [33mclass[39m=[32m"block text-sm font-medium text-gray-700 dark:text-gray-300 mb-1"[39m
            [33mfor[39m=[32m"input-total-budget-(optional)"[39m
          [36m>[39m
            [0mTotal Budget (Optional)[0m
          [36m</label>[39m
          [36m<input[39m
            [33maria-invalid[39m=[32m"false"[39m
            [33mclass[39m=[32m"
          w-full px-3 py-2 border rounded-lg min-h-touch
          bg-white text-gray-900
          focus-visible:outline-none focus-visible:ring-2 focus-visible:ring-blue-500 focus-visible:border-blue-500
          disabled:bg-gray-100 disabled:cursor-not-allowed disabled:opacity-60
          dark:bg-gray-800 dark:border-gray-600 dark:text-white
          border-gray-400 dark:border-gray-500
          
        "[39m
            [33mid[39m=[32m"input-total-budget-(optional)"[39m
            [33mmin[39m=[32m"0"[39m
            [33mname[39m=[32m"total_budget"[39m
            [33mplaceholder[39m=[32m"0.00"[39m
            [33mstep[39m=[32m"0.01"[39m
            [33mtype[39m=[32m"number"[39m
            [33mvalue[39m=[32m""[39m
          [36m/>[39m
        [36m</div>[39m
        [36m<div>[39m
          [36m<label[39m
            [33mclass[39m=[32m"block text-sm font-medium text-gray-700 dark:text-gray-300 mb-2"[39m
          [36m>[39m
            [0mCurrency[0m
          [36m</label>[39m
          [36m<select[39m
            [33mclass[39m=[32m"w-full px-3 py-2 border border-gray-300 dark:border-gray-600 rounded-lg 
              focus:ring-2 focus:ring-blue-500 focus:border-transparent
              bg-white dark:bg-gray-800 text-gray-900 dark:text-white"[39m
            [33mname[39m=[32m"currency_code"[39m
          [36m>[39m
            [36m<option[39m
              [33...

Ignored nodes: comments, script, style
[36m<html>[39m
  [36m<head />[39m
  [36m<body>[39m
    [36m<div>[39m
      [36m<form[39m
        [33mclass[39m=[32m"space-y-6"[39m
      [36m>[39m
        [36m<div[39m
          [33mclass[39m=[32m"w-full"[39m
        [36m>[39m
          [36m<label[39m
            [33mclass[39m=[32m"block text-sm font-medium text-gray-700 dark:text-gray-300 mb-1"[39m
            [33mfor[39m=[32m"input-trip-title"[39m
          [36m>[39m
            [0mTrip Title[0m
            [36m<span[39m
              [33mclass[39m=[32m"text-red-500 ml-1"[39m
            [36m>[39m
              [0m*[0m
            [36m</span>[39m
          [36m</label>[39m
          [36m<input[39m
            [33maria-invalid[39m=[32m"false"[39m
            [33mclass[39m=[32m"
          w-full px-3 py-2 border rounded-lg min-h-touch
          bg-white text-gray-900
          focus-visible:outline-none focus-visible:ring-2 focus-visible:ring-blue-500 focus-visible:border-blue-500
          disabled:bg-gray-100 disabled:cursor-not-allowed disabled:opacity-60
          dark:bg-gray-800 dark:border-gray-600 dark:text-white
          border-gray-400 dark:border-gray-500
          
        "[39m
            [33mid[39m=[32m"input-trip-title"[39m
            [33mname[39m=[32m"title"[39m
            [33mplaceholder[39m=[32m"e.g., Tokyo Adventure 2025"[39m
            [33mrequired[39m=[32m""[39m
            [33mvalue[39m=[32m""[39m
          [36m/>[39m
        [36m</div>[39m
        [36m<div[39m
          [33mclass[39m=[32m"w-full"[39m
        [36m>[39m
          [36m<label[39m
            [33mclass[39m=[32m"block text-sm font-medium text-gray-700 dark:text-gray-300 mb-1"[39m
            [33mfor[39m=[32m"input-destination"[39m
          [36m>[39m
            [0mDestination[0m
          [36m</label>[39m
          [36m<input[39m
            [33maria-invalid[39m=[32m"false"[39m
            [33mclass[39m=[32m"
          w-full px-3 py-2 border rounded-lg min-h-touch
          bg-white text-gray-900
          focus-visible:outline-none focus-visible:ring-2 focus-visible:ring-blue-500 focus-visible:border-blue-500
          disabled:bg-gray-100 disabled:cursor-not-allowed disabled:opacity-60
          dark:bg-gray-800 dark:border-gray-600 dark:text-white
          border-gray-400 dark:border-gray-500
          
        "[39m
            [33mid[39m=[32m"input-destination"[39m
            [33mname[39m=[32m"destination"[39m
            [33mplaceholder[39m=[32m"e.g., Tokyo, Japan"[39m
            [33mvalue[39m=[32m""[39m
          [36m/>[39m
        [36m</div>[39m
        [36m<div[39m
          [33mclass[39m=[32m"grid grid-cols-1 md:grid-cols-2 gap-4"[39m
        [36m>[39m
          [36m<div[39m
            [33mclass[39m=[32m"w-full"[39m
          [36m>[39m
            [36m<label[39m
              [33mclass[39m=[32m"block text-sm font-medium text-gray-700 dark:text-gray-300 mb-1"[39m
              [33mfor[39m=[32m"input-start-date"[39m
            [36m>[39m
              [0mStart Date[0m
            [36m</label>[39m
            [36m<input[39m
              [33maria-invalid[39m=[32m"false"[39m
              [33mclass[39m=[32m"
          w-full px-3 py-2 border rounded-lg min-h-touch
          bg-white text-gray-900
          focus-visible:outline-none focus-visible:ring-2 focus-visible:ring-blue-500 focus-visible:border-blue-500
          disabled:bg-gray-100 disabled:cursor-not-allowed disabled:opacity-60
          dark:bg-gray-800 dark:border-gray-600 dark:text-white
          border-gray-400 dark:border-gray-500
          
        "[39m
              [33mid[39m=[32m"input-start-date"[39m
              [33mname[39m=[32m"start_date"[39m
              [33mtype[39m=[32m"date"[39m
              [33mvalue[39m=[32m""[39m
            [36m/>[39m
          [36m</div>[39m
          [36m<div[39m
            [33mclass[39m=[32m"w-full"[39m
          [36m>[39m
            [36m<label[39m
              [33mclass[39m=[32m"block text-sm font-medium text-gray-700 dark:text-gray-300 mb-1"[39m
              [33mfor[39m=[32m"input-end-date"[39m
            [36m>[39m
              [0mEnd Date[0m
            [36m</label>[39m
            [36m<input[39m
              [33maria-invalid[39m=[32m"false"[39m
              [33mclass[39m=[32m"
          w-full px-3 py-2 border rounded-lg min-h-touch
          bg-white text-gray-900
          focus-visible:outline-none focus-visible:ring-2 focus-visible:ring-blue-500 focus-visible:border-blue-500
          disabled:bg-gray-100 disabled:cursor-not-allowed disabled:opacity-60
          dark:bg-gray-800 dark:border-gray-600 dark:text-white
          border-gray-400 dark:border-gray-500
          
        "[39m
              [33mid[39m=[32m"input-end-date"[39m
              [33mname[39m=[32m"end_date"[39m
              [33mtype[39m=[32m"date"[39m
              [33mvalue[39m=[32m""[39m
            [36m/>[39m
          [36m</div>[39m
        [36m</div>[39m
        [36m<div[39m
          [33mclass[39m=[32m"grid grid-cols-1 md:grid-cols-2 gap-4"[39m
        [36m>[39m
          [36m<div[39m
            [33mclass[39m=[32m"w-full"[39m
          [36m>[39m
            [36m<label[39m
              [33mclass[39m=[32m"block text-sm font-medium text-gray-700 dark:text-gray-300 mb-1"[39m
              [33mfor[39m=[32m"input-total-budget-(optional)"[39m
            [36m>[39m
              [0mTotal Budget (Optional)[0m
            [36m</label>[39m
            [36m<input[39m
              [33maria-invalid[39m=[32m"false"[39m
              [33mclass[39m=[32m"
          w-full px-3 py-2 border rounded-lg min-h-touch
          bg-white text-gray-900
          focus-visible:outline-none focus-visible:ring-2 focus-visible:ring-blue-500 focus-visible:border-blue-500
          disabled:bg-gray-100 disabled:cursor-not-allowed disabled:opacity-60
          dark:bg-gray-800 dark:border-gray-600 dark:text-white
          border-gray-400 dark:border-gray-500
          
        "[39m
              [33mid[39m=[32m"input-total-budget-(optional)"[39m
              [33mmin[39m=[32m"0"[39m
              [33mname[39m=[32m"total_budget"[39m
              [33mplaceholder[39m=[32m"0.00"[39m
              [33mstep[39m=[32m"0.01"[39m
              [33mtype[39m=[32m"number"[39m
              [33mvalue[39m=[32m""[39m
            [36m/>[39m
          [36m</div>[39m
          [36m<div>[39m
            [36m<label[39m
              [33mclass[39m=[32m"block text-sm font-medium text-gray-700 dark:text-gray-300 mb-2"[39m
            [36m>[39m
              [0mCurrency[0m
            [36m</label>[39m
            [36m<select[39m
              [33mclass[39m=[32m"w-full px-3 py-2 border border-gray-300 dark:border-gray-600 rounded...
 ❯ Proxy.waitForWrapper ../node_modules/@testing-library/dom/dist/wait-for.js:163:27
 ❯ src/components/trip/__tests__/TripEditor.test.tsx:125:13
    123| 
    124|       // Should show error
    125|       await waitFor(() => {
       |             ^
    126|         expect(screen.getByText(/title is required/i)).toBeInTheDocume…
    127|       });

⎯⎯⎯⎯⎯⎯⎯⎯⎯⎯⎯⎯⎯⎯⎯⎯⎯⎯⎯⎯[169/268]⎯

 FAIL  src/components/budget/organisms/__tests__/BudgetDashboard.test.tsx > BudgetDashboard > Rendering > renders budget progress ring with correct data
TestingLibraryElementError: Found multiple elements with the text: 50%

Here are the matching elements:

Ignored nodes: comments, script, style
[36m<div[39m
  [33mclass[39m=[32m"font-bold text-base text-green-600 dark:text-green-400"[39m
[36m>[39m
  [0m50[0m
  [0m%[0m
[36m</div>[39m

Ignored nodes: comments, script, style
[36m<div[39m
  [33mclass[39m=[32m"font-bold text-2xl text-green-600 dark:text-green-400"[39m
[36m>[39m
  [0m50[0m
  [0m%[0m
[36m</div>[39m

(If this is intentional, then use the `*AllBy*` variant of the query (like `queryAllByText`, `getAllByText`, or `findAllByText`)).

Ignored nodes: comments, script, style
[36m<body>[39m
  [36m<div>[39m
    [36m<div[39m
      [33maria-hidden[39m=[32m"true"[39m
      [33mclass[39m=[32m"h-0"[39m
    [36m/>[39m
    [36m<div[39m
      [33mclass[39m=[32m"transition-all duration-300 bg-transparent "[39m
    [36m>[39m
      [36m<div[39m
        [33mclass[39m=[32m"max-w-7xl mx-auto px-4 sm:px-6 lg:px-8 py-2 sm:py-3 md:py-6"[39m
      [36m>[39m
        [36m<div[39m
          [33mclass[39m=[32m"flex flex-col sm:flex-row sm:items-center sm:justify-between gap-2 sm:gap-4 mb-2 sm:mb-3 md:mb-6"[39m
        [36m>[39m
          [36m<h1[39m
            [33mclass[39m=[32m"text-xl sm:text-2xl md:text-3xl font-bold text-gray-900 dark:text-white truncate flex-1"[39m
            [33mtitle[39m=[32m"Test Trip"[39m
          [36m>[39m
            [0mTest Trip[0m
          [36m</h1>[39m
          [36m<div[39m
            [33mclass[39m=[32m"w-full sm:w-64"[39m
          [36m>[39m
            [36m<div[39m
              [33mclass[39m=[32m"space-y-2 w-full"[39m
            [36m>[39m
              [36m<div[39m
                [33mclass[39m=[32m"relative"[39m
              [36m>[39m
                [36m<select[39m
                  [33maria-label[39m=[32m""[39m
                  [33mclass[39m=[32m"w-full appearance-none rounded-2xl border-2 border-gray-200 dark:border-gray-700 bg-white dark:bg-gray-800 px-3 sm:px-4 py-2 sm:py-3 pr-10 text-sm sm:text-base text-gray-900 dark:text-white focus:border-pink-300 dark:focus:border-pink-600 focus:outline-none focus:ring-2 focus:ring-pink-200 dark:focus:ring-pink-800 transition-all duration-200 cursor-pointer hover:border-pink-200 dark:hover:border-pink-700"[39m
                [36m>[39m
                  [36m<option[39m
                    [33mvalue[39m=[32m"HKD"[39m
                  [36m>[39m
                    [0mHK$[0m
                    [0m [0m
                    [0mHKD[0m
                    [0m - [0m
                    [0mHong Kong Dollar[0m
                  [36m</option>[39m
                  [36m<option[39m
                    [33mvalue[39m=[32m"USD"[39m
                  [36m>[39m
                    [0m$[0m
                    [0m [0m
                    [0mUSD[0m
                    [0m - [0m
                    [0mUS Dollar[0m
                  [36m</option>[39m
                  [36m<option[39m
                    [33mvalue[39m=[32m"EUR"[39m
                  [36m>[39m
                    [0m€[0m
                    [0m [0m
                    [0mEUR[0m
                    [0m - [0m
                    [0mEuro[0m
                  [36m</option>[39m
                  [36m<option[39m
                    [33mvalue[39m=[32m"GBP"[39m
                  [36m>[39m
                    [0m£[0m
                    [0m [0m
                    [0mGBP[0m
                    [0m - [0m
                    [0mBritish Pound[0m
                  [36m</option>[39m
                  [36m<option[39m
                    [33mvalue[39m=[32m"JPY"[39m
                  [36m>[39m
                    [0m¥[0m
                    [0m [0m
                    [0mJPY[0m
                    [0m - [0m
                    [0mJapanese Yen[0m
                  [36m</option>[39m
                  [36m<option[39m
                    [33mvalue[39m=[32m"CNY"[39m
                  [36m>[39m
                    [0m¥[0m
                    [0m [0m
                    [0mCNY[0m
                    [0m - [0m
                    [0mChinese Yuan[0m
                  [36m</option>[39m
                  [36m<option[39m
                    [33mvalue[39m=[32m"KRW"[39m
                  [36m>[39m
                    [0m₩[0m
                    [0m [0m
                    [0mKRW[0m
                    [0m - [0m
                    [0mKorean Won[0m
                  [36m</option>[39m
                  [36m<option[39m
                    [33mvalue[39m=[32m"TWD"[39m
                  [36m>[39m
                    [0mNT$[0m
                    [0m [0m
                    [0mTWD[0m
                    [0m - [0m
                    [0mTaiwan Dollar[0m
                  [36m</option>[39m
                  [36m<option[39m
                    [33mvalue[39m=[32m"SGD"[39m
                  [36m>[39m
                    [0mS$[0m
                    [0m [0m
                    [0mSGD[0m
                    [0m - [0m
                    [0mSingapore Dollar[0m
                  [36m</option>[39m
                  [36m<option[39m
                    [33mvalue[39m=[32m"AUD"[39m
                  [36m>[39m
                    [0mA$[0m
                    [0m [0m
                    [0mAUD[0m
                    [0m - [0m
                    [0mAustralian Dollar[0m
                  [36m</option>[39m
                  [36m<option[39m
                    [33mvalue[39m=[32m"CAD"[39m
                  [36m>[39m
                    [0mC$[0m
                    [0m [0m
                    [0mCAD[0m
                    [0m - [0m
                    [0mCanadian Dollar[0m
                  [36m</option>[39m
                  [36m<option[39m
                    [33mvalue[39m=[32m"THB"[39m
                  [36m>[39m
                    [0m฿[0m
                    [0m [0m
                    [0mTHB[0m
                    [0m - [0m
                    [0mThai Baht[0m
                  [36m</option>[39m
                [36m</select>[39m
                [36m<div[39m
                  [33mclass[39m=[32m"pointer-events-none absolute inset-y-0 right-0 flex items-center px-3 text-gray-500 dark:text-gray-400"[39m
                [36m>[39m
                  [36m<svg[39m
                    [33mclass[39m=[32m"h-5 w-5"[39m
                    [33mfill[39m=[32m"currentColor"[39m
                    [33mviewBox[39m=[32m"0 0 20 20"[39m
                  [36m>[39m
                    [36m<path[39m
                      [33mclip-rule[39m=[32m"evenodd"[39m
                      [33md[39m=[32m"M5.293 7.293a1 1 0 011.414 0L10 10.586l3.293-3.293a1 1 0 111.414 1.414l-4 4a1 1 0 01-1.414 0l-4-4a1 1 0 010-1.414z"[39m
                      [33mfill-rule[39m=[32m"evenodd"[39m
                    [36m/>[39m
                  [36m</svg>[39m
                [36m</div>[39m
              [36m</div>[39m
              [36m<div[39m
                [33mclass[39m=[32m"text-xs text-gray-500 dark:text-gray-400 hidden sm:block"[39m
              [36m>[39m
                [0mSelected: [0m
                [0mHK$[0m
                [0m [0m
                [0mHong Kong Dollar[0m
              [36m</div>[39m
            [36m</div>[39m
          [36m</div>[39m
        [36m</div>[39m
        [36m<div[39m
          [33mclass[39m=[32m"gr...
 ❯ Object.getElementError ../node_modules/@testing-library/dom/dist/config.js:37:19
 ❯ getElementError ../node_modules/@testing-library/dom/dist/query-helpers.js:20:35
 ❯ getMultipleElementsFoundError ../node_modules/@testing-library/dom/dist/query-helpers.js:23:10
 ❯ ../node_modules/@testing-library/dom/dist/query-helpers.js:55:13
 ❯ ../node_modules/@testing-library/dom/dist/query-helpers.js:95:19
 ❯ src/components/budget/organisms/__tests__/BudgetDashboard.test.tsx:88:21
     86| 
     87|       // Check for percentage display
     88|       expect(screen.getByText('50%')).toBeInTheDocument();
       |                     ^
     89|       expect(screen.getByText('spent')).toBeInTheDocument();
     90|     });

⎯⎯⎯⎯⎯⎯⎯⎯⎯⎯⎯⎯⎯⎯⎯⎯⎯⎯⎯⎯[170/268]⎯

⎯⎯⎯⎯⎯⎯ Unhandled Errors ⎯⎯⎯⎯⎯⎯

Vitest caught 1 unhandled error during the test run.
This might cause false positive tests. Resolve unhandled errors to make sure your tests are not affected.

⎯⎯⎯⎯⎯ Uncaught Exception ⎯⎯⎯⎯⎯
TestingLibraryElementError: Unable to find a label with the text of: /destination name/i

Ignored nodes: comments, script, style
[36m<body />[39m
 ❯ Object.getElementError ../node_modules/@testing-library/dom/dist/config.js:37:19
 ❯ getAllByLabelText ../node_modules/@testing-library/dom/dist/queries/label-text.js:111:38
 ❯ ../node_modules/@testing-library/dom/dist/query-helpers.js:52:17
 ❯ ../node_modules/@testing-library/dom/dist/query-helpers.js:95:19
 ❯ Timeout._onTimeout src/__tests__/accessibility.formLabels.test.tsx:232:41
    230|       // Wait for error messages to appear
    231|       setTimeout(() => {
    232|         const destinationInput = screen.getByLabelText(/destination na…
       |                                         ^
    233|         expect(destinationInput).toHaveAttribute('aria-invalid', 'true…
    234|         expect(destinationInput).toHaveAttribute('aria-describedby');
 ❯ listOnTimeout node:internal/timers:614:17
 ❯ processTimers node:internal/timers:549:7

This error originated in "src/__tests__/accessibility.formLabels.test.tsx" test file. It doesn't mean the error was thrown inside the file itself, but while it was running.
⎯⎯⎯⎯⎯⎯⎯⎯⎯⎯⎯⎯⎯⎯⎯⎯⎯⎯⎯⎯⎯⎯⎯⎯⎯⎯⎯⎯⎯⎯


 Test Files  36 failed | 64 passed (100)
      Tests  267 failed | 1658 passed | 1 skipped (1926)
     Errors  1 error
   Start at  23:36:39
   Duration  83.71s (transform 8.39s, setup 59.66s, collect 94.97s, tests 111.24s, environment 225.55s, prepare 27.84s)

npm error Lifecycle script `test` failed with error:
npm error code 1
npm error path /Users/poonjohnny/Desktop/ProjectApp/Journo/frontend
npm error workspace journo-frontend@1.0.0
npm error location /Users/poonjohnny/Desktop/ProjectApp/Journo/frontend
npm error command failed
npm error command sh -c vitest --run
